Archive member included to satisfy reference by file (symbol)

D:/MPLAB X IDE/xc32_v5.00/bin/bin/../../lib/gcc/pic32c/13.2.1/../../../../pic32c/lib/thumb/v6-m/nofp\libpic32c.a(data_init.o)
                              build/default/production/_ext/1171490990/startup_xc32.o (__pic32c_data_initialization)
D:/MPLAB X IDE/xc32_v5.00/bin/bin/../../lib/gcc/pic32c/13.2.1/../../../../pic32c/lib/thumb/v6-m/nofp\libc-size-musl.a(memcmp.o)
                              build/default/production/_ext/1360937237/cmd_parser.o (memcmp)
D:/MPLAB X IDE/xc32_v5.00/bin/bin/../../lib/gcc/pic32c/13.2.1/../../../../pic32c/lib/thumb/v6-m/nofp\libc-size-musl.a(memcpy.o)
                              build/default/production/_ext/60165182/plib_can1.o (memcpy)
D:/MPLAB X IDE/xc32_v5.00/bin/bin/../../lib/gcc/pic32c/13.2.1/../../../../pic32c/lib/thumb/v6-m/nofp\libc-size-musl.a(memset.o)
                              build/default/production/_ext/60165182/plib_can1.o (memset)
D:/MPLAB X IDE/xc32_v5.00/bin/bin/../../lib/gcc/pic32c/13.2.1/../../../../pic32c/lib/thumb/v6-m/nofp\libc-size-musl.a(strlen.o)
                              build/default/production/_ext/1832805299/sys_console.o (strlen)
D:/MPLAB X IDE/xc32_v5.00/bin/bin/../../lib/gcc/pic32c/13.2.1/../../../../pic32c/lib/thumb/v6-m/nofp\libc-musl.a(__libc_start_main.o)
                              build/default/production/_ext/1171490990/startup_xc32.o (__libc_init_array)
D:/MPLAB X IDE/xc32_v5.00/bin/bin/../../lib/gcc/pic32c/13.2.1/../../../../pic32c/lib/thumb/v6-m/nofp\libc-musl.a(libc.o)
                              D:/MPLAB X IDE/xc32_v5.00/bin/bin/../../lib/gcc/pic32c/13.2.1/../../../../pic32c/lib/thumb/v6-m/nofp\libc-musl.a(__libc_start_main.o) (__progname_full)
D:/MPLAB X IDE/xc32_v5.00/bin/bin/../../lib/gcc/pic32c/13.2.1/../../../../pic32c/lib/thumb/v6-m/nofp\libc-musl.a(vsnprintf.o)
                              build/default/production/_ext/1832805299/sys_console.o (vsnprintf)
D:/MPLAB X IDE/xc32_v5.00/bin/bin/../../lib/gcc/pic32c/13.2.1/../../../../pic32c/lib/thumb/v6-m/nofp\libc-musl.a(__environ.o)
                              D:/MPLAB X IDE/xc32_v5.00/bin/bin/../../lib/gcc/pic32c/13.2.1/../../../../pic32c/lib/thumb/v6-m/nofp\libc-musl.a(__libc_start_main.o) (__environ)
D:/MPLAB X IDE/xc32_v5.00/bin/bin/../../lib/gcc/pic32c/13.2.1/../../../../pic32c/lib/thumb/v6-m/nofp\libc-musl.a(__errno_location.o)
                              D:/MPLAB X IDE/xc32_v5.00/bin/bin/../../lib/gcc/pic32c/13.2.1/../../../../pic32c/lib/thumb/v6-m/nofp\libc-musl.a(vsnprintf.o) (__errno_val)
D:/MPLAB X IDE/xc32_v5.00/bin/bin/../../lib/gcc/pic32c/13.2.1/../../../../pic32c/lib/thumb/v6-m/nofp\libc-musl.a(vfprintf.o)
                              D:/MPLAB X IDE/xc32_v5.00/bin/bin/../../lib/gcc/pic32c/13.2.1/../../../../pic32c/lib/thumb/v6-m/nofp\libc-musl.a(vsnprintf.o) (vfprintf)
D:/MPLAB X IDE/xc32_v5.00/bin/bin/../../lib/gcc/pic32c/13.2.1/../../../../pic32c/lib/thumb/v6-m/nofp\libc-musl.a(__io_fmt_needed.o)
                              D:/MPLAB X IDE/xc32_v5.00/bin/bin/../../lib/gcc/pic32c/13.2.1/../../../../pic32c/lib/thumb/v6-m/nofp\libc-musl.a(vfprintf.o) (__io_fmt_needed)
D:/MPLAB X IDE/xc32_v5.00/bin/bin/../../lib/gcc/pic32c/13.2.1/../../../../pic32c/lib/thumb/v6-m/nofp\libc-musl.a(__pop_float.o)
                              D:/MPLAB X IDE/xc32_v5.00/bin/bin/../../lib/gcc/pic32c/13.2.1/../../../../pic32c/lib/thumb/v6-m/nofp\libc-musl.a(__io_fmt_needed.o) (__pop_float_needed)
D:/MPLAB X IDE/xc32_v5.00/bin/bin/../../lib/gcc/pic32c/13.2.1/../../../../pic32c/lib/thumb/v6-m/nofp\libc-musl.a(__pop_int.o)
                              D:/MPLAB X IDE/xc32_v5.00/bin/bin/../../lib/gcc/pic32c/13.2.1/../../../../pic32c/lib/thumb/v6-m/nofp\libc-musl.a(__io_fmt_needed.o) (__pop_int_needed)
D:/MPLAB X IDE/xc32_v5.00/bin/bin/../../lib/gcc/pic32c/13.2.1/../../../../pic32c/lib/thumb/v6-m/nofp\libc-musl.a(__pop_ptr.o)
                              D:/MPLAB X IDE/xc32_v5.00/bin/bin/../../lib/gcc/pic32c/13.2.1/../../../../pic32c/lib/thumb/v6-m/nofp\libc-musl.a(__io_fmt_needed.o) (__pop_ptr_needed)
D:/MPLAB X IDE/xc32_v5.00/bin/bin/../../lib/gcc/pic32c/13.2.1/../../../../pic32c/lib/thumb/v6-m/nofp\libc-musl.a(__printf_core.o)
                              D:/MPLAB X IDE/xc32_v5.00/bin/bin/../../lib/gcc/pic32c/13.2.1/../../../../pic32c/lib/thumb/v6-m/nofp\libc-musl.a(vfprintf.o) (__printf_core)
D:/MPLAB X IDE/xc32_v5.00/bin/bin/../../lib/gcc/pic32c/13.2.1/../../../../pic32c/lib/thumb/v6-m/nofp\libc-musl.a(atoi.o)
                              D:/MPLAB X IDE/xc32_v5.00/bin/bin/../../lib/gcc/pic32c/13.2.1/../../../../pic32c/lib/thumb/v6-m/nofp\libc-musl.a(__printf_core.o) (atoi)
D:/MPLAB X IDE/xc32_v5.00/bin/bin/../../lib/gcc/pic32c/13.2.1/../../../../pic32c/lib/thumb/v6-m/nofp\libc-musl.a(tolower.o)
                              D:/MPLAB X IDE/xc32_v5.00/bin/bin/../../lib/gcc/pic32c/13.2.1/../../../../pic32c/lib/thumb/v6-m/nofp\libc-musl.a(__printf_core.o) (tolower)
[...]
Memory Configuration

Name             Origin             Length             Attributes
rom              0x00000000         0x00040000         xrl
ram              0x20000000         0x00008000         xw!r
config_00804000  0x00804000         0x00000004
config_00804004  0x00804004         0x00000004
*default*        0x00000000         0xffffffff

Linker script and memory map

LOAD D:/MPLAB X IDE/xc32_v5.00/bin/bin/../../lib/gcc/pic32c/13.2.1/thumb/v6-m/nofp/crti.o
LOAD D:/MPLAB X IDE/xc32_v5.00/bin/bin/../../lib/gcc/pic32c/13.2.1/thumb/v6-m/nofp/crtbegin.o
LOAD build/default/production/_ext/1434821282/bsp.o
LOAD build/default/production/_ext/1529399856/osal_freertos.o
LOAD build/default/production/_ext/60165182/plib_can1.o
LOAD build/default/production/_ext/1984496892/plib_clock.o
LOAD build/default/production/_ext/60167341/plib_eic.o
LOAD build/default/production/_ext/1986646378/plib_evsys.o
LOAD build/default/production/_ext/1865468468/plib_nvic.o
LOAD build/default/production/_ext/1593096446/plib_nvmctrl.o
LOAD build/default/production/_ext/1865521619/plib_port.o
LOAD build/default/production/_ext/1865585090/plib_rstc.o
LOAD build/default/production/_ext/504274921/plib_sercom7_usart.o
LOAD build/default/production/_ext/60184501/plib_wdt.o
LOAD build/default/production/_ext/163028504/xc32_monitor.o
LOAD build/default/production/_ext/1832805299/sys_console.o
LOAD build/default/production/_ext/1832805299/sys_console_uart.o
LOAD build/default/production/_ext/944882569/sys_debug.o
LOAD build/default/production/_ext/1881668453/sys_int.o
LOAD build/default/production/_ext/1171490990/initialization.o
LOAD build/default/production/_ext/1171490990/interrupts.o
LOAD build/default/production/_ext/1171490990/exceptions.o
LOAD build/default/production/_ext/1171490990/startup_xc32.o
LOAD build/default/production/_ext/1171490990/libc_syscalls.o
LOAD build/default/production/_ext/1171490990/freertos_hooks.o
LOAD build/default/production/_ext/1171490990/tasks.o
LOAD build/default/production/_ext/1624415188/port.o
LOAD build/default/production/_ext/1624415188/portasm.o
LOAD build/default/production/_ext/1665200909/heap_1.o
LOAD build/default/production/_ext/404212886/croutine.o
LOAD build/default/production/_ext/404212886/list.o
LOAD build/default/production/_ext/404212886/queue.o
LOAD build/default/production/_ext/404212886/FreeRTOS_tasks.o
LOAD build/default/production/_ext/404212886/timers.o
LOAD build/default/production/_ext/404212886/event_groups.o
LOAD build/default/production/_ext/404212886/stream_buffer.o
LOAD build/default/production/_ext/1360937237/main.o
LOAD build/default/production/_ext/1360937237/system_state.o
LOAD build/default/production/interrupt_callbacks.o
LOAD build/default/production/freertos_daemon.o
LOAD build/default/production/global_vars.o
LOAD build/default/production/_ext/1360937237/debug_logger.o
LOAD build/default/production/init_funcs.o
LOAD build/default/production/_ext/1360937237/can.o
LOAD build/default/production/_ext/1360937237/cmd_parser.o
LOAD build/default/production/_ext/1360937237/watchdog_kicker.o
LOAD build/default/production/_ext/1360937237/led_driver.o
LOAD build/default/production/_ext/17022449/plib_sercom3_spi_master.o
LOAD build/default/production/_ext/1865161661/plib_dmac.o
LOAD build/default/production/_ext/14461671/sys_dma.o
                0x00000001                        __MPLAB_BUILD = 0x1
                0x00040000                        __rom_end = (ORIGIN (rom) + LENGTH (rom))
                0x20008000                        __ram_end = (ORIGIN (ram) + LENGTH (ram))

.config_00804000
                0x00804000        0x4
 *(.config_00804000)
 .config_00804000
                0x00804000        0x4 build/default/production/_ext/1171490990/initialization.o
                0x00804000                __config_00804000

.config_00804004
                0x00804004        0x4
 *(.config_00804004)
 .config_00804004
                0x00804004        0x4 build/default/production/_ext/1171490990/initialization.o
                0x00804004                __config_00804004

.vectors        0x00000000       0xbc
                0x00000000                        . = ALIGN (0x4)
                0x00000000                        _sfixed = .
 *(.vectors .vectors.* .vectors_default .vectors_default.*)
 .vectors       0x00000000       0xbc build/default/production/_ext/1171490990/interrupts.o
                0x00000000                exception_table
 *(.isr_vector)
 *(.reset*)
 *(.after_vectors)

.text           0x000000bc       0x20
                0x000000bc                        . = ALIGN (0x4)
 *(.glue_7t)
 .glue_7t       0x000000bc        0x0 linker stubs
 *(.glue_7)
 .glue_7        0x000000bc        0x0 linker stubs
 *(.gnu.linkonce.r.*)
 *(.ARM.extab* .gnu.linkonce.armextab.*)
 .ARM.extab     0x000000bc        0x0 D:/MPLAB X IDE/xc32_v5.00/bin/bin/../../lib/gcc/pic32c/13.2.1/thumb/v6-m/nofp\libgcc.a(_udivmoddi4.o)
                0x000000bc                        . = ALIGN (0x4)
 *(.init)
 .init          0x000000bc        0x4 D:/MPLAB X IDE/xc32_v5.00/bin/bin/../../lib/gcc/pic32c/13.2.1/thumb/v6-m/nofp/crti.o
                0x000000bc                _init
 .init          0x000000c0        0x8 D:/MPLAB X IDE/xc32_v5.00/bin/bin/../../lib/gcc/pic32c/13.2.1/thumb/v6-m/nofp/crtn.o
                0x000000c8                        . = ALIGN (0x4)
                0x000000c8                        __preinit_array_start = .
 *(.preinit_array)
                0x000000c8                        __preinit_array_end = .
                0x000000c8                        . = ALIGN (0x4)
                0x000000c8                        __init_array_start = .
 *(SORT_BY_NAME(.init_array.*))
 *(.init_array)
 .init_array    0x000000c8        0x4 D:/MPLAB X IDE/xc32_v5.00/bin/bin/../../lib/gcc/pic32c/13.2.1/thumb/v6-m/nofp/crtbegin.o
                0x000000cc                        __init_array_end = .
                0x000000cc                        . = ALIGN (0x4)
 *crtbegin.o(.ctors)
 *(EXCLUDE_FILE(*crtend.o) .ctors)
 *(SORT_BY_NAME(.ctors.*))
 *crtend.o(.ctors)
                0x000000cc                        . = ALIGN (0x4)
 *(.fini)
 .fini          0x000000cc        0x4 D:/MPLAB X IDE/xc32_v5.00/bin/bin/../../lib/gcc/pic32c/13.2.1/thumb/v6-m/nofp/crti.o
                0x000000cc                _fini
 .fini          0x000000d0        0x8 D:/MPLAB X IDE/xc32_v5.00/bin/bin/../../lib/gcc/pic32c/13.2.1/thumb/v6-m/nofp/crtn.o
                0x000000d8                        . = ALIGN (0x4)
                0x000000d8                        __fini_array_start = .
 *(.fini_array)
 .fini_array    0x000000d8        0x4 D:/MPLAB X IDE/xc32_v5.00/bin/bin/../../lib/gcc/pic32c/13.2.1/thumb/v6-m/nofp/crtbegin.o
 *(SORT_BY_NAME(.fini_array.*))
                0x000000dc                        __fini_array_end = .
 *crtbegin.o(.dtors)
 *(EXCLUDE_FILE(*crtend.o) .dtors)
 *(SORT_BY_NAME(.dtors.*))
 *crtend.o(.dtors)
                0x000000dc                        . = ALIGN (0x4)
                0x000000dc                        _efixed = .
                [!provide]                        PROVIDE (__exidx_start = .)

.ARM.exidx      0x000000dc        0x8
 *(.ARM.exidx* .gnu.linkonce.armexidx.*)
 .ARM.exidx     0x000000dc        0x8 D:/MPLAB X IDE/xc32_v5.00/bin/bin/../../lib/gcc/pic32c/13.2.1/thumb/v6-m/nofp\libgcc.a(_udivmoddi4.o)
                [!provide]                        PROVIDE (__exidx_end = .)
                0x000000e4                        . = ALIGN (0x4)
                0x000000e4                        _etext = .

.bss            0x20000000        0x0
                0x20000000                        . = ALIGN (0x4)
                0x20000000                        __bss_start__ = .
                0x20000000                        _sbss = .
                0x20000000                        _szero = .
 *(COMMON)
                0x20000000                        . = ALIGN (0x4)
                0x20000000                        __bss_end__ = .
                0x20000000                        _ebss = .
                0x20000000                        _ezero = .
                0x20000000                        . = ALIGN (0x4)
                0x20000000                        _end = .
                0x20007fff                        _ram_end_ = ((ORIGIN (ram) + LENGTH (ram)) - 0x1)
                0x00000200                        _min_heap_size = 0x200
START GROUP
LOAD D:/MPLAB X IDE/xc32_v5.00/bin/bin/../../lib/gcc/pic32c/13.2.1/../../../../pic32c/lib/thumb/v6-m/nofp\libpic32c.a
LOAD D:/MPLAB X IDE/xc32_v5.00/bin/bin/../../lib/gcc/pic32c/13.2.1/../../../../pic32c/lib/thumb/v6-m/nofp\libc-size-musl.a
LOAD D:/MPLAB X IDE/xc32_v5.00/bin/bin/../../lib/gcc/pic32c/13.2.1/../../../../pic32c/lib/thumb/v6-m/nofp\liblmalloc-musl.a
LOAD D:/MPLAB X IDE/xc32_v5.00/bin/bin/../../lib/gcc/pic32c/13.2.1/../../../../pic32c/lib/thumb/v6-m/nofp\libc-musl.a
LOAD D:/MPLAB X IDE/xc32_v5.00/bin/bin/../../lib/gcc/pic32c/13.2.1/../../../../pic32c/lib/thumb/v6-m/nofp\libm-fast-emfloat.a
LOAD D:/MPLAB X IDE/xc32_v5.00/bin/bin/../../lib/gcc/pic32c/13.2.1/../../../../pic32c/lib/thumb/v6-m/nofp\libm-musl.a
END GROUP
LOAD D:/MPLAB X IDE/xc32_v5.00/bin/bin/../../lib/gcc/pic32c/13.2.1/thumb/v6-m/nofp\libgcc.a
LOAD D:/MPLAB X IDE/xc32_v5.00/bin/bin/../../lib/gcc/pic32c/13.2.1/thumb/v6-m/nofp/crtend.o
LOAD D:/MPLAB X IDE/xc32_v5.00/bin/bin/../../lib/gcc/pic32c/13.2.1/thumb/v6-m/nofp/crtn.o
OUTPUT(dist/default/production/IOCtrl1.X.production.elf elf32-littlearm)
LOAD linker stubs
LOAD data_init

.note           0x00000000      0x930
 .note          0x00000000       0x18 D:/MPLAB X IDE/xc32_v5.00/bin/bin/../../lib/gcc/pic32c/13.2.1/thumb/v6-m/nofp/crti.o
 .note          0x00000018       0x18 D:/MPLAB X IDE/xc32_v5.00/bin/bin/../../lib/gcc/pic32c/13.2.1/thumb/v6-m/nofp/crtbegin.o
 .note          0x00000030       0x18 build/default/production/_ext/1434821282/bsp.o
 .note          0x00000048       0x18 build/default/production/_ext/1529399856/osal_freertos.o
 .note          0x00000060       0x18 build/default/production/_ext/60165182/plib_can1.o
 .note          0x00000078       0x18 build/default/production/_ext/1984496892/plib_clock.o
 .note          0x00000090       0x18 build/default/production/_ext/60167341/plib_eic.o
 .note          0x000000a8       0x18 build/default/production/_ext/1986646378/plib_evsys.o
 .note          0x000000c0       0x18 build/default/production/_ext/1865468468/plib_nvic.o
 .note          0x000000d8       0x18 build/default/production/_ext/1593096446/plib_nvmctrl.o
 .note          0x000000f0       0x18 build/default/production/_ext/1865521619/plib_port.o
 .note          0x00000108       0x18 build/default/production/_ext/1865585090/plib_rstc.o
 .note          0x00000120       0x18 build/default/production/_ext/504274921/plib_sercom7_usart.o
 .note          0x00000138       0x18 build/default/production/_ext/60184501/plib_wdt.o
 .note          0x00000150       0x18 build/default/production/_ext/163028504/xc32_monitor.o
 .note          0x00000168       0x18 build/default/production/_ext/1832805299/sys_console.o
 .note          0x00000180       0x18 build/default/production/_ext/1832805299/sys_console_uart.o
 .note          0x00000198       0x18 build/default/production/_ext/944882569/sys_debug.o
 .note          0x000001b0       0x18 build/default/production/_ext/1881668453/sys_int.o
 .note          0x000001c8       0x78 build/default/production/_ext/1171490990/initialization.o
 .note          0x00000240       0x18 build/default/production/_ext/1171490990/interrupts.o
 .note          0x00000258       0x18 build/default/production/_ext/1171490990/exceptions.o
 .note          0x00000270       0x18 build/default/production/_ext/1171490990/startup_xc32.o
 .note          0x00000288       0x18 build/default/production/_ext/1171490990/libc_syscalls.o
 .note          0x000002a0       0x18 build/default/production/_ext/1171490990/freertos_hooks.o
 .note          0x000002b8       0x18 build/default/production/_ext/1171490990/tasks.o
 .note          0x000002d0       0x18 build/default/production/_ext/1624415188/port.o
 .note          0x000002e8       0x18 build/default/production/_ext/1624415188/portasm.o
 .note          0x00000300       0x18 build/default/production/_ext/1665200909/heap_1.o
 .note          0x00000318       0x18 build/default/production/_ext/404212886/croutine.o
 .note          0x00000330       0x18 build/default/production/_ext/404212886/list.o
 .note          0x00000348       0x18 build/default/production/_ext/404212886/queue.o
 .note          0x00000360       0x18 build/default/production/_ext/404212886/FreeRTOS_tasks.o
 .note          0x00000378       0x18 build/default/production/_ext/404212886/timers.o
 .note          0x00000390       0x18 build/default/production/_ext/404212886/event_groups.o
 .note          0x000003a8       0x18 build/default/production/_ext/404212886/stream_buffer.o
 .note          0x000003c0       0x18 build/default/production/_ext/1360937237/main.o
 .note          0x000003d8       0x18 build/default/production/_ext/1360937237/system_state.o
 .note          0x000003f0       0x18 build/default/production/interrupt_callbacks.o
 .note          0x00000408       0x18 build/default/production/freertos_daemon.o
 .note          0x00000420       0x18 build/default/production/global_vars.o
 .note          0x00000438       0x18 build/default/production/_ext/1360937237/debug_logger.o
 .note          0x00000450       0x18 build/default/production/init_funcs.o
 .note          0x00000468       0x18 build/default/production/_ext/1360937237/can.o
 .note          0x00000480       0x18 build/default/production/_ext/1360937237/cmd_parser.o
 .note          0x00000498       0x18 build/default/production/_ext/1360937237/watchdog_kicker.o
 .note          0x000004b0       0x18 build/default/production/_ext/1360937237/led_driver.o
 .note          0x000004c8       0x18 build/default/production/_ext/17022449/plib_sercom3_spi_master.o
 .note          0x000004e0       0x18 build/default/production/_ext/1865161661/plib_dmac.o
 .note          0x000004f8       0x18 build/default/production/_ext/14461671/sys_dma.o
 .note          0x00000510       0x18 D:/MPLAB X IDE/xc32_v5.00/bin/bin/../../lib/gcc/pic32c/13.2.1/../../../../pic32c/lib/thumb/v6-m/nofp\libpic32c.a(data_init.o)
 .note          0x00000528       0x18 D:/MPLAB X IDE/xc32_v5.00/bin/bin/../../lib/gcc/pic32c/13.2.1/../../../../pic32c/lib/thumb/v6-m/nofp\libc-size-musl.a(memcmp.o)
 .note          0x00000540       0x18 D:/MPLAB X IDE/xc32_v5.00/bin/bin/../../lib/gcc/pic32c/13.2.1/../../../../pic32c/lib/thumb/v6-m/nofp\libc-size-musl.a(memcpy.o)
 .note          0x00000558       0x18 D:/MPLAB X IDE/xc32_v5.00/bin/bin/../../lib/gcc/pic32c/13.2.1/../../../../pic32c/lib/thumb/v6-m/nofp\libc-size-musl.a(memset.o)
 .note          0x00000570       0x18 D:/MPLAB X IDE/xc32_v5.00/bin/bin/../../lib/gcc/pic32c/13.2.1/../../../../pic32c/lib/thumb/v6-m/nofp\libc-size-musl.a(strlen.o)
 .note          0x00000588       0x18 D:/MPLAB X IDE/xc32_v5.00/bin/bin/../../lib/gcc/pic32c/13.2.1/../../../../pic32c/lib/thumb/v6-m/nofp\libc-musl.a(__libc_start_main.o)
 .note          0x000005a0       0x18 D:/MPLAB X IDE/xc32_v5.00/bin/bin/../../lib/gcc/pic32c/13.2.1/../../../../pic32c/lib/thumb/v6-m/nofp\libc-musl.a(libc.o)
 .note          0x000005b8       0x18 D:/MPLAB X IDE/xc32_v5.00/bin/bin/../../lib/gcc/pic32c/13.2.1/../../../../pic32c/lib/thumb/v6-m/nofp\libc-musl.a(vsnprintf.o)
 .note          0x000005d0       0x18 D:/MPLAB X IDE/xc32_v5.00/bin/bin/../../lib/gcc/pic32c/13.2.1/../../../../pic32c/lib/thumb/v6-m/nofp\libc-musl.a(__environ.o)
 .note          0x000005e8       0x18 D:/MPLAB X IDE/xc32_v5.00/bin/bin/../../lib/gcc/pic32c/13.2.1/../../../../pic32c/lib/thumb/v6-m/nofp\libc-musl.a(__errno_location.o)
 .note          0x00000600       0x18 D:/MPLAB X IDE/xc32_v5.00/bin/bin/../../lib/gcc/pic32c/13.2.1/../../../../pic32c/lib/thumb/v6-m/nofp\libc-musl.a(vfprintf.o)
 .note          0x00000618       0x18 D:/MPLAB X IDE/xc32_v5.00/bin/bin/../../lib/gcc/pic32c/13.2.1/../../../../pic32c/lib/thumb/v6-m/nofp\libc-musl.a(__io_fmt_needed.o)
 .note          0x00000630       0x18 D:/MPLAB X IDE/xc32_v5.00/bin/bin/../../lib/gcc/pic32c/13.2.1/../../../../pic32c/lib/thumb/v6-m/nofp\libc-musl.a(__pop_float.o)
 .note          0x00000648       0x18 D:/MPLAB X IDE/xc32_v5.00/bin/bin/../../lib/gcc/pic32c/13.2.1/../../../../pic32c/lib/thumb/v6-m/nofp\libc-musl.a(__pop_int.o)
 .note          0x00000660       0x18 D:/MPLAB X IDE/xc32_v5.00/bin/bin/../../lib/gcc/pic32c/13.2.1/../../../../pic32c/lib/thumb/v6-m/nofp\libc-musl.a(__pop_ptr.o)
 .note          0x00000678       0x18 D:/MPLAB X IDE/xc32_v5.00/bin/bin/../../lib/gcc/pic32c/13.2.1/../../../../pic32c/lib/thumb/v6-m/nofp\libc-musl.a(__printf_core.o)
 .note          0x00000690       0x18 D:/MPLAB X IDE/xc32_v5.00/bin/bin/../../lib/gcc/pic32c/13.2.1/../../../../pic32c/lib/thumb/v6-m/nofp\libc-musl.a(atoi.o)
 .note          0x000006a8       0x18 D:/MPLAB X IDE/xc32_v5.00/bin/bin/../../lib/gcc/pic32c/13.2.1/../../../../pic32c/lib/thumb/v6-m/nofp\libc-musl.a(tolower.o)
 .note          0x000006c0       0x18 D:/MPLAB X IDE/xc32_v5.00/bin/bin/../../lib/gcc/pic32c/13.2.1/../../../../pic32c/lib/thumb/v6-m/nofp\libc-musl.a(__fmt_a.o)
 .note          0x000006d8       0x18 D:/MPLAB X IDE/xc32_v5.00/bin/bin/../../lib/gcc/pic32c/13.2.1/../../../../pic32c/lib/thumb/v6-m/nofp\libc-musl.a(__fmt_d.o)
 .note          0x000006f0       0x18 D:/MPLAB X IDE/xc32_v5.00/bin/bin/../../lib/gcc/pic32c/13.2.1/../../../../pic32c/lib/thumb/v6-m/nofp\libc-musl.a(__fmt_fp.o)
 .note          0x00000708       0x18 D:/MPLAB X IDE/xc32_v5.00/bin/bin/../../lib/gcc/pic32c/13.2.1/../../../../pic32c/lib/thumb/v6-m/nofp\libc-musl.a(__fmt_o.o)
 .note          0x00000720       0x18 D:/MPLAB X IDE/xc32_v5.00/bin/bin/../../lib/gcc/pic32c/13.2.1/../../../../pic32c/lib/thumb/v6-m/nofp\libc-musl.a(__fmt_s.o)
 .note          0x00000738       0x18 D:/MPLAB X IDE/xc32_v5.00/bin/bin/../../lib/gcc/pic32c/13.2.1/../../../../pic32c/lib/thumb/v6-m/nofp\libc-musl.a(__fmt_u.o)
 .note          0x00000750       0x18 D:/MPLAB X IDE/xc32_v5.00/bin/bin/../../lib/gcc/pic32c/13.2.1/../../../../pic32c/lib/thumb/v6-m/nofp\libc-musl.a(__fmt_x.o)
 .note          0x00000768       0x18 D:/MPLAB X IDE/xc32_v5.00/bin/bin/../../lib/gcc/pic32c/13.2.1/../../../../pic32c/lib/thumb/v6-m/nofp\libc-musl.a(toupper.o)
 .note          0x00000780       0x18 D:/MPLAB X IDE/xc32_v5.00/bin/bin/../../lib/gcc/pic32c/13.2.1/../../../../pic32c/lib/thumb/v6-m/nofp\libc-musl.a(__cvt_u.o)
 .note          0x00000798       0x18 D:/MPLAB X IDE/xc32_v5.00/bin/bin/../../lib/gcc/pic32c/13.2.1/../../../../pic32c/lib/thumb/v6-m/nofp\libc-size-musl.a(strcpy.o)
 .note          0x000007b0       0x18 D:/MPLAB X IDE/xc32_v5.00/bin/bin/../../lib/gcc/pic32c/13.2.1/../../../../pic32c/lib/thumb/v6-m/nofp\libc-size-musl.a(stpcpy.o)
 .note          0x000007c8       0x18 D:/MPLAB X IDE/xc32_v5.00/bin/bin/../../lib/gcc/pic32c/13.2.1/thumb/v6-m/nofp\libgcc.a(_thumb1_case_uqi.o)
 .note          0x000007e0       0x18 D:/MPLAB X IDE/xc32_v5.00/bin/bin/../../lib/gcc/pic32c/13.2.1/thumb/v6-m/nofp\libgcc.a(_udivsi3.o)
 .note          0x000007f8       0x18 D:/MPLAB X IDE/xc32_v5.00/bin/bin/../../lib/gcc/pic32c/13.2.1/thumb/v6-m/nofp\libgcc.a(_divsi3.o)
 .note          0x00000810       0x18 D:/MPLAB X IDE/xc32_v5.00/bin/bin/../../lib/gcc/pic32c/13.2.1/thumb/v6-m/nofp\libgcc.a(_dvmd_tls.o)
 .note          0x00000828       0x18 D:/MPLAB X IDE/xc32_v5.00/bin/bin/../../lib/gcc/pic32c/13.2.1/thumb/v6-m/nofp\libgcc.a(_aeabi_uldivmod.o)
 .note          0x00000840       0x18 D:/MPLAB X IDE/xc32_v5.00/bin/bin/../../lib/gcc/pic32c/13.2.1/thumb/v6-m/nofp\libgcc.a(_muldi3.o)
 .note          0x00000858       0x18 D:/MPLAB X IDE/xc32_v5.00/bin/bin/../../lib/gcc/pic32c/13.2.1/thumb/v6-m/nofp\libgcc.a(_udivmoddi4.o)
 .note          0x00000870       0x18 D:/MPLAB X IDE/xc32_v5.00/bin/bin/../../lib/gcc/pic32c/13.2.1/thumb/v6-m/nofp\libgcc.a(_lshrdi3.o)
 .note          0x00000888       0x18 D:/MPLAB X IDE/xc32_v5.00/bin/bin/../../lib/gcc/pic32c/13.2.1/thumb/v6-m/nofp\libgcc.a(_ashldi3.o)
 .note          0x000008a0       0x18 D:/MPLAB X IDE/xc32_v5.00/bin/bin/../../lib/gcc/pic32c/13.2.1/thumb/v6-m/nofp\libgcc.a(_clzdi2.o)
 .note          0x000008b8       0x18 D:/MPLAB X IDE/xc32_v5.00/bin/bin/../../lib/gcc/pic32c/13.2.1/thumb/v6-m/nofp\libgcc.a(_clzsi2.o)
 .note          0x000008d0       0x18 D:/MPLAB X IDE/xc32_v5.00/bin/bin/../../lib/gcc/pic32c/13.2.1/thumb/v6-m/nofp/crtend.o
 .note          0x000008e8       0x18 D:/MPLAB X IDE/xc32_v5.00/bin/bin/../../lib/gcc/pic32c/13.2.1/thumb/v6-m/nofp/crtn.o
 .note          0x00000900       0x18 D:/MPLAB X IDE/xc32_v5.00/bin/bin/../../lib/gcc/pic32c/13.2.1/../../../../pic32c/lib/thumb/v6-m/nofp\libpic32c.a(pic32_data_init_clear.o)
 .note          0x00000918       0x18 D:/MPLAB X IDE/xc32_v5.00/bin/bin/../../lib/gcc/pic32c/13.2.1/../../../../pic32c/lib/thumb/v6-m/nofp\libpic32c.a(pic32_data_init_copy.o)

.ARM.attributes
                0x00000000       0x2a
 .ARM.attributes
                0x00000000       0x1e D:/MPLAB X IDE/xc32_v5.00/bin/bin/../../lib/gcc/pic32c/13.2.1/thumb/v6-m/nofp/crti.o
 .ARM.attributes
                0x0000001e       0x2c D:/MPLAB X IDE/xc32_v5.00/bin/bin/../../lib/gcc/pic32c/13.2.1/thumb/v6-m/nofp/crtbegin.o
 .ARM.attributes
                0x0000004a       0x2c build/default/production/_ext/1434821282/bsp.o
 .ARM.attributes
                0x00000076       0x2c build/default/production/_ext/1529399856/osal_freertos.o
 .ARM.attributes
                0x000000a2       0x2c build/default/production/_ext/60165182/plib_can1.o
 .ARM.attributes
                0x000000ce       0x2c build/default/production/_ext/1984496892/plib_clock.o
 .ARM.attributes
                0x000000fa       0x2c build/default/production/_ext/60167341/plib_eic.o
 .ARM.attributes
                0x00000126       0x2c build/default/production/_ext/1986646378/plib_evsys.o
 .ARM.attributes
                0x00000152       0x2c build/default/production/_ext/1865468468/plib_nvic.o
 .ARM.attributes
                0x0000017e       0x2c build/default/production/_ext/1593096446/plib_nvmctrl.o
 .ARM.attributes
                0x000001aa       0x2c build/default/production/_ext/1865521619/plib_port.o
 .ARM.attributes
                0x000001d6       0x2c build/default/production/_ext/1865585090/plib_rstc.o
 .ARM.attributes
                0x00000202       0x2c build/default/production/_ext/504274921/plib_sercom7_usart.o
 .ARM.attributes
                0x0000022e       0x2c build/default/production/_ext/60184501/plib_wdt.o
 .ARM.attributes
                0x0000025a       0x2c build/default/production/_ext/163028504/xc32_monitor.o
 .ARM.attributes
                0x00000286       0x2c build/default/production/_ext/1832805299/sys_console.o
 .ARM.attributes
                0x000002b2       0x2c build/default/production/_ext/1832805299/sys_console_uart.o
 .ARM.attributes
                0x000002de       0x2c build/default/production/_ext/944882569/sys_debug.o
 .ARM.attributes
                0x0000030a       0x2c build/default/production/_ext/1881668453/sys_int.o
 .ARM.attributes
                0x00000336       0x2c build/default/production/_ext/1171490990/initialization.o
 .ARM.attributes
                0x00000362       0x2c build/default/production/_ext/1171490990/interrupts.o
 .ARM.attributes
                0x0000038e       0x2c build/default/production/_ext/1171490990/exceptions.o
 .ARM.attributes
                0x000003ba       0x2c build/default/production/_ext/1171490990/startup_xc32.o
 .ARM.attributes
                0x000003e6       0x2c build/default/production/_ext/1171490990/libc_syscalls.o
 .ARM.attributes
                0x00000412       0x2c build/default/production/_ext/1171490990/freertos_hooks.o
 .ARM.attributes
                0x0000043e       0x2c build/default/production/_ext/1171490990/tasks.o
 .ARM.attributes
                0x0000046a       0x2c build/default/production/_ext/1624415188/port.o
 .ARM.attributes
                0x00000496       0x2c build/default/production/_ext/1624415188/portasm.o
 .ARM.attributes
                0x000004c2       0x2c build/default/production/_ext/1665200909/heap_1.o
 .ARM.attributes
                0x000004ee       0x2c build/default/production/_ext/404212886/croutine.o
 .ARM.attributes
                0x0000051a       0x2c build/default/production/_ext/404212886/list.o
 .ARM.attributes
                0x00000546       0x2c build/default/production/_ext/404212886/queue.o
 .ARM.attributes
                0x00000572       0x2c build/default/production/_ext/404212886/FreeRTOS_tasks.o
 .ARM.attributes
                0x0000059e       0x2c build/default/production/_ext/404212886/timers.o
 .ARM.attributes
                0x000005ca       0x2c build/default/production/_ext/404212886/event_groups.o
 .ARM.attributes
                0x000005f6       0x2c build/default/production/_ext/404212886/stream_buffer.o
 .ARM.attributes
                0x00000622       0x2c build/default/production/_ext/1360937237/main.o
 .ARM.attributes
                0x0000064e       0x2c build/default/production/_ext/1360937237/system_state.o
 .ARM.attributes
                0x0000067a       0x2c build/default/production/interrupt_callbacks.o
 .ARM.attributes
                0x000006a6       0x2c build/default/production/freertos_daemon.o
 .ARM.attributes
                0x000006d2       0x2c build/default/production/global_vars.o
 .ARM.attributes
                0x000006fe       0x2c build/default/production/_ext/1360937237/debug_logger.o
 .ARM.attributes
                0x0000072a       0x2c build/default/production/init_funcs.o
 .ARM.attributes
                0x00000756       0x2c build/default/production/_ext/1360937237/can.o
 .ARM.attributes
                0x00000782       0x2c build/default/production/_ext/1360937237/cmd_parser.o
 .ARM.attributes
                0x000007ae       0x2c build/default/production/_ext/1360937237/watchdog_kicker.o
 .ARM.attributes
                0x000007da       0x2c build/default/production/_ext/1360937237/led_driver.o
 .ARM.attributes
                0x00000806       0x2c build/default/production/_ext/17022449/plib_sercom3_spi_master.o
 .ARM.attributes
                0x00000832       0x2c build/default/production/_ext/1865161661/plib_dmac.o
 .ARM.attributes
                0x0000085e       0x2c build/default/production/_ext/14461671/sys_dma.o
 .ARM.attributes
                0x0000088a       0x2c D:/MPLAB X IDE/xc32_v5.00/bin/bin/../../lib/gcc/pic32c/13.2.1/../../../../pic32c/lib/thumb/v6-m/nofp\libpic32c.a(data_init.o)
 .ARM.attributes
                0x000008b6       0x2e D:/MPLAB X IDE/xc32_v5.00/bin/bin/../../lib/gcc/pic32c/13.2.1/../../../../pic32c/lib/thumb/v6-m/nofp\libc-size-musl.a(memcmp.o)
 .ARM.attributes
                0x000008e4       0x2e D:/MPLAB X IDE/xc32_v5.00/bin/bin/../../lib/gcc/pic32c/13.2.1/../../../../pic32c/lib/thumb/v6-m/nofp\libc-size-musl.a(memcpy.o)
 .ARM.attributes
                0x00000912       0x2e D:/MPLAB X IDE/xc32_v5.00/bin/bin/../../lib/gcc/pic32c/13.2.1/../../../../pic32c/lib/thumb/v6-m/nofp\libc-size-musl.a(memset.o)
 .ARM.attributes
                0x00000940       0x2e D:/MPLAB X IDE/xc32_v5.00/bin/bin/../../lib/gcc/pic32c/13.2.1/../../../../pic32c/lib/thumb/v6-m/nofp\libc-size-musl.a(strlen.o)
 .ARM.attributes
                0x0000096e       0x2e D:/MPLAB X IDE/xc32_v5.00/bin/bin/../../lib/gcc/pic32c/13.2.1/../../../../pic32c/lib/thumb/v6-m/nofp\libc-musl.a(__libc_start_main.o)
 .ARM.attributes
                0x0000099c       0x2e D:/MPLAB X IDE/xc32_v5.00/bin/bin/../../lib/gcc/pic32c/13.2.1/../../../../pic32c/lib/thumb/v6-m/nofp\libc-musl.a(libc.o)
 .ARM.attributes
                0x000009ca       0x2e D:/MPLAB X IDE/xc32_v5.00/bin/bin/../../lib/gcc/pic32c/13.2.1/../../../../pic32c/lib/thumb/v6-m/nofp\libc-musl.a(vsnprintf.o)
 .ARM.attributes
                0x000009f8       0x2e D:/MPLAB X IDE/xc32_v5.00/bin/bin/../../lib/gcc/pic32c/13.2.1/../../../../pic32c/lib/thumb/v6-m/nofp\libc-musl.a(__environ.o)
 .ARM.attributes
                0x00000a26       0x2e D:/MPLAB X IDE/xc32_v5.00/bin/bin/../../lib/gcc/pic32c/13.2.1/../../../../pic32c/lib/thumb/v6-m/nofp\libc-musl.a(__errno_location.o)
 .ARM.attributes
                0x00000a54       0x2e D:/MPLAB X IDE/xc32_v5.00/bin/bin/../../lib/gcc/pic32c/13.2.1/../../../../pic32c/lib/thumb/v6-m/nofp\libc-musl.a(vfprintf.o)
 .ARM.attributes
                0x00000a82       0x2e D:/MPLAB X IDE/xc32_v5.00/bin/bin/../../lib/gcc/pic32c/13.2.1/../../../../pic32c/lib/thumb/v6-m/nofp\libc-musl.a(__io_fmt_needed.o)
 .ARM.attributes
                0x00000ab0       0x2e D:/MPLAB X IDE/xc32_v5.00/bin/bin/../../lib/gcc/pic32c/13.2.1/../../../../pic32c/lib/thumb/v6-m/nofp\libc-musl.a(__pop_float.o)
 .ARM.attributes
                0x00000ade       0x2e D:/MPLAB X IDE/xc32_v5.00/bin/bin/../../lib/gcc/pic32c/13.2.1/../../../../pic32c/lib/thumb/v6-m/nofp\libc-musl.a(__pop_int.o)
 .ARM.attributes
                0x00000b0c       0x2e D:/MPLAB X IDE/xc32_v5.00/bin/bin/../../lib/gcc/pic32c/13.2.1/../../../../pic32c/lib/thumb/v6-m/nofp\libc-musl.a(__pop_ptr.o)
 .ARM.attributes
                0x00000b3a       0x2e D:/MPLAB X IDE/xc32_v5.00/bin/bin/../../lib/gcc/pic32c/13.2.1/../../../../pic32c/lib/thumb/v6-m/nofp\libc-musl.a(__printf_core.o)
 .ARM.attributes
                0x00000b68       0x2e D:/MPLAB X IDE/xc32_v5.00/bin/bin/../../lib/gcc/pic32c/13.2.1/../../../../pic32c/lib/thumb/v6-m/nofp\libc-musl.a(atoi.o)
 .ARM.attributes
                0x00000b96       0x2e D:/MPLAB X IDE/xc32_v5.00/bin/bin/../../lib/gcc/pic32c/13.2.1/../../../../pic32c/lib/thumb/v6-m/nofp\libc-musl.a(tolower.o)
 .ARM.attributes
                0x00000bc4       0x2e D:/MPLAB X IDE/xc32_v5.00/bin/bin/../../lib/gcc/pic32c/13.2.1/../../../../pic32c/lib/thumb/v6-m/nofp\libc-musl.a(__fmt_a.o)
 .ARM.attributes
                0x00000bf2       0x2e D:/MPLAB X IDE/xc32_v5.00/bin/bin/../../lib/gcc/pic32c/13.2.1/../../../../pic32c/lib/thumb/v6-m/nofp\libc-musl.a(__fmt_d.o)
 .ARM.attributes
                0x00000c20       0x2e D:/MPLAB X IDE/xc32_v5.00/bin/bin/../../lib/gcc/pic32c/13.2.1/../../../../pic32c/lib/thumb/v6-m/nofp\libc-musl.a(__fmt_fp.o)
 .ARM.attributes
                0x00000c4e       0x2e D:/MPLAB X IDE/xc32_v5.00/bin/bin/../../lib/gcc/pic32c/13.2.1/../../../../pic32c/lib/thumb/v6-m/nofp\libc-musl.a(__fmt_o.o)
 .ARM.attributes
                0x00000c7c       0x2e D:/MPLAB X IDE/xc32_v5.00/bin/bin/../../lib/gcc/pic32c/13.2.1/../../../../pic32c/lib/thumb/v6-m/nofp\libc-musl.a(__fmt_s.o)
 .ARM.attributes
                0x00000caa       0x2e D:/MPLAB X IDE/xc32_v5.00/bin/bin/../../lib/gcc/pic32c/13.2.1/../../../../pic32c/lib/thumb/v6-m/nofp\libc-musl.a(__fmt_u.o)
 .ARM.attributes
                0x00000cd8       0x2e D:/MPLAB X IDE/xc32_v5.00/bin/bin/../../lib/gcc/pic32c/13.2.1/../../../../pic32c/lib/thumb/v6-m/nofp\libc-musl.a(__fmt_x.o)
 .ARM.attributes
                0x00000d06       0x2e D:/MPLAB X IDE/xc32_v5.00/bin/bin/../../lib/gcc/pic32c/13.2.1/../../../../pic32c/lib/thumb/v6-m/nofp\libc-musl.a(toupper.o)
 .ARM.attributes
                0x00000d34       0x2e D:/MPLAB X IDE/xc32_v5.00/bin/bin/../../lib/gcc/pic32c/13.2.1/../../../../pic32c/lib/thumb/v6-m/nofp\libc-musl.a(__cvt_u.o)
 .ARM.attributes
                0x00000d62       0x2c D:/MPLAB X IDE/xc32_v5.00/bin/bin/../../lib/gcc/pic32c/13.2.1/../../../../pic32c/lib/thumb/v6-m/nofp\libm-fast-emfloat.a(fma.o)
 .ARM.attributes
                0x00000d8e       0x2c D:/MPLAB X IDE/xc32_v5.00/bin/bin/../../lib/gcc/pic32c/13.2.1/../../../../pic32c/lib/thumb/v6-m/nofp\libm-fast-emfloat.a(floor.o)
 .ARM.attributes
                0x00000dba       0x1c D:/MPLAB X IDE/xc32_v5.00/bin/bin/../../lib/gcc/pic32c/13.2.1/../../../../pic32c/lib/thumb/v6-m/nofp\libm-fast-emfloat.a(__aeabi_dadd.o)
 .ARM.attributes
                0x00000dd6       0x1c D:/MPLAB X IDE/xc32_v5.00/bin/bin/../../lib/gcc/pic32c/13.2.1/../../../../pic32c/lib/thumb/v6-m/nofp\libm-fast-emfloat.a(__aeabi_dsub.o)
 .ARM.attributes
                0x00000df2       0x1c D:/MPLAB X IDE/xc32_v5.00/bin/bin/../../lib/gcc/pic32c/13.2.1/../../../../pic32c/lib/thumb/v6-m/nofp\libm-fast-emfloat.a(__aeabi_fmul.o)
 .ARM.attributes
                0x00000e0e       0x1c D:/MPLAB X IDE/xc32_v5.00/bin/bin/../../lib/gcc/pic32c/13.2.1/../../../../pic32c/lib/thumb/v6-m/nofp\libm-fast-emfloat.a(__aeabi_dmul_aux.o)
 .ARM.attributes
                0x00000e2a       0x1c D:/MPLAB X IDE/xc32_v5.00/bin/bin/../../lib/gcc/pic32c/13.2.1/../../../../pic32c/lib/thumb/v6-m/nofp\libm-fast-emfloat.a(__aeabi_fdiv.o)
 .ARM.attributes
                0x00000e46       0x1c D:/MPLAB X IDE/xc32_v5.00/bin/bin/../../lib/gcc/pic32c/13.2.1/../../../../pic32c/lib/thumb/v6-m/nofp\libm-fast-emfloat.a(__aeabi_ddiv.o)
 .ARM.attributes
                0x00000e62       0x1c D:/MPLAB X IDE/xc32_v5.00/bin/bin/../../lib/gcc/pic32c/13.2.1/../../../../pic32c/lib/thumb/v6-m/nofp\libm-fast-emfloat.a(__aeabi_dcmple.o)
 .ARM.attributes
                0x00000e7e       0x1c D:/MPLAB X IDE/xc32_v5.00/bin/bin/../../lib/gcc/pic32c/13.2.1/../../../../pic32c/lib/thumb/v6-m/nofp\libm-fast-emfloat.a(__aeabi_dcmpeq.o)
 .ARM.attributes
                0x00000e9a       0x1c D:/MPLAB X IDE/xc32_v5.00/bin/bin/../../lib/gcc/pic32c/13.2.1/../../../../pic32c/lib/thumb/v6-m/nofp\libm-fast-emfloat.a(__aeabi_dcmpgt.o)
 .ARM.attributes
                0x00000eb6       0x1c D:/MPLAB X IDE/xc32_v5.00/bin/bin/../../lib/gcc/pic32c/13.2.1/../../../../pic32c/lib/thumb/v6-m/nofp\libm-fast-emfloat.a(__aeabi_fcmplt.o)
 .ARM.attributes
                0x00000ed2       0x1c D:/MPLAB X IDE/xc32_v5.00/bin/bin/../../lib/gcc/pic32c/13.2.1/../../../../pic32c/lib/thumb/v6-m/nofp\libm-fast-emfloat.a(__aeabi_dcmplt.o)
 .ARM.attributes
                0x00000eee       0x1c D:/MPLAB X IDE/xc32_v5.00/bin/bin/../../lib/gcc/pic32c/13.2.1/../../../../pic32c/lib/thumb/v6-m/nofp\libm-fast-emfloat.a(__aeabi_d2iz.o)
 .ARM.attributes
                0x00000f0a       0x1c D:/MPLAB X IDE/xc32_v5.00/bin/bin/../../lib/gcc/pic32c/13.2.1/../../../../pic32c/lib/thumb/v6-m/nofp\libm-fast-emfloat.a(__aeabi_f2uiz.o)
 .ARM.attributes
                0x00000f26       0x1c D:/MPLAB X IDE/xc32_v5.00/bin/bin/../../lib/gcc/pic32c/13.2.1/../../../../pic32c/lib/thumb/v6-m/nofp\libm-fast-emfloat.a(__aeabi_d2uiz.o)
 .ARM.attributes
                0x00000f42       0x1c D:/MPLAB X IDE/xc32_v5.00/bin/bin/../../lib/gcc/pic32c/13.2.1/../../../../pic32c/lib/thumb/v6-m/nofp\libm-fast-emfloat.a(__aeabi_ui2f.o)
 .ARM.attributes
                0x00000f5e       0x2e D:/MPLAB X IDE/xc32_v5.00/bin/bin/../../lib/gcc/pic32c/13.2.1/../../../../pic32c/lib/thumb/v6-m/nofp\libc-size-musl.a(strcpy.o)
 .ARM.attributes
                0x00000f8c       0x2e D:/MPLAB X IDE/xc32_v5.00/bin/bin/../../lib/gcc/pic32c/13.2.1/../../../../pic32c/lib/thumb/v6-m/nofp\libc-size-musl.a(stpcpy.o)
 .ARM.attributes
                0x00000fba       0x1e D:/MPLAB X IDE/xc32_v5.00/bin/bin/../../lib/gcc/pic32c/13.2.1/thumb/v6-m/nofp\libgcc.a(_thumb1_case_uqi.o)
 .ARM.attributes
                0x00000fd8       0x1e D:/MPLAB X IDE/xc32_v5.00/bin/bin/../../lib/gcc/pic32c/13.2.1/thumb/v6-m/nofp\libgcc.a(_udivsi3.o)
 .ARM.attributes
                0x00000ff6       0x1e D:/MPLAB X IDE/xc32_v5.00/bin/bin/../../lib/gcc/pic32c/13.2.1/thumb/v6-m/nofp\libgcc.a(_divsi3.o)
 .ARM.attributes
                0x00001014       0x1e D:/MPLAB X IDE/xc32_v5.00/bin/bin/../../lib/gcc/pic32c/13.2.1/thumb/v6-m/nofp\libgcc.a(_dvmd_tls.o)
 .ARM.attributes
                0x00001032       0x1e D:/MPLAB X IDE/xc32_v5.00/bin/bin/../../lib/gcc/pic32c/13.2.1/thumb/v6-m/nofp\libgcc.a(_aeabi_uldivmod.o)
 .ARM.attributes
                0x00001050       0x2c D:/MPLAB X IDE/xc32_v5.00/bin/bin/../../lib/gcc/pic32c/13.2.1/thumb/v6-m/nofp\libgcc.a(_muldi3.o)
 .ARM.attributes
                0x0000107c       0x2c D:/MPLAB X IDE/xc32_v5.00/bin/bin/../../lib/gcc/pic32c/13.2.1/thumb/v6-m/nofp\libgcc.a(_udivmoddi4.o)
 .ARM.attributes
                0x000010a8       0x1e D:/MPLAB X IDE/xc32_v5.00/bin/bin/../../lib/gcc/pic32c/13.2.1/thumb/v6-m/nofp\libgcc.a(_lshrdi3.o)
 .ARM.attributes
                0x000010c6       0x1e D:/MPLAB X IDE/xc32_v5.00/bin/bin/../../lib/gcc/pic32c/13.2.1/thumb/v6-m/nofp\libgcc.a(_ashldi3.o)
 .ARM.attributes
                0x000010e4       0x1e D:/MPLAB X IDE/xc32_v5.00/bin/bin/../../lib/gcc/pic32c/13.2.1/thumb/v6-m/nofp\libgcc.a(_clzdi2.o)
 .ARM.attributes
                0x00001102       0x1e D:/MPLAB X IDE/xc32_v5.00/bin/bin/../../lib/gcc/pic32c/13.2.1/thumb/v6-m/nofp\libgcc.a(_clzsi2.o)
 .ARM.attributes
                0x00001120       0x2c D:/MPLAB X IDE/xc32_v5.00/bin/bin/../../lib/gcc/pic32c/13.2.1/thumb/v6-m/nofp/crtend.o
 .ARM.attributes
                0x0000114c       0x1e D:/MPLAB X IDE/xc32_v5.00/bin/bin/../../lib/gcc/pic32c/13.2.1/thumb/v6-m/nofp/crtn.o
 .ARM.attributes
                0x0000116a       0x2c D:/MPLAB X IDE/xc32_v5.00/bin/bin/../../lib/gcc/pic32c/13.2.1/../../../../pic32c/lib/thumb/v6-m/nofp\libpic32c.a(pic32_data_init_clear.o)
 .ARM.attributes
                0x00001196       0x2c D:/MPLAB X IDE/xc32_v5.00/bin/bin/../../lib/gcc/pic32c/13.2.1/../../../../pic32c/lib/thumb/v6-m/nofp\libpic32c.a(pic32_data_init_copy.o)

.comment        0x00000000       0x35
 .comment       0x00000000       0x35 D:/MPLAB X IDE/xc32_v5.00/bin/bin/../../lib/gcc/pic32c/13.2.1/thumb/v6-m/nofp/crtbegin.o
                                 0x36 (size before relaxing)
 .comment       0x00000035       0x36 build/default/production/_ext/1434821282/bsp.o
 .comment       0x00000035       0x36 build/default/production/_ext/1529399856/osal_freertos.o
 .comment       0x00000035       0x36 build/default/production/_ext/60165182/plib_can1.o
 .comment       0x00000035       0x36 build/default/production/_ext/1984496892/plib_clock.o
 .comment       0x00000035       0x36 build/default/production/_ext/60167341/plib_eic.o
 .comment       0x00000035       0x36 build/default/production/_ext/1986646378/plib_evsys.o
 .comment       0x00000035       0x36 build/default/production/_ext/1865468468/plib_nvic.o
 .comment       0x00000035       0x36 build/default/production/_ext/1593096446/plib_nvmctrl.o
 .comment       0x00000035       0x36 build/default/production/_ext/1865521619/plib_port.o
 .comment       0x00000035       0x36 build/default/production/_ext/1865585090/plib_rstc.o
 .comment       0x00000035       0x36 build/default/production/_ext/504274921/plib_sercom7_usart.o
 .comment       0x00000035       0x36 build/default/production/_ext/60184501/plib_wdt.o
 .comment       0x00000035       0x36 build/default/production/_ext/163028504/xc32_monitor.o
 .comment       0x00000035       0x36 build/default/production/_ext/1832805299/sys_console.o
 .comment       0x00000035       0x36 build/default/production/_ext/1832805299/sys_console_uart.o
 .comment       0x00000035       0x36 build/default/production/_ext/944882569/sys_debug.o
 .comment       0x00000035       0x36 build/default/production/_ext/1881668453/sys_int.o
 .comment       0x00000035       0x36 build/default/production/_ext/1171490990/initialization.o
 .comment       0x00000035       0x36 build/default/production/_ext/1171490990/interrupts.o
 .comment       0x00000035       0x36 build/default/production/_ext/1171490990/exceptions.o
 .comment       0x00000035       0x36 build/default/production/_ext/1171490990/startup_xc32.o
 .comment       0x00000035       0x36 build/default/production/_ext/1171490990/libc_syscalls.o
 .comment       0x00000035       0x36 build/default/production/_ext/1171490990/freertos_hooks.o
 .comment       0x00000035       0x36 build/default/production/_ext/1171490990/tasks.o
 .comment       0x00000035       0x36 build/default/production/_ext/1624415188/port.o
 .comment       0x00000035       0x36 build/default/production/_ext/1624415188/portasm.o
 .comment       0x00000035       0x36 build/default/production/_ext/1665200909/heap_1.o
 .comment       0x00000035       0x36 build/default/production/_ext/404212886/croutine.o
 .comment       0x00000035       0x36 build/default/production/_ext/404212886/list.o
 .comment       0x00000035       0x36 build/default/production/_ext/404212886/queue.o
 .comment       0x00000035       0x36 build/default/production/_ext/404212886/FreeRTOS_tasks.o
 .comment       0x00000035       0x36 build/default/production/_ext/404212886/timers.o
 .comment       0x00000035       0x36 build/default/production/_ext/404212886/event_groups.o
 .comment       0x00000035       0x36 build/default/production/_ext/404212886/stream_buffer.o
 .comment       0x00000035       0x36 build/default/production/_ext/1360937237/main.o
 .comment       0x00000035       0x36 build/default/production/_ext/1360937237/system_state.o
 .comment       0x00000035       0x36 build/default/production/interrupt_callbacks.o
 .comment       0x00000035       0x36 build/default/production/freertos_daemon.o
 .comment       0x00000035       0x36 build/default/production/global_vars.o
 .comment       0x00000035       0x36 build/default/production/_ext/1360937237/debug_logger.o
 .comment       0x00000035       0x36 build/default/production/init_funcs.o
 .comment       0x00000035       0x36 build/default/production/_ext/1360937237/can.o
 .comment       0x00000035       0x36 build/default/production/_ext/1360937237/cmd_parser.o
 .comment       0x00000035       0x36 build/default/production/_ext/1360937237/watchdog_kicker.o
 .comment       0x00000035       0x36 build/default/production/_ext/1360937237/led_driver.o
 .comment       0x00000035       0x36 build/default/production/_ext/17022449/plib_sercom3_spi_master.o
 .comment       0x00000035       0x36 build/default/production/_ext/1865161661/plib_dmac.o
 .comment       0x00000035       0x36 build/default/production/_ext/14461671/sys_dma.o
 .comment       0x00000035       0x36 D:/MPLAB X IDE/xc32_v5.00/bin/bin/../../lib/gcc/pic32c/13.2.1/../../../../pic32c/lib/thumb/v6-m/nofp\libpic32c.a(data_init.o)
 .comment       0x00000035       0x36 D:/MPLAB X IDE/xc32_v5.00/bin/bin/../../lib/gcc/pic32c/13.2.1/../../../../pic32c/lib/thumb/v6-m/nofp\libc-size-musl.a(memcmp.o)
 .comment       0x00000035       0x36 D:/MPLAB X IDE/xc32_v5.00/bin/bin/../../lib/gcc/pic32c/13.2.1/../../../../pic32c/lib/thumb/v6-m/nofp\libc-size-musl.a(memcpy.o)
 .comment       0x00000035       0x36 D:/MPLAB X IDE/xc32_v5.00/bin/bin/../../lib/gcc/pic32c/13.2.1/../../../../pic32c/lib/thumb/v6-m/nofp\libc-size-musl.a(memset.o)
 .comment       0x00000035       0x36 D:/MPLAB X IDE/xc32_v5.00/bin/bin/../../lib/gcc/pic32c/13.2.1/../../../../pic32c/lib/thumb/v6-m/nofp\libc-size-musl.a(strlen.o)
 .comment       0x00000035       0x36 D:/MPLAB X IDE/xc32_v5.00/bin/bin/../../lib/gcc/pic32c/13.2.1/../../../../pic32c/lib/thumb/v6-m/nofp\libc-musl.a(__libc_start_main.o)
 .comment       0x00000035       0x36 D:/MPLAB X IDE/xc32_v5.00/bin/bin/../../lib/gcc/pic32c/13.2.1/../../../../pic32c/lib/thumb/v6-m/nofp\libc-musl.a(libc.o)
 .comment       0x00000035       0x36 D:/MPLAB X IDE/xc32_v5.00/bin/bin/../../lib/gcc/pic32c/13.2.1/../../../../pic32c/lib/thumb/v6-m/nofp\libc-musl.a(vsnprintf.o)
 .comment       0x00000035       0x36 D:/MPLAB X IDE/xc32_v5.00/bin/bin/../../lib/gcc/pic32c/13.2.1/../../../../pic32c/lib/thumb/v6-m/nofp\libc-musl.a(__environ.o)
 .comment       0x00000035       0x36 D:/MPLAB X IDE/xc32_v5.00/bin/bin/../../lib/gcc/pic32c/13.2.1/../../../../pic32c/lib/thumb/v6-m/nofp\libc-musl.a(__errno_location.o)
 .comment       0x00000035       0x36 D:/MPLAB X IDE/xc32_v5.00/bin/bin/../../lib/gcc/pic32c/13.2.1/../../../../pic32c/lib/thumb/v6-m/nofp\libc-musl.a(vfprintf.o)
 .comment       0x00000035       0x36 D:/MPLAB X IDE/xc32_v5.00/bin/bin/../../lib/gcc/pic32c/13.2.1/../../../../pic32c/lib/thumb/v6-m/nofp\libc-musl.a(__io_fmt_needed.o)
 .comment       0x00000035       0x36 D:/MPLAB X IDE/xc32_v5.00/bin/bin/../../lib/gcc/pic32c/13.2.1/../../../../pic32c/lib/thumb/v6-m/nofp\libc-musl.a(__pop_float.o)
 .comment       0x00000035       0x36 D:/MPLAB X IDE/xc32_v5.00/bin/bin/../../lib/gcc/pic32c/13.2.1/../../../../pic32c/lib/thumb/v6-m/nofp\libc-musl.a(__pop_int.o)
 .comment       0x00000035       0x36 D:/MPLAB X IDE/xc32_v5.00/bin/bin/../../lib/gcc/pic32c/13.2.1/../../../../pic32c/lib/thumb/v6-m/nofp\libc-musl.a(__pop_ptr.o)
 .comment       0x00000035       0x36 D:/MPLAB X IDE/xc32_v5.00/bin/bin/../../lib/gcc/pic32c/13.2.1/../../../../pic32c/lib/thumb/v6-m/nofp\libc-musl.a(__printf_core.o)
 .comment       0x00000035       0x36 D:/MPLAB X IDE/xc32_v5.00/bin/bin/../../lib/gcc/pic32c/13.2.1/../../../../pic32c/lib/thumb/v6-m/nofp\libc-musl.a(atoi.o)
 .comment       0x00000035       0x36 D:/MPLAB X IDE/xc32_v5.00/bin/bin/../../lib/gcc/pic32c/13.2.1/../../../../pic32c/lib/thumb/v6-m/nofp\libc-musl.a(tolower.o)
 .comment       0x00000035       0x36 D:/MPLAB X IDE/xc32_v5.00/bin/bin/../../lib/gcc/pic32c/13.2.1/../../../../pic32c/lib/thumb/v6-m/nofp\libc-musl.a(__fmt_a.o)
 .comment       0x00000035       0x36 D:/MPLAB X IDE/xc32_v5.00/bin/bin/../../lib/gcc/pic32c/13.2.1/../../../../pic32c/lib/thumb/v6-m/nofp\libc-musl.a(__fmt_d.o)
 .comment       0x00000035       0x36 D:/MPLAB X IDE/xc32_v5.00/bin/bin/../../lib/gcc/pic32c/13.2.1/../../../../pic32c/lib/thumb/v6-m/nofp\libc-musl.a(__fmt_fp.o)
 .comment       0x00000035       0x36 D:/MPLAB X IDE/xc32_v5.00/bin/bin/../../lib/gcc/pic32c/13.2.1/../../../../pic32c/lib/thumb/v6-m/nofp\libc-musl.a(__fmt_o.o)
 .comment       0x00000035       0x36 D:/MPLAB X IDE/xc32_v5.00/bin/bin/../../lib/gcc/pic32c/13.2.1/../../../../pic32c/lib/thumb/v6-m/nofp\libc-musl.a(__fmt_s.o)
 .comment       0x00000035       0x36 D:/MPLAB X IDE/xc32_v5.00/bin/bin/../../lib/gcc/pic32c/13.2.1/../../../../pic32c/lib/thumb/v6-m/nofp\libc-musl.a(__fmt_u.o)
 .comment       0x00000035       0x36 D:/MPLAB X IDE/xc32_v5.00/bin/bin/../../lib/gcc/pic32c/13.2.1/../../../../pic32c/lib/thumb/v6-m/nofp\libc-musl.a(__fmt_x.o)
 .comment       0x00000035       0x36 D:/MPLAB X IDE/xc32_v5.00/bin/bin/../../lib/gcc/pic32c/13.2.1/../../../../pic32c/lib/thumb/v6-m/nofp\libc-musl.a(toupper.o)
 .comment       0x00000035       0x36 D:/MPLAB X IDE/xc32_v5.00/bin/bin/../../lib/gcc/pic32c/13.2.1/../../../../pic32c/lib/thumb/v6-m/nofp\libc-musl.a(__cvt_u.o)
 .comment       0x00000035       0x36 D:/MPLAB X IDE/xc32_v5.00/bin/bin/../../lib/gcc/pic32c/13.2.1/../../../../pic32c/lib/thumb/v6-m/nofp\libm-fast-emfloat.a(fma.o)
 .comment       0x00000035       0x36 D:/MPLAB X IDE/xc32_v5.00/bin/bin/../../lib/gcc/pic32c/13.2.1/../../../../pic32c/lib/thumb/v6-m/nofp\libm-fast-emfloat.a(floor.o)
 .comment       0x00000035       0x36 D:/MPLAB X IDE/xc32_v5.00/bin/bin/../../lib/gcc/pic32c/13.2.1/../../../../pic32c/lib/thumb/v6-m/nofp\libc-size-musl.a(strcpy.o)
 .comment       0x00000035       0x36 D:/MPLAB X IDE/xc32_v5.00/bin/bin/../../lib/gcc/pic32c/13.2.1/../../../../pic32c/lib/thumb/v6-m/nofp\libc-size-musl.a(stpcpy.o)
 .comment       0x00000035       0x36 D:/MPLAB X IDE/xc32_v5.00/bin/bin/../../lib/gcc/pic32c/13.2.1/thumb/v6-m/nofp\libgcc.a(_muldi3.o)
 .comment       0x00000035       0x36 D:/MPLAB X IDE/xc32_v5.00/bin/bin/../../lib/gcc/pic32c/13.2.1/thumb/v6-m/nofp\libgcc.a(_udivmoddi4.o)
 .comment       0x00000035       0x36 D:/MPLAB X IDE/xc32_v5.00/bin/bin/../../lib/gcc/pic32c/13.2.1/thumb/v6-m/nofp/crtend.o
 .comment       0x00000035       0x36 D:/MPLAB X IDE/xc32_v5.00/bin/bin/../../lib/gcc/pic32c/13.2.1/../../../../pic32c/lib/thumb/v6-m/nofp\libpic32c.a(pic32_data_init_clear.o)
 .comment       0x00000035       0x36 D:/MPLAB X IDE/xc32_v5.00/bin/bin/../../lib/gcc/pic32c/13.2.1/../../../../pic32c/lib/thumb/v6-m/nofp\libpic32c.a(pic32_data_init_copy.o)

.debug_info     0x00000000    0x2031a
 .debug_info    0x00000000      0x24d build/default/production/_ext/1434821282/bsp.o
 .debug_info    0x0000024d      0x863 build/default/production/_ext/1529399856/osal_freertos.o
 .debug_info    0x00000ab0     0x160d build/default/production/_ext/60165182/plib_can1.o
 .debug_info    0x000020bd      0x5d2 build/default/production/_ext/1984496892/plib_clock.o
 .debug_info    0x0000268f      0x3a1 build/default/production/_ext/60167341/plib_eic.o
 .debug_info    0x00002a30       0x9b build/default/production/_ext/1986646378/plib_evsys.o
 .debug_info    0x00002acb      0x8bb build/default/production/_ext/1865468468/plib_nvic.o
 .debug_info    0x00003386      0x791 build/default/production/_ext/1593096446/plib_nvmctrl.o
 .debug_info    0x00003b17      0x7ae build/default/production/_ext/1865521619/plib_port.o
 .debug_info    0x000042c5       0xf3 build/default/production/_ext/1865585090/plib_rstc.o
 .debug_info    0x000043b8     0x17ca build/default/production/_ext/504274921/plib_sercom7_usart.o
 .debug_info    0x00005b82      0x27f build/default/production/_ext/60184501/plib_wdt.o
 .debug_info    0x00005e01       0xf5 build/default/production/_ext/163028504/xc32_monitor.o
 .debug_info    0x00005ef6      0xca6 build/default/production/_ext/1832805299/sys_console.o
 .debug_info    0x00006b9c      0xc1f build/default/production/_ext/1832805299/sys_console_uart.o
 .debug_info    0x000077bb      0x34a build/default/production/_ext/944882569/sys_debug.o
 .debug_info    0x00007b05      0x5bb build/default/production/_ext/1881668453/sys_int.o
 .debug_info    0x000080c0      0xa5a build/default/production/_ext/1171490990/initialization.o
 .debug_info    0x00008b1a      0x47b build/default/production/_ext/1171490990/interrupts.o
 .debug_info    0x00008f95       0xc1 build/default/production/_ext/1171490990/exceptions.o
 .debug_info    0x00009056      0x200 build/default/production/_ext/1171490990/startup_xc32.o
 .debug_info    0x00009256       0xaa build/default/production/_ext/1171490990/libc_syscalls.o
 .debug_info    0x00009300      0x1a6 build/default/production/_ext/1171490990/freertos_hooks.o
 .debug_info    0x000094a6      0x488 build/default/production/_ext/1171490990/tasks.o
 .debug_info    0x0000992e      0x3a3 build/default/production/_ext/1624415188/port.o
 .debug_info    0x00009cd1      0x17c build/default/production/_ext/1624415188/portasm.o
 .debug_info    0x00009e4d      0x23b build/default/production/_ext/1665200909/heap_1.o
 .debug_info    0x0000a088       0x79 build/default/production/_ext/404212886/croutine.o
 .debug_info    0x0000a101      0x2ff build/default/production/_ext/404212886/list.o
 .debug_info    0x0000a400     0x1cbf build/default/production/_ext/404212886/queue.o
 .debug_info    0x0000c0bf     0x2b1c build/default/production/_ext/404212886/FreeRTOS_tasks.o
 .debug_info    0x0000ebdb     0x15fb build/default/production/_ext/404212886/timers.o
 .debug_info    0x000101d6      0xb1c build/default/production/_ext/404212886/event_groups.o
 .debug_info    0x00010cf2     0x1884 build/default/production/_ext/404212886/stream_buffer.o
 .debug_info    0x00012576      0x1d7 build/default/production/_ext/1360937237/main.o
 .debug_info    0x0001274d     0x14a7 build/default/production/_ext/1360937237/system_state.o
 .debug_info    0x00013bf4      0x9c9 build/default/production/interrupt_callbacks.o
 .debug_info    0x000145bd       0xa9 build/default/production/freertos_daemon.o
 .debug_info    0x00014666      0x2ad build/default/production/global_vars.o
 .debug_info    0x00014913      0x293 build/default/production/_ext/1360937237/debug_logger.o
 .debug_info    0x00014ba6      0x745 build/default/production/init_funcs.o
 .debug_info    0x000152eb     0x1046 build/default/production/_ext/1360937237/can.o
 .debug_info    0x00016331     0x1797 build/default/production/_ext/1360937237/cmd_parser.o
 .debug_info    0x00017ac8      0x1ab build/default/production/_ext/1360937237/watchdog_kicker.o
 .debug_info    0x00017c73     0x115e build/default/production/_ext/1360937237/led_driver.o
 .debug_info    0x00018dd1      0xd22 build/default/production/_ext/17022449/plib_sercom3_spi_master.o
 .debug_info    0x00019af3      0xbed build/default/production/_ext/1865161661/plib_dmac.o
 .debug_info    0x0001a6e0      0x302 build/default/production/_ext/14461671/sys_dma.o
 .debug_info    0x0001a9e2      0x212 D:/MPLAB X IDE/xc32_v5.00/bin/bin/../../lib/gcc/pic32c/13.2.1/../../../../pic32c/lib/thumb/v6-m/nofp\libpic32c.a(data_init.o)
 .debug_info    0x0001abf4       0xe7 D:/MPLAB X IDE/xc32_v5.00/bin/bin/../../lib/gcc/pic32c/13.2.1/../../../../pic32c/lib/thumb/v6-m/nofp\libc-size-musl.a(memcmp.o)
 .debug_info    0x0001acdb       0xed D:/MPLAB X IDE/xc32_v5.00/bin/bin/../../lib/gcc/pic32c/13.2.1/../../../../pic32c/lib/thumb/v6-m/nofp\libc-size-musl.a(memcpy.o)
 .debug_info    0x0001adc8       0xc2 D:/MPLAB X IDE/xc32_v5.00/bin/bin/../../lib/gcc/pic32c/13.2.1/../../../../pic32c/lib/thumb/v6-m/nofp\libc-size-musl.a(memset.o)
 .debug_info    0x0001ae8a       0xab D:/MPLAB X IDE/xc32_v5.00/bin/bin/../../lib/gcc/pic32c/13.2.1/../../../../pic32c/lib/thumb/v6-m/nofp\libc-size-musl.a(strlen.o)
 .debug_info    0x0001af35      0x2fb D:/MPLAB X IDE/xc32_v5.00/bin/bin/../../lib/gcc/pic32c/13.2.1/../../../../pic32c/lib/thumb/v6-m/nofp\libc-musl.a(__libc_start_main.o)
 .debug_info    0x0001b230      0x276 D:/MPLAB X IDE/xc32_v5.00/bin/bin/../../lib/gcc/pic32c/13.2.1/../../../../pic32c/lib/thumb/v6-m/nofp\libc-musl.a(libc.o)
 .debug_info    0x0001b4a6      0x45b D:/MPLAB X IDE/xc32_v5.00/bin/bin/../../lib/gcc/pic32c/13.2.1/../../../../pic32c/lib/thumb/v6-m/nofp\libc-musl.a(vsnprintf.o)
 .debug_info    0x0001b901       0x97 D:/MPLAB X IDE/xc32_v5.00/bin/bin/../../lib/gcc/pic32c/13.2.1/../../../../pic32c/lib/thumb/v6-m/nofp\libc-musl.a(__environ.o)
 .debug_info    0x0001b998       0x5b D:/MPLAB X IDE/xc32_v5.00/bin/bin/../../lib/gcc/pic32c/13.2.1/../../../../pic32c/lib/thumb/v6-m/nofp\libc-musl.a(__errno_location.o)
 .debug_info    0x0001b9f3      0x42c D:/MPLAB X IDE/xc32_v5.00/bin/bin/../../lib/gcc/pic32c/13.2.1/../../../../pic32c/lib/thumb/v6-m/nofp\libc-musl.a(vfprintf.o)
 .debug_info    0x0001be1f      0x197 D:/MPLAB X IDE/xc32_v5.00/bin/bin/../../lib/gcc/pic32c/13.2.1/../../../../pic32c/lib/thumb/v6-m/nofp\libc-musl.a(__io_fmt_needed.o)
 .debug_info    0x0001bfb6      0x163 D:/MPLAB X IDE/xc32_v5.00/bin/bin/../../lib/gcc/pic32c/13.2.1/../../../../pic32c/lib/thumb/v6-m/nofp\libc-musl.a(__pop_float.o)
 .debug_info    0x0001c119      0x183 D:/MPLAB X IDE/xc32_v5.00/bin/bin/../../lib/gcc/pic32c/13.2.1/../../../../pic32c/lib/thumb/v6-m/nofp\libc-musl.a(__pop_int.o)
 .debug_info    0x0001c29c      0x18d D:/MPLAB X IDE/xc32_v5.00/bin/bin/../../lib/gcc/pic32c/13.2.1/../../../../pic32c/lib/thumb/v6-m/nofp\libc-musl.a(__pop_ptr.o)
 .debug_info    0x0001c429      0xb26 D:/MPLAB X IDE/xc32_v5.00/bin/bin/../../lib/gcc/pic32c/13.2.1/../../../../pic32c/lib/thumb/v6-m/nofp\libc-musl.a(__printf_core.o)
 .debug_info    0x0001cf4f       0xf4 D:/MPLAB X IDE/xc32_v5.00/bin/bin/../../lib/gcc/pic32c/13.2.1/../../../../pic32c/lib/thumb/v6-m/nofp\libc-musl.a(atoi.o)
 .debug_info    0x0001d043      0x13e D:/MPLAB X IDE/xc32_v5.00/bin/bin/../../lib/gcc/pic32c/13.2.1/../../../../pic32c/lib/thumb/v6-m/nofp\libc-musl.a(tolower.o)
 .debug_info    0x0001d181      0x7a3 D:/MPLAB X IDE/xc32_v5.00/bin/bin/../../lib/gcc/pic32c/13.2.1/../../../../pic32c/lib/thumb/v6-m/nofp\libc-musl.a(__fmt_a.o)
 .debug_info    0x0001d924      0x374 D:/MPLAB X IDE/xc32_v5.00/bin/bin/../../lib/gcc/pic32c/13.2.1/../../../../pic32c/lib/thumb/v6-m/nofp\libc-musl.a(__fmt_d.o)
 .debug_info    0x0001dc98      0x80e D:/MPLAB X IDE/xc32_v5.00/bin/bin/../../lib/gcc/pic32c/13.2.1/../../../../pic32c/lib/thumb/v6-m/nofp\libc-musl.a(__fmt_fp.o)
 .debug_info    0x0001e4a6      0x345 D:/MPLAB X IDE/xc32_v5.00/bin/bin/../../lib/gcc/pic32c/13.2.1/../../../../pic32c/lib/thumb/v6-m/nofp\libc-musl.a(__fmt_o.o)
 .debug_info    0x0001e7eb      0x31e D:/MPLAB X IDE/xc32_v5.00/bin/bin/../../lib/gcc/pic32c/13.2.1/../../../../pic32c/lib/thumb/v6-m/nofp\libc-musl.a(__fmt_s.o)
 .debug_info    0x0001eb09      0x345 D:/MPLAB X IDE/xc32_v5.00/bin/bin/../../lib/gcc/pic32c/13.2.1/../../../../pic32c/lib/thumb/v6-m/nofp\libc-musl.a(__fmt_u.o)
 .debug_info    0x0001ee4e      0x35f D:/MPLAB X IDE/xc32_v5.00/bin/bin/../../lib/gcc/pic32c/13.2.1/../../../../pic32c/lib/thumb/v6-m/nofp\libc-musl.a(__fmt_x.o)
 .debug_info    0x0001f1ad      0x13e D:/MPLAB X IDE/xc32_v5.00/bin/bin/../../lib/gcc/pic32c/13.2.1/../../../../pic32c/lib/thumb/v6-m/nofp\libc-musl.a(toupper.o)
 .debug_info    0x0001f2eb      0x1e3 D:/MPLAB X IDE/xc32_v5.00/bin/bin/../../lib/gcc/pic32c/13.2.1/../../../../pic32c/lib/thumb/v6-m/nofp\libc-musl.a(__cvt_u.o)
 .debug_info    0x0001f4ce       0xdd D:/MPLAB X IDE/xc32_v5.00/bin/bin/../../lib/gcc/pic32c/13.2.1/../../../../pic32c/lib/thumb/v6-m/nofp\libc-size-musl.a(strcpy.o)
 .debug_info    0x0001f5ab       0xb3 D:/MPLAB X IDE/xc32_v5.00/bin/bin/../../lib/gcc/pic32c/13.2.1/../../../../pic32c/lib/thumb/v6-m/nofp\libc-size-musl.a(stpcpy.o)
 .debug_info    0x0001f65e       0x35 D:/MPLAB X IDE/xc32_v5.00/bin/bin/../../lib/gcc/pic32c/13.2.1/thumb/v6-m/nofp\libgcc.a(_thumb1_case_uqi.o)
 .debug_info    0x0001f693       0x51 D:/MPLAB X IDE/xc32_v5.00/bin/bin/../../lib/gcc/pic32c/13.2.1/thumb/v6-m/nofp\libgcc.a(_udivsi3.o)
 .debug_info    0x0001f6e4       0x51 D:/MPLAB X IDE/xc32_v5.00/bin/bin/../../lib/gcc/pic32c/13.2.1/thumb/v6-m/nofp\libgcc.a(_divsi3.o)
 .debug_info    0x0001f735       0x41 D:/MPLAB X IDE/xc32_v5.00/bin/bin/../../lib/gcc/pic32c/13.2.1/thumb/v6-m/nofp\libgcc.a(_dvmd_tls.o)
 .debug_info    0x0001f776       0x35 D:/MPLAB X IDE/xc32_v5.00/bin/bin/../../lib/gcc/pic32c/13.2.1/thumb/v6-m/nofp\libgcc.a(_aeabi_uldivmod.o)
 .debug_info    0x0001f7ab      0x44f D:/MPLAB X IDE/xc32_v5.00/bin/bin/../../lib/gcc/pic32c/13.2.1/thumb/v6-m/nofp\libgcc.a(_muldi3.o)
 .debug_info    0x0001fbfa      0x3fc D:/MPLAB X IDE/xc32_v5.00/bin/bin/../../lib/gcc/pic32c/13.2.1/thumb/v6-m/nofp\libgcc.a(_udivmoddi4.o)
 .debug_info    0x0001fff6       0x43 D:/MPLAB X IDE/xc32_v5.00/bin/bin/../../lib/gcc/pic32c/13.2.1/thumb/v6-m/nofp\libgcc.a(_lshrdi3.o)
 .debug_info    0x00020039       0x43 D:/MPLAB X IDE/xc32_v5.00/bin/bin/../../lib/gcc/pic32c/13.2.1/thumb/v6-m/nofp\libgcc.a(_ashldi3.o)
 .debug_info    0x0002007c       0x26 D:/MPLAB X IDE/xc32_v5.00/bin/bin/../../lib/gcc/pic32c/13.2.1/thumb/v6-m/nofp\libgcc.a(_clzdi2.o)
 .debug_info    0x000200a2       0x35 D:/MPLAB X IDE/xc32_v5.00/bin/bin/../../lib/gcc/pic32c/13.2.1/thumb/v6-m/nofp\libgcc.a(_clzsi2.o)
 .debug_info    0x000200d7      0x117 D:/MPLAB X IDE/xc32_v5.00/bin/bin/../../lib/gcc/pic32c/13.2.1/../../../../pic32c/lib/thumb/v6-m/nofp\libpic32c.a(pic32_data_init_clear.o)
 .debug_info    0x000201ee      0x12c D:/MPLAB X IDE/xc32_v5.00/bin/bin/../../lib/gcc/pic32c/13.2.1/../../../../pic32c/lib/thumb/v6-m/nofp\libpic32c.a(pic32_data_init_copy.o)

.debug_abbrev   0x00000000     0x7fbc
 .debug_abbrev  0x00000000       0xb3 build/default/production/_ext/1434821282/bsp.o
 .debug_abbrev  0x000000b3      0x258 build/default/production/_ext/1529399856/osal_freertos.o
 .debug_abbrev  0x0000030b      0x3c8 build/default/production/_ext/60165182/plib_can1.o
 .debug_abbrev  0x000006d3      0x140 build/default/production/_ext/1984496892/plib_clock.o
 .debug_abbrev  0x00000813      0x181 build/default/production/_ext/60167341/plib_eic.o
 .debug_abbrev  0x00000994       0x46 build/default/production/_ext/1986646378/plib_evsys.o
 .debug_abbrev  0x000009da      0x25d build/default/production/_ext/1865468468/plib_nvic.o
 .debug_abbrev  0x00000c37      0x1ec build/default/production/_ext/1593096446/plib_nvmctrl.o
 .debug_abbrev  0x00000e23      0x1ea build/default/production/_ext/1865521619/plib_port.o
 .debug_abbrev  0x0000100d       0x94 build/default/production/_ext/1865585090/plib_rstc.o
 .debug_abbrev  0x000010a1      0x41f build/default/production/_ext/504274921/plib_sercom7_usart.o
 .debug_abbrev  0x000014c0       0xed build/default/production/_ext/60184501/plib_wdt.o
 .debug_abbrev  0x000015ad       0xb2 build/default/production/_ext/163028504/xc32_monitor.o
 .debug_abbrev  0x0000165f      0x372 build/default/production/_ext/1832805299/sys_console.o
 .debug_abbrev  0x000019d1      0x2e9 build/default/production/_ext/1832805299/sys_console_uart.o
 .debug_abbrev  0x00001cba      0x1a5 build/default/production/_ext/944882569/sys_debug.o
 .debug_abbrev  0x00001e5f      0x2b9 build/default/production/_ext/1881668453/sys_int.o
 .debug_abbrev  0x00002118      0x244 build/default/production/_ext/1171490990/initialization.o
 .debug_abbrev  0x0000235c       0xf8 build/default/production/_ext/1171490990/interrupts.o
 .debug_abbrev  0x00002454       0x49 build/default/production/_ext/1171490990/exceptions.o
 .debug_abbrev  0x0000249d      0x12c build/default/production/_ext/1171490990/startup_xc32.o
 .debug_abbrev  0x000025c9       0x5d build/default/production/_ext/1171490990/libc_syscalls.o
 .debug_abbrev  0x00002626      0x101 build/default/production/_ext/1171490990/freertos_hooks.o
 .debug_abbrev  0x00002727      0x15f build/default/production/_ext/1171490990/tasks.o
 .debug_abbrev  0x00002886      0x1bd build/default/production/_ext/1624415188/port.o
 .debug_abbrev  0x00002a43       0xc7 build/default/production/_ext/1624415188/portasm.o
 .debug_abbrev  0x00002b0a      0x173 build/default/production/_ext/1665200909/heap_1.o
 .debug_abbrev  0x00002c7d       0x26 build/default/production/_ext/404212886/croutine.o
 .debug_abbrev  0x00002ca3      0x12c build/default/production/_ext/404212886/list.o
 .debug_abbrev  0x00002dcf      0x33f build/default/production/_ext/404212886/queue.o
 .debug_abbrev  0x0000310e      0x463 build/default/production/_ext/404212886/FreeRTOS_tasks.o
 .debug_abbrev  0x00003571      0x3d8 build/default/production/_ext/404212886/timers.o
 .debug_abbrev  0x00003949      0x27f build/default/production/_ext/404212886/event_groups.o
 .debug_abbrev  0x00003bc8      0x303 build/default/production/_ext/404212886/stream_buffer.o
 .debug_abbrev  0x00003ecb      0x105 build/default/production/_ext/1360937237/main.o
 .debug_abbrev  0x00003fd0      0x2ff build/default/production/_ext/1360937237/system_state.o
 .debug_abbrev  0x000042cf      0x1ec build/default/production/interrupt_callbacks.o
 .debug_abbrev  0x000044bb       0x46 build/default/production/freertos_daemon.o
 .debug_abbrev  0x00004501       0xd1 build/default/production/global_vars.o
 .debug_abbrev  0x000045d2      0x19d build/default/production/_ext/1360937237/debug_logger.o
 .debug_abbrev  0x0000476f      0x1ec build/default/production/init_funcs.o
 .debug_abbrev  0x0000495b      0x36e build/default/production/_ext/1360937237/can.o
 .debug_abbrev  0x00004cc9      0x3bc build/default/production/_ext/1360937237/cmd_parser.o
 .debug_abbrev  0x00005085      0x146 build/default/production/_ext/1360937237/watchdog_kicker.o
 .debug_abbrev  0x000051cb      0x383 build/default/production/_ext/1360937237/led_driver.o
 .debug_abbrev  0x0000554e      0x1ef build/default/production/_ext/17022449/plib_sercom3_spi_master.o
 .debug_abbrev  0x0000573d      0x2d7 build/default/production/_ext/1865161661/plib_dmac.o
 .debug_abbrev  0x00005a14      0x121 build/default/production/_ext/14461671/sys_dma.o
 .debug_abbrev  0x00005b35      0x156 D:/MPLAB X IDE/xc32_v5.00/bin/bin/../../lib/gcc/pic32c/13.2.1/../../../../pic32c/lib/thumb/v6-m/nofp\libpic32c.a(data_init.o)
 .debug_abbrev  0x00005c8b       0x96 D:/MPLAB X IDE/xc32_v5.00/bin/bin/../../lib/gcc/pic32c/13.2.1/../../../../pic32c/lib/thumb/v6-m/nofp\libc-size-musl.a(memcmp.o)
 .debug_abbrev  0x00005d21       0xbb D:/MPLAB X IDE/xc32_v5.00/bin/bin/../../lib/gcc/pic32c/13.2.1/../../../../pic32c/lib/thumb/v6-m/nofp\libc-size-musl.a(memcpy.o)
 .debug_abbrev  0x00005ddc       0xa2 D:/MPLAB X IDE/xc32_v5.00/bin/bin/../../lib/gcc/pic32c/13.2.1/../../../../pic32c/lib/thumb/v6-m/nofp\libc-size-musl.a(memset.o)
 .debug_abbrev  0x00005e7e       0x91 D:/MPLAB X IDE/xc32_v5.00/bin/bin/../../lib/gcc/pic32c/13.2.1/../../../../pic32c/lib/thumb/v6-m/nofp\libc-size-musl.a(strlen.o)
 .debug_abbrev  0x00005f0f      0x133 D:/MPLAB X IDE/xc32_v5.00/bin/bin/../../lib/gcc/pic32c/13.2.1/../../../../pic32c/lib/thumb/v6-m/nofp\libc-musl.a(__libc_start_main.o)
 .debug_abbrev  0x00006042       0xd4 D:/MPLAB X IDE/xc32_v5.00/bin/bin/../../lib/gcc/pic32c/13.2.1/../../../../pic32c/lib/thumb/v6-m/nofp\libc-musl.a(libc.o)
 .debug_abbrev  0x00006116      0x198 D:/MPLAB X IDE/xc32_v5.00/bin/bin/../../lib/gcc/pic32c/13.2.1/../../../../pic32c/lib/thumb/v6-m/nofp\libc-musl.a(vsnprintf.o)
 .debug_abbrev  0x000062ae       0x62 D:/MPLAB X IDE/xc32_v5.00/bin/bin/../../lib/gcc/pic32c/13.2.1/../../../../pic32c/lib/thumb/v6-m/nofp\libc-musl.a(__environ.o)
 .debug_abbrev  0x00006310       0x39 D:/MPLAB X IDE/xc32_v5.00/bin/bin/../../lib/gcc/pic32c/13.2.1/../../../../pic32c/lib/thumb/v6-m/nofp\libc-musl.a(__errno_location.o)
 .debug_abbrev  0x00006349      0x1a1 D:/MPLAB X IDE/xc32_v5.00/bin/bin/../../lib/gcc/pic32c/13.2.1/../../../../pic32c/lib/thumb/v6-m/nofp\libc-musl.a(vfprintf.o)
 .debug_abbrev  0x000064ea       0x69 D:/MPLAB X IDE/xc32_v5.00/bin/bin/../../lib/gcc/pic32c/13.2.1/../../../../pic32c/lib/thumb/v6-m/nofp\libc-musl.a(__io_fmt_needed.o)
 .debug_abbrev  0x00006553       0xdc D:/MPLAB X IDE/xc32_v5.00/bin/bin/../../lib/gcc/pic32c/13.2.1/../../../../pic32c/lib/thumb/v6-m/nofp\libc-musl.a(__pop_float.o)
 .debug_abbrev  0x0000662f       0xdc D:/MPLAB X IDE/xc32_v5.00/bin/bin/../../lib/gcc/pic32c/13.2.1/../../../../pic32c/lib/thumb/v6-m/nofp\libc-musl.a(__pop_int.o)
 .debug_abbrev  0x0000670b       0xdc D:/MPLAB X IDE/xc32_v5.00/bin/bin/../../lib/gcc/pic32c/13.2.1/../../../../pic32c/lib/thumb/v6-m/nofp\libc-musl.a(__pop_ptr.o)
 .debug_abbrev  0x000067e7      0x324 D:/MPLAB X IDE/xc32_v5.00/bin/bin/../../lib/gcc/pic32c/13.2.1/../../../../pic32c/lib/thumb/v6-m/nofp\libc-musl.a(__printf_core.o)
 .debug_abbrev  0x00006b0b       0xc6 D:/MPLAB X IDE/xc32_v5.00/bin/bin/../../lib/gcc/pic32c/13.2.1/../../../../pic32c/lib/thumb/v6-m/nofp\libc-musl.a(atoi.o)
 .debug_abbrev  0x00006bd1       0xf4 D:/MPLAB X IDE/xc32_v5.00/bin/bin/../../lib/gcc/pic32c/13.2.1/../../../../pic32c/lib/thumb/v6-m/nofp\libc-musl.a(tolower.o)
 .debug_abbrev  0x00006cc5      0x1eb D:/MPLAB X IDE/xc32_v5.00/bin/bin/../../lib/gcc/pic32c/13.2.1/../../../../pic32c/lib/thumb/v6-m/nofp\libc-musl.a(__fmt_a.o)
 .debug_abbrev  0x00006eb0      0x16b D:/MPLAB X IDE/xc32_v5.00/bin/bin/../../lib/gcc/pic32c/13.2.1/../../../../pic32c/lib/thumb/v6-m/nofp\libc-musl.a(__fmt_d.o)
 .debug_abbrev  0x0000701b      0x1ee D:/MPLAB X IDE/xc32_v5.00/bin/bin/../../lib/gcc/pic32c/13.2.1/../../../../pic32c/lib/thumb/v6-m/nofp\libc-musl.a(__fmt_fp.o)
 .debug_abbrev  0x00007209      0x16b D:/MPLAB X IDE/xc32_v5.00/bin/bin/../../lib/gcc/pic32c/13.2.1/../../../../pic32c/lib/thumb/v6-m/nofp\libc-musl.a(__fmt_o.o)
 .debug_abbrev  0x00007374      0x16f D:/MPLAB X IDE/xc32_v5.00/bin/bin/../../lib/gcc/pic32c/13.2.1/../../../../pic32c/lib/thumb/v6-m/nofp\libc-musl.a(__fmt_s.o)
 .debug_abbrev  0x000074e3      0x16b D:/MPLAB X IDE/xc32_v5.00/bin/bin/../../lib/gcc/pic32c/13.2.1/../../../../pic32c/lib/thumb/v6-m/nofp\libc-musl.a(__fmt_u.o)
 .debug_abbrev  0x0000764e      0x15a D:/MPLAB X IDE/xc32_v5.00/bin/bin/../../lib/gcc/pic32c/13.2.1/../../../../pic32c/lib/thumb/v6-m/nofp\libc-musl.a(__fmt_x.o)
 .debug_abbrev  0x000077a8       0xf4 D:/MPLAB X IDE/xc32_v5.00/bin/bin/../../lib/gcc/pic32c/13.2.1/../../../../pic32c/lib/thumb/v6-m/nofp\libc-musl.a(toupper.o)
 .debug_abbrev  0x0000789c      0x10c D:/MPLAB X IDE/xc32_v5.00/bin/bin/../../lib/gcc/pic32c/13.2.1/../../../../pic32c/lib/thumb/v6-m/nofp\libc-musl.a(__cvt_u.o)
 .debug_abbrev  0x000079a8       0xb5 D:/MPLAB X IDE/xc32_v5.00/bin/bin/../../lib/gcc/pic32c/13.2.1/../../../../pic32c/lib/thumb/v6-m/nofp\libc-size-musl.a(strcpy.o)
 .debug_abbrev  0x00007a5d       0x6e D:/MPLAB X IDE/xc32_v5.00/bin/bin/../../lib/gcc/pic32c/13.2.1/../../../../pic32c/lib/thumb/v6-m/nofp\libc-size-musl.a(stpcpy.o)
 .debug_abbrev  0x00007acb       0x21 D:/MPLAB X IDE/xc32_v5.00/bin/bin/../../lib/gcc/pic32c/13.2.1/thumb/v6-m/nofp\libgcc.a(_thumb1_case_uqi.o)
 .debug_abbrev  0x00007aec       0x21 D:/MPLAB X IDE/xc32_v5.00/bin/bin/../../lib/gcc/pic32c/13.2.1/thumb/v6-m/nofp\libgcc.a(_udivsi3.o)
 .debug_abbrev  0x00007b0d       0x21 D:/MPLAB X IDE/xc32_v5.00/bin/bin/../../lib/gcc/pic32c/13.2.1/thumb/v6-m/nofp\libgcc.a(_divsi3.o)
 .debug_abbrev  0x00007b2e       0x1f D:/MPLAB X IDE/xc32_v5.00/bin/bin/../../lib/gcc/pic32c/13.2.1/thumb/v6-m/nofp\libgcc.a(_dvmd_tls.o)
 .debug_abbrev  0x00007b4d       0x21 D:/MPLAB X IDE/xc32_v5.00/bin/bin/../../lib/gcc/pic32c/13.2.1/thumb/v6-m/nofp\libgcc.a(_aeabi_uldivmod.o)
 .debug_abbrev  0x00007b6e      0x15d D:/MPLAB X IDE/xc32_v5.00/bin/bin/../../lib/gcc/pic32c/13.2.1/thumb/v6-m/nofp\libgcc.a(_muldi3.o)
 .debug_abbrev  0x00007ccb      0x11c D:/MPLAB X IDE/xc32_v5.00/bin/bin/../../lib/gcc/pic32c/13.2.1/thumb/v6-m/nofp\libgcc.a(_udivmoddi4.o)
 .debug_abbrev  0x00007de7       0x21 D:/MPLAB X IDE/xc32_v5.00/bin/bin/../../lib/gcc/pic32c/13.2.1/thumb/v6-m/nofp\libgcc.a(_lshrdi3.o)
 .debug_abbrev  0x00007e08       0x21 D:/MPLAB X IDE/xc32_v5.00/bin/bin/../../lib/gcc/pic32c/13.2.1/thumb/v6-m/nofp\libgcc.a(_ashldi3.o)
 .debug_abbrev  0x00007e29       0x14 D:/MPLAB X IDE/xc32_v5.00/bin/bin/../../lib/gcc/pic32c/13.2.1/thumb/v6-m/nofp\libgcc.a(_clzdi2.o)
 .debug_abbrev  0x00007e3d       0x21 D:/MPLAB X IDE/xc32_v5.00/bin/bin/../../lib/gcc/pic32c/13.2.1/thumb/v6-m/nofp\libgcc.a(_clzsi2.o)
 .debug_abbrev  0x00007e5e       0xa5 D:/MPLAB X IDE/xc32_v5.00/bin/bin/../../lib/gcc/pic32c/13.2.1/../../../../pic32c/lib/thumb/v6-m/nofp\libpic32c.a(pic32_data_init_clear.o)
 .debug_abbrev  0x00007f03       0xb9 D:/MPLAB X IDE/xc32_v5.00/bin/bin/../../lib/gcc/pic32c/13.2.1/../../../../pic32c/lib/thumb/v6-m/nofp\libpic32c.a(pic32_data_init_copy.o)

.debug_aranges  0x00000000     0x1688
 .debug_aranges
                0x00000000       0x20 build/default/production/_ext/1434821282/bsp.o
 .debug_aranges
                0x00000020       0x90 build/default/production/_ext/1529399856/osal_freertos.o
 .debug_aranges
                0x000000b0       0xa8 build/default/production/_ext/60165182/plib_can1.o
 .debug_aranges
                0x00000158       0x20 build/default/production/_ext/1984496892/plib_clock.o
 .debug_aranges
                0x00000178       0x40 build/default/production/_ext/60167341/plib_eic.o
 .debug_aranges
                0x000001b8       0x20 build/default/production/_ext/1986646378/plib_evsys.o
 .debug_aranges
                0x000001d8       0x48 build/default/production/_ext/1865468468/plib_nvic.o
 .debug_aranges
                0x00000220       0xa0 build/default/production/_ext/1593096446/plib_nvmctrl.o
 .debug_aranges
                0x000002c0       0x70 build/default/production/_ext/1865521619/plib_port.o
 .debug_aranges
                0x00000330       0x20 build/default/production/_ext/1865585090/plib_rstc.o
 .debug_aranges
                0x00000350       0xe8 build/default/production/_ext/504274921/plib_sercom7_usart.o
 .debug_aranges
                0x00000438       0x68 build/default/production/_ext/60184501/plib_wdt.o
 .debug_aranges
                0x000004a0       0x28 build/default/production/_ext/163028504/xc32_monitor.o
 .debug_aranges
                0x000004c8       0x88 build/default/production/_ext/1832805299/sys_console.o
 .debug_aranges
                0x00000550       0x70 build/default/production/_ext/1832805299/sys_console_uart.o
 .debug_aranges
                0x000005c0       0x48 build/default/production/_ext/944882569/sys_debug.o
 .debug_aranges
                0x00000608       0x40 build/default/production/_ext/1881668453/sys_int.o
 .debug_aranges
                0x00000648       0x20 build/default/production/_ext/1171490990/initialization.o
 .debug_aranges
                0x00000668       0x28 build/default/production/_ext/1171490990/interrupts.o
 .debug_aranges
                0x00000690       0x28 build/default/production/_ext/1171490990/exceptions.o
 .debug_aranges
                0x000006b8       0x28 build/default/production/_ext/1171490990/startup_xc32.o
 .debug_aranges
                0x000006e0       0x20 build/default/production/_ext/1171490990/libc_syscalls.o
 .debug_aranges
                0x00000700       0x40 build/default/production/_ext/1171490990/freertos_hooks.o
 .debug_aranges
                0x00000740       0x48 build/default/production/_ext/1171490990/tasks.o
 .debug_aranges
                0x00000788       0x70 build/default/production/_ext/1624415188/port.o
 .debug_aranges
                0x000007f8       0x60 build/default/production/_ext/1624415188/portasm.o
 .debug_aranges
                0x00000858       0x40 build/default/production/_ext/1665200909/heap_1.o
 .debug_aranges
                0x00000898       0x18 build/default/production/_ext/404212886/croutine.o
 .debug_aranges
                0x000008b0       0x40 build/default/production/_ext/404212886/list.o
 .debug_aranges
                0x000008f0       0xe0 build/default/production/_ext/404212886/queue.o
 .debug_aranges
                0x000009d0      0x1b0 build/default/production/_ext/404212886/FreeRTOS_tasks.o
 .debug_aranges
                0x00000b80       0xd0 build/default/production/_ext/404212886/timers.o
 .debug_aranges
                0x00000c50       0x60 build/default/production/_ext/404212886/event_groups.o
 .debug_aranges
                0x00000cb0       0xd0 build/default/production/_ext/404212886/stream_buffer.o
 .debug_aranges
                0x00000d80       0x20 build/default/production/_ext/1360937237/main.o
 .debug_aranges
                0x00000da0       0x30 build/default/production/_ext/1360937237/system_state.o
 .debug_aranges
                0x00000dd0       0x70 build/default/production/interrupt_callbacks.o
 .debug_aranges
                0x00000e40       0x20 build/default/production/freertos_daemon.o
 .debug_aranges
                0x00000e60       0x18 build/default/production/global_vars.o
 .debug_aranges
                0x00000e78       0x28 build/default/production/_ext/1360937237/debug_logger.o
 .debug_aranges
                0x00000ea0       0x30 build/default/production/init_funcs.o
 .debug_aranges
                0x00000ed0       0x70 build/default/production/_ext/1360937237/can.o
 .debug_aranges
                0x00000f40       0x38 build/default/production/_ext/1360937237/cmd_parser.o
 .debug_aranges
                0x00000f78       0x28 build/default/production/_ext/1360937237/watchdog_kicker.o
 .debug_aranges
                0x00000fa0       0x58 build/default/production/_ext/1360937237/led_driver.o
 .debug_aranges
                0x00000ff8       0x48 build/default/production/_ext/17022449/plib_sercom3_spi_master.o
 .debug_aranges
                0x00001040       0x98 build/default/production/_ext/1865161661/plib_dmac.o
 .debug_aranges
                0x000010d8       0x28 build/default/production/_ext/14461671/sys_dma.o
 .debug_aranges
                0x00001100       0x30 D:/MPLAB X IDE/xc32_v5.00/bin/bin/../../lib/gcc/pic32c/13.2.1/../../../../pic32c/lib/thumb/v6-m/nofp\libpic32c.a(data_init.o)
 .debug_aranges
                0x00001130       0x20 D:/MPLAB X IDE/xc32_v5.00/bin/bin/../../lib/gcc/pic32c/13.2.1/../../../../pic32c/lib/thumb/v6-m/nofp\libc-size-musl.a(memcmp.o)
 .debug_aranges
                0x00001150       0x20 D:/MPLAB X IDE/xc32_v5.00/bin/bin/../../lib/gcc/pic32c/13.2.1/../../../../pic32c/lib/thumb/v6-m/nofp\libc-size-musl.a(memcpy.o)
 .debug_aranges
                0x00001170       0x20 D:/MPLAB X IDE/xc32_v5.00/bin/bin/../../lib/gcc/pic32c/13.2.1/../../../../pic32c/lib/thumb/v6-m/nofp\libc-size-musl.a(memset.o)
 .debug_aranges
                0x00001190       0x20 D:/MPLAB X IDE/xc32_v5.00/bin/bin/../../lib/gcc/pic32c/13.2.1/../../../../pic32c/lib/thumb/v6-m/nofp\libc-size-musl.a(strlen.o)
 .debug_aranges
                0x000011b0       0x28 D:/MPLAB X IDE/xc32_v5.00/bin/bin/../../lib/gcc/pic32c/13.2.1/../../../../pic32c/lib/thumb/v6-m/nofp\libc-musl.a(__libc_start_main.o)
 .debug_aranges
                0x000011d8       0x18 D:/MPLAB X IDE/xc32_v5.00/bin/bin/../../lib/gcc/pic32c/13.2.1/../../../../pic32c/lib/thumb/v6-m/nofp\libc-musl.a(libc.o)
 .debug_aranges
                0x000011f0       0x20 D:/MPLAB X IDE/xc32_v5.00/bin/bin/../../lib/gcc/pic32c/13.2.1/../../../../pic32c/lib/thumb/v6-m/nofp\libc-musl.a(vsnprintf.o)
 .debug_aranges
                0x00001210       0x18 D:/MPLAB X IDE/xc32_v5.00/bin/bin/../../lib/gcc/pic32c/13.2.1/../../../../pic32c/lib/thumb/v6-m/nofp\libc-musl.a(__environ.o)
 .debug_aranges
                0x00001228       0x18 D:/MPLAB X IDE/xc32_v5.00/bin/bin/../../lib/gcc/pic32c/13.2.1/../../../../pic32c/lib/thumb/v6-m/nofp\libc-musl.a(__errno_location.o)
 .debug_aranges
                0x00001240       0x28 D:/MPLAB X IDE/xc32_v5.00/bin/bin/../../lib/gcc/pic32c/13.2.1/../../../../pic32c/lib/thumb/v6-m/nofp\libc-musl.a(vfprintf.o)
 .debug_aranges
                0x00001268       0x20 D:/MPLAB X IDE/xc32_v5.00/bin/bin/../../lib/gcc/pic32c/13.2.1/../../../../pic32c/lib/thumb/v6-m/nofp\libc-musl.a(__io_fmt_needed.o)
 .debug_aranges
                0x00001288       0x20 D:/MPLAB X IDE/xc32_v5.00/bin/bin/../../lib/gcc/pic32c/13.2.1/../../../../pic32c/lib/thumb/v6-m/nofp\libc-musl.a(__pop_float.o)
 .debug_aranges
                0x000012a8       0x20 D:/MPLAB X IDE/xc32_v5.00/bin/bin/../../lib/gcc/pic32c/13.2.1/../../../../pic32c/lib/thumb/v6-m/nofp\libc-musl.a(__pop_int.o)
 .debug_aranges
                0x000012c8       0x20 D:/MPLAB X IDE/xc32_v5.00/bin/bin/../../lib/gcc/pic32c/13.2.1/../../../../pic32c/lib/thumb/v6-m/nofp\libc-musl.a(__pop_ptr.o)
 .debug_aranges
                0x000012e8       0x50 D:/MPLAB X IDE/xc32_v5.00/bin/bin/../../lib/gcc/pic32c/13.2.1/../../../../pic32c/lib/thumb/v6-m/nofp\libc-musl.a(__printf_core.o)
 .debug_aranges
                0x00001338       0x20 D:/MPLAB X IDE/xc32_v5.00/bin/bin/../../lib/gcc/pic32c/13.2.1/../../../../pic32c/lib/thumb/v6-m/nofp\libc-musl.a(atoi.o)
 .debug_aranges
                0x00001358       0x28 D:/MPLAB X IDE/xc32_v5.00/bin/bin/../../lib/gcc/pic32c/13.2.1/../../../../pic32c/lib/thumb/v6-m/nofp\libc-musl.a(tolower.o)
 .debug_aranges
                0x00001380       0x20 D:/MPLAB X IDE/xc32_v5.00/bin/bin/../../lib/gcc/pic32c/13.2.1/../../../../pic32c/lib/thumb/v6-m/nofp\libc-musl.a(__fmt_a.o)
 .debug_aranges
                0x000013a0       0x20 D:/MPLAB X IDE/xc32_v5.00/bin/bin/../../lib/gcc/pic32c/13.2.1/../../../../pic32c/lib/thumb/v6-m/nofp\libc-musl.a(__fmt_d.o)
 .debug_aranges
                0x000013c0       0x20 D:/MPLAB X IDE/xc32_v5.00/bin/bin/../../lib/gcc/pic32c/13.2.1/../../../../pic32c/lib/thumb/v6-m/nofp\libc-musl.a(__fmt_fp.o)
 .debug_aranges
                0x000013e0       0x20 D:/MPLAB X IDE/xc32_v5.00/bin/bin/../../lib/gcc/pic32c/13.2.1/../../../../pic32c/lib/thumb/v6-m/nofp\libc-musl.a(__fmt_o.o)
 .debug_aranges
                0x00001400       0x20 D:/MPLAB X IDE/xc32_v5.00/bin/bin/../../lib/gcc/pic32c/13.2.1/../../../../pic32c/lib/thumb/v6-m/nofp\libc-musl.a(__fmt_s.o)
 .debug_aranges
                0x00001420       0x20 D:/MPLAB X IDE/xc32_v5.00/bin/bin/../../lib/gcc/pic32c/13.2.1/../../../../pic32c/lib/thumb/v6-m/nofp\libc-musl.a(__fmt_u.o)
 .debug_aranges
                0x00001440       0x20 D:/MPLAB X IDE/xc32_v5.00/bin/bin/../../lib/gcc/pic32c/13.2.1/../../../../pic32c/lib/thumb/v6-m/nofp\libc-musl.a(__fmt_x.o)
 .debug_aranges
                0x00001460       0x28 D:/MPLAB X IDE/xc32_v5.00/bin/bin/../../lib/gcc/pic32c/13.2.1/../../../../pic32c/lib/thumb/v6-m/nofp\libc-musl.a(toupper.o)
 .debug_aranges
                0x00001488       0x20 D:/MPLAB X IDE/xc32_v5.00/bin/bin/../../lib/gcc/pic32c/13.2.1/../../../../pic32c/lib/thumb/v6-m/nofp\libc-musl.a(__cvt_u.o)
 .debug_aranges
                0x000014a8       0x20 D:/MPLAB X IDE/xc32_v5.00/bin/bin/../../lib/gcc/pic32c/13.2.1/../../../../pic32c/lib/thumb/v6-m/nofp\libc-size-musl.a(strcpy.o)
 .debug_aranges
                0x000014c8       0x20 D:/MPLAB X IDE/xc32_v5.00/bin/bin/../../lib/gcc/pic32c/13.2.1/../../../../pic32c/lib/thumb/v6-m/nofp\libc-size-musl.a(stpcpy.o)
 .debug_aranges
                0x000014e8       0x20 D:/MPLAB X IDE/xc32_v5.00/bin/bin/../../lib/gcc/pic32c/13.2.1/thumb/v6-m/nofp\libgcc.a(_thumb1_case_uqi.o)
 .debug_aranges
                0x00001508       0x20 D:/MPLAB X IDE/xc32_v5.00/bin/bin/../../lib/gcc/pic32c/13.2.1/thumb/v6-m/nofp\libgcc.a(_udivsi3.o)
 .debug_aranges
                0x00001528       0x20 D:/MPLAB X IDE/xc32_v5.00/bin/bin/../../lib/gcc/pic32c/13.2.1/thumb/v6-m/nofp\libgcc.a(_divsi3.o)
 .debug_aranges
                0x00001548       0x20 D:/MPLAB X IDE/xc32_v5.00/bin/bin/../../lib/gcc/pic32c/13.2.1/thumb/v6-m/nofp\libgcc.a(_dvmd_tls.o)
 .debug_aranges
                0x00001568       0x20 D:/MPLAB X IDE/xc32_v5.00/bin/bin/../../lib/gcc/pic32c/13.2.1/thumb/v6-m/nofp\libgcc.a(_aeabi_uldivmod.o)
 .debug_aranges
                0x00001588       0x20 D:/MPLAB X IDE/xc32_v5.00/bin/bin/../../lib/gcc/pic32c/13.2.1/thumb/v6-m/nofp\libgcc.a(_muldi3.o)
 .debug_aranges
                0x000015a8       0x20 D:/MPLAB X IDE/xc32_v5.00/bin/bin/../../lib/gcc/pic32c/13.2.1/thumb/v6-m/nofp\libgcc.a(_udivmoddi4.o)
 .debug_aranges
                0x000015c8       0x20 D:/MPLAB X IDE/xc32_v5.00/bin/bin/../../lib/gcc/pic32c/13.2.1/thumb/v6-m/nofp\libgcc.a(_lshrdi3.o)
 .debug_aranges
                0x000015e8       0x20 D:/MPLAB X IDE/xc32_v5.00/bin/bin/../../lib/gcc/pic32c/13.2.1/thumb/v6-m/nofp\libgcc.a(_ashldi3.o)
 .debug_aranges
                0x00001608       0x20 D:/MPLAB X IDE/xc32_v5.00/bin/bin/../../lib/gcc/pic32c/13.2.1/thumb/v6-m/nofp\libgcc.a(_clzdi2.o)
 .debug_aranges
                0x00001628       0x20 D:/MPLAB X IDE/xc32_v5.00/bin/bin/../../lib/gcc/pic32c/13.2.1/thumb/v6-m/nofp\libgcc.a(_clzsi2.o)
 .debug_aranges
                0x00001648       0x20 D:/MPLAB X IDE/xc32_v5.00/bin/bin/../../lib/gcc/pic32c/13.2.1/../../../../pic32c/lib/thumb/v6-m/nofp\libpic32c.a(pic32_data_init_clear.o)
 .debug_aranges
                0x00001668       0x20 D:/MPLAB X IDE/xc32_v5.00/bin/bin/../../lib/gcc/pic32c/13.2.1/../../../../pic32c/lib/thumb/v6-m/nofp\libpic32c.a(pic32_data_init_copy.o)

.debug_ranges   0x00000000     0x1938
 .debug_ranges  0x00000000       0x10 build/default/production/_ext/1434821282/bsp.o
 .debug_ranges  0x00000010       0x80 build/default/production/_ext/1529399856/osal_freertos.o
 .debug_ranges  0x00000090       0x98 build/default/production/_ext/60165182/plib_can1.o
 .debug_ranges  0x00000128       0x10 build/default/production/_ext/1984496892/plib_clock.o
 .debug_ranges  0x00000138       0x30 build/default/production/_ext/60167341/plib_eic.o
 .debug_ranges  0x00000168       0x10 build/default/production/_ext/1986646378/plib_evsys.o
 .debug_ranges  0x00000178       0x50 build/default/production/_ext/1865468468/plib_nvic.o
 .debug_ranges  0x000001c8       0x90 build/default/production/_ext/1593096446/plib_nvmctrl.o
 .debug_ranges  0x00000258       0x60 build/default/production/_ext/1865521619/plib_port.o
 .debug_ranges  0x000002b8       0x10 build/default/production/_ext/1865585090/plib_rstc.o
 .debug_ranges  0x000002c8      0x1e0 build/default/production/_ext/504274921/plib_sercom7_usart.o
 .debug_ranges  0x000004a8       0x58 build/default/production/_ext/60184501/plib_wdt.o
 .debug_ranges  0x00000500       0x18 build/default/production/_ext/163028504/xc32_monitor.o
 .debug_ranges  0x00000518       0x78 build/default/production/_ext/1832805299/sys_console.o
 .debug_ranges  0x00000590       0x60 build/default/production/_ext/1832805299/sys_console_uart.o
 .debug_ranges  0x000005f0       0x38 build/default/production/_ext/944882569/sys_debug.o
 .debug_ranges  0x00000628       0x48 build/default/production/_ext/1881668453/sys_int.o
 .debug_ranges  0x00000670       0x10 build/default/production/_ext/1171490990/initialization.o
 .debug_ranges  0x00000680       0x18 build/default/production/_ext/1171490990/interrupts.o
 .debug_ranges  0x00000698       0x18 build/default/production/_ext/1171490990/exceptions.o
 .debug_ranges  0x000006b0       0x18 build/default/production/_ext/1171490990/startup_xc32.o
 .debug_ranges  0x000006c8       0x10 build/default/production/_ext/1171490990/libc_syscalls.o
 .debug_ranges  0x000006d8       0x30 build/default/production/_ext/1171490990/freertos_hooks.o
 .debug_ranges  0x00000708       0x38 build/default/production/_ext/1171490990/tasks.o
 .debug_ranges  0x00000740       0x60 build/default/production/_ext/1624415188/port.o
 .debug_ranges  0x000007a0       0x50 build/default/production/_ext/1624415188/portasm.o
 .debug_ranges  0x000007f0       0x48 build/default/production/_ext/1665200909/heap_1.o
 .debug_ranges  0x00000838       0x30 build/default/production/_ext/404212886/list.o
 .debug_ranges  0x00000868      0x1d8 build/default/production/_ext/404212886/queue.o
 .debug_ranges  0x00000a40      0x420 build/default/production/_ext/404212886/FreeRTOS_tasks.o
 .debug_ranges  0x00000e60      0x120 build/default/production/_ext/404212886/timers.o
 .debug_ranges  0x00000f80       0x98 build/default/production/_ext/404212886/event_groups.o
 .debug_ranges  0x00001018      0x110 build/default/production/_ext/404212886/stream_buffer.o
 .debug_ranges  0x00001128       0x10 build/default/production/_ext/1360937237/main.o
 .debug_ranges  0x00001138       0x90 build/default/production/_ext/1360937237/system_state.o
 .debug_ranges  0x000011c8       0x60 build/default/production/interrupt_callbacks.o
 .debug_ranges  0x00001228       0x10 build/default/production/freertos_daemon.o
 .debug_ranges  0x00001238       0x18 build/default/production/_ext/1360937237/debug_logger.o
 .debug_ranges  0x00001250       0x20 build/default/production/init_funcs.o
 .debug_ranges  0x00001270       0xa8 build/default/production/_ext/1360937237/can.o
 .debug_ranges  0x00001318      0x130 build/default/production/_ext/1360937237/cmd_parser.o
 .debug_ranges  0x00001448       0x18 build/default/production/_ext/1360937237/watchdog_kicker.o
 .debug_ranges  0x00001460      0x160 build/default/production/_ext/1360937237/led_driver.o
 .debug_ranges  0x000015c0       0x38 build/default/production/_ext/17022449/plib_sercom3_spi_master.o
 .debug_ranges  0x000015f8       0xa0 build/default/production/_ext/1865161661/plib_dmac.o
 .debug_ranges  0x00001698       0x18 build/default/production/_ext/14461671/sys_dma.o
 .debug_ranges  0x000016b0       0x20 D:/MPLAB X IDE/xc32_v5.00/bin/bin/../../lib/gcc/pic32c/13.2.1/../../../../pic32c/lib/thumb/v6-m/nofp\libpic32c.a(data_init.o)
 .debug_ranges  0x000016d0       0x10 D:/MPLAB X IDE/xc32_v5.00/bin/bin/../../lib/gcc/pic32c/13.2.1/../../../../pic32c/lib/thumb/v6-m/nofp\libc-size-musl.a(memcmp.o)
 .debug_ranges  0x000016e0       0x10 D:/MPLAB X IDE/xc32_v5.00/bin/bin/../../lib/gcc/pic32c/13.2.1/../../../../pic32c/lib/thumb/v6-m/nofp\libc-size-musl.a(memcpy.o)
 .debug_ranges  0x000016f0       0x10 D:/MPLAB X IDE/xc32_v5.00/bin/bin/../../lib/gcc/pic32c/13.2.1/../../../../pic32c/lib/thumb/v6-m/nofp\libc-size-musl.a(memset.o)
 .debug_ranges  0x00001700       0x10 D:/MPLAB X IDE/xc32_v5.00/bin/bin/../../lib/gcc/pic32c/13.2.1/../../../../pic32c/lib/thumb/v6-m/nofp\libc-size-musl.a(strlen.o)
 .debug_ranges  0x00001710       0x30 D:/MPLAB X IDE/xc32_v5.00/bin/bin/../../lib/gcc/pic32c/13.2.1/../../../../pic32c/lib/thumb/v6-m/nofp\libc-musl.a(__libc_start_main.o)
 .debug_ranges  0x00001740       0x10 D:/MPLAB X IDE/xc32_v5.00/bin/bin/../../lib/gcc/pic32c/13.2.1/../../../../pic32c/lib/thumb/v6-m/nofp\libc-musl.a(vsnprintf.o)
 .debug_ranges  0x00001750       0x18 D:/MPLAB X IDE/xc32_v5.00/bin/bin/../../lib/gcc/pic32c/13.2.1/../../../../pic32c/lib/thumb/v6-m/nofp\libc-musl.a(vfprintf.o)
 .debug_ranges  0x00001768       0x10 D:/MPLAB X IDE/xc32_v5.00/bin/bin/../../lib/gcc/pic32c/13.2.1/../../../../pic32c/lib/thumb/v6-m/nofp\libc-musl.a(__io_fmt_needed.o)
 .debug_ranges  0x00001778       0x10 D:/MPLAB X IDE/xc32_v5.00/bin/bin/../../lib/gcc/pic32c/13.2.1/../../../../pic32c/lib/thumb/v6-m/nofp\libc-musl.a(__pop_float.o)
 .debug_ranges  0x00001788       0x10 D:/MPLAB X IDE/xc32_v5.00/bin/bin/../../lib/gcc/pic32c/13.2.1/../../../../pic32c/lib/thumb/v6-m/nofp\libc-musl.a(__pop_int.o)
 .debug_ranges  0x00001798       0x10 D:/MPLAB X IDE/xc32_v5.00/bin/bin/../../lib/gcc/pic32c/13.2.1/../../../../pic32c/lib/thumb/v6-m/nofp\libc-musl.a(__pop_ptr.o)
 .debug_ranges  0x000017a8       0x58 D:/MPLAB X IDE/xc32_v5.00/bin/bin/../../lib/gcc/pic32c/13.2.1/../../../../pic32c/lib/thumb/v6-m/nofp\libc-musl.a(__printf_core.o)
 .debug_ranges  0x00001800       0x10 D:/MPLAB X IDE/xc32_v5.00/bin/bin/../../lib/gcc/pic32c/13.2.1/../../../../pic32c/lib/thumb/v6-m/nofp\libc-musl.a(atoi.o)
 .debug_ranges  0x00001810       0x18 D:/MPLAB X IDE/xc32_v5.00/bin/bin/../../lib/gcc/pic32c/13.2.1/../../../../pic32c/lib/thumb/v6-m/nofp\libc-musl.a(tolower.o)
 .debug_ranges  0x00001828       0x10 D:/MPLAB X IDE/xc32_v5.00/bin/bin/../../lib/gcc/pic32c/13.2.1/../../../../pic32c/lib/thumb/v6-m/nofp\libc-musl.a(__fmt_a.o)
 .debug_ranges  0x00001838       0x10 D:/MPLAB X IDE/xc32_v5.00/bin/bin/../../lib/gcc/pic32c/13.2.1/../../../../pic32c/lib/thumb/v6-m/nofp\libc-musl.a(__fmt_d.o)
 .debug_ranges  0x00001848       0x10 D:/MPLAB X IDE/xc32_v5.00/bin/bin/../../lib/gcc/pic32c/13.2.1/../../../../pic32c/lib/thumb/v6-m/nofp\libc-musl.a(__fmt_fp.o)
 .debug_ranges  0x00001858       0x10 D:/MPLAB X IDE/xc32_v5.00/bin/bin/../../lib/gcc/pic32c/13.2.1/../../../../pic32c/lib/thumb/v6-m/nofp\libc-musl.a(__fmt_o.o)
 .debug_ranges  0x00001868       0x10 D:/MPLAB X IDE/xc32_v5.00/bin/bin/../../lib/gcc/pic32c/13.2.1/../../../../pic32c/lib/thumb/v6-m/nofp\libc-musl.a(__fmt_s.o)
 .debug_ranges  0x00001878       0x10 D:/MPLAB X IDE/xc32_v5.00/bin/bin/../../lib/gcc/pic32c/13.2.1/../../../../pic32c/lib/thumb/v6-m/nofp\libc-musl.a(__fmt_u.o)
 .debug_ranges  0x00001888       0x10 D:/MPLAB X IDE/xc32_v5.00/bin/bin/../../lib/gcc/pic32c/13.2.1/../../../../pic32c/lib/thumb/v6-m/nofp\libc-musl.a(__fmt_x.o)
 .debug_ranges  0x00001898       0x18 D:/MPLAB X IDE/xc32_v5.00/bin/bin/../../lib/gcc/pic32c/13.2.1/../../../../pic32c/lib/thumb/v6-m/nofp\libc-musl.a(toupper.o)
 .debug_ranges  0x000018b0       0x10 D:/MPLAB X IDE/xc32_v5.00/bin/bin/../../lib/gcc/pic32c/13.2.1/../../../../pic32c/lib/thumb/v6-m/nofp\libc-musl.a(__cvt_u.o)
 .debug_ranges  0x000018c0       0x10 D:/MPLAB X IDE/xc32_v5.00/bin/bin/../../lib/gcc/pic32c/13.2.1/../../../../pic32c/lib/thumb/v6-m/nofp\libc-size-musl.a(strcpy.o)
 .debug_ranges  0x000018d0       0x10 D:/MPLAB X IDE/xc32_v5.00/bin/bin/../../lib/gcc/pic32c/13.2.1/../../../../pic32c/lib/thumb/v6-m/nofp\libc-size-musl.a(stpcpy.o)
 .debug_ranges  0x000018e0       0x38 D:/MPLAB X IDE/xc32_v5.00/bin/bin/../../lib/gcc/pic32c/13.2.1/thumb/v6-m/nofp\libgcc.a(_muldi3.o)
 .debug_ranges  0x00001918       0x10 D:/MPLAB X IDE/xc32_v5.00/bin/bin/../../lib/gcc/pic32c/13.2.1/../../../../pic32c/lib/thumb/v6-m/nofp\libpic32c.a(pic32_data_init_clear.o)
 .debug_ranges  0x00001928       0x10 D:/MPLAB X IDE/xc32_v5.00/bin/bin/../../lib/gcc/pic32c/13.2.1/../../../../pic32c/lib/thumb/v6-m/nofp\libpic32c.a(pic32_data_init_copy.o)

.debug_line     0x00000000    0x14042
 .debug_line    0x00000000       0xcf build/default/production/_ext/1434821282/bsp.o
 .debug_line    0x000000cf      0x52c build/default/production/_ext/1529399856/osal_freertos.o
 .debug_line    0x000005fb      0xb01 build/default/production/_ext/60165182/plib_can1.o
 .debug_line    0x000010fc      0x2d1 build/default/production/_ext/1984496892/plib_clock.o
 .debug_line    0x000013cd      0x309 build/default/production/_ext/60167341/plib_eic.o
 .debug_line    0x000016d6       0x66 build/default/production/_ext/1986646378/plib_evsys.o
 .debug_line    0x0000173c      0x455 build/default/production/_ext/1865468468/plib_nvic.o
 .debug_line    0x00001b91      0x4d9 build/default/production/_ext/1593096446/plib_nvmctrl.o
 .debug_line    0x0000206a      0x45c build/default/production/_ext/1865521619/plib_port.o
 .debug_line    0x000024c6       0xef build/default/production/_ext/1865585090/plib_rstc.o
 .debug_line    0x000025b5      0xe14 build/default/production/_ext/504274921/plib_sercom7_usart.o
 .debug_line    0x000033c9      0x37d build/default/production/_ext/60184501/plib_wdt.o
 .debug_line    0x00003746       0xcd build/default/production/_ext/163028504/xc32_monitor.o
 .debug_line    0x00003813      0x6e6 build/default/production/_ext/1832805299/sys_console.o
 .debug_line    0x00003ef9      0x53f build/default/production/_ext/1832805299/sys_console_uart.o
 .debug_line    0x00004438      0x1f8 build/default/production/_ext/944882569/sys_debug.o
 .debug_line    0x00004630      0x2d9 build/default/production/_ext/1881668453/sys_int.o
 .debug_line    0x00004909      0x4d1 build/default/production/_ext/1171490990/initialization.o
 .debug_line    0x00004dda      0x124 build/default/production/_ext/1171490990/interrupts.o
 .debug_line    0x00004efe       0x75 build/default/production/_ext/1171490990/exceptions.o
 .debug_line    0x00004f73      0x15d build/default/production/_ext/1171490990/startup_xc32.o
 .debug_line    0x000050d0       0x5e build/default/production/_ext/1171490990/libc_syscalls.o
 .debug_line    0x0000512e      0x15e build/default/production/_ext/1171490990/freertos_hooks.o
 .debug_line    0x0000528c      0x272 build/default/production/_ext/1171490990/tasks.o
 .debug_line    0x000054fe      0x3af build/default/production/_ext/1624415188/port.o
 .debug_line    0x000058ad      0x19b build/default/production/_ext/1624415188/portasm.o
 .debug_line    0x00005a48      0x296 build/default/production/_ext/1665200909/heap_1.o