Archive member included to satisfy reference by file (symbol)

D:/MPLAB X IDE/xc32_v5.00/bin/bin/../../lib/gcc/pic32c/13.2.1/../../../../pic32c/lib/thumb/v6-m/nofp\libpic32c.a(data_init.o)
                              build/default/production/_ext/1171490990/startup_xc32.o (__pic32c_data_initialization)
D:/MPLAB X IDE/xc32_v5.00/bin/bin/../../lib/gcc/pic32c/13.2.1/../../../../pic32c/lib/thumb/v6-m/nofp\libc-size-musl.a(memcpy.o)
                              build/default/production/_ext/1593096446/plib_nvmctrl.o (memcpy)
D:/MPLAB X IDE/xc32_v5.00/bin/bin/../../lib/gcc/pic32c/13.2.1/../../../../pic32c/lib/thumb/v6-m/nofp\libc-size-musl.a(memset.o)
                              build/default/production/_ext/404212886/FreeRTOS_tasks.o (memset)
D:/MPLAB X IDE/xc32_v5.00/bin/bin/../../lib/gcc/pic32c/13.2.1/../../../../pic32c/lib/thumb/v6-m/nofp\libc-musl.a(__libc_start_main.o)
                              build/default/production/_ext/1171490990/startup_xc32.o (__libc_init_array)
D:/MPLAB X IDE/xc32_v5.00/bin/bin/../../lib/gcc/pic32c/13.2.1/../../../../pic32c/lib/thumb/v6-m/nofp\libc-musl.a(libc.o)
                              D:/MPLAB X IDE/xc32_v5.00/bin/bin/../../lib/gcc/pic32c/13.2.1/../../../../pic32c/lib/thumb/v6-m/nofp\libc-musl.a(__libc_start_main.o) (__progname_full)
D:/MPLAB X IDE/xc32_v5.00/bin/bin/../../lib/gcc/pic32c/13.2.1/../../../../pic32c/lib/thumb/v6-m/nofp\libc-musl.a(__sio_printf_dnpxX.o)
                              (_printf_dnpxX)
D:/MPLAB X IDE/xc32_v5.00/bin/bin/../../lib/gcc/pic32c/13.2.1/../../../../pic32c/lib/thumb/v6-m/nofp\libc-musl.a(__fmt_d.o)
                              D:/MPLAB X IDE/xc32_v5.00/bin/bin/../../lib/gcc/pic32c/13.2.1/../../../../pic32c/lib/thumb/v6-m/nofp\libc-musl.a(__sio_printf_dnpxX.o) (__fmt_d_needed)
D:/MPLAB X IDE/xc32_v5.00/bin/bin/../../lib/gcc/pic32c/13.2.1/../../../../pic32c/lib/thumb/v6-m/nofp\libc-musl.a(__fmt_x.o)
                              D:/MPLAB X IDE/xc32_v5.00/bin/bin/../../lib/gcc/pic32c/13.2.1/../../../../pic32c/lib/thumb/v6-m/nofp\libc-musl.a(__sio_printf_dnpxX.o) (__fmt_x_needed)
D:/MPLAB X IDE/xc32_v5.00/bin/bin/../../lib/gcc/pic32c/13.2.1/../../../../pic32c/lib/thumb/v6-m/nofp\libc-musl.a(__pop_int.o)
                              D:/MPLAB X IDE/xc32_v5.00/bin/bin/../../lib/gcc/pic32c/13.2.1/../../../../pic32c/lib/thumb/v6-m/nofp\libc-musl.a(__sio_printf_dnpxX.o) (__pop_int_needed)
D:/MPLAB X IDE/xc32_v5.00/bin/bin/../../lib/gcc/pic32c/13.2.1/../../../../pic32c/lib/thumb/v6-m/nofp\libc-musl.a(__pop_ptr.o)
                              D:/MPLAB X IDE/xc32_v5.00/bin/bin/../../lib/gcc/pic32c/13.2.1/../../../../pic32c/lib/thumb/v6-m/nofp\libc-musl.a(__sio_printf_dnpxX.o) (__pop_ptr_needed)
D:/MPLAB X IDE/xc32_v5.00/bin/bin/../../lib/gcc/pic32c/13.2.1/../../../../pic32c/lib/thumb/v6-m/nofp\libc-musl.a(__printf_core.o)
                              D:/MPLAB X IDE/xc32_v5.00/bin/bin/../../lib/gcc/pic32c/13.2.1/../../../../pic32c/lib/thumb/v6-m/nofp\libc-musl.a(__fmt_d.o) (__pad)
D:/MPLAB X IDE/xc32_v5.00/bin/bin/../../lib/gcc/pic32c/13.2.1/../../../../pic32c/lib/thumb/v6-m/nofp\libc-musl.a(stdin.o)
                              build/default/production/_ext/1171490990/initialization.o (_stdin)
D:/MPLAB X IDE/xc32_v5.00/bin/bin/../../lib/gcc/pic32c/13.2.1/../../../../pic32c/lib/thumb/v6-m/nofp\libc-musl.a(stdout.o)
                              D:/MPLAB X IDE/xc32_v5.00/bin/bin/../../lib/gcc/pic32c/13.2.1/../../../../pic32c/lib/thumb/v6-m/nofp\libc-musl.a(__sio_printf_dnpxX.o) (_stdout)
D:/MPLAB X IDE/xc32_v5.00/bin/bin/../../lib/gcc/pic32c/13.2.1/../../../../pic32c/lib/thumb/v6-m/nofp\libc-musl.a(puts.o)
                              build/default/production/_ext/1360937237/main.o (puts)
D:/MPLAB X IDE/xc32_v5.00/bin/bin/../../lib/gcc/pic32c/13.2.1/../../../../pic32c/lib/thumb/v6-m/nofp\libc-musl.a(setbuf.o)
                              build/default/production/_ext/1171490990/initialization.o (setbuf)
D:/MPLAB X IDE/xc32_v5.00/bin/bin/../../lib/gcc/pic32c/13.2.1/../../../../pic32c/lib/thumb/v6-m/nofp\libc-musl.a(atoi.o)
                              D:/MPLAB X IDE/xc32_v5.00/bin/bin/../../lib/gcc/pic32c/13.2.1/../../../../pic32c/lib/thumb/v6-m/nofp\libc-musl.a(__printf_core.o) (atoi)
D:/MPLAB X IDE/xc32_v5.00/bin/bin/../../lib/gcc/pic32c/13.2.1/../../../../pic32c/lib/thumb/v6-m/nofp\libc-musl.a(tolower.o)
                              D:/MPLAB X IDE/xc32_v5.00/bin/bin/../../lib/gcc/pic32c/13.2.1/../../../../pic32c/lib/thumb/v6-m/nofp\libc-musl.a(__printf_core.o) (tolower)
D:/MPLAB X IDE/xc32_v5.00/bin/bin/../../lib/gcc/pic32c/13.2.1/../../../../pic32c/lib/thumb/v6-m/nofp\libc-musl.a(toupper.o)
                              D:/MPLAB X IDE/xc32_v5.00/bin/bin/../../lib/gcc/pic32c/13.2.1/../../../../pic32c/lib/thumb/v6-m/nofp\libc-musl.a(__fmt_x.o) (toupper)
D:/MPLAB X IDE/xc32_v5.00/bin/bin/../../lib/gcc/pic32c/13.2.1/../../../../pic32c/lib/thumb/v6-m/nofp\libc-musl.a(__environ.o)
[...]
Memory Configuration

Name             Origin             Length             Attributes
rom              0x00000000         0x00040000         xrl
ram              0x20000000         0x00008000         xw!r
config_00804000  0x00804000         0x00000004
config_00804004  0x00804004         0x00000004
*default*        0x00000000         0xffffffff

Linker script and memory map

LOAD D:/MPLAB X IDE/xc32_v5.00/bin/bin/../../lib/gcc/pic32c/13.2.1/thumb/v6-m/nofp/crti.o
LOAD D:/MPLAB X IDE/xc32_v5.00/bin/bin/../../lib/gcc/pic32c/13.2.1/thumb/v6-m/nofp/crtbegin.o
LOAD build/default/production/_ext/1529399856/osal_freertos.o
LOAD build/default/production/_ext/1984496892/plib_clock.o
LOAD build/default/production/_ext/60167341/plib_eic.o
LOAD build/default/production/_ext/1986646378/plib_evsys.o
LOAD build/default/production/_ext/1865468468/plib_nvic.o
LOAD build/default/production/_ext/1593096446/plib_nvmctrl.o
LOAD build/default/production/_ext/1865521619/plib_port.o
LOAD build/default/production/_ext/504274921/plib_sercom7_usart.o
LOAD build/default/production/_ext/504274921/plib_sercom5_usart.o
LOAD build/default/production/_ext/163028504/xc32_monitor.o
LOAD build/default/production/_ext/1881668453/sys_int.o
LOAD build/default/production/_ext/1171490990/initialization.o
LOAD build/default/production/_ext/1171490990/interrupts.o
LOAD build/default/production/_ext/1171490990/exceptions.o
LOAD build/default/production/_ext/1171490990/startup_xc32.o
LOAD build/default/production/_ext/1171490990/libc_syscalls.o
LOAD build/default/production/_ext/1171490990/freertos_hooks.o
LOAD build/default/production/_ext/1171490990/tasks.o
LOAD build/default/production/_ext/1624415188/port.o
LOAD build/default/production/_ext/1624415188/portasm.o
LOAD build/default/production/_ext/1665200909/heap_1.o
LOAD build/default/production/_ext/404212886/croutine.o
LOAD build/default/production/_ext/404212886/list.o
LOAD build/default/production/_ext/404212886/queue.o
LOAD build/default/production/_ext/404212886/FreeRTOS_tasks.o
LOAD build/default/production/_ext/404212886/timers.o
LOAD build/default/production/_ext/404212886/event_groups.o
LOAD build/default/production/_ext/404212886/stream_buffer.o
LOAD build/default/production/_ext/1360937237/main.o
LOAD build/default/production/_ext/1360937237/app.o
LOAD build/default/production/_ext/1237192811/TMC2209.o
LOAD build/default/production/_ext/1237192811/TMC2209_Simple_Rotation.o
                0x00000001                        __MPLAB_BUILD = 0x1
                0x00040000                        __rom_end = (ORIGIN (rom) + LENGTH (rom))
                0x20008000                        __ram_end = (ORIGIN (ram) + LENGTH (ram))

.config_00804000
                0x00804000        0x4
 *(.config_00804000)
 .config_00804000
                0x00804000        0x4 build/default/production/_ext/1171490990/initialization.o
                0x00804000                __config_00804000

.config_00804004
                0x00804004        0x4
 *(.config_00804004)
 .config_00804004
                0x00804004        0x4 build/default/production/_ext/1171490990/initialization.o
                0x00804004                __config_00804004

.vectors        0x00000000       0xbc
                0x00000000                        . = ALIGN (0x4)
                0x00000000                        _sfixed = .
 *(.vectors .vectors.* .vectors_default .vectors_default.*)
 .vectors       0x00000000       0xbc build/default/production/_ext/1171490990/interrupts.o
                0x00000000                exception_table
 *(.isr_vector)
 *(.reset*)
 *(.after_vectors)

.text           0x000000bc       0x20
                0x000000bc                        . = ALIGN (0x4)
 *(.glue_7t)
 .glue_7t       0x000000bc        0x0 linker stubs
 *(.glue_7)
 .glue_7        0x000000bc        0x0 linker stubs
 *(.gnu.linkonce.r.*)
 *(.ARM.extab* .gnu.linkonce.armextab.*)
                0x000000bc                        . = ALIGN (0x4)
 *(.init)
 .init          0x000000bc        0x4 D:/MPLAB X IDE/xc32_v5.00/bin/bin/../../lib/gcc/pic32c/13.2.1/thumb/v6-m/nofp/crti.o
                0x000000bc                _init
 .init          0x000000c0        0x8 D:/MPLAB X IDE/xc32_v5.00/bin/bin/../../lib/gcc/pic32c/13.2.1/thumb/v6-m/nofp/crtn.o
                0x000000c8                        . = ALIGN (0x4)
                0x000000c8                        __preinit_array_start = .
 *(.preinit_array)
                0x000000c8                        __preinit_array_end = .
                0x000000c8                        . = ALIGN (0x4)
                0x000000c8                        __init_array_start = .
 *(SORT_BY_NAME(.init_array.*))
 *(.init_array)
 .init_array    0x000000c8        0x4 D:/MPLAB X IDE/xc32_v5.00/bin/bin/../../lib/gcc/pic32c/13.2.1/thumb/v6-m/nofp/crtbegin.o
                0x000000cc                        __init_array_end = .
                0x000000cc                        . = ALIGN (0x4)
 *crtbegin.o(.ctors)
 *(EXCLUDE_FILE(*crtend.o) .ctors)
 *(SORT_BY_NAME(.ctors.*))
 *crtend.o(.ctors)
                0x000000cc                        . = ALIGN (0x4)
 *(.fini)
 .fini          0x000000cc        0x4 D:/MPLAB X IDE/xc32_v5.00/bin/bin/../../lib/gcc/pic32c/13.2.1/thumb/v6-m/nofp/crti.o
                0x000000cc                _fini
 .fini          0x000000d0        0x8 D:/MPLAB X IDE/xc32_v5.00/bin/bin/../../lib/gcc/pic32c/13.2.1/thumb/v6-m/nofp/crtn.o
                0x000000d8                        . = ALIGN (0x4)
                0x000000d8                        __fini_array_start = .
 *(.fini_array)
 .fini_array    0x000000d8        0x4 D:/MPLAB X IDE/xc32_v5.00/bin/bin/../../lib/gcc/pic32c/13.2.1/thumb/v6-m/nofp/crtbegin.o
 *(SORT_BY_NAME(.fini_array.*))
                0x000000dc                        __fini_array_end = .
 *crtbegin.o(.dtors)
 *(EXCLUDE_FILE(*crtend.o) .dtors)
 *(SORT_BY_NAME(.dtors.*))
 *crtend.o(.dtors)
                0x000000dc                        . = ALIGN (0x4)
                0x000000dc                        _efixed = .
                [!provide]                        PROVIDE (__exidx_start = .)

.ARM.exidx      0x000000dc        0x8
 *(.ARM.exidx* .gnu.linkonce.armexidx.*)
 .ARM.exidx     0x000000dc        0x8 D:/MPLAB X IDE/xc32_v5.00/bin/bin/../../lib/gcc/pic32c/13.2.1/thumb/v6-m/nofp\libgcc.a(_udivmoddi4.o)
                [!provide]                        PROVIDE (__exidx_end = .)
                0x000000e4                        . = ALIGN (0x4)
                0x000000e4                        _etext = .

.bss            0x20000000        0x0
                0x20000000                        . = ALIGN (0x4)
                0x20000000                        __bss_start__ = .
                0x20000000                        _sbss = .
                0x20000000                        _szero = .
 *(COMMON)
                0x20000000                        . = ALIGN (0x4)
                0x20000000                        __bss_end__ = .
                0x20000000                        _ebss = .
                0x20000000                        _ezero = .
                0x20000000                        . = ALIGN (0x4)
                0x20000000                        _end = .
                0x20007fff                        _ram_end_ = ((ORIGIN (ram) + LENGTH (ram)) - 0x1)
                0x00000200                        _min_heap_size = 0x200
START GROUP
LOAD D:/MPLAB X IDE/xc32_v5.00/bin/bin/../../lib/gcc/pic32c/13.2.1/../../../../pic32c/lib/thumb/v6-m/nofp\libpic32c.a
LOAD D:/MPLAB X IDE/xc32_v5.00/bin/bin/../../lib/gcc/pic32c/13.2.1/../../../../pic32c/lib/thumb/v6-m/nofp\libc-size-musl.a
LOAD D:/MPLAB X IDE/xc32_v5.00/bin/bin/../../lib/gcc/pic32c/13.2.1/../../../../pic32c/lib/thumb/v6-m/nofp\liblmalloc-musl.a
LOAD D:/MPLAB X IDE/xc32_v5.00/bin/bin/../../lib/gcc/pic32c/13.2.1/../../../../pic32c/lib/thumb/v6-m/nofp\libc-musl.a
LOAD D:/MPLAB X IDE/xc32_v5.00/bin/bin/../../lib/gcc/pic32c/13.2.1/../../../../pic32c/lib/thumb/v6-m/nofp\libm-fast-emfloat.a
LOAD D:/MPLAB X IDE/xc32_v5.00/bin/bin/../../lib/gcc/pic32c/13.2.1/../../../../pic32c/lib/thumb/v6-m/nofp\libm-musl.a
END GROUP
LOAD D:/MPLAB X IDE/xc32_v5.00/bin/bin/../../lib/gcc/pic32c/13.2.1/thumb/v6-m/nofp\libgcc.a
LOAD D:/MPLAB X IDE/xc32_v5.00/bin/bin/../../lib/gcc/pic32c/13.2.1/thumb/v6-m/nofp/crtend.o
LOAD D:/MPLAB X IDE/xc32_v5.00/bin/bin/../../lib/gcc/pic32c/13.2.1/thumb/v6-m/nofp/crtn.o
OUTPUT(dist/default/production/NextGen_GTron_AxC.X.production.elf elf32-littlearm)
LOAD linker stubs
LOAD data_init

.note           0x00000000      0xa80
 .note          0x00000000       0x18 D:/MPLAB X IDE/xc32_v5.00/bin/bin/../../lib/gcc/pic32c/13.2.1/thumb/v6-m/nofp/crti.o
 .note          0x00000018       0x18 D:/MPLAB X IDE/xc32_v5.00/bin/bin/../../lib/gcc/pic32c/13.2.1/thumb/v6-m/nofp/crtbegin.o
 .note          0x00000030       0x18 build/default/production/_ext/1529399856/osal_freertos.o
 .note          0x00000048       0x18 build/default/production/_ext/1984496892/plib_clock.o
 .note          0x00000060       0x18 build/default/production/_ext/60167341/plib_eic.o
 .note          0x00000078       0x18 build/default/production/_ext/1986646378/plib_evsys.o
 .note          0x00000090       0x18 build/default/production/_ext/1865468468/plib_nvic.o
 .note          0x000000a8       0x18 build/default/production/_ext/1593096446/plib_nvmctrl.o
 .note          0x000000c0       0x18 build/default/production/_ext/1865521619/plib_port.o
 .note          0x000000d8       0x18 build/default/production/_ext/504274921/plib_sercom7_usart.o
 .note          0x000000f0       0x18 build/default/production/_ext/504274921/plib_sercom5_usart.o
 .note          0x00000108       0x18 build/default/production/_ext/163028504/xc32_monitor.o
 .note          0x00000120       0x18 build/default/production/_ext/1881668453/sys_int.o
 .note          0x00000138       0x78 build/default/production/_ext/1171490990/initialization.o
 .note          0x000001b0       0x18 build/default/production/_ext/1171490990/interrupts.o
 .note          0x000001c8       0x18 build/default/production/_ext/1171490990/exceptions.o
 .note          0x000001e0       0x18 build/default/production/_ext/1171490990/startup_xc32.o
 .note          0x000001f8       0x18 build/default/production/_ext/1171490990/libc_syscalls.o
 .note          0x00000210       0x18 build/default/production/_ext/1171490990/freertos_hooks.o
 .note          0x00000228       0x18 build/default/production/_ext/1171490990/tasks.o
 .note          0x00000240       0x18 build/default/production/_ext/1624415188/port.o
 .note          0x00000258       0x18 build/default/production/_ext/1624415188/portasm.o
 .note          0x00000270       0x18 build/default/production/_ext/1665200909/heap_1.o
 .note          0x00000288       0x18 build/default/production/_ext/404212886/croutine.o
 .note          0x000002a0       0x18 build/default/production/_ext/404212886/list.o
 .note          0x000002b8       0x18 build/default/production/_ext/404212886/queue.o
 .note          0x000002d0       0x18 build/default/production/_ext/404212886/FreeRTOS_tasks.o
 .note          0x000002e8       0x18 build/default/production/_ext/404212886/timers.o
 .note          0x00000300       0x18 build/default/production/_ext/404212886/event_groups.o
 .note          0x00000318       0x18 build/default/production/_ext/404212886/stream_buffer.o
 .note          0x00000330       0x18 build/default/production/_ext/1360937237/main.o
 .note          0x00000348       0x18 build/default/production/_ext/1360937237/app.o
 .note          0x00000360       0x18 build/default/production/_ext/1237192811/TMC2209.o
 .note          0x00000378       0x18 build/default/production/_ext/1237192811/TMC2209_Simple_Rotation.o
 .note          0x00000390       0x18 D:/MPLAB X IDE/xc32_v5.00/bin/bin/../../lib/gcc/pic32c/13.2.1/../../../../pic32c/lib/thumb/v6-m/nofp\libpic32c.a(data_init.o)
 .note          0x000003a8       0x18 D:/MPLAB X IDE/xc32_v5.00/bin/bin/../../lib/gcc/pic32c/13.2.1/../../../../pic32c/lib/thumb/v6-m/nofp\libc-size-musl.a(memcpy.o)
 .note          0x000003c0       0x18 D:/MPLAB X IDE/xc32_v5.00/bin/bin/../../lib/gcc/pic32c/13.2.1/../../../../pic32c/lib/thumb/v6-m/nofp\libc-size-musl.a(memset.o)
 .note          0x000003d8       0x18 D:/MPLAB X IDE/xc32_v5.00/bin/bin/../../lib/gcc/pic32c/13.2.1/../../../../pic32c/lib/thumb/v6-m/nofp\libc-musl.a(__libc_start_main.o)
 .note          0x000003f0       0x18 D:/MPLAB X IDE/xc32_v5.00/bin/bin/../../lib/gcc/pic32c/13.2.1/../../../../pic32c/lib/thumb/v6-m/nofp\libc-musl.a(libc.o)
 .note          0x00000408       0x18 D:/MPLAB X IDE/xc32_v5.00/bin/bin/../../lib/gcc/pic32c/13.2.1/../../../../pic32c/lib/thumb/v6-m/nofp\libc-musl.a(__sio_printf_dnpxX.o)
 .note          0x00000420       0x18 D:/MPLAB X IDE/xc32_v5.00/bin/bin/../../lib/gcc/pic32c/13.2.1/../../../../pic32c/lib/thumb/v6-m/nofp\libc-musl.a(__fmt_d.o)
 .note          0x00000438       0x18 D:/MPLAB X IDE/xc32_v5.00/bin/bin/../../lib/gcc/pic32c/13.2.1/../../../../pic32c/lib/thumb/v6-m/nofp\libc-musl.a(__fmt_x.o)
 .note          0x00000450       0x18 D:/MPLAB X IDE/xc32_v5.00/bin/bin/../../lib/gcc/pic32c/13.2.1/../../../../pic32c/lib/thumb/v6-m/nofp\libc-musl.a(__pop_int.o)
 .note          0x00000468       0x18 D:/MPLAB X IDE/xc32_v5.00/bin/bin/../../lib/gcc/pic32c/13.2.1/../../../../pic32c/lib/thumb/v6-m/nofp\libc-musl.a(__pop_ptr.o)
 .note          0x00000480       0x18 D:/MPLAB X IDE/xc32_v5.00/bin/bin/../../lib/gcc/pic32c/13.2.1/../../../../pic32c/lib/thumb/v6-m/nofp\libc-musl.a(__printf_core.o)
 .note          0x00000498       0x18 D:/MPLAB X IDE/xc32_v5.00/bin/bin/../../lib/gcc/pic32c/13.2.1/../../../../pic32c/lib/thumb/v6-m/nofp\libc-musl.a(stdin.o)
 .note          0x000004b0       0x18 D:/MPLAB X IDE/xc32_v5.00/bin/bin/../../lib/gcc/pic32c/13.2.1/../../../../pic32c/lib/thumb/v6-m/nofp\libc-musl.a(stdout.o)
 .note          0x000004c8       0x18 D:/MPLAB X IDE/xc32_v5.00/bin/bin/../../lib/gcc/pic32c/13.2.1/../../../../pic32c/lib/thumb/v6-m/nofp\libc-musl.a(puts.o)
 .note          0x000004e0       0x18 D:/MPLAB X IDE/xc32_v5.00/bin/bin/../../lib/gcc/pic32c/13.2.1/../../../../pic32c/lib/thumb/v6-m/nofp\libc-musl.a(setbuf.o)
 .note          0x000004f8       0x18 D:/MPLAB X IDE/xc32_v5.00/bin/bin/../../lib/gcc/pic32c/13.2.1/../../../../pic32c/lib/thumb/v6-m/nofp\libc-musl.a(atoi.o)
 .note          0x00000510       0x18 D:/MPLAB X IDE/xc32_v5.00/bin/bin/../../lib/gcc/pic32c/13.2.1/../../../../pic32c/lib/thumb/v6-m/nofp\libc-musl.a(tolower.o)
 .note          0x00000528       0x18 D:/MPLAB X IDE/xc32_v5.00/bin/bin/../../lib/gcc/pic32c/13.2.1/../../../../pic32c/lib/thumb/v6-m/nofp\libc-musl.a(toupper.o)
 .note          0x00000540       0x18 D:/MPLAB X IDE/xc32_v5.00/bin/bin/../../lib/gcc/pic32c/13.2.1/../../../../pic32c/lib/thumb/v6-m/nofp\libc-musl.a(__environ.o)
 .note          0x00000558       0x18 D:/MPLAB X IDE/xc32_v5.00/bin/bin/../../lib/gcc/pic32c/13.2.1/../../../../pic32c/lib/thumb/v6-m/nofp\libc-musl.a(__errno_location.o)
 .note          0x00000570       0x18 D:/MPLAB X IDE/xc32_v5.00/bin/bin/../../lib/gcc/pic32c/13.2.1/../../../../pic32c/lib/thumb/v6-m/nofp\libc-musl.a(__int_vfprintf.o)
 .note          0x00000588       0x18 D:/MPLAB X IDE/xc32_v5.00/bin/bin/../../lib/gcc/pic32c/13.2.1/../../../../pic32c/lib/thumb/v6-m/nofp\libc-musl.a(fputs.o)
 .note          0x000005a0       0x18 D:/MPLAB X IDE/xc32_v5.00/bin/bin/../../lib/gcc/pic32c/13.2.1/../../../../pic32c/lib/thumb/v6-m/nofp\libc-musl.a(__cvt_u.o)
 .note          0x000005b8       0x18 D:/MPLAB X IDE/xc32_v5.00/bin/bin/../../lib/gcc/pic32c/13.2.1/../../../../pic32c/lib/thumb/v6-m/nofp\libc-musl.a(__io_init_needed.o)
 .note          0x000005d0       0x18 D:/MPLAB X IDE/xc32_v5.00/bin/bin/../../lib/gcc/pic32c/13.2.1/../../../../pic32c/lib/thumb/v6-m/nofp\libc-musl.a(__io_rw_needed.o)
 .note          0x000005e8       0x18 D:/MPLAB X IDE/xc32_v5.00/bin/bin/../../lib/gcc/pic32c/13.2.1/../../../../pic32c/lib/thumb/v6-m/nofp\libc-musl.a(__pop_float.o)
 .note          0x00000600       0x18 D:/MPLAB X IDE/xc32_v5.00/bin/bin/../../lib/gcc/pic32c/13.2.1/../../../../pic32c/lib/thumb/v6-m/nofp\libc-musl.a(__stdio_read.o)
 .note          0x00000618       0x18 D:/MPLAB X IDE/xc32_v5.00/bin/bin/../../lib/gcc/pic32c/13.2.1/../../../../pic32c/lib/thumb/v6-m/nofp\libc-musl.a(__towrite_rw.o)
 .note          0x00000630       0x18 D:/MPLAB X IDE/xc32_v5.00/bin/bin/../../lib/gcc/pic32c/13.2.1/../../../../pic32c/lib/thumb/v6-m/nofp\libc-musl.a(fwrite.o)
 .note          0x00000648       0x18 D:/MPLAB X IDE/xc32_v5.00/bin/bin/../../lib/gcc/pic32c/13.2.1/../../../../pic32c/lib/thumb/v6-m/nofp\libc-musl.a(putc.o)
 .note          0x00000660       0x18 D:/MPLAB X IDE/xc32_v5.00/bin/bin/../../lib/gcc/pic32c/13.2.1/../../../../pic32c/lib/thumb/v6-m/nofp\libc-musl.a(setvbuf.o)
 .note          0x00000678       0x18 D:/MPLAB X IDE/xc32_v5.00/bin/bin/../../lib/gcc/pic32c/13.2.1/../../../../pic32c/lib/thumb/v6-m/nofp\libc-musl.a(readv.o)
 .note          0x00000690       0x18 D:/MPLAB X IDE/xc32_v5.00/bin/bin/../../lib/gcc/pic32c/13.2.1/../../../../pic32c/lib/thumb/v6-m/nofp\libc-musl.a(__fopen_rw.o)
 .note          0x000006a8       0x18 D:/MPLAB X IDE/xc32_v5.00/bin/bin/../../lib/gcc/pic32c/13.2.1/../../../../pic32c/lib/thumb/v6-m/nofp\libc-musl.a(__ftello_rw.o)
 .note          0x000006c0       0x18 D:/MPLAB X IDE/xc32_v5.00/bin/bin/../../lib/gcc/pic32c/13.2.1/../../../../pic32c/lib/thumb/v6-m/nofp\libc-musl.a(__init_stdio.o)
 .note          0x000006d8       0x18 D:/MPLAB X IDE/xc32_v5.00/bin/bin/../../lib/gcc/pic32c/13.2.1/../../../../pic32c/lib/thumb/v6-m/nofp\libc-musl.a(__io_buf_needed.o)
 .note          0x000006f0       0x18 D:/MPLAB X IDE/xc32_v5.00/bin/bin/../../lib/gcc/pic32c/13.2.1/../../../../pic32c/lib/thumb/v6-m/nofp\libc-musl.a(__io_file_needed.o)
 .note          0x00000708       0x18 D:/MPLAB X IDE/xc32_v5.00/bin/bin/../../lib/gcc/pic32c/13.2.1/../../../../pic32c/lib/thumb/v6-m/nofp\libc-musl.a(__io_std_needed.o)
 .note          0x00000720       0x18 D:/MPLAB X IDE/xc32_v5.00/bin/bin/../../lib/gcc/pic32c/13.2.1/../../../../pic32c/lib/thumb/v6-m/nofp\libc-musl.a(__out.o)
 .note          0x00000738       0x18 D:/MPLAB X IDE/xc32_v5.00/bin/bin/../../lib/gcc/pic32c/13.2.1/../../../../pic32c/lib/thumb/v6-m/nofp\libc-musl.a(__putc.o)
 .note          0x00000750       0x18 D:/MPLAB X IDE/xc32_v5.00/bin/bin/../../lib/gcc/pic32c/13.2.1/../../../../pic32c/lib/thumb/v6-m/nofp\libc-musl.a(__stderr.o)
 .note          0x00000768       0x18 D:/MPLAB X IDE/xc32_v5.00/bin/bin/../../lib/gcc/pic32c/13.2.1/../../../../pic32c/lib/thumb/v6-m/nofp\libc-musl.a(__stdio_close.o)
 .note          0x00000780       0x18 D:/MPLAB X IDE/xc32_v5.00/bin/bin/../../lib/gcc/pic32c/13.2.1/../../../../pic32c/lib/thumb/v6-m/nofp\libc-musl.a(__stdio_exit.o)
 .note          0x00000798       0x18 D:/MPLAB X IDE/xc32_v5.00/bin/bin/../../lib/gcc/pic32c/13.2.1/../../../../pic32c/lib/thumb/v6-m/nofp\libc-musl.a(__stdio_write.o)
 .note          0x000007b0       0x18 D:/MPLAB X IDE/xc32_v5.00/bin/bin/../../lib/gcc/pic32c/13.2.1/../../../../pic32c/lib/thumb/v6-m/nofp\libc-musl.a(__stdout.o)
 .note          0x000007c8       0x18 D:/MPLAB X IDE/xc32_v5.00/bin/bin/../../lib/gcc/pic32c/13.2.1/../../../../pic32c/lib/thumb/v6-m/nofp\libc-musl.a(__towrite.o)
 .note          0x000007e0       0x18 D:/MPLAB X IDE/xc32_v5.00/bin/bin/../../lib/gcc/pic32c/13.2.1/../../../../pic32c/lib/thumb/v6-m/nofp\libc-musl.a(writev.o)
 .note          0x000007f8       0x18 D:/MPLAB X IDE/xc32_v5.00/bin/bin/../../lib/gcc/pic32c/13.2.1/../../../../pic32c/lib/thumb/v6-m/nofp\libc-musl.a(__overflow.o)
 .note          0x00000810       0x18 D:/MPLAB X IDE/xc32_v5.00/bin/bin/../../lib/gcc/pic32c/13.2.1/../../../../pic32c/lib/thumb/v6-m/nofp\libc-musl.a(__fclose.o)
 .note          0x00000828       0x18 D:/MPLAB X IDE/xc32_v5.00/bin/bin/../../lib/gcc/pic32c/13.2.1/../../../../pic32c/lib/thumb/v6-m/nofp\libc-musl.a(__fopen.o)
 .note          0x00000840       0x18 D:/MPLAB X IDE/xc32_v5.00/bin/bin/../../lib/gcc/pic32c/13.2.1/../../../../pic32c/lib/thumb/v6-m/nofp\libc-musl.a(__fseeko.o)
 .note          0x00000858       0x18 D:/MPLAB X IDE/xc32_v5.00/bin/bin/../../lib/gcc/pic32c/13.2.1/../../../../pic32c/lib/thumb/v6-m/nofp\libc-musl.a(__ftello.o)
 .note          0x00000870       0x18 D:/MPLAB X IDE/xc32_v5.00/bin/bin/../../lib/gcc/pic32c/13.2.1/../../../../pic32c/lib/thumb/v6-m/nofp\libc-musl.a(__fwrite.o)
 .note          0x00000888       0x18 D:/MPLAB X IDE/xc32_v5.00/bin/bin/../../lib/gcc/pic32c/13.2.1/../../../../pic32c/lib/thumb/v6-m/nofp\libpic32c.a(close.o)
 .note          0x000008a0       0x18 D:/MPLAB X IDE/xc32_v5.00/bin/bin/../../lib/gcc/pic32c/13.2.1/../../../../pic32c/lib/thumb/v6-m/nofp\libpic32c.a(lseek.o)
 .note          0x000008b8       0x18 D:/MPLAB X IDE/xc32_v5.00/bin/bin/../../lib/gcc/pic32c/13.2.1/../../../../pic32c/lib/thumb/v6-m/nofp\libc-size-musl.a(strlen.o)
 .note          0x000008d0       0x18 D:/MPLAB X IDE/xc32_v5.00/bin/bin/../../lib/gcc/pic32c/13.2.1/../../../../pic32c/lib/thumb/v6-m/nofp\liblmalloc-musl.a(lite_malloc.o)
 .note          0x000008e8       0x18 D:/MPLAB X IDE/xc32_v5.00/bin/bin/../../lib/gcc/pic32c/13.2.1/../../../../pic32c/lib/thumb/v6-m/nofp\liblmalloc-musl.a(lite_free.o)
 .note          0x00000900       0x18 D:/MPLAB X IDE/xc32_v5.00/bin/bin/../../lib/gcc/pic32c/13.2.1/../../../../pic32c/lib/thumb/v6-m/nofp\libc-musl.a(expand_heap.o)
 .note          0x00000918       0x18 D:/MPLAB X IDE/xc32_v5.00/bin/bin/../../lib/gcc/pic32c/13.2.1/../../../../pic32c/lib/thumb/v6-m/nofp\libpic32c.a(sbrk.o)
 .note          0x00000930       0x18 D:/MPLAB X IDE/xc32_v5.00/bin/bin/../../lib/gcc/pic32c/13.2.1/thumb/v6-m/nofp\libgcc.a(_thumb1_case_uqi.o)
 .note          0x00000948       0x18 D:/MPLAB X IDE/xc32_v5.00/bin/bin/../../lib/gcc/pic32c/13.2.1/thumb/v6-m/nofp\libgcc.a(_udivsi3.o)
 .note          0x00000960       0x18 D:/MPLAB X IDE/xc32_v5.00/bin/bin/../../lib/gcc/pic32c/13.2.1/thumb/v6-m/nofp\libgcc.a(_dvmd_tls.o)
 .note          0x00000978       0x18 D:/MPLAB X IDE/xc32_v5.00/bin/bin/../../lib/gcc/pic32c/13.2.1/thumb/v6-m/nofp\libgcc.a(_aeabi_uldivmod.o)
 .note          0x00000990       0x18 D:/MPLAB X IDE/xc32_v5.00/bin/bin/../../lib/gcc/pic32c/13.2.1/thumb/v6-m/nofp\libgcc.a(_muldi3.o)
 .note          0x000009a8       0x18 D:/MPLAB X IDE/xc32_v5.00/bin/bin/../../lib/gcc/pic32c/13.2.1/thumb/v6-m/nofp\libgcc.a(_udivmoddi4.o)
 .note          0x000009c0       0x18 D:/MPLAB X IDE/xc32_v5.00/bin/bin/../../lib/gcc/pic32c/13.2.1/thumb/v6-m/nofp\libgcc.a(_lshrdi3.o)
 .note          0x000009d8       0x18 D:/MPLAB X IDE/xc32_v5.00/bin/bin/../../lib/gcc/pic32c/13.2.1/thumb/v6-m/nofp\libgcc.a(_ashldi3.o)
 .note          0x000009f0       0x18 D:/MPLAB X IDE/xc32_v5.00/bin/bin/../../lib/gcc/pic32c/13.2.1/thumb/v6-m/nofp\libgcc.a(_clzdi2.o)
 .note          0x00000a08       0x18 D:/MPLAB X IDE/xc32_v5.00/bin/bin/../../lib/gcc/pic32c/13.2.1/thumb/v6-m/nofp\libgcc.a(_clzsi2.o)
 .note          0x00000a20       0x18 D:/MPLAB X IDE/xc32_v5.00/bin/bin/../../lib/gcc/pic32c/13.2.1/thumb/v6-m/nofp/crtend.o
 .note          0x00000a38       0x18 D:/MPLAB X IDE/xc32_v5.00/bin/bin/../../lib/gcc/pic32c/13.2.1/thumb/v6-m/nofp/crtn.o
 .note          0x00000a50       0x18 D:/MPLAB X IDE/xc32_v5.00/bin/bin/../../lib/gcc/pic32c/13.2.1/../../../../pic32c/lib/thumb/v6-m/nofp\libpic32c.a(pic32_data_init_clear.o)
 .note          0x00000a68       0x18 D:/MPLAB X IDE/xc32_v5.00/bin/bin/../../lib/gcc/pic32c/13.2.1/../../../../pic32c/lib/thumb/v6-m/nofp\libpic32c.a(pic32_data_init_copy.o)

.ARM.attributes
                0x00000000       0x2c
 .ARM.attributes
                0x00000000       0x1e D:/MPLAB X IDE/xc32_v5.00/bin/bin/../../lib/gcc/pic32c/13.2.1/thumb/v6-m/nofp/crti.o
 .ARM.attributes
                0x0000001e       0x2c D:/MPLAB X IDE/xc32_v5.00/bin/bin/../../lib/gcc/pic32c/13.2.1/thumb/v6-m/nofp/crtbegin.o
 .ARM.attributes
                0x0000004a       0x2c build/default/production/_ext/1984496892/plib_clock.o
 .ARM.attributes
                0x00000076       0x2c build/default/production/_ext/60167341/plib_eic.o
 .ARM.attributes
                0x000000a2       0x2c build/default/production/_ext/1986646378/plib_evsys.o
 .ARM.attributes
                0x000000ce       0x2c build/default/production/_ext/1865468468/plib_nvic.o
 .ARM.attributes
                0x000000fa       0x2c build/default/production/_ext/1593096446/plib_nvmctrl.o
 .ARM.attributes
                0x00000126       0x2c build/default/production/_ext/1865521619/plib_port.o
 .ARM.attributes
                0x00000152       0x2c build/default/production/_ext/504274921/plib_sercom7_usart.o
 .ARM.attributes
                0x0000017e       0x2c build/default/production/_ext/504274921/plib_sercom5_usart.o
 .ARM.attributes
                0x000001aa       0x2c build/default/production/_ext/163028504/xc32_monitor.o
 .ARM.attributes
                0x000001d6       0x2c build/default/production/_ext/1171490990/initialization.o
 .ARM.attributes
                0x00000202       0x2c build/default/production/_ext/1171490990/interrupts.o
 .ARM.attributes
                0x0000022e       0x2c build/default/production/_ext/1171490990/exceptions.o
 .ARM.attributes
                0x0000025a       0x2c build/default/production/_ext/1171490990/startup_xc32.o
 .ARM.attributes
                0x00000286       0x2c build/default/production/_ext/1171490990/freertos_hooks.o
 .ARM.attributes
                0x000002b2       0x2c build/default/production/_ext/1171490990/tasks.o
 .ARM.attributes
                0x000002de       0x2c build/default/production/_ext/1624415188/port.o
 .ARM.attributes
                0x0000030a       0x2c build/default/production/_ext/1624415188/portasm.o
 .ARM.attributes
                0x00000336       0x2c build/default/production/_ext/1665200909/heap_1.o
 .ARM.attributes
                0x00000362       0x2c build/default/production/_ext/404212886/list.o
 .ARM.attributes
                0x0000038e       0x2c build/default/production/_ext/404212886/FreeRTOS_tasks.o
 .ARM.attributes
                0x000003ba       0x2c build/default/production/_ext/1360937237/main.o
 .ARM.attributes
                0x000003e6       0x2c build/default/production/_ext/1360937237/app.o
 .ARM.attributes
                0x00000412       0x2c build/default/production/_ext/1237192811/TMC2209.o
 .ARM.attributes
                0x0000043e       0x2c D:/MPLAB X IDE/xc32_v5.00/bin/bin/../../lib/gcc/pic32c/13.2.1/../../../../pic32c/lib/thumb/v6-m/nofp\libpic32c.a(data_init.o)
 .ARM.attributes
                0x0000046a       0x2e D:/MPLAB X IDE/xc32_v5.00/bin/bin/../../lib/gcc/pic32c/13.2.1/../../../../pic32c/lib/thumb/v6-m/nofp\libc-size-musl.a(memcpy.o)
 .ARM.attributes
                0x00000498       0x2e D:/MPLAB X IDE/xc32_v5.00/bin/bin/../../lib/gcc/pic32c/13.2.1/../../../../pic32c/lib/thumb/v6-m/nofp\libc-size-musl.a(memset.o)
 .ARM.attributes
                0x000004c6       0x2e D:/MPLAB X IDE/xc32_v5.00/bin/bin/../../lib/gcc/pic32c/13.2.1/../../../../pic32c/lib/thumb/v6-m/nofp\libc-musl.a(__libc_start_main.o)
 .ARM.attributes
                0x000004f4       0x2e D:/MPLAB X IDE/xc32_v5.00/bin/bin/../../lib/gcc/pic32c/13.2.1/../../../../pic32c/lib/thumb/v6-m/nofp\libc-musl.a(libc.o)
 .ARM.attributes
                0x00000522       0x2e D:/MPLAB X IDE/xc32_v5.00/bin/bin/../../lib/gcc/pic32c/13.2.1/../../../../pic32c/lib/thumb/v6-m/nofp\libc-musl.a(__sio_printf_dnpxX.o)
 .ARM.attributes
                0x00000550       0x2e D:/MPLAB X IDE/xc32_v5.00/bin/bin/../../lib/gcc/pic32c/13.2.1/../../../../pic32c/lib/thumb/v6-m/nofp\libc-musl.a(__fmt_d.o)
 .ARM.attributes
                0x0000057e       0x2e D:/MPLAB X IDE/xc32_v5.00/bin/bin/../../lib/gcc/pic32c/13.2.1/../../../../pic32c/lib/thumb/v6-m/nofp\libc-musl.a(__fmt_x.o)
 .ARM.attributes
                0x000005ac       0x2e D:/MPLAB X IDE/xc32_v5.00/bin/bin/../../lib/gcc/pic32c/13.2.1/../../../../pic32c/lib/thumb/v6-m/nofp\libc-musl.a(__pop_int.o)
 .ARM.attributes
                0x000005da       0x2e D:/MPLAB X IDE/xc32_v5.00/bin/bin/../../lib/gcc/pic32c/13.2.1/../../../../pic32c/lib/thumb/v6-m/nofp\libc-musl.a(__pop_ptr.o)
 .ARM.attributes
                0x00000608       0x2e D:/MPLAB X IDE/xc32_v5.00/bin/bin/../../lib/gcc/pic32c/13.2.1/../../../../pic32c/lib/thumb/v6-m/nofp\libc-musl.a(__printf_core.o)
 .ARM.attributes
                0x00000636       0x2e D:/MPLAB X IDE/xc32_v5.00/bin/bin/../../lib/gcc/pic32c/13.2.1/../../../../pic32c/lib/thumb/v6-m/nofp\libc-musl.a(stdin.o)
 .ARM.attributes
                0x00000664       0x2e D:/MPLAB X IDE/xc32_v5.00/bin/bin/../../lib/gcc/pic32c/13.2.1/../../../../pic32c/lib/thumb/v6-m/nofp\libc-musl.a(stdout.o)
 .ARM.attributes
                0x00000692       0x2e D:/MPLAB X IDE/xc32_v5.00/bin/bin/../../lib/gcc/pic32c/13.2.1/../../../../pic32c/lib/thumb/v6-m/nofp\libc-musl.a(puts.o)
 .ARM.attributes
                0x000006c0       0x2e D:/MPLAB X IDE/xc32_v5.00/bin/bin/../../lib/gcc/pic32c/13.2.1/../../../../pic32c/lib/thumb/v6-m/nofp\libc-musl.a(setbuf.o)
 .ARM.attributes
                0x000006ee       0x2e D:/MPLAB X IDE/xc32_v5.00/bin/bin/../../lib/gcc/pic32c/13.2.1/../../../../pic32c/lib/thumb/v6-m/nofp\libc-musl.a(atoi.o)
 .ARM.attributes
                0x0000071c       0x2e D:/MPLAB X IDE/xc32_v5.00/bin/bin/../../lib/gcc/pic32c/13.2.1/../../../../pic32c/lib/thumb/v6-m/nofp\libc-musl.a(tolower.o)
 .ARM.attributes
                0x0000074a       0x2e D:/MPLAB X IDE/xc32_v5.00/bin/bin/../../lib/gcc/pic32c/13.2.1/../../../../pic32c/lib/thumb/v6-m/nofp\libc-musl.a(toupper.o)
 .ARM.attributes
                0x00000778       0x2e D:/MPLAB X IDE/xc32_v5.00/bin/bin/../../lib/gcc/pic32c/13.2.1/../../../../pic32c/lib/thumb/v6-m/nofp\libc-musl.a(__environ.o)
 .ARM.attributes
                0x000007a6       0x2e D:/MPLAB X IDE/xc32_v5.00/bin/bin/../../lib/gcc/pic32c/13.2.1/../../../../pic32c/lib/thumb/v6-m/nofp\libc-musl.a(__errno_location.o)
 .ARM.attributes
                0x000007d4       0x2e D:/MPLAB X IDE/xc32_v5.00/bin/bin/../../lib/gcc/pic32c/13.2.1/../../../../pic32c/lib/thumb/v6-m/nofp\libc-musl.a(__int_vfprintf.o)
 .ARM.attributes
                0x00000802       0x2e D:/MPLAB X IDE/xc32_v5.00/bin/bin/../../lib/gcc/pic32c/13.2.1/../../../../pic32c/lib/thumb/v6-m/nofp\libc-musl.a(fputs.o)
 .ARM.attributes
                0x00000830       0x2e D:/MPLAB X IDE/xc32_v5.00/bin/bin/../../lib/gcc/pic32c/13.2.1/../../../../pic32c/lib/thumb/v6-m/nofp\libc-musl.a(__cvt_u.o)
 .ARM.attributes
                0x0000085e       0x2e D:/MPLAB X IDE/xc32_v5.00/bin/bin/../../lib/gcc/pic32c/13.2.1/../../../../pic32c/lib/thumb/v6-m/nofp\libc-musl.a(__pop_float.o)
 .ARM.attributes
                0x0000088c       0x2e D:/MPLAB X IDE/xc32_v5.00/bin/bin/../../lib/gcc/pic32c/13.2.1/../../../../pic32c/lib/thumb/v6-m/nofp\libc-musl.a(__stdio_read.o)
 .ARM.attributes
                0x000008ba       0x2e D:/MPLAB X IDE/xc32_v5.00/bin/bin/../../lib/gcc/pic32c/13.2.1/../../../../pic32c/lib/thumb/v6-m/nofp\libc-musl.a(__towrite_rw.o)
 .ARM.attributes
                0x000008e8       0x2e D:/MPLAB X IDE/xc32_v5.00/bin/bin/../../lib/gcc/pic32c/13.2.1/../../../../pic32c/lib/thumb/v6-m/nofp\libc-musl.a(fwrite.o)
 .ARM.attributes
                0x00000916       0x2e D:/MPLAB X IDE/xc32_v5.00/bin/bin/../../lib/gcc/pic32c/13.2.1/../../../../pic32c/lib/thumb/v6-m/nofp\libc-musl.a(putc.o)
 .ARM.attributes
                0x00000944       0x2e D:/MPLAB X IDE/xc32_v5.00/bin/bin/../../lib/gcc/pic32c/13.2.1/../../../../pic32c/lib/thumb/v6-m/nofp\libc-musl.a(setvbuf.o)
 .ARM.attributes
                0x00000972       0x2e D:/MPLAB X IDE/xc32_v5.00/bin/bin/../../lib/gcc/pic32c/13.2.1/../../../../pic32c/lib/thumb/v6-m/nofp\libc-musl.a(readv.o)
 .ARM.attributes
                0x000009a0       0x2e D:/MPLAB X IDE/xc32_v5.00/bin/bin/../../lib/gcc/pic32c/13.2.1/../../../../pic32c/lib/thumb/v6-m/nofp\libc-musl.a(__init_stdio.o)
 .ARM.attributes
                0x000009ce       0x2e D:/MPLAB X IDE/xc32_v5.00/bin/bin/../../lib/gcc/pic32c/13.2.1/../../../../pic32c/lib/thumb/v6-m/nofp\libc-musl.a(__out.o)
 .ARM.attributes
                0x000009fc       0x2e D:/MPLAB X IDE/xc32_v5.00/bin/bin/../../lib/gcc/pic32c/13.2.1/../../../../pic32c/lib/thumb/v6-m/nofp\libc-musl.a(__putc.o)
 .ARM.attributes
                0x00000a2a       0x2e D:/MPLAB X IDE/xc32_v5.00/bin/bin/../../lib/gcc/pic32c/13.2.1/../../../../pic32c/lib/thumb/v6-m/nofp\libc-musl.a(__stderr.o)
 .ARM.attributes
                0x00000a58       0x2e D:/MPLAB X IDE/xc32_v5.00/bin/bin/../../lib/gcc/pic32c/13.2.1/../../../../pic32c/lib/thumb/v6-m/nofp\libc-musl.a(__stdio_close.o)
 .ARM.attributes
                0x00000a86       0x2e D:/MPLAB X IDE/xc32_v5.00/bin/bin/../../lib/gcc/pic32c/13.2.1/../../../../pic32c/lib/thumb/v6-m/nofp\libc-musl.a(__stdio_write.o)
 .ARM.attributes
                0x00000ab4       0x2e D:/MPLAB X IDE/xc32_v5.00/bin/bin/../../lib/gcc/pic32c/13.2.1/../../../../pic32c/lib/thumb/v6-m/nofp\libc-musl.a(__stdout.o)
 .ARM.attributes
                0x00000ae2       0x2e D:/MPLAB X IDE/xc32_v5.00/bin/bin/../../lib/gcc/pic32c/13.2.1/../../../../pic32c/lib/thumb/v6-m/nofp\libc-musl.a(__towrite.o)
 .ARM.attributes
                0x00000b10       0x2e D:/MPLAB X IDE/xc32_v5.00/bin/bin/../../lib/gcc/pic32c/13.2.1/../../../../pic32c/lib/thumb/v6-m/nofp\libc-musl.a(writev.o)
 .ARM.attributes
                0x00000b3e       0x2e D:/MPLAB X IDE/xc32_v5.00/bin/bin/../../lib/gcc/pic32c/13.2.1/../../../../pic32c/lib/thumb/v6-m/nofp\libc-musl.a(__overflow.o)
 .ARM.attributes
                0x00000b6c       0x2e D:/MPLAB X IDE/xc32_v5.00/bin/bin/../../lib/gcc/pic32c/13.2.1/../../../../pic32c/lib/thumb/v6-m/nofp\libc-musl.a(__fwrite.o)
 .ARM.attributes
                0x00000b9a       0x2c D:/MPLAB X IDE/xc32_v5.00/bin/bin/../../lib/gcc/pic32c/13.2.1/../../../../pic32c/lib/thumb/v6-m/nofp\libpic32c.a(close.o)
 .ARM.attributes
                0x00000bc6       0x2c D:/MPLAB X IDE/xc32_v5.00/bin/bin/../../lib/gcc/pic32c/13.2.1/../../../../pic32c/lib/thumb/v6-m/nofp\libpic32c.a(lseek.o)
 .ARM.attributes
                0x00000bf2       0x2e D:/MPLAB X IDE/xc32_v5.00/bin/bin/../../lib/gcc/pic32c/13.2.1/../../../../pic32c/lib/thumb/v6-m/nofp\libc-size-musl.a(strlen.o)
 .ARM.attributes
                0x00000c20       0x2e D:/MPLAB X IDE/xc32_v5.00/bin/bin/../../lib/gcc/pic32c/13.2.1/../../../../pic32c/lib/thumb/v6-m/nofp\liblmalloc-musl.a(lite_malloc.o)
 .ARM.attributes
                0x00000c4e       0x2e D:/MPLAB X IDE/xc32_v5.00/bin/bin/../../lib/gcc/pic32c/13.2.1/../../../../pic32c/lib/thumb/v6-m/nofp\liblmalloc-musl.a(lite_free.o)
 .ARM.attributes
                0x00000c7c       0x2e D:/MPLAB X IDE/xc32_v5.00/bin/bin/../../lib/gcc/pic32c/13.2.1/../../../../pic32c/lib/thumb/v6-m/nofp\libc-musl.a(expand_heap.o)
 .ARM.attributes
                0x00000caa       0x2c D:/MPLAB X IDE/xc32_v5.00/bin/bin/../../lib/gcc/pic32c/13.2.1/../../../../pic32c/lib/thumb/v6-m/nofp\libpic32c.a(sbrk.o)
 .ARM.attributes
                0x00000cd6       0x1e D:/MPLAB X IDE/xc32_v5.00/bin/bin/../../lib/gcc/pic32c/13.2.1/thumb/v6-m/nofp\libgcc.a(_thumb1_case_uqi.o)
 .ARM.attributes
                0x00000cf4       0x1e D:/MPLAB X IDE/xc32_v5.00/bin/bin/../../lib/gcc/pic32c/13.2.1/thumb/v6-m/nofp\libgcc.a(_udivsi3.o)
 .ARM.attributes
                0x00000d12       0x1e D:/MPLAB X IDE/xc32_v5.00/bin/bin/../../lib/gcc/pic32c/13.2.1/thumb/v6-m/nofp\libgcc.a(_dvmd_tls.o)
 .ARM.attributes
                0x00000d30       0x1e D:/MPLAB X IDE/xc32_v5.00/bin/bin/../../lib/gcc/pic32c/13.2.1/thumb/v6-m/nofp\libgcc.a(_aeabi_uldivmod.o)
 .ARM.attributes
                0x00000d4e       0x2c D:/MPLAB X IDE/xc32_v5.00/bin/bin/../../lib/gcc/pic32c/13.2.1/thumb/v6-m/nofp\libgcc.a(_udivmoddi4.o)
 .ARM.attributes
                0x00000d7a       0x1e D:/MPLAB X IDE/xc32_v5.00/bin/bin/../../lib/gcc/pic32c/13.2.1/thumb/v6-m/nofp\libgcc.a(_lshrdi3.o)
 .ARM.attributes
                0x00000d98       0x1e D:/MPLAB X IDE/xc32_v5.00/bin/bin/../../lib/gcc/pic32c/13.2.1/thumb/v6-m/nofp\libgcc.a(_ashldi3.o)
 .ARM.attributes
                0x00000db6       0x1e D:/MPLAB X IDE/xc32_v5.00/bin/bin/../../lib/gcc/pic32c/13.2.1/thumb/v6-m/nofp\libgcc.a(_clzdi2.o)
 .ARM.attributes
                0x00000dd4       0x1e D:/MPLAB X IDE/xc32_v5.00/bin/bin/../../lib/gcc/pic32c/13.2.1/thumb/v6-m/nofp\libgcc.a(_clzsi2.o)
 .ARM.attributes
                0x00000df2       0x1e D:/MPLAB X IDE/xc32_v5.00/bin/bin/../../lib/gcc/pic32c/13.2.1/thumb/v6-m/nofp/crtn.o
 .ARM.attributes
                0x00000e10       0x2c D:/MPLAB X IDE/xc32_v5.00/bin/bin/../../lib/gcc/pic32c/13.2.1/../../../../pic32c/lib/thumb/v6-m/nofp\libpic32c.a(pic32_data_init_clear.o)
 .ARM.attributes
                0x00000e3c       0x2c D:/MPLAB X IDE/xc32_v5.00/bin/bin/../../lib/gcc/pic32c/13.2.1/../../../../pic32c/lib/thumb/v6-m/nofp\libpic32c.a(pic32_data_init_copy.o)

.comment        0x00000000       0x35
 .comment       0x00000000       0x35 D:/MPLAB X IDE/xc32_v5.00/bin/bin/../../lib/gcc/pic32c/13.2.1/thumb/v6-m/nofp/crtbegin.o
                                 0x36 (size before relaxing)
 .comment       0x00000035       0x36 build/default/production/_ext/1984496892/plib_clock.o
 .comment       0x00000035       0x36 build/default/production/_ext/60167341/plib_eic.o
 .comment       0x00000035       0x36 build/default/production/_ext/1986646378/plib_evsys.o
 .comment       0x00000035       0x36 build/default/production/_ext/1865468468/plib_nvic.o
 .comment       0x00000035       0x36 build/default/production/_ext/1593096446/plib_nvmctrl.o
 .comment       0x00000035       0x36 build/default/production/_ext/1865521619/plib_port.o
 .comment       0x00000035       0x36 build/default/production/_ext/504274921/plib_sercom7_usart.o
 .comment       0x00000035       0x36 build/default/production/_ext/504274921/plib_sercom5_usart.o
 .comment       0x00000035       0x36 build/default/production/_ext/163028504/xc32_monitor.o
 .comment       0x00000035       0x36 build/default/production/_ext/1171490990/initialization.o
 .comment       0x00000035       0x36 build/default/production/_ext/1171490990/interrupts.o
 .comment       0x00000035       0x36 build/default/production/_ext/1171490990/exceptions.o
 .comment       0x00000035       0x36 build/default/production/_ext/1171490990/startup_xc32.o
 .comment       0x00000035       0x36 build/default/production/_ext/1171490990/freertos_hooks.o
 .comment       0x00000035       0x36 build/default/production/_ext/1171490990/tasks.o
 .comment       0x00000035       0x36 build/default/production/_ext/1624415188/port.o
 .comment       0x00000035       0x36 build/default/production/_ext/1624415188/portasm.o
 .comment       0x00000035       0x36 build/default/production/_ext/1665200909/heap_1.o
 .comment       0x00000035       0x36 build/default/production/_ext/404212886/list.o
 .comment       0x00000035       0x36 build/default/production/_ext/404212886/FreeRTOS_tasks.o
 .comment       0x00000035       0x36 build/default/production/_ext/1360937237/main.o
 .comment       0x00000035       0x36 build/default/production/_ext/1360937237/app.o
 .comment       0x00000035       0x36 build/default/production/_ext/1237192811/TMC2209.o
 .comment       0x00000035       0x36 D:/MPLAB X IDE/xc32_v5.00/bin/bin/../../lib/gcc/pic32c/13.2.1/../../../../pic32c/lib/thumb/v6-m/nofp\libpic32c.a(data_init.o)
 .comment       0x00000035       0x36 D:/MPLAB X IDE/xc32_v5.00/bin/bin/../../lib/gcc/pic32c/13.2.1/../../../../pic32c/lib/thumb/v6-m/nofp\libc-size-musl.a(memcpy.o)
 .comment       0x00000035       0x36 D:/MPLAB X IDE/xc32_v5.00/bin/bin/../../lib/gcc/pic32c/13.2.1/../../../../pic32c/lib/thumb/v6-m/nofp\libc-size-musl.a(memset.o)
 .comment       0x00000035       0x36 D:/MPLAB X IDE/xc32_v5.00/bin/bin/../../lib/gcc/pic32c/13.2.1/../../../../pic32c/lib/thumb/v6-m/nofp\libc-musl.a(__libc_start_main.o)
 .comment       0x00000035       0x36 D:/MPLAB X IDE/xc32_v5.00/bin/bin/../../lib/gcc/pic32c/13.2.1/../../../../pic32c/lib/thumb/v6-m/nofp\libc-musl.a(libc.o)
 .comment       0x00000035       0x36 D:/MPLAB X IDE/xc32_v5.00/bin/bin/../../lib/gcc/pic32c/13.2.1/../../../../pic32c/lib/thumb/v6-m/nofp\libc-musl.a(__sio_printf_dnpxX.o)
 .comment       0x00000035       0x36 D:/MPLAB X IDE/xc32_v5.00/bin/bin/../../lib/gcc/pic32c/13.2.1/../../../../pic32c/lib/thumb/v6-m/nofp\libc-musl.a(__fmt_d.o)
 .comment       0x00000035       0x36 D:/MPLAB X IDE/xc32_v5.00/bin/bin/../../lib/gcc/pic32c/13.2.1/../../../../pic32c/lib/thumb/v6-m/nofp\libc-musl.a(__fmt_x.o)
 .comment       0x00000035       0x36 D:/MPLAB X IDE/xc32_v5.00/bin/bin/../../lib/gcc/pic32c/13.2.1/../../../../pic32c/lib/thumb/v6-m/nofp\libc-musl.a(__pop_int.o)
 .comment       0x00000035       0x36 D:/MPLAB X IDE/xc32_v5.00/bin/bin/../../lib/gcc/pic32c/13.2.1/../../../../pic32c/lib/thumb/v6-m/nofp\libc-musl.a(__pop_ptr.o)
 .comment       0x00000035       0x36 D:/MPLAB X IDE/xc32_v5.00/bin/bin/../../lib/gcc/pic32c/13.2.1/../../../../pic32c/lib/thumb/v6-m/nofp\libc-musl.a(__printf_core.o)
 .comment       0x00000035       0x36 D:/MPLAB X IDE/xc32_v5.00/bin/bin/../../lib/gcc/pic32c/13.2.1/../../../../pic32c/lib/thumb/v6-m/nofp\libc-musl.a(stdin.o)
 .comment       0x00000035       0x36 D:/MPLAB X IDE/xc32_v5.00/bin/bin/../../lib/gcc/pic32c/13.2.1/../../../../pic32c/lib/thumb/v6-m/nofp\libc-musl.a(stdout.o)
 .comment       0x00000035       0x36 D:/MPLAB X IDE/xc32_v5.00/bin/bin/../../lib/gcc/pic32c/13.2.1/../../../../pic32c/lib/thumb/v6-m/nofp\libc-musl.a(puts.o)
 .comment       0x00000035       0x36 D:/MPLAB X IDE/xc32_v5.00/bin/bin/../../lib/gcc/pic32c/13.2.1/../../../../pic32c/lib/thumb/v6-m/nofp\libc-musl.a(setbuf.o)
 .comment       0x00000035       0x36 D:/MPLAB X IDE/xc32_v5.00/bin/bin/../../lib/gcc/pic32c/13.2.1/../../../../pic32c/lib/thumb/v6-m/nofp\libc-musl.a(atoi.o)
 .comment       0x00000035       0x36 D:/MPLAB X IDE/xc32_v5.00/bin/bin/../../lib/gcc/pic32c/13.2.1/../../../../pic32c/lib/thumb/v6-m/nofp\libc-musl.a(tolower.o)
 .comment       0x00000035       0x36 D:/MPLAB X IDE/xc32_v5.00/bin/bin/../../lib/gcc/pic32c/13.2.1/../../../../pic32c/lib/thumb/v6-m/nofp\libc-musl.a(toupper.o)
 .comment       0x00000035       0x36 D:/MPLAB X IDE/xc32_v5.00/bin/bin/../../lib/gcc/pic32c/13.2.1/../../../../pic32c/lib/thumb/v6-m/nofp\libc-musl.a(__environ.o)
 .comment       0x00000035       0x36 D:/MPLAB X IDE/xc32_v5.00/bin/bin/../../lib/gcc/pic32c/13.2.1/../../../../pic32c/lib/thumb/v6-m/nofp\libc-musl.a(__errno_location.o)
 .comment       0x00000035       0x36 D:/MPLAB X IDE/xc32_v5.00/bin/bin/../../lib/gcc/pic32c/13.2.1/../../../../pic32c/lib/thumb/v6-m/nofp\libc-musl.a(__int_vfprintf.o)
 .comment       0x00000035       0x36 D:/MPLAB X IDE/xc32_v5.00/bin/bin/../../lib/gcc/pic32c/13.2.1/../../../../pic32c/lib/thumb/v6-m/nofp\libc-musl.a(fputs.o)
 .comment       0x00000035       0x36 D:/MPLAB X IDE/xc32_v5.00/bin/bin/../../lib/gcc/pic32c/13.2.1/../../../../pic32c/lib/thumb/v6-m/nofp\libc-musl.a(__cvt_u.o)
 .comment       0x00000035       0x36 D:/MPLAB X IDE/xc32_v5.00/bin/bin/../../lib/gcc/pic32c/13.2.1/../../../../pic32c/lib/thumb/v6-m/nofp\libc-musl.a(__pop_float.o)
 .comment       0x00000035       0x36 D:/MPLAB X IDE/xc32_v5.00/bin/bin/../../lib/gcc/pic32c/13.2.1/../../../../pic32c/lib/thumb/v6-m/nofp\libc-musl.a(__stdio_read.o)
 .comment       0x00000035       0x36 D:/MPLAB X IDE/xc32_v5.00/bin/bin/../../lib/gcc/pic32c/13.2.1/../../../../pic32c/lib/thumb/v6-m/nofp\libc-musl.a(__towrite_rw.o)
 .comment       0x00000035       0x36 D:/MPLAB X IDE/xc32_v5.00/bin/bin/../../lib/gcc/pic32c/13.2.1/../../../../pic32c/lib/thumb/v6-m/nofp\libc-musl.a(fwrite.o)
 .comment       0x00000035       0x36 D:/MPLAB X IDE/xc32_v5.00/bin/bin/../../lib/gcc/pic32c/13.2.1/../../../../pic32c/lib/thumb/v6-m/nofp\libc-musl.a(putc.o)
 .comment       0x00000035       0x36 D:/MPLAB X IDE/xc32_v5.00/bin/bin/../../lib/gcc/pic32c/13.2.1/../../../../pic32c/lib/thumb/v6-m/nofp\libc-musl.a(setvbuf.o)
 .comment       0x00000035       0x36 D:/MPLAB X IDE/xc32_v5.00/bin/bin/../../lib/gcc/pic32c/13.2.1/../../../../pic32c/lib/thumb/v6-m/nofp\libc-musl.a(readv.o)
 .comment       0x00000035       0x36 D:/MPLAB X IDE/xc32_v5.00/bin/bin/../../lib/gcc/pic32c/13.2.1/../../../../pic32c/lib/thumb/v6-m/nofp\libc-musl.a(__init_stdio.o)
 .comment       0x00000035       0x36 D:/MPLAB X IDE/xc32_v5.00/bin/bin/../../lib/gcc/pic32c/13.2.1/../../../../pic32c/lib/thumb/v6-m/nofp\libc-musl.a(__out.o)
 .comment       0x00000035       0x36 D:/MPLAB X IDE/xc32_v5.00/bin/bin/../../lib/gcc/pic32c/13.2.1/../../../../pic32c/lib/thumb/v6-m/nofp\libc-musl.a(__putc.o)
 .comment       0x00000035       0x36 D:/MPLAB X IDE/xc32_v5.00/bin/bin/../../lib/gcc/pic32c/13.2.1/../../../../pic32c/lib/thumb/v6-m/nofp\libc-musl.a(__stderr.o)
 .comment       0x00000035       0x36 D:/MPLAB X IDE/xc32_v5.00/bin/bin/../../lib/gcc/pic32c/13.2.1/../../../../pic32c/lib/thumb/v6-m/nofp\libc-musl.a(__stdio_close.o)
 .comment       0x00000035       0x36 D:/MPLAB X IDE/xc32_v5.00/bin/bin/../../lib/gcc/pic32c/13.2.1/../../../../pic32c/lib/thumb/v6-m/nofp\libc-musl.a(__stdio_write.o)
 .comment       0x00000035       0x36 D:/MPLAB X IDE/xc32_v5.00/bin/bin/../../lib/gcc/pic32c/13.2.1/../../../../pic32c/lib/thumb/v6-m/nofp\libc-musl.a(__stdout.o)
 .comment       0x00000035       0x36 D:/MPLAB X IDE/xc32_v5.00/bin/bin/../../lib/gcc/pic32c/13.2.1/../../../../pic32c/lib/thumb/v6-m/nofp\libc-musl.a(__towrite.o)
 .comment       0x00000035       0x36 D:/MPLAB X IDE/xc32_v5.00/bin/bin/../../lib/gcc/pic32c/13.2.1/../../../../pic32c/lib/thumb/v6-m/nofp\libc-musl.a(writev.o)
 .comment       0x00000035       0x36 D:/MPLAB X IDE/xc32_v5.00/bin/bin/../../lib/gcc/pic32c/13.2.1/../../../../pic32c/lib/thumb/v6-m/nofp\libc-musl.a(__overflow.o)
 .comment       0x00000035       0x36 D:/MPLAB X IDE/xc32_v5.00/bin/bin/../../lib/gcc/pic32c/13.2.1/../../../../pic32c/lib/thumb/v6-m/nofp\libc-musl.a(__fwrite.o)
 .comment       0x00000035       0x36 D:/MPLAB X IDE/xc32_v5.00/bin/bin/../../lib/gcc/pic32c/13.2.1/../../../../pic32c/lib/thumb/v6-m/nofp\libpic32c.a(close.o)
 .comment       0x00000035       0x36 D:/MPLAB X IDE/xc32_v5.00/bin/bin/../../lib/gcc/pic32c/13.2.1/../../../../pic32c/lib/thumb/v6-m/nofp\libpic32c.a(lseek.o)
 .comment       0x00000035       0x36 D:/MPLAB X IDE/xc32_v5.00/bin/bin/../../lib/gcc/pic32c/13.2.1/../../../../pic32c/lib/thumb/v6-m/nofp\libc-size-musl.a(strlen.o)
 .comment       0x00000035       0x36 D:/MPLAB X IDE/xc32_v5.00/bin/bin/../../lib/gcc/pic32c/13.2.1/../../../../pic32c/lib/thumb/v6-m/nofp\liblmalloc-musl.a(lite_malloc.o)
 .comment       0x00000035       0x36 D:/MPLAB X IDE/xc32_v5.00/bin/bin/../../lib/gcc/pic32c/13.2.1/../../../../pic32c/lib/thumb/v6-m/nofp\liblmalloc-musl.a(lite_free.o)
 .comment       0x00000035       0x36 D:/MPLAB X IDE/xc32_v5.00/bin/bin/../../lib/gcc/pic32c/13.2.1/../../../../pic32c/lib/thumb/v6-m/nofp\libc-musl.a(expand_heap.o)
 .comment       0x00000035       0x36 D:/MPLAB X IDE/xc32_v5.00/bin/bin/../../lib/gcc/pic32c/13.2.1/../../../../pic32c/lib/thumb/v6-m/nofp\libpic32c.a(sbrk.o)
 .comment       0x00000035       0x36 D:/MPLAB X IDE/xc32_v5.00/bin/bin/../../lib/gcc/pic32c/13.2.1/thumb/v6-m/nofp\libgcc.a(_udivmoddi4.o)
 .comment       0x00000035       0x36 D:/MPLAB X IDE/xc32_v5.00/bin/bin/../../lib/gcc/pic32c/13.2.1/../../../../pic32c/lib/thumb/v6-m/nofp\libpic32c.a(pic32_data_init_clear.o)
 .comment       0x00000035       0x36 D:/MPLAB X IDE/xc32_v5.00/bin/bin/../../lib/gcc/pic32c/13.2.1/../../../../pic32c/lib/thumb/v6-m/nofp\libpic32c.a(pic32_data_init_copy.o)

.debug_info     0x00000000    0x11a8a
 .debug_info    0x00000000      0x5d2 build/default/production/_ext/1984496892/plib_clock.o
 .debug_info    0x000005d2      0x3a1 build/default/production/_ext/60167341/plib_eic.o
 .debug_info    0x00000973       0x9b build/default/production/_ext/1986646378/plib_evsys.o
 .debug_info    0x00000a0e      0x807 build/default/production/_ext/1865468468/plib_nvic.o
 .debug_info    0x00001215      0x791 build/default/production/_ext/1593096446/plib_nvmctrl.o
 .debug_info    0x000019a6      0x7a4 build/default/production/_ext/1865521619/plib_port.o
 .debug_info    0x0000214a      0xf09 build/default/production/_ext/504274921/plib_sercom7_usart.o
 .debug_info    0x00003053     0x17ca build/default/production/_ext/504274921/plib_sercom5_usart.o
 .debug_info    0x0000481d      0x1ef build/default/production/_ext/163028504/xc32_monitor.o
 .debug_info    0x00004a0c      0x3f8 build/default/production/_ext/1171490990/initialization.o
 .debug_info    0x00004e04      0x43a build/default/production/_ext/1171490990/interrupts.o
 .debug_info    0x0000523e       0xba build/default/production/_ext/1171490990/exceptions.o
 .debug_info    0x000052f8      0x200 build/default/production/_ext/1171490990/startup_xc32.o
 .debug_info    0x000054f8      0x1a6 build/default/production/_ext/1171490990/freertos_hooks.o
 .debug_info    0x0000569e      0x215 build/default/production/_ext/1171490990/tasks.o
 .debug_info    0x000058b3      0x3a3 build/default/production/_ext/1624415188/port.o
 .debug_info    0x00005c56      0x17c build/default/production/_ext/1624415188/portasm.o
 .debug_info    0x00005dd2      0x23b build/default/production/_ext/1665200909/heap_1.o
 .debug_info    0x0000600d      0x2ff build/default/production/_ext/404212886/list.o
 .debug_info    0x0000630c     0x2a1c build/default/production/_ext/404212886/FreeRTOS_tasks.o
 .debug_info    0x00008d28      0x4f4 build/default/production/_ext/1360937237/main.o
 .debug_info    0x0000921c      0x13a build/default/production/_ext/1360937237/app.o
 .debug_info    0x00009356      0xbae build/default/production/_ext/1237192811/TMC2209.o
 .debug_info    0x00009f04      0x212 D:/MPLAB X IDE/xc32_v5.00/bin/bin/../../lib/gcc/pic32c/13.2.1/../../../../pic32c/lib/thumb/v6-m/nofp\libpic32c.a(data_init.o)
 .debug_info    0x0000a116       0xed D:/MPLAB X IDE/xc32_v5.00/bin/bin/../../lib/gcc/pic32c/13.2.1/../../../../pic32c/lib/thumb/v6-m/nofp\libc-size-musl.a(memcpy.o)
 .debug_info    0x0000a203       0xc2 D:/MPLAB X IDE/xc32_v5.00/bin/bin/../../lib/gcc/pic32c/13.2.1/../../../../pic32c/lib/thumb/v6-m/nofp\libc-size-musl.a(memset.o)
 .debug_info    0x0000a2c5      0x2fb D:/MPLAB X IDE/xc32_v5.00/bin/bin/../../lib/gcc/pic32c/13.2.1/../../../../pic32c/lib/thumb/v6-m/nofp\libc-musl.a(__libc_start_main.o)
 .debug_info    0x0000a5c0      0x276 D:/MPLAB X IDE/xc32_v5.00/bin/bin/../../lib/gcc/pic32c/13.2.1/../../../../pic32c/lib/thumb/v6-m/nofp\libc-musl.a(libc.o)
 .debug_info    0x0000a836      0x1e2 D:/MPLAB X IDE/xc32_v5.00/bin/bin/../../lib/gcc/pic32c/13.2.1/../../../../pic32c/lib/thumb/v6-m/nofp\libc-musl.a(__sio_printf_dnpxX.o)
 .debug_info    0x0000aa18      0x374 D:/MPLAB X IDE/xc32_v5.00/bin/bin/../../lib/gcc/pic32c/13.2.1/../../../../pic32c/lib/thumb/v6-m/nofp\libc-musl.a(__fmt_d.o)
 .debug_info    0x0000ad8c      0x35f D:/MPLAB X IDE/xc32_v5.00/bin/bin/../../lib/gcc/pic32c/13.2.1/../../../../pic32c/lib/thumb/v6-m/nofp\libc-musl.a(__fmt_x.o)
 .debug_info    0x0000b0eb      0x183 D:/MPLAB X IDE/xc32_v5.00/bin/bin/../../lib/gcc/pic32c/13.2.1/../../../../pic32c/lib/thumb/v6-m/nofp\libc-musl.a(__pop_int.o)
 .debug_info    0x0000b26e      0x18d D:/MPLAB X IDE/xc32_v5.00/bin/bin/../../lib/gcc/pic32c/13.2.1/../../../../pic32c/lib/thumb/v6-m/nofp\libc-musl.a(__pop_ptr.o)
 .debug_info    0x0000b3fb      0xb26 D:/MPLAB X IDE/xc32_v5.00/bin/bin/../../lib/gcc/pic32c/13.2.1/../../../../pic32c/lib/thumb/v6-m/nofp\libc-musl.a(__printf_core.o)
 .debug_info    0x0000bf21      0x424 D:/MPLAB X IDE/xc32_v5.00/bin/bin/../../lib/gcc/pic32c/13.2.1/../../../../pic32c/lib/thumb/v6-m/nofp\libc-musl.a(stdin.o)
 .debug_info    0x0000c345      0x1e6 D:/MPLAB X IDE/xc32_v5.00/bin/bin/../../lib/gcc/pic32c/13.2.1/../../../../pic32c/lib/thumb/v6-m/nofp\libc-musl.a(stdout.o)
 .debug_info    0x0000c52b      0x3ce D:/MPLAB X IDE/xc32_v5.00/bin/bin/../../lib/gcc/pic32c/13.2.1/../../../../pic32c/lib/thumb/v6-m/nofp\libc-musl.a(puts.o)
 .debug_info    0x0000c8f9      0x121 D:/MPLAB X IDE/xc32_v5.00/bin/bin/../../lib/gcc/pic32c/13.2.1/../../../../pic32c/lib/thumb/v6-m/nofp\libc-musl.a(setbuf.o)
 .debug_info    0x0000ca1a       0xf4 D:/MPLAB X IDE/xc32_v5.00/bin/bin/../../lib/gcc/pic32c/13.2.1/../../../../pic32c/lib/thumb/v6-m/nofp\libc-musl.a(atoi.o)
 .debug_info    0x0000cb0e      0x13e D:/MPLAB X IDE/xc32_v5.00/bin/bin/../../lib/gcc/pic32c/13.2.1/../../../../pic32c/lib/thumb/v6-m/nofp\libc-musl.a(tolower.o)
 .debug_info    0x0000cc4c      0x13e D:/MPLAB X IDE/xc32_v5.00/bin/bin/../../lib/gcc/pic32c/13.2.1/../../../../pic32c/lib/thumb/v6-m/nofp\libc-musl.a(toupper.o)
 .debug_info    0x0000cd8a       0x97 D:/MPLAB X IDE/xc32_v5.00/bin/bin/../../lib/gcc/pic32c/13.2.1/../../../../pic32c/lib/thumb/v6-m/nofp\libc-musl.a(__environ.o)
 .debug_info    0x0000ce21       0x5b D:/MPLAB X IDE/xc32_v5.00/bin/bin/../../lib/gcc/pic32c/13.2.1/../../../../pic32c/lib/thumb/v6-m/nofp\libc-musl.a(__errno_location.o)
 .debug_info    0x0000ce7c      0x21c D:/MPLAB X IDE/xc32_v5.00/bin/bin/../../lib/gcc/pic32c/13.2.1/../../../../pic32c/lib/thumb/v6-m/nofp\libc-musl.a(__int_vfprintf.o)
 .debug_info    0x0000d098      0x3de D:/MPLAB X IDE/xc32_v5.00/bin/bin/../../lib/gcc/pic32c/13.2.1/../../../../pic32c/lib/thumb/v6-m/nofp\libc-musl.a(fputs.o)
 .debug_info    0x0000d476      0x1e3 D:/MPLAB X IDE/xc32_v5.00/bin/bin/../../lib/gcc/pic32c/13.2.1/../../../../pic32c/lib/thumb/v6-m/nofp\libc-musl.a(__cvt_u.o)
 .debug_info    0x0000d659      0x163 D:/MPLAB X IDE/xc32_v5.00/bin/bin/../../lib/gcc/pic32c/13.2.1/../../../../pic32c/lib/thumb/v6-m/nofp\libc-musl.a(__pop_float.o)
 .debug_info    0x0000d7bc      0x40b D:/MPLAB X IDE/xc32_v5.00/bin/bin/../../lib/gcc/pic32c/13.2.1/../../../../pic32c/lib/thumb/v6-m/nofp\libc-musl.a(__stdio_read.o)
 .debug_info    0x0000dbc7      0x331 D:/MPLAB X IDE/xc32_v5.00/bin/bin/../../lib/gcc/pic32c/13.2.1/../../../../pic32c/lib/thumb/v6-m/nofp\libc-musl.a(__towrite_rw.o)
 .debug_info    0x0000def8      0x2a1 D:/MPLAB X IDE/xc32_v5.00/bin/bin/../../lib/gcc/pic32c/13.2.1/../../../../pic32c/lib/thumb/v6-m/nofp\libc-musl.a(fwrite.o)
 .debug_info    0x0000e199      0x247 D:/MPLAB X IDE/xc32_v5.00/bin/bin/../../lib/gcc/pic32c/13.2.1/../../../../pic32c/lib/thumb/v6-m/nofp\libc-musl.a(putc.o)
 .debug_info    0x0000e3e0      0x2ea D:/MPLAB X IDE/xc32_v5.00/bin/bin/../../lib/gcc/pic32c/13.2.1/../../../../pic32c/lib/thumb/v6-m/nofp\libc-musl.a(setvbuf.o)
 .debug_info    0x0000e6ca      0x163 D:/MPLAB X IDE/xc32_v5.00/bin/bin/../../lib/gcc/pic32c/13.2.1/../../../../pic32c/lib/thumb/v6-m/nofp\libc-musl.a(readv.o)
 .debug_info    0x0000e82d       0xc3 D:/MPLAB X IDE/xc32_v5.00/bin/bin/../../lib/gcc/pic32c/13.2.1/../../../../pic32c/lib/thumb/v6-m/nofp\libc-musl.a(__init_stdio.o)
 .debug_info    0x0000e8f0      0x2fb D:/MPLAB X IDE/xc32_v5.00/bin/bin/../../lib/gcc/pic32c/13.2.1/../../../../pic32c/lib/thumb/v6-m/nofp\libc-musl.a(__out.o)
 .debug_info    0x0000ebeb      0x2c1 D:/MPLAB X IDE/xc32_v5.00/bin/bin/../../lib/gcc/pic32c/13.2.1/../../../../pic32c/lib/thumb/v6-m/nofp\libc-musl.a(__putc.o)
 .debug_info    0x0000eeac      0x3e7 D:/MPLAB X IDE/xc32_v5.00/bin/bin/../../lib/gcc/pic32c/13.2.1/../../../../pic32c/lib/thumb/v6-m/nofp\libc-musl.a(__stderr.o)
 .debug_info    0x0000f293      0x419 D:/MPLAB X IDE/xc32_v5.00/bin/bin/../../lib/gcc/pic32c/13.2.1/../../../../pic32c/lib/thumb/v6-m/nofp\libc-musl.a(__stdio_close.o)
 .debug_info    0x0000f6ac      0x485 D:/MPLAB X IDE/xc32_v5.00/bin/bin/../../lib/gcc/pic32c/13.2.1/../../../../pic32c/lib/thumb/v6-m/nofp\libc-musl.a(__stdio_write.o)
 .debug_info    0x0000fb31      0x3e7 D:/MPLAB X IDE/xc32_v5.00/bin/bin/../../lib/gcc/pic32c/13.2.1/../../../../pic32c/lib/thumb/v6-m/nofp\libc-musl.a(__stdout.o)
 .debug_info    0x0000ff18      0x275 D:/MPLAB X IDE/xc32_v5.00/bin/bin/../../lib/gcc/pic32c/13.2.1/../../../../pic32c/lib/thumb/v6-m/nofp\libc-musl.a(__towrite.o)
 .debug_info    0x0001018d      0x16a D:/MPLAB X IDE/xc32_v5.00/bin/bin/../../lib/gcc/pic32c/13.2.1/../../../../pic32c/lib/thumb/v6-m/nofp\libc-musl.a(writev.o)
 .debug_info    0x000102f7      0x38f D:/MPLAB X IDE/xc32_v5.00/bin/bin/../../lib/gcc/pic32c/13.2.1/../../../../pic32c/lib/thumb/v6-m/nofp\libc-musl.a(__overflow.o)
 .debug_info    0x00010686      0x2ee D:/MPLAB X IDE/xc32_v5.00/bin/bin/../../lib/gcc/pic32c/13.2.1/../../../../pic32c/lib/thumb/v6-m/nofp\libc-musl.a(__fwrite.o)
 .debug_info    0x00010974       0xa6 D:/MPLAB X IDE/xc32_v5.00/bin/bin/../../lib/gcc/pic32c/13.2.1/../../../../pic32c/lib/thumb/v6-m/nofp\libpic32c.a(close.o)
 .debug_info    0x00010a1a       0xbc D:/MPLAB X IDE/xc32_v5.00/bin/bin/../../lib/gcc/pic32c/13.2.1/../../../../pic32c/lib/thumb/v6-m/nofp\libpic32c.a(lseek.o)
 .debug_info    0x00010ad6       0xab D:/MPLAB X IDE/xc32_v5.00/bin/bin/../../lib/gcc/pic32c/13.2.1/../../../../pic32c/lib/thumb/v6-m/nofp\libc-size-musl.a(strlen.o)
 .debug_info    0x00010b81      0x1dc D:/MPLAB X IDE/xc32_v5.00/bin/bin/../../lib/gcc/pic32c/13.2.1/../../../../pic32c/lib/thumb/v6-m/nofp\liblmalloc-musl.a(lite_malloc.o)
 .debug_info    0x00010d5d      0x276 D:/MPLAB X IDE/xc32_v5.00/bin/bin/../../lib/gcc/pic32c/13.2.1/../../../../pic32c/lib/thumb/v6-m/nofp\liblmalloc-musl.a(lite_free.o)
 .debug_info    0x00010fd3      0x115 D:/MPLAB X IDE/xc32_v5.00/bin/bin/../../lib/gcc/pic32c/13.2.1/../../../../pic32c/lib/thumb/v6-m/nofp\libc-musl.a(expand_heap.o)
 .debug_info    0x000110e8      0x186 D:/MPLAB X IDE/xc32_v5.00/bin/bin/../../lib/gcc/pic32c/13.2.1/../../../../pic32c/lib/thumb/v6-m/nofp\libpic32c.a(sbrk.o)
 .debug_info    0x0001126e       0x35 D:/MPLAB X IDE/xc32_v5.00/bin/bin/../../lib/gcc/pic32c/13.2.1/thumb/v6-m/nofp\libgcc.a(_thumb1_case_uqi.o)
 .debug_info    0x000112a3       0x51 D:/MPLAB X IDE/xc32_v5.00/bin/bin/../../lib/gcc/pic32c/13.2.1/thumb/v6-m/nofp\libgcc.a(_udivsi3.o)
 .debug_info    0x000112f4       0x41 D:/MPLAB X IDE/xc32_v5.00/bin/bin/../../lib/gcc/pic32c/13.2.1/thumb/v6-m/nofp\libgcc.a(_dvmd_tls.o)
 .debug_info    0x00011335       0x35 D:/MPLAB X IDE/xc32_v5.00/bin/bin/../../lib/gcc/pic32c/13.2.1/thumb/v6-m/nofp\libgcc.a(_aeabi_uldivmod.o)
 .debug_info    0x0001136a      0x3fc D:/MPLAB X IDE/xc32_v5.00/bin/bin/../../lib/gcc/pic32c/13.2.1/thumb/v6-m/nofp\libgcc.a(_udivmoddi4.o)
 .debug_info    0x00011766       0x43 D:/MPLAB X IDE/xc32_v5.00/bin/bin/../../lib/gcc/pic32c/13.2.1/thumb/v6-m/nofp\libgcc.a(_lshrdi3.o)
 .debug_info    0x000117a9       0x43 D:/MPLAB X IDE/xc32_v5.00/bin/bin/../../lib/gcc/pic32c/13.2.1/thumb/v6-m/nofp\libgcc.a(_ashldi3.o)
 .debug_info    0x000117ec       0x26 D:/MPLAB X IDE/xc32_v5.00/bin/bin/../../lib/gcc/pic32c/13.2.1/thumb/v6-m/nofp\libgcc.a(_clzdi2.o)
 .debug_info    0x00011812       0x35 D:/MPLAB X IDE/xc32_v5.00/bin/bin/../../lib/gcc/pic32c/13.2.1/thumb/v6-m/nofp\libgcc.a(_clzsi2.o)
 .debug_info    0x00011847      0x117 D:/MPLAB X IDE/xc32_v5.00/bin/bin/../../lib/gcc/pic32c/13.2.1/../../../../pic32c/lib/thumb/v6-m/nofp\libpic32c.a(pic32_data_init_clear.o)
 .debug_info    0x0001195e      0x12c D:/MPLAB X IDE/xc32_v5.00/bin/bin/../../lib/gcc/pic32c/13.2.1/../../../../pic32c/lib/thumb/v6-m/nofp\libpic32c.a(pic32_data_init_copy.o)

.debug_abbrev   0x00000000     0x5eb9
 .debug_abbrev  0x00000000      0x140 build/default/production/_ext/1984496892/plib_clock.o
 .debug_abbrev  0x00000140      0x181 build/default/production/_ext/60167341/plib_eic.o
 .debug_abbrev  0x000002c1       0x46 build/default/production/_ext/1986646378/plib_evsys.o
 .debug_abbrev  0x00000307      0x24c build/default/production/_ext/1865468468/plib_nvic.o
 .debug_abbrev  0x00000553      0x1ec build/default/production/_ext/1593096446/plib_nvmctrl.o
 .debug_abbrev  0x0000073f      0x1ea build/default/production/_ext/1865521619/plib_port.o
 .debug_abbrev  0x00000929      0x285 build/default/production/_ext/504274921/plib_sercom7_usart.o
 .debug_abbrev  0x00000bae      0x41f build/default/production/_ext/504274921/plib_sercom5_usart.o
 .debug_abbrev  0x00000fcd      0x105 build/default/production/_ext/163028504/xc32_monitor.o
 .debug_abbrev  0x000010d2      0x193 build/default/production/_ext/1171490990/initialization.o
 .debug_abbrev  0x00001265       0xd3 build/default/production/_ext/1171490990/interrupts.o
 .debug_abbrev  0x00001338       0x49 build/default/production/_ext/1171490990/exceptions.o
 .debug_abbrev  0x00001381      0x12c build/default/production/_ext/1171490990/startup_xc32.o
 .debug_abbrev  0x000014ad      0x101 build/default/production/_ext/1171490990/freertos_hooks.o
 .debug_abbrev  0x000015ae      0x145 build/default/production/_ext/1171490990/tasks.o
 .debug_abbrev  0x000016f3      0x1bd build/default/production/_ext/1624415188/port.o
 .debug_abbrev  0x000018b0       0xc7 build/default/production/_ext/1624415188/portasm.o
 .debug_abbrev  0x00001977      0x173 build/default/production/_ext/1665200909/heap_1.o
 .debug_abbrev  0x00001aea      0x12c build/default/production/_ext/404212886/list.o
 .debug_abbrev  0x00001c16      0x44e build/default/production/_ext/404212886/FreeRTOS_tasks.o
 .debug_abbrev  0x00002064      0x156 build/default/production/_ext/1360937237/main.o
 .debug_abbrev  0x000021ba       0xdd build/default/production/_ext/1360937237/app.o
 .debug_abbrev  0x00002297      0x275 build/default/production/_ext/1237192811/TMC2209.o
 .debug_abbrev  0x0000250c      0x156 D:/MPLAB X IDE/xc32_v5.00/bin/bin/../../lib/gcc/pic32c/13.2.1/../../../../pic32c/lib/thumb/v6-m/nofp\libpic32c.a(data_init.o)
 .debug_abbrev  0x00002662       0xbb D:/MPLAB X IDE/xc32_v5.00/bin/bin/../../lib/gcc/pic32c/13.2.1/../../../../pic32c/lib/thumb/v6-m/nofp\libc-size-musl.a(memcpy.o)
 .debug_abbrev  0x0000271d       0xa2 D:/MPLAB X IDE/xc32_v5.00/bin/bin/../../lib/gcc/pic32c/13.2.1/../../../../pic32c/lib/thumb/v6-m/nofp\libc-size-musl.a(memset.o)
 .debug_abbrev  0x000027bf      0x133 D:/MPLAB X IDE/xc32_v5.00/bin/bin/../../lib/gcc/pic32c/13.2.1/../../../../pic32c/lib/thumb/v6-m/nofp\libc-musl.a(__libc_start_main.o)
 .debug_abbrev  0x000028f2       0xd4 D:/MPLAB X IDE/xc32_v5.00/bin/bin/../../lib/gcc/pic32c/13.2.1/../../../../pic32c/lib/thumb/v6-m/nofp\libc-musl.a(libc.o)
 .debug_abbrev  0x000029c6      0x15d D:/MPLAB X IDE/xc32_v5.00/bin/bin/../../lib/gcc/pic32c/13.2.1/../../../../pic32c/lib/thumb/v6-m/nofp\libc-musl.a(__sio_printf_dnpxX.o)
 .debug_abbrev  0x00002b23      0x16b D:/MPLAB X IDE/xc32_v5.00/bin/bin/../../lib/gcc/pic32c/13.2.1/../../../../pic32c/lib/thumb/v6-m/nofp\libc-musl.a(__fmt_d.o)
 .debug_abbrev  0x00002c8e      0x15a D:/MPLAB X IDE/xc32_v5.00/bin/bin/../../lib/gcc/pic32c/13.2.1/../../../../pic32c/lib/thumb/v6-m/nofp\libc-musl.a(__fmt_x.o)
 .debug_abbrev  0x00002de8       0xdc D:/MPLAB X IDE/xc32_v5.00/bin/bin/../../lib/gcc/pic32c/13.2.1/../../../../pic32c/lib/thumb/v6-m/nofp\libc-musl.a(__pop_int.o)
 .debug_abbrev  0x00002ec4       0xdc D:/MPLAB X IDE/xc32_v5.00/bin/bin/../../lib/gcc/pic32c/13.2.1/../../../../pic32c/lib/thumb/v6-m/nofp\libc-musl.a(__pop_ptr.o)
 .debug_abbrev  0x00002fa0      0x324 D:/MPLAB X IDE/xc32_v5.00/bin/bin/../../lib/gcc/pic32c/13.2.1/../../../../pic32c/lib/thumb/v6-m/nofp\libc-musl.a(__printf_core.o)
 .debug_abbrev  0x000032c4      0x1c9 D:/MPLAB X IDE/xc32_v5.00/bin/bin/../../lib/gcc/pic32c/13.2.1/../../../../pic32c/lib/thumb/v6-m/nofp\libc-musl.a(stdin.o)
 .debug_abbrev  0x0000348d      0x144 D:/MPLAB X IDE/xc32_v5.00/bin/bin/../../lib/gcc/pic32c/13.2.1/../../../../pic32c/lib/thumb/v6-m/nofp\libc-musl.a(stdout.o)
 .debug_abbrev  0x000035d1      0x15a D:/MPLAB X IDE/xc32_v5.00/bin/bin/../../lib/gcc/pic32c/13.2.1/../../../../pic32c/lib/thumb/v6-m/nofp\libc-musl.a(puts.o)
 .debug_abbrev  0x0000372b       0xbf D:/MPLAB X IDE/xc32_v5.00/bin/bin/../../lib/gcc/pic32c/13.2.1/../../../../pic32c/lib/thumb/v6-m/nofp\libc-musl.a(setbuf.o)
 .debug_abbrev  0x000037ea       0xc6 D:/MPLAB X IDE/xc32_v5.00/bin/bin/../../lib/gcc/pic32c/13.2.1/../../../../pic32c/lib/thumb/v6-m/nofp\libc-musl.a(atoi.o)
 .debug_abbrev  0x000038b0       0xf4 D:/MPLAB X IDE/xc32_v5.00/bin/bin/../../lib/gcc/pic32c/13.2.1/../../../../pic32c/lib/thumb/v6-m/nofp\libc-musl.a(tolower.o)
 .debug_abbrev  0x000039a4       0xf4 D:/MPLAB X IDE/xc32_v5.00/bin/bin/../../lib/gcc/pic32c/13.2.1/../../../../pic32c/lib/thumb/v6-m/nofp\libc-musl.a(toupper.o)
 .debug_abbrev  0x00003a98       0x62 D:/MPLAB X IDE/xc32_v5.00/bin/bin/../../lib/gcc/pic32c/13.2.1/../../../../pic32c/lib/thumb/v6-m/nofp\libc-musl.a(__environ.o)
 .debug_abbrev  0x00003afa       0x39 D:/MPLAB X IDE/xc32_v5.00/bin/bin/../../lib/gcc/pic32c/13.2.1/../../../../pic32c/lib/thumb/v6-m/nofp\libc-musl.a(__errno_location.o)
 .debug_abbrev  0x00003b33      0x13a D:/MPLAB X IDE/xc32_v5.00/bin/bin/../../lib/gcc/pic32c/13.2.1/../../../../pic32c/lib/thumb/v6-m/nofp\libc-musl.a(__int_vfprintf.o)
 .debug_abbrev  0x00003c6d      0x14c D:/MPLAB X IDE/xc32_v5.00/bin/bin/../../lib/gcc/pic32c/13.2.1/../../../../pic32c/lib/thumb/v6-m/nofp\libc-musl.a(fputs.o)
 .debug_abbrev  0x00003db9      0x10c D:/MPLAB X IDE/xc32_v5.00/bin/bin/../../lib/gcc/pic32c/13.2.1/../../../../pic32c/lib/thumb/v6-m/nofp\libc-musl.a(__cvt_u.o)
 .debug_abbrev  0x00003ec5       0xdc D:/MPLAB X IDE/xc32_v5.00/bin/bin/../../lib/gcc/pic32c/13.2.1/../../../../pic32c/lib/thumb/v6-m/nofp\libc-musl.a(__pop_float.o)
 .debug_abbrev  0x00003fa1      0x176 D:/MPLAB X IDE/xc32_v5.00/bin/bin/../../lib/gcc/pic32c/13.2.1/../../../../pic32c/lib/thumb/v6-m/nofp\libc-musl.a(__stdio_read.o)
 .debug_abbrev  0x00004117       0xf8 D:/MPLAB X IDE/xc32_v5.00/bin/bin/../../lib/gcc/pic32c/13.2.1/../../../../pic32c/lib/thumb/v6-m/nofp\libc-musl.a(__towrite_rw.o)
 .debug_abbrev  0x0000420f      0x161 D:/MPLAB X IDE/xc32_v5.00/bin/bin/../../lib/gcc/pic32c/13.2.1/../../../../pic32c/lib/thumb/v6-m/nofp\libc-musl.a(fwrite.o)
 .debug_abbrev  0x00004370      0x167 D:/MPLAB X IDE/xc32_v5.00/bin/bin/../../lib/gcc/pic32c/13.2.1/../../../../pic32c/lib/thumb/v6-m/nofp\libc-musl.a(putc.o)
 .debug_abbrev  0x000044d7      0x152 D:/MPLAB X IDE/xc32_v5.00/bin/bin/../../lib/gcc/pic32c/13.2.1/../../../../pic32c/lib/thumb/v6-m/nofp\libc-musl.a(setvbuf.o)
 .debug_abbrev  0x00004629      0x101 D:/MPLAB X IDE/xc32_v5.00/bin/bin/../../lib/gcc/pic32c/13.2.1/../../../../pic32c/lib/thumb/v6-m/nofp\libc-musl.a(readv.o)
 .debug_abbrev  0x0000472a       0x65 D:/MPLAB X IDE/xc32_v5.00/bin/bin/../../lib/gcc/pic32c/13.2.1/../../../../pic32c/lib/thumb/v6-m/nofp\libc-musl.a(__init_stdio.o)
 .debug_abbrev  0x0000478f      0x184 D:/MPLAB X IDE/xc32_v5.00/bin/bin/../../lib/gcc/pic32c/13.2.1/../../../../pic32c/lib/thumb/v6-m/nofp\libc-musl.a(__out.o)
 .debug_abbrev  0x00004913      0x10a D:/MPLAB X IDE/xc32_v5.00/bin/bin/../../lib/gcc/pic32c/13.2.1/../../../../pic32c/lib/thumb/v6-m/nofp\libc-musl.a(__putc.o)
 .debug_abbrev  0x00004a1d      0x194 D:/MPLAB X IDE/xc32_v5.00/bin/bin/../../lib/gcc/pic32c/13.2.1/../../../../pic32c/lib/thumb/v6-m/nofp\libc-musl.a(__stderr.o)
 .debug_abbrev  0x00004bb1      0x16e D:/MPLAB X IDE/xc32_v5.00/bin/bin/../../lib/gcc/pic32c/13.2.1/../../../../pic32c/lib/thumb/v6-m/nofp\libc-musl.a(__stdio_close.o)
 .debug_abbrev  0x00004d1f      0x1c5 D:/MPLAB X IDE/xc32_v5.00/bin/bin/../../lib/gcc/pic32c/13.2.1/../../../../pic32c/lib/thumb/v6-m/nofp\libc-musl.a(__stdio_write.o)
 .debug_abbrev  0x00004ee4      0x194 D:/MPLAB X IDE/xc32_v5.00/bin/bin/../../lib/gcc/pic32c/13.2.1/../../../../pic32c/lib/thumb/v6-m/nofp\libc-musl.a(__stdout.o)
 .debug_abbrev  0x00005078      0x114 D:/MPLAB X IDE/xc32_v5.00/bin/bin/../../lib/gcc/pic32c/13.2.1/../../../../pic32c/lib/thumb/v6-m/nofp\libc-musl.a(__towrite.o)
 .debug_abbrev  0x0000518c      0x106 D:/MPLAB X IDE/xc32_v5.00/bin/bin/../../lib/gcc/pic32c/13.2.1/../../../../pic32c/lib/thumb/v6-m/nofp\libc-musl.a(writev.o)
 .debug_abbrev  0x00005292      0x142 D:/MPLAB X IDE/xc32_v5.00/bin/bin/../../lib/gcc/pic32c/13.2.1/../../../../pic32c/lib/thumb/v6-m/nofp\libc-musl.a(__overflow.o)
 .debug_abbrev  0x000053d4      0x13c D:/MPLAB X IDE/xc32_v5.00/bin/bin/../../lib/gcc/pic32c/13.2.1/../../../../pic32c/lib/thumb/v6-m/nofp\libc-musl.a(__fwrite.o)
 .debug_abbrev  0x00005510       0x81 D:/MPLAB X IDE/xc32_v5.00/bin/bin/../../lib/gcc/pic32c/13.2.1/../../../../pic32c/lib/thumb/v6-m/nofp\libpic32c.a(close.o)
 .debug_abbrev  0x00005591       0x92 D:/MPLAB X IDE/xc32_v5.00/bin/bin/../../lib/gcc/pic32c/13.2.1/../../../../pic32c/lib/thumb/v6-m/nofp\libpic32c.a(lseek.o)
 .debug_abbrev  0x00005623       0x91 D:/MPLAB X IDE/xc32_v5.00/bin/bin/../../lib/gcc/pic32c/13.2.1/../../../../pic32c/lib/thumb/v6-m/nofp\libc-size-musl.a(strlen.o)
 .debug_abbrev  0x000056b4      0x13d D:/MPLAB X IDE/xc32_v5.00/bin/bin/../../lib/gcc/pic32c/13.2.1/../../../../pic32c/lib/thumb/v6-m/nofp\liblmalloc-musl.a(lite_malloc.o)
 .debug_abbrev  0x000057f1      0x184 D:/MPLAB X IDE/xc32_v5.00/bin/bin/../../lib/gcc/pic32c/13.2.1/../../../../pic32c/lib/thumb/v6-m/nofp\liblmalloc-musl.a(lite_free.o)
 .debug_abbrev  0x00005975       0xcc D:/MPLAB X IDE/xc32_v5.00/bin/bin/../../lib/gcc/pic32c/13.2.1/../../../../pic32c/lib/thumb/v6-m/nofp\libc-musl.a(expand_heap.o)
 .debug_abbrev  0x00005a41      0x105 D:/MPLAB X IDE/xc32_v5.00/bin/bin/../../lib/gcc/pic32c/13.2.1/../../../../pic32c/lib/thumb/v6-m/nofp\libpic32c.a(sbrk.o)
 .debug_abbrev  0x00005b46       0x21 D:/MPLAB X IDE/xc32_v5.00/bin/bin/../../lib/gcc/pic32c/13.2.1/thumb/v6-m/nofp\libgcc.a(_thumb1_case_uqi.o)
 .debug_abbrev  0x00005b67       0x21 D:/MPLAB X IDE/xc32_v5.00/bin/bin/../../lib/gcc/pic32c/13.2.1/thumb/v6-m/nofp\libgcc.a(_udivsi3.o)
 .debug_abbrev  0x00005b88       0x1f D:/MPLAB X IDE/xc32_v5.00/bin/bin/../../lib/gcc/pic32c/13.2.1/thumb/v6-m/nofp\libgcc.a(_dvmd_tls.o)
 .debug_abbrev  0x00005ba7       0x21 D:/MPLAB X IDE/xc32_v5.00/bin/bin/../../lib/gcc/pic32c/13.2.1/thumb/v6-m/nofp\libgcc.a(_aeabi_uldivmod.o)
 .debug_abbrev  0x00005bc8      0x11c D:/MPLAB X IDE/xc32_v5.00/bin/bin/../../lib/gcc/pic32c/13.2.1/thumb/v6-m/nofp\libgcc.a(_udivmoddi4.o)
 .debug_abbrev  0x00005ce4       0x21 D:/MPLAB X IDE/xc32_v5.00/bin/bin/../../lib/gcc/pic32c/13.2.1/thumb/v6-m/nofp\libgcc.a(_lshrdi3.o)
 .debug_abbrev  0x00005d05       0x21 D:/MPLAB X IDE/xc32_v5.00/bin/bin/../../lib/gcc/pic32c/13.2.1/thumb/v6-m/nofp\libgcc.a(_ashldi3.o)
 .debug_abbrev  0x00005d26       0x14 D:/MPLAB X IDE/xc32_v5.00/bin/bin/../../lib/gcc/pic32c/13.2.1/thumb/v6-m/nofp\libgcc.a(_clzdi2.o)
 .debug_abbrev  0x00005d3a       0x21 D:/MPLAB X IDE/xc32_v5.00/bin/bin/../../lib/gcc/pic32c/13.2.1/thumb/v6-m/nofp\libgcc.a(_clzsi2.o)
 .debug_abbrev  0x00005d5b       0xa5 D:/MPLAB X IDE/xc32_v5.00/bin/bin/../../lib/gcc/pic32c/13.2.1/../../../../pic32c/lib/thumb/v6-m/nofp\libpic32c.a(pic32_data_init_clear.o)
 .debug_abbrev  0x00005e00       0xb9 D:/MPLAB X IDE/xc32_v5.00/bin/bin/../../lib/gcc/pic32c/13.2.1/../../../../pic32c/lib/thumb/v6-m/nofp\libpic32c.a(pic32_data_init_copy.o)

.debug_loc      0x00000000     0x9c6b
 .debug_loc     0x00000000       0x45 build/default/production/_ext/1984496892/plib_clock.o
 .debug_loc     0x00000045       0xec build/default/production/_ext/60167341/plib_eic.o
 .debug_loc     0x00000131      0x15d build/default/production/_ext/1865468468/plib_nvic.o
 .debug_loc     0x0000028e      0x705 build/default/production/_ext/1593096446/plib_nvmctrl.o
 .debug_loc     0x00000993      0x2d8 build/default/production/_ext/1865521619/plib_port.o
 .debug_loc     0x00000c6b      0x692 build/default/production/_ext/504274921/plib_sercom7_usart.o
 .debug_loc     0x000012fd      0xd24 build/default/production/_ext/504274921/plib_sercom5_usart.o
 .debug_loc     0x00002021      0x1cd build/default/production/_ext/163028504/xc32_monitor.o
 .debug_loc     0x000021ee       0x4b build/default/production/_ext/1171490990/initialization.o
 .debug_loc     0x00002239       0x20 build/default/production/_ext/1171490990/startup_xc32.o
 .debug_loc     0x00002259       0x82 build/default/production/_ext/1171490990/freertos_hooks.o
 .debug_loc     0x000022db       0x77 build/default/production/_ext/1171490990/tasks.o
 .debug_loc     0x00002352      0x457 build/default/production/_ext/1624415188/port.o
 .debug_loc     0x000027a9       0xdf build/default/production/_ext/1665200909/heap_1.o
 .debug_loc     0x00002888       0xd3 build/default/production/_ext/404212886/list.o
 .debug_loc     0x0000295b     0x2b71 build/default/production/_ext/404212886/FreeRTOS_tasks.o
 .debug_loc     0x000054cc       0x50 build/default/production/_ext/1360937237/main.o
 .debug_loc     0x0000551c       0x16 build/default/production/_ext/1360937237/app.o
 .debug_loc     0x00005532      0x956 build/default/production/_ext/1237192811/TMC2209.o
 .debug_loc     0x00005e88      0x113 D:/MPLAB X IDE/xc32_v5.00/bin/bin/../../lib/gcc/pic32c/13.2.1/../../../../pic32c/lib/thumb/v6-m/nofp\libpic32c.a(data_init.o)
 .debug_loc     0x00005f9b      0x12d D:/MPLAB X IDE/xc32_v5.00/bin/bin/../../lib/gcc/pic32c/13.2.1/../../../../pic32c/lib/thumb/v6-m/nofp\libc-size-musl.a(memcpy.o)
 .debug_loc     0x000060c8       0xe5 D:/MPLAB X IDE/xc32_v5.00/bin/bin/../../lib/gcc/pic32c/13.2.1/../../../../pic32c/lib/thumb/v6-m/nofp\libc-size-musl.a(memset.o)
 .debug_loc     0x000061ad       0x5e D:/MPLAB X IDE/xc32_v5.00/bin/bin/../../lib/gcc/pic32c/13.2.1/../../../../pic32c/lib/thumb/v6-m/nofp\libc-musl.a(__libc_start_main.o)
 .debug_loc     0x0000620b       0x61 D:/MPLAB X IDE/xc32_v5.00/bin/bin/../../lib/gcc/pic32c/13.2.1/../../../../pic32c/lib/thumb/v6-m/nofp\libc-musl.a(__sio_printf_dnpxX.o)
 .debug_loc     0x0000626c      0x2b3 D:/MPLAB X IDE/xc32_v5.00/bin/bin/../../lib/gcc/pic32c/13.2.1/../../../../pic32c/lib/thumb/v6-m/nofp\libc-musl.a(__fmt_d.o)
 .debug_loc     0x0000651f      0x3d5 D:/MPLAB X IDE/xc32_v5.00/bin/bin/../../lib/gcc/pic32c/13.2.1/../../../../pic32c/lib/thumb/v6-m/nofp\libc-musl.a(__fmt_x.o)
 .debug_loc     0x000068f4      0x374 D:/MPLAB X IDE/xc32_v5.00/bin/bin/../../lib/gcc/pic32c/13.2.1/../../../../pic32c/lib/thumb/v6-m/nofp\libc-musl.a(__pop_int.o)
 .debug_loc     0x00006c68      0x1a1 D:/MPLAB X IDE/xc32_v5.00/bin/bin/../../lib/gcc/pic32c/13.2.1/../../../../pic32c/lib/thumb/v6-m/nofp\libc-musl.a(__pop_ptr.o)
 .debug_loc     0x00006e09      0x68c D:/MPLAB X IDE/xc32_v5.00/bin/bin/../../lib/gcc/pic32c/13.2.1/../../../../pic32c/lib/thumb/v6-m/nofp\libc-musl.a(__printf_core.o)
 .debug_loc     0x00007495       0x4b D:/MPLAB X IDE/xc32_v5.00/bin/bin/../../lib/gcc/pic32c/13.2.1/../../../../pic32c/lib/thumb/v6-m/nofp\libc-musl.a(stdin.o)
 .debug_loc     0x000074e0       0x40 D:/MPLAB X IDE/xc32_v5.00/bin/bin/../../lib/gcc/pic32c/13.2.1/../../../../pic32c/lib/thumb/v6-m/nofp\libc-musl.a(stdout.o)
 .debug_loc     0x00007520       0x70 D:/MPLAB X IDE/xc32_v5.00/bin/bin/../../lib/gcc/pic32c/13.2.1/../../../../pic32c/lib/thumb/v6-m/nofp\libc-musl.a(puts.o)
 .debug_loc     0x00007590       0x76 D:/MPLAB X IDE/xc32_v5.00/bin/bin/../../lib/gcc/pic32c/13.2.1/../../../../pic32c/lib/thumb/v6-m/nofp\libc-musl.a(setbuf.o)
 .debug_loc     0x00007606       0xbc D:/MPLAB X IDE/xc32_v5.00/bin/bin/../../lib/gcc/pic32c/13.2.1/../../../../pic32c/lib/thumb/v6-m/nofp\libc-musl.a(atoi.o)
 .debug_loc     0x000076c2       0xa1 D:/MPLAB X IDE/xc32_v5.00/bin/bin/../../lib/gcc/pic32c/13.2.1/../../../../pic32c/lib/thumb/v6-m/nofp\libc-musl.a(tolower.o)
 .debug_loc     0x00007763       0xa1 D:/MPLAB X IDE/xc32_v5.00/bin/bin/../../lib/gcc/pic32c/13.2.1/../../../../pic32c/lib/thumb/v6-m/nofp\libc-musl.a(toupper.o)
 .debug_loc     0x00007804       0xbc D:/MPLAB X IDE/xc32_v5.00/bin/bin/../../lib/gcc/pic32c/13.2.1/../../../../pic32c/lib/thumb/v6-m/nofp\libc-musl.a(__int_vfprintf.o)
 .debug_loc     0x000078c0       0xbf D:/MPLAB X IDE/xc32_v5.00/bin/bin/../../lib/gcc/pic32c/13.2.1/../../../../pic32c/lib/thumb/v6-m/nofp\libc-musl.a(fputs.o)
 .debug_loc     0x0000797f      0x1d9 D:/MPLAB X IDE/xc32_v5.00/bin/bin/../../lib/gcc/pic32c/13.2.1/../../../../pic32c/lib/thumb/v6-m/nofp\libc-musl.a(__cvt_u.o)
 .debug_loc     0x00007b58       0xfb D:/MPLAB X IDE/xc32_v5.00/bin/bin/../../lib/gcc/pic32c/13.2.1/../../../../pic32c/lib/thumb/v6-m/nofp\libc-musl.a(__pop_float.o)
 .debug_loc     0x00007c53      0x18d D:/MPLAB X IDE/xc32_v5.00/bin/bin/../../lib/gcc/pic32c/13.2.1/../../../../pic32c/lib/thumb/v6-m/nofp\libc-musl.a(__stdio_read.o)
 .debug_loc     0x00007de0       0x22 D:/MPLAB X IDE/xc32_v5.00/bin/bin/../../lib/gcc/pic32c/13.2.1/../../../../pic32c/lib/thumb/v6-m/nofp\libc-musl.a(__towrite_rw.o)
 .debug_loc     0x00007e02      0x214 D:/MPLAB X IDE/xc32_v5.00/bin/bin/../../lib/gcc/pic32c/13.2.1/../../../../pic32c/lib/thumb/v6-m/nofp\libc-musl.a(fwrite.o)
 .debug_loc     0x00008016      0x16c D:/MPLAB X IDE/xc32_v5.00/bin/bin/../../lib/gcc/pic32c/13.2.1/../../../../pic32c/lib/thumb/v6-m/nofp\libc-musl.a(putc.o)
 .debug_loc     0x00008182      0x12d D:/MPLAB X IDE/xc32_v5.00/bin/bin/../../lib/gcc/pic32c/13.2.1/../../../../pic32c/lib/thumb/v6-m/nofp\libc-musl.a(setvbuf.o)
 .debug_loc     0x000082af      0x13c D:/MPLAB X IDE/xc32_v5.00/bin/bin/../../lib/gcc/pic32c/13.2.1/../../../../pic32c/lib/thumb/v6-m/nofp\libc-musl.a(readv.o)
 .debug_loc     0x000083eb       0x20 D:/MPLAB X IDE/xc32_v5.00/bin/bin/../../lib/gcc/pic32c/13.2.1/../../../../pic32c/lib/thumb/v6-m/nofp\libc-musl.a(__init_stdio.o)
 .debug_loc     0x0000840b      0x222 D:/MPLAB X IDE/xc32_v5.00/bin/bin/../../lib/gcc/pic32c/13.2.1/../../../../pic32c/lib/thumb/v6-m/nofp\libc-musl.a(__out.o)
 .debug_loc     0x0000862d       0xd6 D:/MPLAB X IDE/xc32_v5.00/bin/bin/../../lib/gcc/pic32c/13.2.1/../../../../pic32c/lib/thumb/v6-m/nofp\libc-musl.a(__putc.o)
 .debug_loc     0x00008703       0x4b D:/MPLAB X IDE/xc32_v5.00/bin/bin/../../lib/gcc/pic32c/13.2.1/../../../../pic32c/lib/thumb/v6-m/nofp\libc-musl.a(__stderr.o)
 .debug_loc     0x0000874e      0x1f0 D:/MPLAB X IDE/xc32_v5.00/bin/bin/../../lib/gcc/pic32c/13.2.1/../../../../pic32c/lib/thumb/v6-m/nofp\libc-musl.a(__stdio_close.o)
 .debug_loc     0x0000893e      0x396 D:/MPLAB X IDE/xc32_v5.00/bin/bin/../../lib/gcc/pic32c/13.2.1/../../../../pic32c/lib/thumb/v6-m/nofp\libc-musl.a(__stdio_write.o)
 .debug_loc     0x00008cd4       0x4b D:/MPLAB X IDE/xc32_v5.00/bin/bin/../../lib/gcc/pic32c/13.2.1/../../../../pic32c/lib/thumb/v6-m/nofp\libc-musl.a(__stdout.o)
 .debug_loc     0x00008d1f       0x98 D:/MPLAB X IDE/xc32_v5.00/bin/bin/../../lib/gcc/pic32c/13.2.1/../../../../pic32c/lib/thumb/v6-m/nofp\libc-musl.a(__towrite.o)
 .debug_loc     0x00008db7      0x13c D:/MPLAB X IDE/xc32_v5.00/bin/bin/../../lib/gcc/pic32c/13.2.1/../../../../pic32c/lib/thumb/v6-m/nofp\libc-musl.a(writev.o)
 .debug_loc     0x00008ef3       0xcd D:/MPLAB X IDE/xc32_v5.00/bin/bin/../../lib/gcc/pic32c/13.2.1/../../../../pic32c/lib/thumb/v6-m/nofp\libc-musl.a(__overflow.o)
 .debug_loc     0x00008fc0      0x12a D:/MPLAB X IDE/xc32_v5.00/bin/bin/../../lib/gcc/pic32c/13.2.1/../../../../pic32c/lib/thumb/v6-m/nofp\libc-musl.a(__fwrite.o)
 .debug_loc     0x000090ea       0x2b D:/MPLAB X IDE/xc32_v5.00/bin/bin/../../lib/gcc/pic32c/13.2.1/../../../../pic32c/lib/thumb/v6-m/nofp\libpic32c.a(close.o)
 .debug_loc     0x00009115       0x2b D:/MPLAB X IDE/xc32_v5.00/bin/bin/../../lib/gcc/pic32c/13.2.1/../../../../pic32c/lib/thumb/v6-m/nofp\libpic32c.a(lseek.o)
 .debug_loc     0x00009140       0x93 D:/MPLAB X IDE/xc32_v5.00/bin/bin/../../lib/gcc/pic32c/13.2.1/../../../../pic32c/lib/thumb/v6-m/nofp\libc-size-musl.a(strlen.o)
 .debug_loc     0x000091d3      0x11c D:/MPLAB X IDE/xc32_v5.00/bin/bin/../../lib/gcc/pic32c/13.2.1/../../../../pic32c/lib/thumb/v6-m/nofp\liblmalloc-musl.a(lite_malloc.o)
 .debug_loc     0x000092ef      0x318 D:/MPLAB X IDE/xc32_v5.00/bin/bin/../../lib/gcc/pic32c/13.2.1/../../../../pic32c/lib/thumb/v6-m/nofp\liblmalloc-musl.a(lite_free.o)
 .debug_loc     0x00009607       0x82 D:/MPLAB X IDE/xc32_v5.00/bin/bin/../../lib/gcc/pic32c/13.2.1/../../../../pic32c/lib/thumb/v6-m/nofp\libc-musl.a(expand_heap.o)
 .debug_loc     0x00009689       0xca D:/MPLAB X IDE/xc32_v5.00/bin/bin/../../lib/gcc/pic32c/13.2.1/../../../../pic32c/lib/thumb/v6-m/nofp\libpic32c.a(sbrk.o)
 .debug_loc     0x00009753      0x28a D:/MPLAB X IDE/xc32_v5.00/bin/bin/../../lib/gcc/pic32c/13.2.1/thumb/v6-m/nofp\libgcc.a(_udivmoddi4.o)
 .debug_loc     0x000099dd       0xf7 D:/MPLAB X IDE/xc32_v5.00/bin/bin/../../lib/gcc/pic32c/13.2.1/../../../../pic32c/lib/thumb/v6-m/nofp\libpic32c.a(pic32_data_init_clear.o)
 .debug_loc     0x00009ad4      0x197 D:/MPLAB X IDE/xc32_v5.00/bin/bin/../../lib/gcc/pic32c/13.2.1/../../../../pic32c/lib/thumb/v6-m/nofp\libpic32c.a(pic32_data_init_copy.o)

.debug_aranges  0x00000000     0x1078
 .debug_aranges
                0x00000000       0x20 build/default/production/_ext/1984496892/plib_clock.o
 .debug_aranges
                0x00000020       0x40 build/default/production/_ext/60167341/plib_eic.o
 .debug_aranges
                0x00000060       0x20 build/default/production/_ext/1986646378/plib_evsys.o
 .debug_aranges
                0x00000080       0x48 build/default/production/_ext/1865468468/plib_nvic.o
 .debug_aranges
                0x000000c8       0xa0 build/default/production/_ext/1593096446/plib_nvmctrl.o
 .debug_aranges
                0x00000168       0x70 build/default/production/_ext/1865521619/plib_port.o
 .debug_aranges
                0x000001d8       0xa8 build/default/production/_ext/504274921/plib_sercom7_usart.o
 .debug_aranges
                0x00000280       0xe8 build/default/production/_ext/504274921/plib_sercom5_usart.o
 .debug_aranges
                0x00000368       0x28 build/default/production/_ext/163028504/xc32_monitor.o
 .debug_aranges
                0x00000390       0x20 build/default/production/_ext/1171490990/initialization.o
 .debug_aranges
                0x000003b0       0x20 build/default/production/_ext/1171490990/interrupts.o
 .debug_aranges
                0x000003d0       0x28 build/default/production/_ext/1171490990/exceptions.o
 .debug_aranges
                0x000003f8       0x28 build/default/production/_ext/1171490990/startup_xc32.o
 .debug_aranges
                0x00000420       0x40 build/default/production/_ext/1171490990/freertos_hooks.o
 .debug_aranges
                0x00000460       0x28 build/default/production/_ext/1171490990/tasks.o
 .debug_aranges
                0x00000488       0x70 build/default/production/_ext/1624415188/port.o
 .debug_aranges
                0x000004f8       0x60 build/default/production/_ext/1624415188/portasm.o
 .debug_aranges
                0x00000558       0x40 build/default/production/_ext/1665200909/heap_1.o
 .debug_aranges
                0x00000598       0x40 build/default/production/_ext/404212886/list.o
 .debug_aranges
                0x000005d8      0x1a0 build/default/production/_ext/404212886/FreeRTOS_tasks.o
 .debug_aranges
                0x00000778       0x20 build/default/production/_ext/1360937237/main.o
 .debug_aranges
                0x00000798       0x28 build/default/production/_ext/1360937237/app.o
 .debug_aranges
                0x000007c0       0x68 build/default/production/_ext/1237192811/TMC2209.o
 .debug_aranges
                0x00000828       0x30 D:/MPLAB X IDE/xc32_v5.00/bin/bin/../../lib/gcc/pic32c/13.2.1/../../../../pic32c/lib/thumb/v6-m/nofp\libpic32c.a(data_init.o)
 .debug_aranges
                0x00000858       0x20 D:/MPLAB X IDE/xc32_v5.00/bin/bin/../../lib/gcc/pic32c/13.2.1/../../../../pic32c/lib/thumb/v6-m/nofp\libc-size-musl.a(memcpy.o)
 .debug_aranges
                0x00000878       0x20 D:/MPLAB X IDE/xc32_v5.00/bin/bin/../../lib/gcc/pic32c/13.2.1/../../../../pic32c/lib/thumb/v6-m/nofp\libc-size-musl.a(memset.o)
 .debug_aranges
                0x00000898       0x28 D:/MPLAB X IDE/xc32_v5.00/bin/bin/../../lib/gcc/pic32c/13.2.1/../../../../pic32c/lib/thumb/v6-m/nofp\libc-musl.a(__libc_start_main.o)
 .debug_aranges
                0x000008c0       0x18 D:/MPLAB X IDE/xc32_v5.00/bin/bin/../../lib/gcc/pic32c/13.2.1/../../../../pic32c/lib/thumb/v6-m/nofp\libc-musl.a(libc.o)
 .debug_aranges
                0x000008d8       0x28 D:/MPLAB X IDE/xc32_v5.00/bin/bin/../../lib/gcc/pic32c/13.2.1/../../../../pic32c/lib/thumb/v6-m/nofp\libc-musl.a(__sio_printf_dnpxX.o)
 .debug_aranges
                0x00000900       0x20 D:/MPLAB X IDE/xc32_v5.00/bin/bin/../../lib/gcc/pic32c/13.2.1/../../../../pic32c/lib/thumb/v6-m/nofp\libc-musl.a(__fmt_d.o)
 .debug_aranges
                0x00000920       0x20 D:/MPLAB X IDE/xc32_v5.00/bin/bin/../../lib/gcc/pic32c/13.2.1/../../../../pic32c/lib/thumb/v6-m/nofp\libc-musl.a(__fmt_x.o)
 .debug_aranges
                0x00000940       0x20 D:/MPLAB X IDE/xc32_v5.00/bin/bin/../../lib/gcc/pic32c/13.2.1/../../../../pic32c/lib/thumb/v6-m/nofp\libc-musl.a(__pop_int.o)
 .debug_aranges
                0x00000960       0x20 D:/MPLAB X IDE/xc32_v5.00/bin/bin/../../lib/gcc/pic32c/13.2.1/../../../../pic32c/lib/thumb/v6-m/nofp\libc-musl.a(__pop_ptr.o)
 .debug_aranges
                0x00000980       0x50 D:/MPLAB X IDE/xc32_v5.00/bin/bin/../../lib/gcc/pic32c/13.2.1/../../../../pic32c/lib/thumb/v6-m/nofp\libc-musl.a(__printf_core.o)
 .debug_aranges
                0x000009d0       0x28 D:/MPLAB X IDE/xc32_v5.00/bin/bin/../../lib/gcc/pic32c/13.2.1/../../../../pic32c/lib/thumb/v6-m/nofp\libc-musl.a(stdin.o)
 .debug_aranges
                0x000009f8       0x30 D:/MPLAB X IDE/xc32_v5.00/bin/bin/../../lib/gcc/pic32c/13.2.1/../../../../pic32c/lib/thumb/v6-m/nofp\libc-musl.a(stdout.o)
 .debug_aranges
                0x00000a28       0x20 D:/MPLAB X IDE/xc32_v5.00/bin/bin/../../lib/gcc/pic32c/13.2.1/../../../../pic32c/lib/thumb/v6-m/nofp\libc-musl.a(puts.o)
 .debug_aranges
                0x00000a48       0x20 D:/MPLAB X IDE/xc32_v5.00/bin/bin/../../lib/gcc/pic32c/13.2.1/../../../../pic32c/lib/thumb/v6-m/nofp\libc-musl.a(setbuf.o)
 .debug_aranges
                0x00000a68       0x20 D:/MPLAB X IDE/xc32_v5.00/bin/bin/../../lib/gcc/pic32c/13.2.1/../../../../pic32c/lib/thumb/v6-m/nofp\libc-musl.a(atoi.o)
 .debug_aranges
                0x00000a88       0x28 D:/MPLAB X IDE/xc32_v5.00/bin/bin/../../lib/gcc/pic32c/13.2.1/../../../../pic32c/lib/thumb/v6-m/nofp\libc-musl.a(tolower.o)
 .debug_aranges
                0x00000ab0       0x28 D:/MPLAB X IDE/xc32_v5.00/bin/bin/../../lib/gcc/pic32c/13.2.1/../../../../pic32c/lib/thumb/v6-m/nofp\libc-musl.a(toupper.o)
 .debug_aranges
                0x00000ad8       0x18 D:/MPLAB X IDE/xc32_v5.00/bin/bin/../../lib/gcc/pic32c/13.2.1/../../../../pic32c/lib/thumb/v6-m/nofp\libc-musl.a(__environ.o)
 .debug_aranges
                0x00000af0       0x18 D:/MPLAB X IDE/xc32_v5.00/bin/bin/../../lib/gcc/pic32c/13.2.1/../../../../pic32c/lib/thumb/v6-m/nofp\libc-musl.a(__errno_location.o)
 .debug_aranges
                0x00000b08       0x20 D:/MPLAB X IDE/xc32_v5.00/bin/bin/../../lib/gcc/pic32c/13.2.1/../../../../pic32c/lib/thumb/v6-m/nofp\libc-musl.a(__int_vfprintf.o)
 .debug_aranges
                0x00000b28       0x20 D:/MPLAB X IDE/xc32_v5.00/bin/bin/../../lib/gcc/pic32c/13.2.1/../../../../pic32c/lib/thumb/v6-m/nofp\libc-musl.a(fputs.o)
 .debug_aranges
                0x00000b48       0x20 D:/MPLAB X IDE/xc32_v5.00/bin/bin/../../lib/gcc/pic32c/13.2.1/../../../../pic32c/lib/thumb/v6-m/nofp\libc-musl.a(__cvt_u.o)
 .debug_aranges
                0x00000b68       0x20 D:/MPLAB X IDE/xc32_v5.00/bin/bin/../../lib/gcc/pic32c/13.2.1/../../../../pic32c/lib/thumb/v6-m/nofp\libc-musl.a(__pop_float.o)
 .debug_aranges
                0x00000b88       0x20 D:/MPLAB X IDE/xc32_v5.00/bin/bin/../../lib/gcc/pic32c/13.2.1/../../../../pic32c/lib/thumb/v6-m/nofp\libc-musl.a(__stdio_read.o)
 .debug_aranges
                0x00000ba8       0x20 D:/MPLAB X IDE/xc32_v5.00/bin/bin/../../lib/gcc/pic32c/13.2.1/../../../../pic32c/lib/thumb/v6-m/nofp\libc-musl.a(__towrite_rw.o)
 .debug_aranges
                0x00000bc8       0x28 D:/MPLAB X IDE/xc32_v5.00/bin/bin/../../lib/gcc/pic32c/13.2.1/../../../../pic32c/lib/thumb/v6-m/nofp\libc-musl.a(fwrite.o)
 .debug_aranges
                0x00000bf0       0x30 D:/MPLAB X IDE/xc32_v5.00/bin/bin/../../lib/gcc/pic32c/13.2.1/../../../../pic32c/lib/thumb/v6-m/nofp\libc-musl.a(putc.o)
 .debug_aranges
                0x00000c20       0x28 D:/MPLAB X IDE/xc32_v5.00/bin/bin/../../lib/gcc/pic32c/13.2.1/../../../../pic32c/lib/thumb/v6-m/nofp\libc-musl.a(setvbuf.o)
 .debug_aranges
                0x00000c48       0x20 D:/MPLAB X IDE/xc32_v5.00/bin/bin/../../lib/gcc/pic32c/13.2.1/../../../../pic32c/lib/thumb/v6-m/nofp\libc-musl.a(readv.o)
 .debug_aranges
                0x00000c68       0x28 D:/MPLAB X IDE/xc32_v5.00/bin/bin/../../lib/gcc/pic32c/13.2.1/../../../../pic32c/lib/thumb/v6-m/nofp\libc-musl.a(__init_stdio.o)
 .debug_aranges
                0x00000c90       0x28 D:/MPLAB X IDE/xc32_v5.00/bin/bin/../../lib/gcc/pic32c/13.2.1/../../../../pic32c/lib/thumb/v6-m/nofp\libc-musl.a(__out.o)
 .debug_aranges
                0x00000cb8       0x20 D:/MPLAB X IDE/xc32_v5.00/bin/bin/../../lib/gcc/pic32c/13.2.1/../../../../pic32c/lib/thumb/v6-m/nofp\libc-musl.a(__putc.o)
 .debug_aranges
                0x00000cd8       0x30 D:/MPLAB X IDE/xc32_v5.00/bin/bin/../../lib/gcc/pic32c/13.2.1/../../../../pic32c/lib/thumb/v6-m/nofp\libc-musl.a(__stderr.o)
 .debug_aranges
                0x00000d08       0x28 D:/MPLAB X IDE/xc32_v5.00/bin/bin/../../lib/gcc/pic32c/13.2.1/../../../../pic32c/lib/thumb/v6-m/nofp\libc-musl.a(__stdio_close.o)
 .debug_aranges
                0x00000d30       0x28 D:/MPLAB X IDE/xc32_v5.00/bin/bin/../../lib/gcc/pic32c/13.2.1/../../../../pic32c/lib/thumb/v6-m/nofp\libc-musl.a(__stdio_write.o)
 .debug_aranges
                0x00000d58       0x30 D:/MPLAB X IDE/xc32_v5.00/bin/bin/../../lib/gcc/pic32c/13.2.1/../../../../pic32c/lib/thumb/v6-m/nofp\libc-musl.a(__stdout.o)
 .debug_aranges
                0x00000d88       0x28 D:/MPLAB X IDE/xc32_v5.00/bin/bin/../../lib/gcc/pic32c/13.2.1/../../../../pic32c/lib/thumb/v6-m/nofp\libc-musl.a(__towrite.o)
 .debug_aranges
                0x00000db0       0x20 D:/MPLAB X IDE/xc32_v5.00/bin/bin/../../lib/gcc/pic32c/13.2.1/../../../../pic32c/lib/thumb/v6-m/nofp\libc-musl.a(writev.o)
 .debug_aranges
                0x00000dd0       0x20 D:/MPLAB X IDE/xc32_v5.00/bin/bin/../../lib/gcc/pic32c/13.2.1/../../../../pic32c/lib/thumb/v6-m/nofp\libc-musl.a(__overflow.o)
 .debug_aranges
                0x00000df0       0x28 D:/MPLAB X IDE/xc32_v5.00/bin/bin/../../lib/gcc/pic32c/13.2.1/../../../../pic32c/lib/thumb/v6-m/nofp\libc-musl.a(__fwrite.o)
 .debug_aranges
                0x00000e18       0x20 D:/MPLAB X IDE/xc32_v5.00/bin/bin/../../lib/gcc/pic32c/13.2.1/../../../../pic32c/lib/thumb/v6-m/nofp\libpic32c.a(close.o)
 .debug_aranges
                0x00000e38       0x20 D:/MPLAB X IDE/xc32_v5.00/bin/bin/../../lib/gcc/pic32c/13.2.1/../../../../pic32c/lib/thumb/v6-m/nofp\libpic32c.a(lseek.o)
 .debug_aranges
                0x00000e58       0x20 D:/MPLAB X IDE/xc32_v5.00/bin/bin/../../lib/gcc/pic32c/13.2.1/../../../../pic32c/lib/thumb/v6-m/nofp\libc-size-musl.a(strlen.o)
 .debug_aranges
                0x00000e78       0x20 D:/MPLAB X IDE/xc32_v5.00/bin/bin/../../lib/gcc/pic32c/13.2.1/../../../../pic32c/lib/thumb/v6-m/nofp\liblmalloc-musl.a(lite_malloc.o)
 .debug_aranges
                0x00000e98       0x30 D:/MPLAB X IDE/xc32_v5.00/bin/bin/../../lib/gcc/pic32c/13.2.1/../../../../pic32c/lib/thumb/v6-m/nofp\liblmalloc-musl.a(lite_free.o)
 .debug_aranges
                0x00000ec8       0x20 D:/MPLAB X IDE/xc32_v5.00/bin/bin/../../lib/gcc/pic32c/13.2.1/../../../../pic32c/lib/thumb/v6-m/nofp\libc-musl.a(expand_heap.o)
 .debug_aranges
                0x00000ee8       0x30 D:/MPLAB X IDE/xc32_v5.00/bin/bin/../../lib/gcc/pic32c/13.2.1/../../../../pic32c/lib/thumb/v6-m/nofp\libpic32c.a(sbrk.o)
 .debug_aranges
                0x00000f18       0x20 D:/MPLAB X IDE/xc32_v5.00/bin/bin/../../lib/gcc/pic32c/13.2.1/thumb/v6-m/nofp\libgcc.a(_thumb1_case_uqi.o)
 .debug_aranges
                0x00000f38       0x20 D:/MPLAB X IDE/xc32_v5.00/bin/bin/../../lib/gcc/pic32c/13.2.1/thumb/v6-m/nofp\libgcc.a(_udivsi3.o)
 .debug_aranges
                0x00000f58       0x20 D:/MPLAB X IDE/xc32_v5.00/bin/bin/../../lib/gcc/pic32c/13.2.1/thumb/v6-m/nofp\libgcc.a(_dvmd_tls.o)
 .debug_aranges
                0x00000f78       0x20 D:/MPLAB X IDE/xc32_v5.00/bin/bin/../../lib/gcc/pic32c/13.2.1/thumb/v6-m/nofp\libgcc.a(_aeabi_uldivmod.o)
 .debug_aranges
                0x00000f98       0x20 D:/MPLAB X IDE/xc32_v5.00/bin/bin/../../lib/gcc/pic32c/13.2.1/thumb/v6-m/nofp\libgcc.a(_udivmoddi4.o)
 .debug_aranges
                0x00000fb8       0x20 D:/MPLAB X IDE/xc32_v5.00/bin/bin/../../lib/gcc/pic32c/13.2.1/thumb/v6-m/nofp\libgcc.a(_lshrdi3.o)
 .debug_aranges
                0x00000fd8       0x20 D:/MPLAB X IDE/xc32_v5.00/bin/bin/../../lib/gcc/pic32c/13.2.1/thumb/v6-m/nofp\libgcc.a(_ashldi3.o)
 .debug_aranges
                0x00000ff8       0x20 D:/MPLAB X IDE/xc32_v5.00/bin/bin/../../lib/gcc/pic32c/13.2.1/thumb/v6-m/nofp\libgcc.a(_clzdi2.o)
 .debug_aranges
                0x00001018       0x20 D:/MPLAB X IDE/xc32_v5.00/bin/bin/../../lib/gcc/pic32c/13.2.1/thumb/v6-m/nofp\libgcc.a(_clzsi2.o)
 .debug_aranges
                0x00001038       0x20 D:/MPLAB X IDE/xc32_v5.00/bin/bin/../../lib/gcc/pic32c/13.2.1/../../../../pic32c/lib/thumb/v6-m/nofp\libpic32c.a(pic32_data_init_clear.o)
 .debug_aranges
                0x00001058       0x20 D:/MPLAB X IDE/xc32_v5.00/bin/bin/../../lib/gcc/pic32c/13.2.1/../../../../pic32c/lib/thumb/v6-m/nofp\libpic32c.a(pic32_data_init_copy.o)

.debug_ranges   0x00000000      0xec8
 .debug_ranges  0x00000000       0x10 build/default/production/_ext/1984496892/plib_clock.o
 .debug_ranges  0x00000010       0x30 build/default/production/_ext/60167341/plib_eic.o
 .debug_ranges  0x00000040       0x10 build/default/production/_ext/1986646378/plib_evsys.o
 .debug_ranges  0x00000050       0x50 build/default/production/_ext/1865468468/plib_nvic.o
 .debug_ranges  0x000000a0       0x90 build/default/production/_ext/1593096446/plib_nvmctrl.o