Archive member included to satisfy reference by file (symbol)

D:/MPLAB X IDE/xc32_v5.00/bin/bin/../../lib/gcc/pic32c/13.2.1/../../../../pic32c/lib/thumb/v6-m/nofp\libpic32c.a(data_init.o)
                              build/default/production/_ext/1171490990/startup_xc32.o (__pic32c_data_initialization)
D:/MPLAB X IDE/xc32_v5.00/bin/bin/../../lib/gcc/pic32c/13.2.1/../../../../pic32c/lib/thumb/v6-m/nofp\libc-size-musl.a(memcpy.o)
                              build/default/production/_ext/1593096446/plib_nvmctrl.o (memcpy)
D:/MPLAB X IDE/xc32_v5.00/bin/bin/../../lib/gcc/pic32c/13.2.1/../../../../pic32c/lib/thumb/v6-m/nofp\libc-size-musl.a(memset.o)
                              build/default/production/_ext/404212886/FreeRTOS_tasks.o (memset)
D:/MPLAB X IDE/xc32_v5.00/bin/bin/../../lib/gcc/pic32c/13.2.1/../../../../pic32c/lib/thumb/v6-m/nofp\libc-musl.a(__libc_start_main.o)
                              build/default/production/_ext/1171490990/startup_xc32.o (__libc_init_array)
D:/MPLAB X IDE/xc32_v5.00/bin/bin/../../lib/gcc/pic32c/13.2.1/../../../../pic32c/lib/thumb/v6-m/nofp\libc-musl.a(libc.o)
                              D:/MPLAB X IDE/xc32_v5.00/bin/bin/../../lib/gcc/pic32c/13.2.1/../../../../pic32c/lib/thumb/v6-m/nofp\libc-musl.a(__libc_start_main.o) (__progname_full)
D:/MPLAB X IDE/xc32_v5.00/bin/bin/../../lib/gcc/pic32c/13.2.1/../../../../pic32c/lib/thumb/v6-m/nofp\libc-musl.a(stdin.o)
                              build/default/production/_ext/1171490990/initialization.o (_stdin)
D:/MPLAB X IDE/xc32_v5.00/bin/bin/../../lib/gcc/pic32c/13.2.1/../../../../pic32c/lib/thumb/v6-m/nofp\libc-musl.a(puts.o)
                              build/default/production/_ext/1360937237/main.o (puts)
D:/MPLAB X IDE/xc32_v5.00/bin/bin/../../lib/gcc/pic32c/13.2.1/../../../../pic32c/lib/thumb/v6-m/nofp\libc-musl.a(setbuf.o)
                              build/default/production/_ext/1171490990/initialization.o (setbuf)
D:/MPLAB X IDE/xc32_v5.00/bin/bin/../../lib/gcc/pic32c/13.2.1/../../../../pic32c/lib/thumb/v6-m/nofp\libc-musl.a(__environ.o)
                              D:/MPLAB X IDE/xc32_v5.00/bin/bin/../../lib/gcc/pic32c/13.2.1/../../../../pic32c/lib/thumb/v6-m/nofp\libc-musl.a(__libc_start_main.o) (__environ)
D:/MPLAB X IDE/xc32_v5.00/bin/bin/../../lib/gcc/pic32c/13.2.1/../../../../pic32c/lib/thumb/v6-m/nofp\libc-musl.a(fputs.o)
                              D:/MPLAB X IDE/xc32_v5.00/bin/bin/../../lib/gcc/pic32c/13.2.1/../../../../pic32c/lib/thumb/v6-m/nofp\libc-musl.a(puts.o) (fputs)
D:/MPLAB X IDE/xc32_v5.00/bin/bin/../../lib/gcc/pic32c/13.2.1/../../../../pic32c/lib/thumb/v6-m/nofp\libc-musl.a(__io_rw_needed.o)
                              D:/MPLAB X IDE/xc32_v5.00/bin/bin/../../lib/gcc/pic32c/13.2.1/../../../../pic32c/lib/thumb/v6-m/nofp\libc-musl.a(stdin.o) (__io_rw_needed)
D:/MPLAB X IDE/xc32_v5.00/bin/bin/../../lib/gcc/pic32c/13.2.1/../../../../pic32c/lib/thumb/v6-m/nofp\libc-musl.a(__stdio_read.o)
                              D:/MPLAB X IDE/xc32_v5.00/bin/bin/../../lib/gcc/pic32c/13.2.1/../../../../pic32c/lib/thumb/v6-m/nofp\libc-musl.a(stdin.o) (__stdio_read)
D:/MPLAB X IDE/xc32_v5.00/bin/bin/../../lib/gcc/pic32c/13.2.1/../../../../pic32c/lib/thumb/v6-m/nofp\libc-musl.a(__towrite_rw.o)
                              D:/MPLAB X IDE/xc32_v5.00/bin/bin/../../lib/gcc/pic32c/13.2.1/../../../../pic32c/lib/thumb/v6-m/nofp\libc-musl.a(__io_rw_needed.o) (__towrite_rw_needed)
D:/MPLAB X IDE/xc32_v5.00/bin/bin/../../lib/gcc/pic32c/13.2.1/../../../../pic32c/lib/thumb/v6-m/nofp\libc-musl.a(fwrite.o)
                              D:/MPLAB X IDE/xc32_v5.00/bin/bin/../../lib/gcc/pic32c/13.2.1/../../../../pic32c/lib/thumb/v6-m/nofp\libc-musl.a(fputs.o) (fwrite)
D:/MPLAB X IDE/xc32_v5.00/bin/bin/../../lib/gcc/pic32c/13.2.1/../../../../pic32c/lib/thumb/v6-m/nofp\libc-musl.a(putc.o)
                              D:/MPLAB X IDE/xc32_v5.00/bin/bin/../../lib/gcc/pic32c/13.2.1/../../../../pic32c/lib/thumb/v6-m/nofp\libc-musl.a(puts.o) (putc_unlocked)
D:/MPLAB X IDE/xc32_v5.00/bin/bin/../../lib/gcc/pic32c/13.2.1/../../../../pic32c/lib/thumb/v6-m/nofp\libc-musl.a(setvbuf.o)
                              D:/MPLAB X IDE/xc32_v5.00/bin/bin/../../lib/gcc/pic32c/13.2.1/../../../../pic32c/lib/thumb/v6-m/nofp\libc-musl.a(setbuf.o) (setvbuf)
D:/MPLAB X IDE/xc32_v5.00/bin/bin/../../lib/gcc/pic32c/13.2.1/../../../../pic32c/lib/thumb/v6-m/nofp\libc-musl.a(stdout.o)
                              D:/MPLAB X IDE/xc32_v5.00/bin/bin/../../lib/gcc/pic32c/13.2.1/../../../../pic32c/lib/thumb/v6-m/nofp\libc-musl.a(puts.o) (_stdout)
D:/MPLAB X IDE/xc32_v5.00/bin/bin/../../lib/gcc/pic32c/13.2.1/../../../../pic32c/lib/thumb/v6-m/nofp\libc-musl.a(readv.o)
                              D:/MPLAB X IDE/xc32_v5.00/bin/bin/../../lib/gcc/pic32c/13.2.1/../../../../pic32c/lib/thumb/v6-m/nofp\libc-musl.a(__stdio_read.o) (readv)
[...]
Memory Configuration

Name             Origin             Length             Attributes
rom              0x00000000         0x00040000         xrl
ram              0x20000000         0x00008000         xw!r
config_00804000  0x00804000         0x00000004
config_00804004  0x00804004         0x00000004
*default*        0x00000000         0xffffffff

Linker script and memory map

LOAD D:/MPLAB X IDE/xc32_v5.00/bin/bin/../../lib/gcc/pic32c/13.2.1/thumb/v6-m/nofp/crti.o
LOAD D:/MPLAB X IDE/xc32_v5.00/bin/bin/../../lib/gcc/pic32c/13.2.1/thumb/v6-m/nofp/crtbegin.o
LOAD build/default/production/_ext/1593096446/plib_nvmctrl.o
LOAD build/default/production/_ext/1986646378/plib_evsys.o
LOAD build/default/production/_ext/504274921/plib_sercom7_usart.o
LOAD build/default/production/_ext/1360937237/main.o
LOAD build/default/production/_ext/1171490990/initialization.o
LOAD build/default/production/_ext/1171490990/interrupts.o
LOAD build/default/production/_ext/1171490990/exceptions.o
LOAD build/default/production/_ext/163028504/xc32_monitor.o
LOAD build/default/production/_ext/1865521619/plib_port.o
LOAD build/default/production/_ext/1984496892/plib_clock.o
LOAD build/default/production/_ext/1865468468/plib_nvic.o
LOAD build/default/production/_ext/1171490990/startup_xc32.o
LOAD build/default/production/_ext/1171490990/libc_syscalls.o
LOAD build/default/production/_ext/504274921/plib_sercom5_usart.o
LOAD build/default/production/_ext/60167341/plib_eic.o
LOAD build/default/production/_ext/1171490990/freertos_hooks.o
LOAD build/default/production/_ext/404212886/croutine.o
LOAD build/default/production/_ext/404212886/list.o
LOAD build/default/production/_ext/404212886/queue.o
LOAD build/default/production/_ext/404212886/FreeRTOS_tasks.o
LOAD build/default/production/_ext/404212886/timers.o
LOAD build/default/production/_ext/404212886/event_groups.o
LOAD build/default/production/_ext/404212886/stream_buffer.o
LOAD build/default/production/_ext/1665200909/heap_1.o
LOAD build/default/production/_ext/1624415188/port.o
LOAD build/default/production/_ext/1624415188/portasm.o
LOAD build/default/production/_ext/1881668453/sys_int.o
LOAD build/default/production/_ext/1529399856/osal_freertos.o
LOAD build/default/production/_ext/1360937237/app.o
LOAD build/default/production/_ext/1171490990/tasks.o
                0x00000001                        __MPLAB_BUILD = 0x1
                0x00040000                        __rom_end = (ORIGIN (rom) + LENGTH (rom))
                0x20008000                        __ram_end = (ORIGIN (ram) + LENGTH (ram))

.config_00804000
                0x00804000        0x4
 *(.config_00804000)
 .config_00804000
                0x00804000        0x4 build/default/production/_ext/1171490990/initialization.o
                0x00804000                __config_00804000

.config_00804004
                0x00804004        0x4
 *(.config_00804004)
 .config_00804004
                0x00804004        0x4 build/default/production/_ext/1171490990/initialization.o
                0x00804004                __config_00804004

.vectors        0x00000000       0xbc
                0x00000000                        . = ALIGN (0x4)
                0x00000000                        _sfixed = .
 *(.vectors .vectors.* .vectors_default .vectors_default.*)
 .vectors       0x00000000       0xbc build/default/production/_ext/1171490990/interrupts.o
                0x00000000                exception_table
 *(.isr_vector)
 *(.reset*)
 *(.after_vectors)

.text           0x000000bc       0x20
                0x000000bc                        . = ALIGN (0x4)
 *(.glue_7t)
 .glue_7t       0x000000bc        0x0 linker stubs
 *(.glue_7)
 .glue_7        0x000000bc        0x0 linker stubs
 *(.gnu.linkonce.r.*)
 *(.ARM.extab* .gnu.linkonce.armextab.*)
                0x000000bc                        . = ALIGN (0x4)
 *(.init)
 .init          0x000000bc        0x4 D:/MPLAB X IDE/xc32_v5.00/bin/bin/../../lib/gcc/pic32c/13.2.1/thumb/v6-m/nofp/crti.o
                0x000000bc                _init
 .init          0x000000c0        0x8 D:/MPLAB X IDE/xc32_v5.00/bin/bin/../../lib/gcc/pic32c/13.2.1/thumb/v6-m/nofp/crtn.o
                0x000000c8                        . = ALIGN (0x4)
                0x000000c8                        __preinit_array_start = .
 *(.preinit_array)
                0x000000c8                        __preinit_array_end = .
                0x000000c8                        . = ALIGN (0x4)
                0x000000c8                        __init_array_start = .
 *(SORT_BY_NAME(.init_array.*))
 *(.init_array)
 .init_array    0x000000c8        0x4 D:/MPLAB X IDE/xc32_v5.00/bin/bin/../../lib/gcc/pic32c/13.2.1/thumb/v6-m/nofp/crtbegin.o
                0x000000cc                        __init_array_end = .
                0x000000cc                        . = ALIGN (0x4)
 *crtbegin.o(.ctors)
 *(EXCLUDE_FILE(*crtend.o) .ctors)
 *(SORT_BY_NAME(.ctors.*))
 *crtend.o(.ctors)
                0x000000cc                        . = ALIGN (0x4)
 *(.fini)
 .fini          0x000000cc        0x4 D:/MPLAB X IDE/xc32_v5.00/bin/bin/../../lib/gcc/pic32c/13.2.1/thumb/v6-m/nofp/crti.o
                0x000000cc                _fini
 .fini          0x000000d0        0x8 D:/MPLAB X IDE/xc32_v5.00/bin/bin/../../lib/gcc/pic32c/13.2.1/thumb/v6-m/nofp/crtn.o
                0x000000d8                        . = ALIGN (0x4)
                0x000000d8                        __fini_array_start = .
 *(.fini_array)
 .fini_array    0x000000d8        0x4 D:/MPLAB X IDE/xc32_v5.00/bin/bin/../../lib/gcc/pic32c/13.2.1/thumb/v6-m/nofp/crtbegin.o
 *(SORT_BY_NAME(.fini_array.*))
                0x000000dc                        __fini_array_end = .
 *crtbegin.o(.dtors)
 *(EXCLUDE_FILE(*crtend.o) .dtors)
 *(SORT_BY_NAME(.dtors.*))
 *crtend.o(.dtors)
                0x000000dc                        . = ALIGN (0x4)
                0x000000dc                        _efixed = .
                [!provide]                        PROVIDE (__exidx_start = .)

.ARM.exidx
 *(.ARM.exidx* .gnu.linkonce.armexidx.*)
                [!provide]                        PROVIDE (__exidx_end = .)
                0x000000dc                        . = ALIGN (0x4)
                0x000000dc                        _etext = .

.bss            0x20000000        0x0
                0x20000000                        . = ALIGN (0x4)
                0x20000000                        __bss_start__ = .
                0x20000000                        _sbss = .
                0x20000000                        _szero = .
 *(COMMON)
                0x20000000                        . = ALIGN (0x4)
                0x20000000                        __bss_end__ = .
                0x20000000                        _ebss = .
                0x20000000                        _ezero = .
                0x20000000                        . = ALIGN (0x4)
                0x20000000                        _end = .
                0x20007fff                        _ram_end_ = ((ORIGIN (ram) + LENGTH (ram)) - 0x1)
                0x00000200                        _min_heap_size = 0x200
START GROUP
LOAD D:/MPLAB X IDE/xc32_v5.00/bin/bin/../../lib/gcc/pic32c/13.2.1/../../../../pic32c/lib/thumb/v6-m/nofp\libpic32c.a
LOAD D:/MPLAB X IDE/xc32_v5.00/bin/bin/../../lib/gcc/pic32c/13.2.1/../../../../pic32c/lib/thumb/v6-m/nofp\libc-size-musl.a
LOAD D:/MPLAB X IDE/xc32_v5.00/bin/bin/../../lib/gcc/pic32c/13.2.1/../../../../pic32c/lib/thumb/v6-m/nofp\liblmalloc-musl.a
LOAD D:/MPLAB X IDE/xc32_v5.00/bin/bin/../../lib/gcc/pic32c/13.2.1/../../../../pic32c/lib/thumb/v6-m/nofp\libc-musl.a
LOAD D:/MPLAB X IDE/xc32_v5.00/bin/bin/../../lib/gcc/pic32c/13.2.1/../../../../pic32c/lib/thumb/v6-m/nofp\libm-fast-emfloat.a
LOAD D:/MPLAB X IDE/xc32_v5.00/bin/bin/../../lib/gcc/pic32c/13.2.1/../../../../pic32c/lib/thumb/v6-m/nofp\libm-musl.a
END GROUP
LOAD D:/MPLAB X IDE/xc32_v5.00/bin/bin/../../lib/gcc/pic32c/13.2.1/thumb/v6-m/nofp\libgcc.a
LOAD D:/MPLAB X IDE/xc32_v5.00/bin/bin/../../lib/gcc/pic32c/13.2.1/thumb/v6-m/nofp/crtend.o
LOAD D:/MPLAB X IDE/xc32_v5.00/bin/bin/../../lib/gcc/pic32c/13.2.1/thumb/v6-m/nofp/crtn.o
OUTPUT(dist/default/production/NextGen_GTron_AxC.X.production.elf elf32-littlearm)
LOAD linker stubs
LOAD data_init

.note           0x00000000      0x918
 .note          0x00000000       0x18 D:/MPLAB X IDE/xc32_v5.00/bin/bin/../../lib/gcc/pic32c/13.2.1/thumb/v6-m/nofp/crti.o
 .note          0x00000018       0x18 D:/MPLAB X IDE/xc32_v5.00/bin/bin/../../lib/gcc/pic32c/13.2.1/thumb/v6-m/nofp/crtbegin.o
 .note          0x00000030       0x18 build/default/production/_ext/1593096446/plib_nvmctrl.o
 .note          0x00000048       0x18 build/default/production/_ext/1986646378/plib_evsys.o
 .note          0x00000060       0x18 build/default/production/_ext/504274921/plib_sercom7_usart.o
 .note          0x00000078       0x18 build/default/production/_ext/1360937237/main.o
 .note          0x00000090       0x78 build/default/production/_ext/1171490990/initialization.o
 .note          0x00000108       0x18 build/default/production/_ext/1171490990/interrupts.o
 .note          0x00000120       0x18 build/default/production/_ext/1171490990/exceptions.o
 .note          0x00000138       0x18 build/default/production/_ext/163028504/xc32_monitor.o
 .note          0x00000150       0x18 build/default/production/_ext/1865521619/plib_port.o
 .note          0x00000168       0x18 build/default/production/_ext/1984496892/plib_clock.o
 .note          0x00000180       0x18 build/default/production/_ext/1865468468/plib_nvic.o
 .note          0x00000198       0x18 build/default/production/_ext/1171490990/startup_xc32.o
 .note          0x000001b0       0x18 build/default/production/_ext/1171490990/libc_syscalls.o
 .note          0x000001c8       0x18 build/default/production/_ext/504274921/plib_sercom5_usart.o
 .note          0x000001e0       0x18 build/default/production/_ext/60167341/plib_eic.o
 .note          0x000001f8       0x18 build/default/production/_ext/1171490990/freertos_hooks.o
 .note          0x00000210       0x18 build/default/production/_ext/404212886/croutine.o
 .note          0x00000228       0x18 build/default/production/_ext/404212886/list.o
 .note          0x00000240       0x18 build/default/production/_ext/404212886/queue.o
 .note          0x00000258       0x18 build/default/production/_ext/404212886/FreeRTOS_tasks.o
 .note          0x00000270       0x18 build/default/production/_ext/404212886/timers.o
 .note          0x00000288       0x18 build/default/production/_ext/404212886/event_groups.o
 .note          0x000002a0       0x18 build/default/production/_ext/404212886/stream_buffer.o
 .note          0x000002b8       0x18 build/default/production/_ext/1665200909/heap_1.o
 .note          0x000002d0       0x18 build/default/production/_ext/1624415188/port.o
 .note          0x000002e8       0x18 build/default/production/_ext/1624415188/portasm.o
 .note          0x00000300       0x18 build/default/production/_ext/1881668453/sys_int.o
 .note          0x00000318       0x18 build/default/production/_ext/1529399856/osal_freertos.o
 .note          0x00000330       0x18 build/default/production/_ext/1360937237/app.o
 .note          0x00000348       0x18 build/default/production/_ext/1171490990/tasks.o
 .note          0x00000360       0x18 D:/MPLAB X IDE/xc32_v5.00/bin/bin/../../lib/gcc/pic32c/13.2.1/../../../../pic32c/lib/thumb/v6-m/nofp\libpic32c.a(data_init.o)
 .note          0x00000378       0x18 D:/MPLAB X IDE/xc32_v5.00/bin/bin/../../lib/gcc/pic32c/13.2.1/../../../../pic32c/lib/thumb/v6-m/nofp\libc-size-musl.a(memcpy.o)
 .note          0x00000390       0x18 D:/MPLAB X IDE/xc32_v5.00/bin/bin/../../lib/gcc/pic32c/13.2.1/../../../../pic32c/lib/thumb/v6-m/nofp\libc-size-musl.a(memset.o)
 .note          0x000003a8       0x18 D:/MPLAB X IDE/xc32_v5.00/bin/bin/../../lib/gcc/pic32c/13.2.1/../../../../pic32c/lib/thumb/v6-m/nofp\libc-musl.a(__libc_start_main.o)
 .note          0x000003c0       0x18 D:/MPLAB X IDE/xc32_v5.00/bin/bin/../../lib/gcc/pic32c/13.2.1/../../../../pic32c/lib/thumb/v6-m/nofp\libc-musl.a(libc.o)
 .note          0x000003d8       0x18 D:/MPLAB X IDE/xc32_v5.00/bin/bin/../../lib/gcc/pic32c/13.2.1/../../../../pic32c/lib/thumb/v6-m/nofp\libc-musl.a(stdin.o)
 .note          0x000003f0       0x18 D:/MPLAB X IDE/xc32_v5.00/bin/bin/../../lib/gcc/pic32c/13.2.1/../../../../pic32c/lib/thumb/v6-m/nofp\libc-musl.a(puts.o)
 .note          0x00000408       0x18 D:/MPLAB X IDE/xc32_v5.00/bin/bin/../../lib/gcc/pic32c/13.2.1/../../../../pic32c/lib/thumb/v6-m/nofp\libc-musl.a(setbuf.o)
 .note          0x00000420       0x18 D:/MPLAB X IDE/xc32_v5.00/bin/bin/../../lib/gcc/pic32c/13.2.1/../../../../pic32c/lib/thumb/v6-m/nofp\libc-musl.a(__environ.o)
 .note          0x00000438       0x18 D:/MPLAB X IDE/xc32_v5.00/bin/bin/../../lib/gcc/pic32c/13.2.1/../../../../pic32c/lib/thumb/v6-m/nofp\libc-musl.a(fputs.o)
 .note          0x00000450       0x18 D:/MPLAB X IDE/xc32_v5.00/bin/bin/../../lib/gcc/pic32c/13.2.1/../../../../pic32c/lib/thumb/v6-m/nofp\libc-musl.a(__io_rw_needed.o)
 .note          0x00000468       0x18 D:/MPLAB X IDE/xc32_v5.00/bin/bin/../../lib/gcc/pic32c/13.2.1/../../../../pic32c/lib/thumb/v6-m/nofp\libc-musl.a(__stdio_read.o)
 .note          0x00000480       0x18 D:/MPLAB X IDE/xc32_v5.00/bin/bin/../../lib/gcc/pic32c/13.2.1/../../../../pic32c/lib/thumb/v6-m/nofp\libc-musl.a(__towrite_rw.o)
 .note          0x00000498       0x18 D:/MPLAB X IDE/xc32_v5.00/bin/bin/../../lib/gcc/pic32c/13.2.1/../../../../pic32c/lib/thumb/v6-m/nofp\libc-musl.a(fwrite.o)
 .note          0x000004b0       0x18 D:/MPLAB X IDE/xc32_v5.00/bin/bin/../../lib/gcc/pic32c/13.2.1/../../../../pic32c/lib/thumb/v6-m/nofp\libc-musl.a(putc.o)
 .note          0x000004c8       0x18 D:/MPLAB X IDE/xc32_v5.00/bin/bin/../../lib/gcc/pic32c/13.2.1/../../../../pic32c/lib/thumb/v6-m/nofp\libc-musl.a(setvbuf.o)
 .note          0x000004e0       0x18 D:/MPLAB X IDE/xc32_v5.00/bin/bin/../../lib/gcc/pic32c/13.2.1/../../../../pic32c/lib/thumb/v6-m/nofp\libc-musl.a(stdout.o)
 .note          0x000004f8       0x18 D:/MPLAB X IDE/xc32_v5.00/bin/bin/../../lib/gcc/pic32c/13.2.1/../../../../pic32c/lib/thumb/v6-m/nofp\libc-musl.a(readv.o)
 .note          0x00000510       0x18 D:/MPLAB X IDE/xc32_v5.00/bin/bin/../../lib/gcc/pic32c/13.2.1/../../../../pic32c/lib/thumb/v6-m/nofp\libc-musl.a(__fopen_rw.o)
 .note          0x00000528       0x18 D:/MPLAB X IDE/xc32_v5.00/bin/bin/../../lib/gcc/pic32c/13.2.1/../../../../pic32c/lib/thumb/v6-m/nofp\libc-musl.a(__ftello_rw.o)
 .note          0x00000540       0x18 D:/MPLAB X IDE/xc32_v5.00/bin/bin/../../lib/gcc/pic32c/13.2.1/../../../../pic32c/lib/thumb/v6-m/nofp\libc-musl.a(__io_buf_needed.o)
 .note          0x00000558       0x18 D:/MPLAB X IDE/xc32_v5.00/bin/bin/../../lib/gcc/pic32c/13.2.1/../../../../pic32c/lib/thumb/v6-m/nofp\libc-musl.a(__io_file_needed.o)
 .note          0x00000570       0x18 D:/MPLAB X IDE/xc32_v5.00/bin/bin/../../lib/gcc/pic32c/13.2.1/../../../../pic32c/lib/thumb/v6-m/nofp\libc-musl.a(__io_init_needed.o)
 .note          0x00000588       0x18 D:/MPLAB X IDE/xc32_v5.00/bin/bin/../../lib/gcc/pic32c/13.2.1/../../../../pic32c/lib/thumb/v6-m/nofp\libc-musl.a(__io_std_needed.o)
 .note          0x000005a0       0x18 D:/MPLAB X IDE/xc32_v5.00/bin/bin/../../lib/gcc/pic32c/13.2.1/../../../../pic32c/lib/thumb/v6-m/nofp\libc-musl.a(__out.o)
 .note          0x000005b8       0x18 D:/MPLAB X IDE/xc32_v5.00/bin/bin/../../lib/gcc/pic32c/13.2.1/../../../../pic32c/lib/thumb/v6-m/nofp\libc-musl.a(__putc.o)
 .note          0x000005d0       0x18 D:/MPLAB X IDE/xc32_v5.00/bin/bin/../../lib/gcc/pic32c/13.2.1/../../../../pic32c/lib/thumb/v6-m/nofp\libc-musl.a(__stderr.o)
 .note          0x000005e8       0x18 D:/MPLAB X IDE/xc32_v5.00/bin/bin/../../lib/gcc/pic32c/13.2.1/../../../../pic32c/lib/thumb/v6-m/nofp\libc-musl.a(__stdio_close.o)
 .note          0x00000600       0x18 D:/MPLAB X IDE/xc32_v5.00/bin/bin/../../lib/gcc/pic32c/13.2.1/../../../../pic32c/lib/thumb/v6-m/nofp\libc-musl.a(__stdio_exit.o)
 .note          0x00000618       0x18 D:/MPLAB X IDE/xc32_v5.00/bin/bin/../../lib/gcc/pic32c/13.2.1/../../../../pic32c/lib/thumb/v6-m/nofp\libc-musl.a(__stdio_write.o)
 .note          0x00000630       0x18 D:/MPLAB X IDE/xc32_v5.00/bin/bin/../../lib/gcc/pic32c/13.2.1/../../../../pic32c/lib/thumb/v6-m/nofp\libc-musl.a(__stdout.o)
 .note          0x00000648       0x18 D:/MPLAB X IDE/xc32_v5.00/bin/bin/../../lib/gcc/pic32c/13.2.1/../../../../pic32c/lib/thumb/v6-m/nofp\libc-musl.a(__towrite.o)
 .note          0x00000660       0x18 D:/MPLAB X IDE/xc32_v5.00/bin/bin/../../lib/gcc/pic32c/13.2.1/../../../../pic32c/lib/thumb/v6-m/nofp\libc-musl.a(writev.o)
 .note          0x00000678       0x18 D:/MPLAB X IDE/xc32_v5.00/bin/bin/../../lib/gcc/pic32c/13.2.1/../../../../pic32c/lib/thumb/v6-m/nofp\libc-musl.a(__overflow.o)
 .note          0x00000690       0x18 D:/MPLAB X IDE/xc32_v5.00/bin/bin/../../lib/gcc/pic32c/13.2.1/../../../../pic32c/lib/thumb/v6-m/nofp\libc-musl.a(__fclose.o)
 .note          0x000006a8       0x18 D:/MPLAB X IDE/xc32_v5.00/bin/bin/../../lib/gcc/pic32c/13.2.1/../../../../pic32c/lib/thumb/v6-m/nofp\libc-musl.a(__fopen.o)
 .note          0x000006c0       0x18 D:/MPLAB X IDE/xc32_v5.00/bin/bin/../../lib/gcc/pic32c/13.2.1/../../../../pic32c/lib/thumb/v6-m/nofp\libc-musl.a(__fseeko.o)
 .note          0x000006d8       0x18 D:/MPLAB X IDE/xc32_v5.00/bin/bin/../../lib/gcc/pic32c/13.2.1/../../../../pic32c/lib/thumb/v6-m/nofp\libc-musl.a(__ftello.o)
 .note          0x000006f0       0x18 D:/MPLAB X IDE/xc32_v5.00/bin/bin/../../lib/gcc/pic32c/13.2.1/../../../../pic32c/lib/thumb/v6-m/nofp\libc-musl.a(__fwrite.o)
 .note          0x00000708       0x18 D:/MPLAB X IDE/xc32_v5.00/bin/bin/../../lib/gcc/pic32c/13.2.1/../../../../pic32c/lib/thumb/v6-m/nofp\libc-musl.a(__init_stdio.o)
 .note          0x00000720       0x18 D:/MPLAB X IDE/xc32_v5.00/bin/bin/../../lib/gcc/pic32c/13.2.1/../../../../pic32c/lib/thumb/v6-m/nofp\libpic32c.a(close.o)
 .note          0x00000738       0x18 D:/MPLAB X IDE/xc32_v5.00/bin/bin/../../lib/gcc/pic32c/13.2.1/../../../../pic32c/lib/thumb/v6-m/nofp\libpic32c.a(lseek.o)
 .note          0x00000750       0x18 D:/MPLAB X IDE/xc32_v5.00/bin/bin/../../lib/gcc/pic32c/13.2.1/../../../../pic32c/lib/thumb/v6-m/nofp\libc-size-musl.a(strlen.o)
 .note          0x00000768       0x18 D:/MPLAB X IDE/xc32_v5.00/bin/bin/../../lib/gcc/pic32c/13.2.1/../../../../pic32c/lib/thumb/v6-m/nofp\liblmalloc-musl.a(lite_malloc.o)
 .note          0x00000780       0x18 D:/MPLAB X IDE/xc32_v5.00/bin/bin/../../lib/gcc/pic32c/13.2.1/../../../../pic32c/lib/thumb/v6-m/nofp\liblmalloc-musl.a(lite_free.o)
 .note          0x00000798       0x18 D:/MPLAB X IDE/xc32_v5.00/bin/bin/../../lib/gcc/pic32c/13.2.1/../../../../pic32c/lib/thumb/v6-m/nofp\libc-musl.a(__errno_location.o)
 .note          0x000007b0       0x18 D:/MPLAB X IDE/xc32_v5.00/bin/bin/../../lib/gcc/pic32c/13.2.1/../../../../pic32c/lib/thumb/v6-m/nofp\libc-musl.a(expand_heap.o)
 .note          0x000007c8       0x18 D:/MPLAB X IDE/xc32_v5.00/bin/bin/../../lib/gcc/pic32c/13.2.1/../../../../pic32c/lib/thumb/v6-m/nofp\libpic32c.a(sbrk.o)
 .note          0x000007e0       0x18 D:/MPLAB X IDE/xc32_v5.00/bin/bin/../../lib/gcc/pic32c/13.2.1/thumb/v6-m/nofp\libgcc.a(_udivsi3.o)
 .note          0x000007f8       0x18 D:/MPLAB X IDE/xc32_v5.00/bin/bin/../../lib/gcc/pic32c/13.2.1/thumb/v6-m/nofp\libgcc.a(_dvmd_tls.o)
 .note          0x00000810       0x18 D:/MPLAB X IDE/xc32_v5.00/bin/bin/../../lib/gcc/pic32c/13.2.1/thumb/v6-m/nofp\libgcc.a(_aeabi_uldivmod.o)
 .note          0x00000828       0x18 D:/MPLAB X IDE/xc32_v5.00/bin/bin/../../lib/gcc/pic32c/13.2.1/thumb/v6-m/nofp\libgcc.a(_muldi3.o)
 .note          0x00000840       0x18 D:/MPLAB X IDE/xc32_v5.00/bin/bin/../../lib/gcc/pic32c/13.2.1/thumb/v6-m/nofp\libgcc.a(_udivmoddi4.o)
 .note          0x00000858       0x18 D:/MPLAB X IDE/xc32_v5.00/bin/bin/../../lib/gcc/pic32c/13.2.1/thumb/v6-m/nofp\libgcc.a(_lshrdi3.o)
 .note          0x00000870       0x18 D:/MPLAB X IDE/xc32_v5.00/bin/bin/../../lib/gcc/pic32c/13.2.1/thumb/v6-m/nofp\libgcc.a(_ashldi3.o)
 .note          0x00000888       0x18 D:/MPLAB X IDE/xc32_v5.00/bin/bin/../../lib/gcc/pic32c/13.2.1/thumb/v6-m/nofp\libgcc.a(_clzdi2.o)
 .note          0x000008a0       0x18 D:/MPLAB X IDE/xc32_v5.00/bin/bin/../../lib/gcc/pic32c/13.2.1/thumb/v6-m/nofp\libgcc.a(_clzsi2.o)
 .note          0x000008b8       0x18 D:/MPLAB X IDE/xc32_v5.00/bin/bin/../../lib/gcc/pic32c/13.2.1/thumb/v6-m/nofp/crtend.o
 .note          0x000008d0       0x18 D:/MPLAB X IDE/xc32_v5.00/bin/bin/../../lib/gcc/pic32c/13.2.1/thumb/v6-m/nofp/crtn.o
 .note          0x000008e8       0x18 D:/MPLAB X IDE/xc32_v5.00/bin/bin/../../lib/gcc/pic32c/13.2.1/../../../../pic32c/lib/thumb/v6-m/nofp\libpic32c.a(pic32_data_init_clear.o)
 .note          0x00000900       0x18 D:/MPLAB X IDE/xc32_v5.00/bin/bin/../../lib/gcc/pic32c/13.2.1/../../../../pic32c/lib/thumb/v6-m/nofp\libpic32c.a(pic32_data_init_copy.o)

.ARM.attributes
                0x00000000       0x2c
 .ARM.attributes
                0x00000000       0x1e D:/MPLAB X IDE/xc32_v5.00/bin/bin/../../lib/gcc/pic32c/13.2.1/thumb/v6-m/nofp/crti.o
 .ARM.attributes
                0x0000001e       0x2c D:/MPLAB X IDE/xc32_v5.00/bin/bin/../../lib/gcc/pic32c/13.2.1/thumb/v6-m/nofp/crtbegin.o
 .ARM.attributes
                0x0000004a       0x2c build/default/production/_ext/1593096446/plib_nvmctrl.o
 .ARM.attributes
                0x00000076       0x2c build/default/production/_ext/1986646378/plib_evsys.o
 .ARM.attributes
                0x000000a2       0x2c build/default/production/_ext/504274921/plib_sercom7_usart.o
 .ARM.attributes
                0x000000ce       0x2c build/default/production/_ext/1360937237/main.o
 .ARM.attributes
                0x000000fa       0x2c build/default/production/_ext/1171490990/initialization.o
 .ARM.attributes
                0x00000126       0x2c build/default/production/_ext/1171490990/interrupts.o
 .ARM.attributes
                0x00000152       0x2c build/default/production/_ext/1171490990/exceptions.o
 .ARM.attributes
                0x0000017e       0x2c build/default/production/_ext/163028504/xc32_monitor.o
 .ARM.attributes
                0x000001aa       0x2c build/default/production/_ext/1865521619/plib_port.o
 .ARM.attributes
                0x000001d6       0x2c build/default/production/_ext/1984496892/plib_clock.o
 .ARM.attributes
                0x00000202       0x2c build/default/production/_ext/1865468468/plib_nvic.o
 .ARM.attributes
                0x0000022e       0x2c build/default/production/_ext/1171490990/startup_xc32.o
 .ARM.attributes
                0x0000025a       0x2c build/default/production/_ext/504274921/plib_sercom5_usart.o
 .ARM.attributes
                0x00000286       0x2c build/default/production/_ext/60167341/plib_eic.o
 .ARM.attributes
                0x000002b2       0x2c build/default/production/_ext/1171490990/freertos_hooks.o
 .ARM.attributes
                0x000002de       0x2c build/default/production/_ext/404212886/list.o
 .ARM.attributes
                0x0000030a       0x2c build/default/production/_ext/404212886/FreeRTOS_tasks.o
 .ARM.attributes
                0x00000336       0x2c build/default/production/_ext/1665200909/heap_1.o
 .ARM.attributes
                0x00000362       0x2c build/default/production/_ext/1624415188/port.o
 .ARM.attributes
                0x0000038e       0x2c build/default/production/_ext/1624415188/portasm.o
 .ARM.attributes
                0x000003ba       0x2c build/default/production/_ext/1360937237/app.o
 .ARM.attributes
                0x000003e6       0x2c build/default/production/_ext/1171490990/tasks.o
 .ARM.attributes
                0x00000412       0x2c D:/MPLAB X IDE/xc32_v5.00/bin/bin/../../lib/gcc/pic32c/13.2.1/../../../../pic32c/lib/thumb/v6-m/nofp\libpic32c.a(data_init.o)
 .ARM.attributes
                0x0000043e       0x2e D:/MPLAB X IDE/xc32_v5.00/bin/bin/../../lib/gcc/pic32c/13.2.1/../../../../pic32c/lib/thumb/v6-m/nofp\libc-size-musl.a(memcpy.o)
 .ARM.attributes
                0x0000046c       0x2e D:/MPLAB X IDE/xc32_v5.00/bin/bin/../../lib/gcc/pic32c/13.2.1/../../../../pic32c/lib/thumb/v6-m/nofp\libc-size-musl.a(memset.o)
 .ARM.attributes
                0x0000049a       0x2e D:/MPLAB X IDE/xc32_v5.00/bin/bin/../../lib/gcc/pic32c/13.2.1/../../../../pic32c/lib/thumb/v6-m/nofp\libc-musl.a(__libc_start_main.o)
 .ARM.attributes
                0x000004c8       0x2e D:/MPLAB X IDE/xc32_v5.00/bin/bin/../../lib/gcc/pic32c/13.2.1/../../../../pic32c/lib/thumb/v6-m/nofp\libc-musl.a(libc.o)
 .ARM.attributes
                0x000004f6       0x2e D:/MPLAB X IDE/xc32_v5.00/bin/bin/../../lib/gcc/pic32c/13.2.1/../../../../pic32c/lib/thumb/v6-m/nofp\libc-musl.a(stdin.o)
 .ARM.attributes
                0x00000524       0x2e D:/MPLAB X IDE/xc32_v5.00/bin/bin/../../lib/gcc/pic32c/13.2.1/../../../../pic32c/lib/thumb/v6-m/nofp\libc-musl.a(puts.o)
 .ARM.attributes
                0x00000552       0x2e D:/MPLAB X IDE/xc32_v5.00/bin/bin/../../lib/gcc/pic32c/13.2.1/../../../../pic32c/lib/thumb/v6-m/nofp\libc-musl.a(setbuf.o)
 .ARM.attributes
                0x00000580       0x2e D:/MPLAB X IDE/xc32_v5.00/bin/bin/../../lib/gcc/pic32c/13.2.1/../../../../pic32c/lib/thumb/v6-m/nofp\libc-musl.a(__environ.o)
 .ARM.attributes
                0x000005ae       0x2e D:/MPLAB X IDE/xc32_v5.00/bin/bin/../../lib/gcc/pic32c/13.2.1/../../../../pic32c/lib/thumb/v6-m/nofp\libc-musl.a(fputs.o)
 .ARM.attributes
                0x000005dc       0x2e D:/MPLAB X IDE/xc32_v5.00/bin/bin/../../lib/gcc/pic32c/13.2.1/../../../../pic32c/lib/thumb/v6-m/nofp\libc-musl.a(__stdio_read.o)
 .ARM.attributes
                0x0000060a       0x2e D:/MPLAB X IDE/xc32_v5.00/bin/bin/../../lib/gcc/pic32c/13.2.1/../../../../pic32c/lib/thumb/v6-m/nofp\libc-musl.a(__towrite_rw.o)
 .ARM.attributes
                0x00000638       0x2e D:/MPLAB X IDE/xc32_v5.00/bin/bin/../../lib/gcc/pic32c/13.2.1/../../../../pic32c/lib/thumb/v6-m/nofp\libc-musl.a(fwrite.o)
 .ARM.attributes
                0x00000666       0x2e D:/MPLAB X IDE/xc32_v5.00/bin/bin/../../lib/gcc/pic32c/13.2.1/../../../../pic32c/lib/thumb/v6-m/nofp\libc-musl.a(putc.o)
 .ARM.attributes
                0x00000694       0x2e D:/MPLAB X IDE/xc32_v5.00/bin/bin/../../lib/gcc/pic32c/13.2.1/../../../../pic32c/lib/thumb/v6-m/nofp\libc-musl.a(setvbuf.o)
 .ARM.attributes
                0x000006c2       0x2e D:/MPLAB X IDE/xc32_v5.00/bin/bin/../../lib/gcc/pic32c/13.2.1/../../../../pic32c/lib/thumb/v6-m/nofp\libc-musl.a(stdout.o)
 .ARM.attributes
                0x000006f0       0x2e D:/MPLAB X IDE/xc32_v5.00/bin/bin/../../lib/gcc/pic32c/13.2.1/../../../../pic32c/lib/thumb/v6-m/nofp\libc-musl.a(readv.o)
 .ARM.attributes
                0x0000071e       0x2e D:/MPLAB X IDE/xc32_v5.00/bin/bin/../../lib/gcc/pic32c/13.2.1/../../../../pic32c/lib/thumb/v6-m/nofp\libc-musl.a(__out.o)
 .ARM.attributes
                0x0000074c       0x2e D:/MPLAB X IDE/xc32_v5.00/bin/bin/../../lib/gcc/pic32c/13.2.1/../../../../pic32c/lib/thumb/v6-m/nofp\libc-musl.a(__putc.o)
 .ARM.attributes
                0x0000077a       0x2e D:/MPLAB X IDE/xc32_v5.00/bin/bin/../../lib/gcc/pic32c/13.2.1/../../../../pic32c/lib/thumb/v6-m/nofp\libc-musl.a(__stderr.o)
 .ARM.attributes
                0x000007a8       0x2e D:/MPLAB X IDE/xc32_v5.00/bin/bin/../../lib/gcc/pic32c/13.2.1/../../../../pic32c/lib/thumb/v6-m/nofp\libc-musl.a(__stdio_close.o)
 .ARM.attributes
                0x000007d6       0x2e D:/MPLAB X IDE/xc32_v5.00/bin/bin/../../lib/gcc/pic32c/13.2.1/../../../../pic32c/lib/thumb/v6-m/nofp\libc-musl.a(__stdio_write.o)
 .ARM.attributes
                0x00000804       0x2e D:/MPLAB X IDE/xc32_v5.00/bin/bin/../../lib/gcc/pic32c/13.2.1/../../../../pic32c/lib/thumb/v6-m/nofp\libc-musl.a(__stdout.o)
 .ARM.attributes
                0x00000832       0x2e D:/MPLAB X IDE/xc32_v5.00/bin/bin/../../lib/gcc/pic32c/13.2.1/../../../../pic32c/lib/thumb/v6-m/nofp\libc-musl.a(__towrite.o)
 .ARM.attributes
                0x00000860       0x2e D:/MPLAB X IDE/xc32_v5.00/bin/bin/../../lib/gcc/pic32c/13.2.1/../../../../pic32c/lib/thumb/v6-m/nofp\libc-musl.a(writev.o)
 .ARM.attributes
                0x0000088e       0x2e D:/MPLAB X IDE/xc32_v5.00/bin/bin/../../lib/gcc/pic32c/13.2.1/../../../../pic32c/lib/thumb/v6-m/nofp\libc-musl.a(__overflow.o)
 .ARM.attributes
                0x000008bc       0x2e D:/MPLAB X IDE/xc32_v5.00/bin/bin/../../lib/gcc/pic32c/13.2.1/../../../../pic32c/lib/thumb/v6-m/nofp\libc-musl.a(__fwrite.o)
 .ARM.attributes
                0x000008ea       0x2e D:/MPLAB X IDE/xc32_v5.00/bin/bin/../../lib/gcc/pic32c/13.2.1/../../../../pic32c/lib/thumb/v6-m/nofp\libc-musl.a(__init_stdio.o)
 .ARM.attributes
                0x00000918       0x2c D:/MPLAB X IDE/xc32_v5.00/bin/bin/../../lib/gcc/pic32c/13.2.1/../../../../pic32c/lib/thumb/v6-m/nofp\libpic32c.a(close.o)
 .ARM.attributes
                0x00000944       0x2c D:/MPLAB X IDE/xc32_v5.00/bin/bin/../../lib/gcc/pic32c/13.2.1/../../../../pic32c/lib/thumb/v6-m/nofp\libpic32c.a(lseek.o)
 .ARM.attributes
                0x00000970       0x2e D:/MPLAB X IDE/xc32_v5.00/bin/bin/../../lib/gcc/pic32c/13.2.1/../../../../pic32c/lib/thumb/v6-m/nofp\libc-size-musl.a(strlen.o)
 .ARM.attributes
                0x0000099e       0x2e D:/MPLAB X IDE/xc32_v5.00/bin/bin/../../lib/gcc/pic32c/13.2.1/../../../../pic32c/lib/thumb/v6-m/nofp\liblmalloc-musl.a(lite_malloc.o)
 .ARM.attributes
                0x000009cc       0x2e D:/MPLAB X IDE/xc32_v5.00/bin/bin/../../lib/gcc/pic32c/13.2.1/../../../../pic32c/lib/thumb/v6-m/nofp\liblmalloc-musl.a(lite_free.o)
 .ARM.attributes
                0x000009fa       0x2e D:/MPLAB X IDE/xc32_v5.00/bin/bin/../../lib/gcc/pic32c/13.2.1/../../../../pic32c/lib/thumb/v6-m/nofp\libc-musl.a(__errno_location.o)
 .ARM.attributes
                0x00000a28       0x2e D:/MPLAB X IDE/xc32_v5.00/bin/bin/../../lib/gcc/pic32c/13.2.1/../../../../pic32c/lib/thumb/v6-m/nofp\libc-musl.a(expand_heap.o)
 .ARM.attributes
                0x00000a56       0x2c D:/MPLAB X IDE/xc32_v5.00/bin/bin/../../lib/gcc/pic32c/13.2.1/../../../../pic32c/lib/thumb/v6-m/nofp\libpic32c.a(sbrk.o)
 .ARM.attributes
                0x00000a82       0x1e D:/MPLAB X IDE/xc32_v5.00/bin/bin/../../lib/gcc/pic32c/13.2.1/thumb/v6-m/nofp\libgcc.a(_udivsi3.o)
 .ARM.attributes
                0x00000aa0       0x1e D:/MPLAB X IDE/xc32_v5.00/bin/bin/../../lib/gcc/pic32c/13.2.1/thumb/v6-m/nofp\libgcc.a(_dvmd_tls.o)
 .ARM.attributes
                0x00000abe       0x1e D:/MPLAB X IDE/xc32_v5.00/bin/bin/../../lib/gcc/pic32c/13.2.1/thumb/v6-m/nofp/crtn.o
 .ARM.attributes
                0x00000adc       0x2c D:/MPLAB X IDE/xc32_v5.00/bin/bin/../../lib/gcc/pic32c/13.2.1/../../../../pic32c/lib/thumb/v6-m/nofp\libpic32c.a(pic32_data_init_clear.o)
 .ARM.attributes
                0x00000b08       0x2c D:/MPLAB X IDE/xc32_v5.00/bin/bin/../../lib/gcc/pic32c/13.2.1/../../../../pic32c/lib/thumb/v6-m/nofp\libpic32c.a(pic32_data_init_copy.o)

.comment        0x00000000       0x35
 .comment       0x00000000       0x35 D:/MPLAB X IDE/xc32_v5.00/bin/bin/../../lib/gcc/pic32c/13.2.1/thumb/v6-m/nofp/crtbegin.o
                                 0x36 (size before relaxing)
 .comment       0x00000035       0x36 build/default/production/_ext/1593096446/plib_nvmctrl.o
 .comment       0x00000035       0x36 build/default/production/_ext/1986646378/plib_evsys.o
 .comment       0x00000035       0x36 build/default/production/_ext/504274921/plib_sercom7_usart.o
 .comment       0x00000035       0x36 build/default/production/_ext/1360937237/main.o
 .comment       0x00000035       0x36 build/default/production/_ext/1171490990/initialization.o
 .comment       0x00000035       0x36 build/default/production/_ext/1171490990/interrupts.o
 .comment       0x00000035       0x36 build/default/production/_ext/1171490990/exceptions.o
 .comment       0x00000035       0x36 build/default/production/_ext/163028504/xc32_monitor.o
 .comment       0x00000035       0x36 build/default/production/_ext/1865521619/plib_port.o
 .comment       0x00000035       0x36 build/default/production/_ext/1984496892/plib_clock.o
 .comment       0x00000035       0x36 build/default/production/_ext/1865468468/plib_nvic.o
 .comment       0x00000035       0x36 build/default/production/_ext/1171490990/startup_xc32.o
 .comment       0x00000035       0x36 build/default/production/_ext/504274921/plib_sercom5_usart.o
 .comment       0x00000035       0x36 build/default/production/_ext/60167341/plib_eic.o
 .comment       0x00000035       0x36 build/default/production/_ext/1171490990/freertos_hooks.o
 .comment       0x00000035       0x36 build/default/production/_ext/404212886/list.o
 .comment       0x00000035       0x36 build/default/production/_ext/404212886/FreeRTOS_tasks.o
 .comment       0x00000035       0x36 build/default/production/_ext/1665200909/heap_1.o
 .comment       0x00000035       0x36 build/default/production/_ext/1624415188/port.o
 .comment       0x00000035       0x36 build/default/production/_ext/1624415188/portasm.o
 .comment       0x00000035       0x36 build/default/production/_ext/1360937237/app.o
 .comment       0x00000035       0x36 build/default/production/_ext/1171490990/tasks.o
 .comment       0x00000035       0x36 D:/MPLAB X IDE/xc32_v5.00/bin/bin/../../lib/gcc/pic32c/13.2.1/../../../../pic32c/lib/thumb/v6-m/nofp\libpic32c.a(data_init.o)
 .comment       0x00000035       0x36 D:/MPLAB X IDE/xc32_v5.00/bin/bin/../../lib/gcc/pic32c/13.2.1/../../../../pic32c/lib/thumb/v6-m/nofp\libc-size-musl.a(memcpy.o)
 .comment       0x00000035       0x36 D:/MPLAB X IDE/xc32_v5.00/bin/bin/../../lib/gcc/pic32c/13.2.1/../../../../pic32c/lib/thumb/v6-m/nofp\libc-size-musl.a(memset.o)
 .comment       0x00000035       0x36 D:/MPLAB X IDE/xc32_v5.00/bin/bin/../../lib/gcc/pic32c/13.2.1/../../../../pic32c/lib/thumb/v6-m/nofp\libc-musl.a(__libc_start_main.o)
 .comment       0x00000035       0x36 D:/MPLAB X IDE/xc32_v5.00/bin/bin/../../lib/gcc/pic32c/13.2.1/../../../../pic32c/lib/thumb/v6-m/nofp\libc-musl.a(libc.o)
 .comment       0x00000035       0x36 D:/MPLAB X IDE/xc32_v5.00/bin/bin/../../lib/gcc/pic32c/13.2.1/../../../../pic32c/lib/thumb/v6-m/nofp\libc-musl.a(stdin.o)
 .comment       0x00000035       0x36 D:/MPLAB X IDE/xc32_v5.00/bin/bin/../../lib/gcc/pic32c/13.2.1/../../../../pic32c/lib/thumb/v6-m/nofp\libc-musl.a(puts.o)
 .comment       0x00000035       0x36 D:/MPLAB X IDE/xc32_v5.00/bin/bin/../../lib/gcc/pic32c/13.2.1/../../../../pic32c/lib/thumb/v6-m/nofp\libc-musl.a(setbuf.o)
 .comment       0x00000035       0x36 D:/MPLAB X IDE/xc32_v5.00/bin/bin/../../lib/gcc/pic32c/13.2.1/../../../../pic32c/lib/thumb/v6-m/nofp\libc-musl.a(__environ.o)
 .comment       0x00000035       0x36 D:/MPLAB X IDE/xc32_v5.00/bin/bin/../../lib/gcc/pic32c/13.2.1/../../../../pic32c/lib/thumb/v6-m/nofp\libc-musl.a(fputs.o)
 .comment       0x00000035       0x36 D:/MPLAB X IDE/xc32_v5.00/bin/bin/../../lib/gcc/pic32c/13.2.1/../../../../pic32c/lib/thumb/v6-m/nofp\libc-musl.a(__stdio_read.o)
 .comment       0x00000035       0x36 D:/MPLAB X IDE/xc32_v5.00/bin/bin/../../lib/gcc/pic32c/13.2.1/../../../../pic32c/lib/thumb/v6-m/nofp\libc-musl.a(__towrite_rw.o)
 .comment       0x00000035       0x36 D:/MPLAB X IDE/xc32_v5.00/bin/bin/../../lib/gcc/pic32c/13.2.1/../../../../pic32c/lib/thumb/v6-m/nofp\libc-musl.a(fwrite.o)
 .comment       0x00000035       0x36 D:/MPLAB X IDE/xc32_v5.00/bin/bin/../../lib/gcc/pic32c/13.2.1/../../../../pic32c/lib/thumb/v6-m/nofp\libc-musl.a(putc.o)
 .comment       0x00000035       0x36 D:/MPLAB X IDE/xc32_v5.00/bin/bin/../../lib/gcc/pic32c/13.2.1/../../../../pic32c/lib/thumb/v6-m/nofp\libc-musl.a(setvbuf.o)
 .comment       0x00000035       0x36 D:/MPLAB X IDE/xc32_v5.00/bin/bin/../../lib/gcc/pic32c/13.2.1/../../../../pic32c/lib/thumb/v6-m/nofp\libc-musl.a(stdout.o)
 .comment       0x00000035       0x36 D:/MPLAB X IDE/xc32_v5.00/bin/bin/../../lib/gcc/pic32c/13.2.1/../../../../pic32c/lib/thumb/v6-m/nofp\libc-musl.a(readv.o)
 .comment       0x00000035       0x36 D:/MPLAB X IDE/xc32_v5.00/bin/bin/../../lib/gcc/pic32c/13.2.1/../../../../pic32c/lib/thumb/v6-m/nofp\libc-musl.a(__out.o)
 .comment       0x00000035       0x36 D:/MPLAB X IDE/xc32_v5.00/bin/bin/../../lib/gcc/pic32c/13.2.1/../../../../pic32c/lib/thumb/v6-m/nofp\libc-musl.a(__putc.o)
 .comment       0x00000035       0x36 D:/MPLAB X IDE/xc32_v5.00/bin/bin/../../lib/gcc/pic32c/13.2.1/../../../../pic32c/lib/thumb/v6-m/nofp\libc-musl.a(__stderr.o)
 .comment       0x00000035       0x36 D:/MPLAB X IDE/xc32_v5.00/bin/bin/../../lib/gcc/pic32c/13.2.1/../../../../pic32c/lib/thumb/v6-m/nofp\libc-musl.a(__stdio_close.o)
 .comment       0x00000035       0x36 D:/MPLAB X IDE/xc32_v5.00/bin/bin/../../lib/gcc/pic32c/13.2.1/../../../../pic32c/lib/thumb/v6-m/nofp\libc-musl.a(__stdio_write.o)
 .comment       0x00000035       0x36 D:/MPLAB X IDE/xc32_v5.00/bin/bin/../../lib/gcc/pic32c/13.2.1/../../../../pic32c/lib/thumb/v6-m/nofp\libc-musl.a(__stdout.o)
 .comment       0x00000035       0x36 D:/MPLAB X IDE/xc32_v5.00/bin/bin/../../lib/gcc/pic32c/13.2.1/../../../../pic32c/lib/thumb/v6-m/nofp\libc-musl.a(__towrite.o)
 .comment       0x00000035       0x36 D:/MPLAB X IDE/xc32_v5.00/bin/bin/../../lib/gcc/pic32c/13.2.1/../../../../pic32c/lib/thumb/v6-m/nofp\libc-musl.a(writev.o)
 .comment       0x00000035       0x36 D:/MPLAB X IDE/xc32_v5.00/bin/bin/../../lib/gcc/pic32c/13.2.1/../../../../pic32c/lib/thumb/v6-m/nofp\libc-musl.a(__overflow.o)
 .comment       0x00000035       0x36 D:/MPLAB X IDE/xc32_v5.00/bin/bin/../../lib/gcc/pic32c/13.2.1/../../../../pic32c/lib/thumb/v6-m/nofp\libc-musl.a(__fwrite.o)
 .comment       0x00000035       0x36 D:/MPLAB X IDE/xc32_v5.00/bin/bin/../../lib/gcc/pic32c/13.2.1/../../../../pic32c/lib/thumb/v6-m/nofp\libc-musl.a(__init_stdio.o)
 .comment       0x00000035       0x36 D:/MPLAB X IDE/xc32_v5.00/bin/bin/../../lib/gcc/pic32c/13.2.1/../../../../pic32c/lib/thumb/v6-m/nofp\libpic32c.a(close.o)
 .comment       0x00000035       0x36 D:/MPLAB X IDE/xc32_v5.00/bin/bin/../../lib/gcc/pic32c/13.2.1/../../../../pic32c/lib/thumb/v6-m/nofp\libpic32c.a(lseek.o)
 .comment       0x00000035       0x36 D:/MPLAB X IDE/xc32_v5.00/bin/bin/../../lib/gcc/pic32c/13.2.1/../../../../pic32c/lib/thumb/v6-m/nofp\libc-size-musl.a(strlen.o)
 .comment       0x00000035       0x36 D:/MPLAB X IDE/xc32_v5.00/bin/bin/../../lib/gcc/pic32c/13.2.1/../../../../pic32c/lib/thumb/v6-m/nofp\liblmalloc-musl.a(lite_malloc.o)
 .comment       0x00000035       0x36 D:/MPLAB X IDE/xc32_v5.00/bin/bin/../../lib/gcc/pic32c/13.2.1/../../../../pic32c/lib/thumb/v6-m/nofp\liblmalloc-musl.a(lite_free.o)
 .comment       0x00000035       0x36 D:/MPLAB X IDE/xc32_v5.00/bin/bin/../../lib/gcc/pic32c/13.2.1/../../../../pic32c/lib/thumb/v6-m/nofp\libc-musl.a(__errno_location.o)
 .comment       0x00000035       0x36 D:/MPLAB X IDE/xc32_v5.00/bin/bin/../../lib/gcc/pic32c/13.2.1/../../../../pic32c/lib/thumb/v6-m/nofp\libc-musl.a(expand_heap.o)
 .comment       0x00000035       0x36 D:/MPLAB X IDE/xc32_v5.00/bin/bin/../../lib/gcc/pic32c/13.2.1/../../../../pic32c/lib/thumb/v6-m/nofp\libpic32c.a(sbrk.o)
 .comment       0x00000035       0x36 D:/MPLAB X IDE/xc32_v5.00/bin/bin/../../lib/gcc/pic32c/13.2.1/../../../../pic32c/lib/thumb/v6-m/nofp\libpic32c.a(pic32_data_init_clear.o)
 .comment       0x00000035       0x36 D:/MPLAB X IDE/xc32_v5.00/bin/bin/../../lib/gcc/pic32c/13.2.1/../../../../pic32c/lib/thumb/v6-m/nofp\libpic32c.a(pic32_data_init_copy.o)

.debug_info     0x00000000     0xdccb
 .debug_info    0x00000000      0x791 build/default/production/_ext/1593096446/plib_nvmctrl.o
 .debug_info    0x00000791       0x9b build/default/production/_ext/1986646378/plib_evsys.o
 .debug_info    0x0000082c      0xf09 build/default/production/_ext/504274921/plib_sercom7_usart.o
 .debug_info    0x00001735      0x10e build/default/production/_ext/1360937237/main.o
 .debug_info    0x00001843      0x3f8 build/default/production/_ext/1171490990/initialization.o
 .debug_info    0x00001c3b      0x42f build/default/production/_ext/1171490990/interrupts.o
 .debug_info    0x0000206a       0xba build/default/production/_ext/1171490990/exceptions.o
 .debug_info    0x00002124      0x1ef build/default/production/_ext/163028504/xc32_monitor.o
 .debug_info    0x00002313      0x7a4 build/default/production/_ext/1865521619/plib_port.o
 .debug_info    0x00002ab7      0x5d2 build/default/production/_ext/1984496892/plib_clock.o
 .debug_info    0x00003089      0x7ac build/default/production/_ext/1865468468/plib_nvic.o
 .debug_info    0x00003835      0x200 build/default/production/_ext/1171490990/startup_xc32.o
 .debug_info    0x00003a35      0xf09 build/default/production/_ext/504274921/plib_sercom5_usart.o
 .debug_info    0x0000493e      0x3a1 build/default/production/_ext/60167341/plib_eic.o
 .debug_info    0x00004cdf      0x1a6 build/default/production/_ext/1171490990/freertos_hooks.o
 .debug_info    0x00004e85      0x2ff build/default/production/_ext/404212886/list.o
 .debug_info    0x00005184     0x2a1c build/default/production/_ext/404212886/FreeRTOS_tasks.o
 .debug_info    0x00007ba0      0x23b build/default/production/_ext/1665200909/heap_1.o
 .debug_info    0x00007ddb      0x3a3 build/default/production/_ext/1624415188/port.o
 .debug_info    0x0000817e      0x17c build/default/production/_ext/1624415188/portasm.o
 .debug_info    0x000082fa      0x13a build/default/production/_ext/1360937237/app.o
 .debug_info    0x00008434      0x215 build/default/production/_ext/1171490990/tasks.o
 .debug_info    0x00008649      0x212 D:/MPLAB X IDE/xc32_v5.00/bin/bin/../../lib/gcc/pic32c/13.2.1/../../../../pic32c/lib/thumb/v6-m/nofp\libpic32c.a(data_init.o)
 .debug_info    0x0000885b       0xed D:/MPLAB X IDE/xc32_v5.00/bin/bin/../../lib/gcc/pic32c/13.2.1/../../../../pic32c/lib/thumb/v6-m/nofp\libc-size-musl.a(memcpy.o)
 .debug_info    0x00008948       0xc2 D:/MPLAB X IDE/xc32_v5.00/bin/bin/../../lib/gcc/pic32c/13.2.1/../../../../pic32c/lib/thumb/v6-m/nofp\libc-size-musl.a(memset.o)
 .debug_info    0x00008a0a      0x2fb D:/MPLAB X IDE/xc32_v5.00/bin/bin/../../lib/gcc/pic32c/13.2.1/../../../../pic32c/lib/thumb/v6-m/nofp\libc-musl.a(__libc_start_main.o)
 .debug_info    0x00008d05      0x276 D:/MPLAB X IDE/xc32_v5.00/bin/bin/../../lib/gcc/pic32c/13.2.1/../../../../pic32c/lib/thumb/v6-m/nofp\libc-musl.a(libc.o)
 .debug_info    0x00008f7b      0x424 D:/MPLAB X IDE/xc32_v5.00/bin/bin/../../lib/gcc/pic32c/13.2.1/../../../../pic32c/lib/thumb/v6-m/nofp\libc-musl.a(stdin.o)
 .debug_info    0x0000939f      0x3ce D:/MPLAB X IDE/xc32_v5.00/bin/bin/../../lib/gcc/pic32c/13.2.1/../../../../pic32c/lib/thumb/v6-m/nofp\libc-musl.a(puts.o)
 .debug_info    0x0000976d      0x121 D:/MPLAB X IDE/xc32_v5.00/bin/bin/../../lib/gcc/pic32c/13.2.1/../../../../pic32c/lib/thumb/v6-m/nofp\libc-musl.a(setbuf.o)
 .debug_info    0x0000988e       0x97 D:/MPLAB X IDE/xc32_v5.00/bin/bin/../../lib/gcc/pic32c/13.2.1/../../../../pic32c/lib/thumb/v6-m/nofp\libc-musl.a(__environ.o)
 .debug_info    0x00009925      0x3de D:/MPLAB X IDE/xc32_v5.00/bin/bin/../../lib/gcc/pic32c/13.2.1/../../../../pic32c/lib/thumb/v6-m/nofp\libc-musl.a(fputs.o)
 .debug_info    0x00009d03      0x40b D:/MPLAB X IDE/xc32_v5.00/bin/bin/../../lib/gcc/pic32c/13.2.1/../../../../pic32c/lib/thumb/v6-m/nofp\libc-musl.a(__stdio_read.o)
 .debug_info    0x0000a10e      0x331 D:/MPLAB X IDE/xc32_v5.00/bin/bin/../../lib/gcc/pic32c/13.2.1/../../../../pic32c/lib/thumb/v6-m/nofp\libc-musl.a(__towrite_rw.o)
 .debug_info    0x0000a43f      0x2a1 D:/MPLAB X IDE/xc32_v5.00/bin/bin/../../lib/gcc/pic32c/13.2.1/../../../../pic32c/lib/thumb/v6-m/nofp\libc-musl.a(fwrite.o)
 .debug_info    0x0000a6e0      0x247 D:/MPLAB X IDE/xc32_v5.00/bin/bin/../../lib/gcc/pic32c/13.2.1/../../../../pic32c/lib/thumb/v6-m/nofp\libc-musl.a(putc.o)
 .debug_info    0x0000a927      0x2ea D:/MPLAB X IDE/xc32_v5.00/bin/bin/../../lib/gcc/pic32c/13.2.1/../../../../pic32c/lib/thumb/v6-m/nofp\libc-musl.a(setvbuf.o)
 .debug_info    0x0000ac11      0x1e6 D:/MPLAB X IDE/xc32_v5.00/bin/bin/../../lib/gcc/pic32c/13.2.1/../../../../pic32c/lib/thumb/v6-m/nofp\libc-musl.a(stdout.o)
 .debug_info    0x0000adf7      0x163 D:/MPLAB X IDE/xc32_v5.00/bin/bin/../../lib/gcc/pic32c/13.2.1/../../../../pic32c/lib/thumb/v6-m/nofp\libc-musl.a(readv.o)
 .debug_info    0x0000af5a      0x2fb D:/MPLAB X IDE/xc32_v5.00/bin/bin/../../lib/gcc/pic32c/13.2.1/../../../../pic32c/lib/thumb/v6-m/nofp\libc-musl.a(__out.o)
 .debug_info    0x0000b255      0x2c1 D:/MPLAB X IDE/xc32_v5.00/bin/bin/../../lib/gcc/pic32c/13.2.1/../../../../pic32c/lib/thumb/v6-m/nofp\libc-musl.a(__putc.o)
 .debug_info    0x0000b516      0x3e7 D:/MPLAB X IDE/xc32_v5.00/bin/bin/../../lib/gcc/pic32c/13.2.1/../../../../pic32c/lib/thumb/v6-m/nofp\libc-musl.a(__stderr.o)
 .debug_info    0x0000b8fd      0x419 D:/MPLAB X IDE/xc32_v5.00/bin/bin/../../lib/gcc/pic32c/13.2.1/../../../../pic32c/lib/thumb/v6-m/nofp\libc-musl.a(__stdio_close.o)
 .debug_info    0x0000bd16      0x485 D:/MPLAB X IDE/xc32_v5.00/bin/bin/../../lib/gcc/pic32c/13.2.1/../../../../pic32c/lib/thumb/v6-m/nofp\libc-musl.a(__stdio_write.o)
 .debug_info    0x0000c19b      0x3e7 D:/MPLAB X IDE/xc32_v5.00/bin/bin/../../lib/gcc/pic32c/13.2.1/../../../../pic32c/lib/thumb/v6-m/nofp\libc-musl.a(__stdout.o)
 .debug_info    0x0000c582      0x275 D:/MPLAB X IDE/xc32_v5.00/bin/bin/../../lib/gcc/pic32c/13.2.1/../../../../pic32c/lib/thumb/v6-m/nofp\libc-musl.a(__towrite.o)
 .debug_info    0x0000c7f7      0x16a D:/MPLAB X IDE/xc32_v5.00/bin/bin/../../lib/gcc/pic32c/13.2.1/../../../../pic32c/lib/thumb/v6-m/nofp\libc-musl.a(writev.o)
 .debug_info    0x0000c961      0x38f D:/MPLAB X IDE/xc32_v5.00/bin/bin/../../lib/gcc/pic32c/13.2.1/../../../../pic32c/lib/thumb/v6-m/nofp\libc-musl.a(__overflow.o)
 .debug_info    0x0000ccf0      0x2ee D:/MPLAB X IDE/xc32_v5.00/bin/bin/../../lib/gcc/pic32c/13.2.1/../../../../pic32c/lib/thumb/v6-m/nofp\libc-musl.a(__fwrite.o)
 .debug_info    0x0000cfde       0xc3 D:/MPLAB X IDE/xc32_v5.00/bin/bin/../../lib/gcc/pic32c/13.2.1/../../../../pic32c/lib/thumb/v6-m/nofp\libc-musl.a(__init_stdio.o)
 .debug_info    0x0000d0a1       0xa6 D:/MPLAB X IDE/xc32_v5.00/bin/bin/../../lib/gcc/pic32c/13.2.1/../../../../pic32c/lib/thumb/v6-m/nofp\libpic32c.a(close.o)
 .debug_info    0x0000d147       0xbc D:/MPLAB X IDE/xc32_v5.00/bin/bin/../../lib/gcc/pic32c/13.2.1/../../../../pic32c/lib/thumb/v6-m/nofp\libpic32c.a(lseek.o)
 .debug_info    0x0000d203       0xab D:/MPLAB X IDE/xc32_v5.00/bin/bin/../../lib/gcc/pic32c/13.2.1/../../../../pic32c/lib/thumb/v6-m/nofp\libc-size-musl.a(strlen.o)
 .debug_info    0x0000d2ae      0x1dc D:/MPLAB X IDE/xc32_v5.00/bin/bin/../../lib/gcc/pic32c/13.2.1/../../../../pic32c/lib/thumb/v6-m/nofp\liblmalloc-musl.a(lite_malloc.o)
 .debug_info    0x0000d48a      0x276 D:/MPLAB X IDE/xc32_v5.00/bin/bin/../../lib/gcc/pic32c/13.2.1/../../../../pic32c/lib/thumb/v6-m/nofp\liblmalloc-musl.a(lite_free.o)
 .debug_info    0x0000d700       0x5b D:/MPLAB X IDE/xc32_v5.00/bin/bin/../../lib/gcc/pic32c/13.2.1/../../../../pic32c/lib/thumb/v6-m/nofp\libc-musl.a(__errno_location.o)
 .debug_info    0x0000d75b      0x115 D:/MPLAB X IDE/xc32_v5.00/bin/bin/../../lib/gcc/pic32c/13.2.1/../../../../pic32c/lib/thumb/v6-m/nofp\libc-musl.a(expand_heap.o)
 .debug_info    0x0000d870      0x186 D:/MPLAB X IDE/xc32_v5.00/bin/bin/../../lib/gcc/pic32c/13.2.1/../../../../pic32c/lib/thumb/v6-m/nofp\libpic32c.a(sbrk.o)
 .debug_info    0x0000d9f6       0x51 D:/MPLAB X IDE/xc32_v5.00/bin/bin/../../lib/gcc/pic32c/13.2.1/thumb/v6-m/nofp\libgcc.a(_udivsi3.o)
 .debug_info    0x0000da47       0x41 D:/MPLAB X IDE/xc32_v5.00/bin/bin/../../lib/gcc/pic32c/13.2.1/thumb/v6-m/nofp\libgcc.a(_dvmd_tls.o)
 .debug_info    0x0000da88      0x117 D:/MPLAB X IDE/xc32_v5.00/bin/bin/../../lib/gcc/pic32c/13.2.1/../../../../pic32c/lib/thumb/v6-m/nofp\libpic32c.a(pic32_data_init_clear.o)
 .debug_info    0x0000db9f      0x12c D:/MPLAB X IDE/xc32_v5.00/bin/bin/../../lib/gcc/pic32c/13.2.1/../../../../pic32c/lib/thumb/v6-m/nofp\libpic32c.a(pic32_data_init_copy.o)

.debug_abbrev   0x00000000     0x4967
 .debug_abbrev  0x00000000      0x1ec build/default/production/_ext/1593096446/plib_nvmctrl.o
 .debug_abbrev  0x000001ec       0x46 build/default/production/_ext/1986646378/plib_evsys.o
 .debug_abbrev  0x00000232      0x285 build/default/production/_ext/504274921/plib_sercom7_usart.o
 .debug_abbrev  0x000004b7       0xb6 build/default/production/_ext/1360937237/main.o
 .debug_abbrev  0x0000056d      0x193 build/default/production/_ext/1171490990/initialization.o
 .debug_abbrev  0x00000700       0xd3 build/default/production/_ext/1171490990/interrupts.o
 .debug_abbrev  0x000007d3       0x49 build/default/production/_ext/1171490990/exceptions.o
 .debug_abbrev  0x0000081c      0x105 build/default/production/_ext/163028504/xc32_monitor.o
 .debug_abbrev  0x00000921      0x1ea build/default/production/_ext/1865521619/plib_port.o
 .debug_abbrev  0x00000b0b      0x140 build/default/production/_ext/1984496892/plib_clock.o
 .debug_abbrev  0x00000c4b      0x24c build/default/production/_ext/1865468468/plib_nvic.o
 .debug_abbrev  0x00000e97      0x12c build/default/production/_ext/1171490990/startup_xc32.o
 .debug_abbrev  0x00000fc3      0x285 build/default/production/_ext/504274921/plib_sercom5_usart.o
 .debug_abbrev  0x00001248      0x181 build/default/production/_ext/60167341/plib_eic.o
 .debug_abbrev  0x000013c9      0x101 build/default/production/_ext/1171490990/freertos_hooks.o
 .debug_abbrev  0x000014ca      0x12c build/default/production/_ext/404212886/list.o
 .debug_abbrev  0x000015f6      0x44e build/default/production/_ext/404212886/FreeRTOS_tasks.o
 .debug_abbrev  0x00001a44      0x173 build/default/production/_ext/1665200909/heap_1.o
 .debug_abbrev  0x00001bb7      0x1bd build/default/production/_ext/1624415188/port.o
 .debug_abbrev  0x00001d74       0xc7 build/default/production/_ext/1624415188/portasm.o
 .debug_abbrev  0x00001e3b       0xdd build/default/production/_ext/1360937237/app.o
 .debug_abbrev  0x00001f18      0x145 build/default/production/_ext/1171490990/tasks.o
 .debug_abbrev  0x0000205d      0x156 D:/MPLAB X IDE/xc32_v5.00/bin/bin/../../lib/gcc/pic32c/13.2.1/../../../../pic32c/lib/thumb/v6-m/nofp\libpic32c.a(data_init.o)
 .debug_abbrev  0x000021b3       0xbb D:/MPLAB X IDE/xc32_v5.00/bin/bin/../../lib/gcc/pic32c/13.2.1/../../../../pic32c/lib/thumb/v6-m/nofp\libc-size-musl.a(memcpy.o)
 .debug_abbrev  0x0000226e       0xa2 D:/MPLAB X IDE/xc32_v5.00/bin/bin/../../lib/gcc/pic32c/13.2.1/../../../../pic32c/lib/thumb/v6-m/nofp\libc-size-musl.a(memset.o)
 .debug_abbrev  0x00002310      0x133 D:/MPLAB X IDE/xc32_v5.00/bin/bin/../../lib/gcc/pic32c/13.2.1/../../../../pic32c/lib/thumb/v6-m/nofp\libc-musl.a(__libc_start_main.o)
 .debug_abbrev  0x00002443       0xd4 D:/MPLAB X IDE/xc32_v5.00/bin/bin/../../lib/gcc/pic32c/13.2.1/../../../../pic32c/lib/thumb/v6-m/nofp\libc-musl.a(libc.o)
 .debug_abbrev  0x00002517      0x1c9 D:/MPLAB X IDE/xc32_v5.00/bin/bin/../../lib/gcc/pic32c/13.2.1/../../../../pic32c/lib/thumb/v6-m/nofp\libc-musl.a(stdin.o)
 .debug_abbrev  0x000026e0      0x15a D:/MPLAB X IDE/xc32_v5.00/bin/bin/../../lib/gcc/pic32c/13.2.1/../../../../pic32c/lib/thumb/v6-m/nofp\libc-musl.a(puts.o)
 .debug_abbrev  0x0000283a       0xbf D:/MPLAB X IDE/xc32_v5.00/bin/bin/../../lib/gcc/pic32c/13.2.1/../../../../pic32c/lib/thumb/v6-m/nofp\libc-musl.a(setbuf.o)
 .debug_abbrev  0x000028f9       0x62 D:/MPLAB X IDE/xc32_v5.00/bin/bin/../../lib/gcc/pic32c/13.2.1/../../../../pic32c/lib/thumb/v6-m/nofp\libc-musl.a(__environ.o)
 .debug_abbrev  0x0000295b      0x14c D:/MPLAB X IDE/xc32_v5.00/bin/bin/../../lib/gcc/pic32c/13.2.1/../../../../pic32c/lib/thumb/v6-m/nofp\libc-musl.a(fputs.o)
 .debug_abbrev  0x00002aa7      0x176 D:/MPLAB X IDE/xc32_v5.00/bin/bin/../../lib/gcc/pic32c/13.2.1/../../../../pic32c/lib/thumb/v6-m/nofp\libc-musl.a(__stdio_read.o)
 .debug_abbrev  0x00002c1d       0xf8 D:/MPLAB X IDE/xc32_v5.00/bin/bin/../../lib/gcc/pic32c/13.2.1/../../../../pic32c/lib/thumb/v6-m/nofp\libc-musl.a(__towrite_rw.o)
 .debug_abbrev  0x00002d15      0x161 D:/MPLAB X IDE/xc32_v5.00/bin/bin/../../lib/gcc/pic32c/13.2.1/../../../../pic32c/lib/thumb/v6-m/nofp\libc-musl.a(fwrite.o)
 .debug_abbrev  0x00002e76      0x167 D:/MPLAB X IDE/xc32_v5.00/bin/bin/../../lib/gcc/pic32c/13.2.1/../../../../pic32c/lib/thumb/v6-m/nofp\libc-musl.a(putc.o)
 .debug_abbrev  0x00002fdd      0x152 D:/MPLAB X IDE/xc32_v5.00/bin/bin/../../lib/gcc/pic32c/13.2.1/../../../../pic32c/lib/thumb/v6-m/nofp\libc-musl.a(setvbuf.o)
 .debug_abbrev  0x0000312f      0x144 D:/MPLAB X IDE/xc32_v5.00/bin/bin/../../lib/gcc/pic32c/13.2.1/../../../../pic32c/lib/thumb/v6-m/nofp\libc-musl.a(stdout.o)
 .debug_abbrev  0x00003273      0x101 D:/MPLAB X IDE/xc32_v5.00/bin/bin/../../lib/gcc/pic32c/13.2.1/../../../../pic32c/lib/thumb/v6-m/nofp\libc-musl.a(readv.o)
 .debug_abbrev  0x00003374      0x184 D:/MPLAB X IDE/xc32_v5.00/bin/bin/../../lib/gcc/pic32c/13.2.1/../../../../pic32c/lib/thumb/v6-m/nofp\libc-musl.a(__out.o)
 .debug_abbrev  0x000034f8      0x10a D:/MPLAB X IDE/xc32_v5.00/bin/bin/../../lib/gcc/pic32c/13.2.1/../../../../pic32c/lib/thumb/v6-m/nofp\libc-musl.a(__putc.o)
 .debug_abbrev  0x00003602      0x194 D:/MPLAB X IDE/xc32_v5.00/bin/bin/../../lib/gcc/pic32c/13.2.1/../../../../pic32c/lib/thumb/v6-m/nofp\libc-musl.a(__stderr.o)
 .debug_abbrev  0x00003796      0x16e D:/MPLAB X IDE/xc32_v5.00/bin/bin/../../lib/gcc/pic32c/13.2.1/../../../../pic32c/lib/thumb/v6-m/nofp\libc-musl.a(__stdio_close.o)
 .debug_abbrev  0x00003904      0x1c5 D:/MPLAB X IDE/xc32_v5.00/bin/bin/../../lib/gcc/pic32c/13.2.1/../../../../pic32c/lib/thumb/v6-m/nofp\libc-musl.a(__stdio_write.o)
 .debug_abbrev  0x00003ac9      0x194 D:/MPLAB X IDE/xc32_v5.00/bin/bin/../../lib/gcc/pic32c/13.2.1/../../../../pic32c/lib/thumb/v6-m/nofp\libc-musl.a(__stdout.o)
 .debug_abbrev  0x00003c5d      0x114 D:/MPLAB X IDE/xc32_v5.00/bin/bin/../../lib/gcc/pic32c/13.2.1/../../../../pic32c/lib/thumb/v6-m/nofp\libc-musl.a(__towrite.o)
 .debug_abbrev  0x00003d71      0x106 D:/MPLAB X IDE/xc32_v5.00/bin/bin/../../lib/gcc/pic32c/13.2.1/../../../../pic32c/lib/thumb/v6-m/nofp\libc-musl.a(writev.o)
 .debug_abbrev  0x00003e77      0x142 D:/MPLAB X IDE/xc32_v5.00/bin/bin/../../lib/gcc/pic32c/13.2.1/../../../../pic32c/lib/thumb/v6-m/nofp\libc-musl.a(__overflow.o)
 .debug_abbrev  0x00003fb9      0x13c D:/MPLAB X IDE/xc32_v5.00/bin/bin/../../lib/gcc/pic32c/13.2.1/../../../../pic32c/lib/thumb/v6-m/nofp\libc-musl.a(__fwrite.o)
 .debug_abbrev  0x000040f5       0x65 D:/MPLAB X IDE/xc32_v5.00/bin/bin/../../lib/gcc/pic32c/13.2.1/../../../../pic32c/lib/thumb/v6-m/nofp\libc-musl.a(__init_stdio.o)
 .debug_abbrev  0x0000415a       0x81 D:/MPLAB X IDE/xc32_v5.00/bin/bin/../../lib/gcc/pic32c/13.2.1/../../../../pic32c/lib/thumb/v6-m/nofp\libpic32c.a(close.o)
 .debug_abbrev  0x000041db       0x92 D:/MPLAB X IDE/xc32_v5.00/bin/bin/../../lib/gcc/pic32c/13.2.1/../../../../pic32c/lib/thumb/v6-m/nofp\libpic32c.a(lseek.o)
 .debug_abbrev  0x0000426d       0x91 D:/MPLAB X IDE/xc32_v5.00/bin/bin/../../lib/gcc/pic32c/13.2.1/../../../../pic32c/lib/thumb/v6-m/nofp\libc-size-musl.a(strlen.o)
 .debug_abbrev  0x000042fe      0x13d D:/MPLAB X IDE/xc32_v5.00/bin/bin/../../lib/gcc/pic32c/13.2.1/../../../../pic32c/lib/thumb/v6-m/nofp\liblmalloc-musl.a(lite_malloc.o)
 .debug_abbrev  0x0000443b      0x184 D:/MPLAB X IDE/xc32_v5.00/bin/bin/../../lib/gcc/pic32c/13.2.1/../../../../pic32c/lib/thumb/v6-m/nofp\liblmalloc-musl.a(lite_free.o)
 .debug_abbrev  0x000045bf       0x39 D:/MPLAB X IDE/xc32_v5.00/bin/bin/../../lib/gcc/pic32c/13.2.1/../../../../pic32c/lib/thumb/v6-m/nofp\libc-musl.a(__errno_location.o)
 .debug_abbrev  0x000045f8       0xcc D:/MPLAB X IDE/xc32_v5.00/bin/bin/../../lib/gcc/pic32c/13.2.1/../../../../pic32c/lib/thumb/v6-m/nofp\libc-musl.a(expand_heap.o)
 .debug_abbrev  0x000046c4      0x105 D:/MPLAB X IDE/xc32_v5.00/bin/bin/../../lib/gcc/pic32c/13.2.1/../../../../pic32c/lib/thumb/v6-m/nofp\libpic32c.a(sbrk.o)
 .debug_abbrev  0x000047c9       0x21 D:/MPLAB X IDE/xc32_v5.00/bin/bin/../../lib/gcc/pic32c/13.2.1/thumb/v6-m/nofp\libgcc.a(_udivsi3.o)
 .debug_abbrev  0x000047ea       0x1f D:/MPLAB X IDE/xc32_v5.00/bin/bin/../../lib/gcc/pic32c/13.2.1/thumb/v6-m/nofp\libgcc.a(_dvmd_tls.o)
 .debug_abbrev  0x00004809       0xa5 D:/MPLAB X IDE/xc32_v5.00/bin/bin/../../lib/gcc/pic32c/13.2.1/../../../../pic32c/lib/thumb/v6-m/nofp\libpic32c.a(pic32_data_init_clear.o)
 .debug_abbrev  0x000048ae       0xb9 D:/MPLAB X IDE/xc32_v5.00/bin/bin/../../lib/gcc/pic32c/13.2.1/../../../../pic32c/lib/thumb/v6-m/nofp\libpic32c.a(pic32_data_init_copy.o)

.debug_loc      0x00000000     0x716f
 .debug_loc     0x00000000      0x705 build/default/production/_ext/1593096446/plib_nvmctrl.o
 .debug_loc     0x00000705      0x692 build/default/production/_ext/504274921/plib_sercom7_usart.o
 .debug_loc     0x00000d97       0x20 build/default/production/_ext/1360937237/main.o
 .debug_loc     0x00000db7       0x4b build/default/production/_ext/1171490990/initialization.o
 .debug_loc     0x00000e02      0x1cd build/default/production/_ext/163028504/xc32_monitor.o
 .debug_loc     0x00000fcf      0x2d8 build/default/production/_ext/1865521619/plib_port.o
 .debug_loc     0x000012a7       0x45 build/default/production/_ext/1984496892/plib_clock.o
 .debug_loc     0x000012ec      0x11b build/default/production/_ext/1865468468/plib_nvic.o
 .debug_loc     0x00001407       0x20 build/default/production/_ext/1171490990/startup_xc32.o
 .debug_loc     0x00001427      0x692 build/default/production/_ext/504274921/plib_sercom5_usart.o
 .debug_loc     0x00001ab9       0xec build/default/production/_ext/60167341/plib_eic.o
 .debug_loc     0x00001ba5       0x82 build/default/production/_ext/1171490990/freertos_hooks.o
 .debug_loc     0x00001c27       0xd3 build/default/production/_ext/404212886/list.o
 .debug_loc     0x00001cfa     0x2b71 build/default/production/_ext/404212886/FreeRTOS_tasks.o
 .debug_loc     0x0000486b       0xdf build/default/production/_ext/1665200909/heap_1.o
 .debug_loc     0x0000494a      0x457 build/default/production/_ext/1624415188/port.o
 .debug_loc     0x00004da1       0x16 build/default/production/_ext/1360937237/app.o
 .debug_loc     0x00004db7       0x77 build/default/production/_ext/1171490990/tasks.o
 .debug_loc     0x00004e2e      0x113 D:/MPLAB X IDE/xc32_v5.00/bin/bin/../../lib/gcc/pic32c/13.2.1/../../../../pic32c/lib/thumb/v6-m/nofp\libpic32c.a(data_init.o)
 .debug_loc     0x00004f41      0x12d D:/MPLAB X IDE/xc32_v5.00/bin/bin/../../lib/gcc/pic32c/13.2.1/../../../../pic32c/lib/thumb/v6-m/nofp\libc-size-musl.a(memcpy.o)
 .debug_loc     0x0000506e       0xe5 D:/MPLAB X IDE/xc32_v5.00/bin/bin/../../lib/gcc/pic32c/13.2.1/../../../../pic32c/lib/thumb/v6-m/nofp\libc-size-musl.a(memset.o)
 .debug_loc     0x00005153       0x5e D:/MPLAB X IDE/xc32_v5.00/bin/bin/../../lib/gcc/pic32c/13.2.1/../../../../pic32c/lib/thumb/v6-m/nofp\libc-musl.a(__libc_start_main.o)
 .debug_loc     0x000051b1       0x4b D:/MPLAB X IDE/xc32_v5.00/bin/bin/../../lib/gcc/pic32c/13.2.1/../../../../pic32c/lib/thumb/v6-m/nofp\libc-musl.a(stdin.o)
 .debug_loc     0x000051fc       0x70 D:/MPLAB X IDE/xc32_v5.00/bin/bin/../../lib/gcc/pic32c/13.2.1/../../../../pic32c/lib/thumb/v6-m/nofp\libc-musl.a(puts.o)
 .debug_loc     0x0000526c       0x76 D:/MPLAB X IDE/xc32_v5.00/bin/bin/../../lib/gcc/pic32c/13.2.1/../../../../pic32c/lib/thumb/v6-m/nofp\libc-musl.a(setbuf.o)
 .debug_loc     0x000052e2       0xbf D:/MPLAB X IDE/xc32_v5.00/bin/bin/../../lib/gcc/pic32c/13.2.1/../../../../pic32c/lib/thumb/v6-m/nofp\libc-musl.a(fputs.o)
 .debug_loc     0x000053a1      0x18d D:/MPLAB X IDE/xc32_v5.00/bin/bin/../../lib/gcc/pic32c/13.2.1/../../../../pic32c/lib/thumb/v6-m/nofp\libc-musl.a(__stdio_read.o)
 .debug_loc     0x0000552e       0x22 D:/MPLAB X IDE/xc32_v5.00/bin/bin/../../lib/gcc/pic32c/13.2.1/../../../../pic32c/lib/thumb/v6-m/nofp\libc-musl.a(__towrite_rw.o)
 .debug_loc     0x00005550      0x214 D:/MPLAB X IDE/xc32_v5.00/bin/bin/../../lib/gcc/pic32c/13.2.1/../../../../pic32c/lib/thumb/v6-m/nofp\libc-musl.a(fwrite.o)
 .debug_loc     0x00005764      0x16c D:/MPLAB X IDE/xc32_v5.00/bin/bin/../../lib/gcc/pic32c/13.2.1/../../../../pic32c/lib/thumb/v6-m/nofp\libc-musl.a(putc.o)
 .debug_loc     0x000058d0      0x12d D:/MPLAB X IDE/xc32_v5.00/bin/bin/../../lib/gcc/pic32c/13.2.1/../../../../pic32c/lib/thumb/v6-m/nofp\libc-musl.a(setvbuf.o)
 .debug_loc     0x000059fd       0x40 D:/MPLAB X IDE/xc32_v5.00/bin/bin/../../lib/gcc/pic32c/13.2.1/../../../../pic32c/lib/thumb/v6-m/nofp\libc-musl.a(stdout.o)
 .debug_loc     0x00005a3d      0x13c D:/MPLAB X IDE/xc32_v5.00/bin/bin/../../lib/gcc/pic32c/13.2.1/../../../../pic32c/lib/thumb/v6-m/nofp\libc-musl.a(readv.o)
 .debug_loc     0x00005b79      0x222 D:/MPLAB X IDE/xc32_v5.00/bin/bin/../../lib/gcc/pic32c/13.2.1/../../../../pic32c/lib/thumb/v6-m/nofp\libc-musl.a(__out.o)
 .debug_loc     0x00005d9b       0xd6 D:/MPLAB X IDE/xc32_v5.00/bin/bin/../../lib/gcc/pic32c/13.2.1/../../../../pic32c/lib/thumb/v6-m/nofp\libc-musl.a(__putc.o)
 .debug_loc     0x00005e71       0x4b D:/MPLAB X IDE/xc32_v5.00/bin/bin/../../lib/gcc/pic32c/13.2.1/../../../../pic32c/lib/thumb/v6-m/nofp\libc-musl.a(__stderr.o)
 .debug_loc     0x00005ebc      0x1f0 D:/MPLAB X IDE/xc32_v5.00/bin/bin/../../lib/gcc/pic32c/13.2.1/../../../../pic32c/lib/thumb/v6-m/nofp\libc-musl.a(__stdio_close.o)
 .debug_loc     0x000060ac      0x396 D:/MPLAB X IDE/xc32_v5.00/bin/bin/../../lib/gcc/pic32c/13.2.1/../../../../pic32c/lib/thumb/v6-m/nofp\libc-musl.a(__stdio_write.o)
 .debug_loc     0x00006442       0x4b D:/MPLAB X IDE/xc32_v5.00/bin/bin/../../lib/gcc/pic32c/13.2.1/../../../../pic32c/lib/thumb/v6-m/nofp\libc-musl.a(__stdout.o)
 .debug_loc     0x0000648d       0x98 D:/MPLAB X IDE/xc32_v5.00/bin/bin/../../lib/gcc/pic32c/13.2.1/../../../../pic32c/lib/thumb/v6-m/nofp\libc-musl.a(__towrite.o)
 .debug_loc     0x00006525      0x13c D:/MPLAB X IDE/xc32_v5.00/bin/bin/../../lib/gcc/pic32c/13.2.1/../../../../pic32c/lib/thumb/v6-m/nofp\libc-musl.a(writev.o)
 .debug_loc     0x00006661       0xcd D:/MPLAB X IDE/xc32_v5.00/bin/bin/../../lib/gcc/pic32c/13.2.1/../../../../pic32c/lib/thumb/v6-m/nofp\libc-musl.a(__overflow.o)
 .debug_loc     0x0000672e      0x12a D:/MPLAB X IDE/xc32_v5.00/bin/bin/../../lib/gcc/pic32c/13.2.1/../../../../pic32c/lib/thumb/v6-m/nofp\libc-musl.a(__fwrite.o)
 .debug_loc     0x00006858       0x20 D:/MPLAB X IDE/xc32_v5.00/bin/bin/../../lib/gcc/pic32c/13.2.1/../../../../pic32c/lib/thumb/v6-m/nofp\libc-musl.a(__init_stdio.o)
 .debug_loc     0x00006878       0x2b D:/MPLAB X IDE/xc32_v5.00/bin/bin/../../lib/gcc/pic32c/13.2.1/../../../../pic32c/lib/thumb/v6-m/nofp\libpic32c.a(close.o)
 .debug_loc     0x000068a3       0x2b D:/MPLAB X IDE/xc32_v5.00/bin/bin/../../lib/gcc/pic32c/13.2.1/../../../../pic32c/lib/thumb/v6-m/nofp\libpic32c.a(lseek.o)
 .debug_loc     0x000068ce       0x93 D:/MPLAB X IDE/xc32_v5.00/bin/bin/../../lib/gcc/pic32c/13.2.1/../../../../pic32c/lib/thumb/v6-m/nofp\libc-size-musl.a(strlen.o)
 .debug_loc     0x00006961      0x11c D:/MPLAB X IDE/xc32_v5.00/bin/bin/../../lib/gcc/pic32c/13.2.1/../../../../pic32c/lib/thumb/v6-m/nofp\liblmalloc-musl.a(lite_malloc.o)
 .debug_loc     0x00006a7d      0x318 D:/MPLAB X IDE/xc32_v5.00/bin/bin/../../lib/gcc/pic32c/13.2.1/../../../../pic32c/lib/thumb/v6-m/nofp\liblmalloc-musl.a(lite_free.o)
 .debug_loc     0x00006d95       0x82 D:/MPLAB X IDE/xc32_v5.00/bin/bin/../../lib/gcc/pic32c/13.2.1/../../../../pic32c/lib/thumb/v6-m/nofp\libc-musl.a(expand_heap.o)
 .debug_loc     0x00006e17       0xca D:/MPLAB X IDE/xc32_v5.00/bin/bin/../../lib/gcc/pic32c/13.2.1/../../../../pic32c/lib/thumb/v6-m/nofp\libpic32c.a(sbrk.o)
 .debug_loc     0x00006ee1       0xf7 D:/MPLAB X IDE/xc32_v5.00/bin/bin/../../lib/gcc/pic32c/13.2.1/../../../../pic32c/lib/thumb/v6-m/nofp\libpic32c.a(pic32_data_init_clear.o)
 .debug_loc     0x00006fd8      0x197 D:/MPLAB X IDE/xc32_v5.00/bin/bin/../../lib/gcc/pic32c/13.2.1/../../../../pic32c/lib/thumb/v6-m/nofp\libpic32c.a(pic32_data_init_copy.o)

.debug_aranges  0x00000000      0xd28
 .debug_aranges
                0x00000000       0xa0 build/default/production/_ext/1593096446/plib_nvmctrl.o
 .debug_aranges
                0x000000a0       0x20 build/default/production/_ext/1986646378/plib_evsys.o
 .debug_aranges
                0x000000c0       0xa8 build/default/production/_ext/504274921/plib_sercom7_usart.o
 .debug_aranges
                0x00000168       0x20 build/default/production/_ext/1360937237/main.o
 .debug_aranges
                0x00000188       0x20 build/default/production/_ext/1171490990/initialization.o
 .debug_aranges
                0x000001a8       0x20 build/default/production/_ext/1171490990/interrupts.o
 .debug_aranges
                0x000001c8       0x28 build/default/production/_ext/1171490990/exceptions.o
 .debug_aranges
                0x000001f0       0x28 build/default/production/_ext/163028504/xc32_monitor.o
 .debug_aranges
                0x00000218       0x70 build/default/production/_ext/1865521619/plib_port.o
 .debug_aranges
                0x00000288       0x20 build/default/production/_ext/1984496892/plib_clock.o
 .debug_aranges
                0x000002a8       0x48 build/default/production/_ext/1865468468/plib_nvic.o
 .debug_aranges
                0x000002f0       0x28 build/default/production/_ext/1171490990/startup_xc32.o
 .debug_aranges
                0x00000318       0xa8 build/default/production/_ext/504274921/plib_sercom5_usart.o
 .debug_aranges
                0x000003c0       0x40 build/default/production/_ext/60167341/plib_eic.o
 .debug_aranges
                0x00000400       0x40 build/default/production/_ext/1171490990/freertos_hooks.o
 .debug_aranges
                0x00000440       0x40 build/default/production/_ext/404212886/list.o
 .debug_aranges
                0x00000480      0x1a0 build/default/production/_ext/404212886/FreeRTOS_tasks.o
 .debug_aranges
                0x00000620       0x40 build/default/production/_ext/1665200909/heap_1.o
 .debug_aranges
                0x00000660       0x70 build/default/production/_ext/1624415188/port.o
 .debug_aranges
                0x000006d0       0x60 build/default/production/_ext/1624415188/portasm.o
 .debug_aranges
                0x00000730       0x28 build/default/production/_ext/1360937237/app.o
 .debug_aranges
                0x00000758       0x28 build/default/production/_ext/1171490990/tasks.o
 .debug_aranges
                0x00000780       0x30 D:/MPLAB X IDE/xc32_v5.00/bin/bin/../../lib/gcc/pic32c/13.2.1/../../../../pic32c/lib/thumb/v6-m/nofp\libpic32c.a(data_init.o)
 .debug_aranges
                0x000007b0       0x20 D:/MPLAB X IDE/xc32_v5.00/bin/bin/../../lib/gcc/pic32c/13.2.1/../../../../pic32c/lib/thumb/v6-m/nofp\libc-size-musl.a(memcpy.o)
 .debug_aranges
                0x000007d0       0x20 D:/MPLAB X IDE/xc32_v5.00/bin/bin/../../lib/gcc/pic32c/13.2.1/../../../../pic32c/lib/thumb/v6-m/nofp\libc-size-musl.a(memset.o)
 .debug_aranges
                0x000007f0       0x28 D:/MPLAB X IDE/xc32_v5.00/bin/bin/../../lib/gcc/pic32c/13.2.1/../../../../pic32c/lib/thumb/v6-m/nofp\libc-musl.a(__libc_start_main.o)
 .debug_aranges
                0x00000818       0x18 D:/MPLAB X IDE/xc32_v5.00/bin/bin/../../lib/gcc/pic32c/13.2.1/../../../../pic32c/lib/thumb/v6-m/nofp\libc-musl.a(libc.o)
 .debug_aranges
                0x00000830       0x28 D:/MPLAB X IDE/xc32_v5.00/bin/bin/../../lib/gcc/pic32c/13.2.1/../../../../pic32c/lib/thumb/v6-m/nofp\libc-musl.a(stdin.o)
 .debug_aranges
                0x00000858       0x20 D:/MPLAB X IDE/xc32_v5.00/bin/bin/../../lib/gcc/pic32c/13.2.1/../../../../pic32c/lib/thumb/v6-m/nofp\libc-musl.a(puts.o)
 .debug_aranges
                0x00000878       0x20 D:/MPLAB X IDE/xc32_v5.00/bin/bin/../../lib/gcc/pic32c/13.2.1/../../../../pic32c/lib/thumb/v6-m/nofp\libc-musl.a(setbuf.o)
 .debug_aranges
                0x00000898       0x18 D:/MPLAB X IDE/xc32_v5.00/bin/bin/../../lib/gcc/pic32c/13.2.1/../../../../pic32c/lib/thumb/v6-m/nofp\libc-musl.a(__environ.o)
 .debug_aranges
                0x000008b0       0x20 D:/MPLAB X IDE/xc32_v5.00/bin/bin/../../lib/gcc/pic32c/13.2.1/../../../../pic32c/lib/thumb/v6-m/nofp\libc-musl.a(fputs.o)
 .debug_aranges
                0x000008d0       0x20 D:/MPLAB X IDE/xc32_v5.00/bin/bin/../../lib/gcc/pic32c/13.2.1/../../../../pic32c/lib/thumb/v6-m/nofp\libc-musl.a(__stdio_read.o)
 .debug_aranges
                0x000008f0       0x20 D:/MPLAB X IDE/xc32_v5.00/bin/bin/../../lib/gcc/pic32c/13.2.1/../../../../pic32c/lib/thumb/v6-m/nofp\libc-musl.a(__towrite_rw.o)
 .debug_aranges
                0x00000910       0x28 D:/MPLAB X IDE/xc32_v5.00/bin/bin/../../lib/gcc/pic32c/13.2.1/../../../../pic32c/lib/thumb/v6-m/nofp\libc-musl.a(fwrite.o)
 .debug_aranges
                0x00000938       0x30 D:/MPLAB X IDE/xc32_v5.00/bin/bin/../../lib/gcc/pic32c/13.2.1/../../../../pic32c/lib/thumb/v6-m/nofp\libc-musl.a(putc.o)
 .debug_aranges
                0x00000968       0x28 D:/MPLAB X IDE/xc32_v5.00/bin/bin/../../lib/gcc/pic32c/13.2.1/../../../../pic32c/lib/thumb/v6-m/nofp\libc-musl.a(setvbuf.o)
 .debug_aranges
                0x00000990       0x30 D:/MPLAB X IDE/xc32_v5.00/bin/bin/../../lib/gcc/pic32c/13.2.1/../../../../pic32c/lib/thumb/v6-m/nofp\libc-musl.a(stdout.o)
 .debug_aranges
                0x000009c0       0x20 D:/MPLAB X IDE/xc32_v5.00/bin/bin/../../lib/gcc/pic32c/13.2.1/../../../../pic32c/lib/thumb/v6-m/nofp\libc-musl.a(readv.o)
 .debug_aranges
                0x000009e0       0x28 D:/MPLAB X IDE/xc32_v5.00/bin/bin/../../lib/gcc/pic32c/13.2.1/../../../../pic32c/lib/thumb/v6-m/nofp\libc-musl.a(__out.o)
 .debug_aranges
                0x00000a08       0x20 D:/MPLAB X IDE/xc32_v5.00/bin/bin/../../lib/gcc/pic32c/13.2.1/../../../../pic32c/lib/thumb/v6-m/nofp\libc-musl.a(__putc.o)
 .debug_aranges
                0x00000a28       0x30 D:/MPLAB X IDE/xc32_v5.00/bin/bin/../../lib/gcc/pic32c/13.2.1/../../../../pic32c/lib/thumb/v6-m/nofp\libc-musl.a(__stderr.o)
 .debug_aranges
                0x00000a58       0x28 D:/MPLAB X IDE/xc32_v5.00/bin/bin/../../lib/gcc/pic32c/13.2.1/../../../../pic32c/lib/thumb/v6-m/nofp\libc-musl.a(__stdio_close.o)
 .debug_aranges
                0x00000a80       0x28 D:/MPLAB X IDE/xc32_v5.00/bin/bin/../../lib/gcc/pic32c/13.2.1/../../../../pic32c/lib/thumb/v6-m/nofp\libc-musl.a(__stdio_write.o)
 .debug_aranges
                0x00000aa8       0x30 D:/MPLAB X IDE/xc32_v5.00/bin/bin/../../lib/gcc/pic32c/13.2.1/../../../../pic32c/lib/thumb/v6-m/nofp\libc-musl.a(__stdout.o)
 .debug_aranges
                0x00000ad8       0x28 D:/MPLAB X IDE/xc32_v5.00/bin/bin/../../lib/gcc/pic32c/13.2.1/../../../../pic32c/lib/thumb/v6-m/nofp\libc-musl.a(__towrite.o)
 .debug_aranges
                0x00000b00       0x20 D:/MPLAB X IDE/xc32_v5.00/bin/bin/../../lib/gcc/pic32c/13.2.1/../../../../pic32c/lib/thumb/v6-m/nofp\libc-musl.a(writev.o)
 .debug_aranges
                0x00000b20       0x20 D:/MPLAB X IDE/xc32_v5.00/bin/bin/../../lib/gcc/pic32c/13.2.1/../../../../pic32c/lib/thumb/v6-m/nofp\libc-musl.a(__overflow.o)
 .debug_aranges
                0x00000b40       0x28 D:/MPLAB X IDE/xc32_v5.00/bin/bin/../../lib/gcc/pic32c/13.2.1/../../../../pic32c/lib/thumb/v6-m/nofp\libc-musl.a(__fwrite.o)
 .debug_aranges
                0x00000b68       0x28 D:/MPLAB X IDE/xc32_v5.00/bin/bin/../../lib/gcc/pic32c/13.2.1/../../../../pic32c/lib/thumb/v6-m/nofp\libc-musl.a(__init_stdio.o)
 .debug_aranges
                0x00000b90       0x20 D:/MPLAB X IDE/xc32_v5.00/bin/bin/../../lib/gcc/pic32c/13.2.1/../../../../pic32c/lib/thumb/v6-m/nofp\libpic32c.a(close.o)
 .debug_aranges
                0x00000bb0       0x20 D:/MPLAB X IDE/xc32_v5.00/bin/bin/../../lib/gcc/pic32c/13.2.1/../../../../pic32c/lib/thumb/v6-m/nofp\libpic32c.a(lseek.o)
 .debug_aranges
                0x00000bd0       0x20 D:/MPLAB X IDE/xc32_v5.00/bin/bin/../../lib/gcc/pic32c/13.2.1/../../../../pic32c/lib/thumb/v6-m/nofp\libc-size-musl.a(strlen.o)
 .debug_aranges
                0x00000bf0       0x20 D:/MPLAB X IDE/xc32_v5.00/bin/bin/../../lib/gcc/pic32c/13.2.1/../../../../pic32c/lib/thumb/v6-m/nofp\liblmalloc-musl.a(lite_malloc.o)
 .debug_aranges
                0x00000c10       0x30 D:/MPLAB X IDE/xc32_v5.00/bin/bin/../../lib/gcc/pic32c/13.2.1/../../../../pic32c/lib/thumb/v6-m/nofp\liblmalloc-musl.a(lite_free.o)
 .debug_aranges
                0x00000c40       0x18 D:/MPLAB X IDE/xc32_v5.00/bin/bin/../../lib/gcc/pic32c/13.2.1/../../../../pic32c/lib/thumb/v6-m/nofp\libc-musl.a(__errno_location.o)
 .debug_aranges
                0x00000c58       0x20 D:/MPLAB X IDE/xc32_v5.00/bin/bin/../../lib/gcc/pic32c/13.2.1/../../../../pic32c/lib/thumb/v6-m/nofp\libc-musl.a(expand_heap.o)
 .debug_aranges
                0x00000c78       0x30 D:/MPLAB X IDE/xc32_v5.00/bin/bin/../../lib/gcc/pic32c/13.2.1/../../../../pic32c/lib/thumb/v6-m/nofp\libpic32c.a(sbrk.o)
 .debug_aranges
                0x00000ca8       0x20 D:/MPLAB X IDE/xc32_v5.00/bin/bin/../../lib/gcc/pic32c/13.2.1/thumb/v6-m/nofp\libgcc.a(_udivsi3.o)
 .debug_aranges
                0x00000cc8       0x20 D:/MPLAB X IDE/xc32_v5.00/bin/bin/../../lib/gcc/pic32c/13.2.1/thumb/v6-m/nofp\libgcc.a(_dvmd_tls.o)
 .debug_aranges
                0x00000ce8       0x20 D:/MPLAB X IDE/xc32_v5.00/bin/bin/../../lib/gcc/pic32c/13.2.1/../../../../pic32c/lib/thumb/v6-m/nofp\libpic32c.a(pic32_data_init_clear.o)
 .debug_aranges
                0x00000d08       0x20 D:/MPLAB X IDE/xc32_v5.00/bin/bin/../../lib/gcc/pic32c/13.2.1/../../../../pic32c/lib/thumb/v6-m/nofp\libpic32c.a(pic32_data_init_copy.o)

.debug_ranges   0x00000000      0xc08
 .debug_ranges  0x00000000       0x90 build/default/production/_ext/1593096446/plib_nvmctrl.o
 .debug_ranges  0x00000090       0x10 build/default/production/_ext/1986646378/plib_evsys.o
 .debug_ranges  0x000000a0       0x98 build/default/production/_ext/504274921/plib_sercom7_usart.o
 .debug_ranges  0x00000138       0x10 build/default/production/_ext/1360937237/main.o
 .debug_ranges  0x00000148       0x10 build/default/production/_ext/1171490990/initialization.o
 .debug_ranges  0x00000158       0x10 build/default/production/_ext/1171490990/interrupts.o
 .debug_ranges  0x00000168       0x18 build/default/production/_ext/1171490990/exceptions.o
 .debug_ranges  0x00000180       0x18 build/default/production/_ext/163028504/xc32_monitor.o
 .debug_ranges  0x00000198       0x60 build/default/production/_ext/1865521619/plib_port.o
 .debug_ranges  0x000001f8       0x10 build/default/production/_ext/1984496892/plib_clock.o
 .debug_ranges  0x00000208       0x50 build/default/production/_ext/1865468468/plib_nvic.o
 .debug_ranges  0x00000258       0x18 build/default/production/_ext/1171490990/startup_xc32.o
 .debug_ranges  0x00000270       0x98 build/default/production/_ext/504274921/plib_sercom5_usart.o
 .debug_ranges  0x00000308       0x30 build/default/production/_ext/60167341/plib_eic.o
 .debug_ranges  0x00000338       0x30 build/default/production/_ext/1171490990/freertos_hooks.o
 .debug_ranges  0x00000368       0x30 build/default/production/_ext/404212886/list.o
 .debug_ranges  0x00000398      0x410 build/default/production/_ext/404212886/FreeRTOS_tasks.o
 .debug_ranges  0x000007a8       0x48 build/default/production/_ext/1665200909/heap_1.o
 .debug_ranges  0x000007f0       0x60 build/default/production/_ext/1624415188/port.o
 .debug_ranges  0x00000850       0x50 build/default/production/_ext/1624415188/portasm.o
 .debug_ranges  0x000008a0       0x18 build/default/production/_ext/1360937237/app.o
 .debug_ranges  0x000008b8       0x18 build/default/production/_ext/1171490990/tasks.o
 .debug_ranges  0x000008d0       0x20 D:/MPLAB X IDE/xc32_v5.00/bin/bin/../../lib/gcc/pic32c/13.2.1/../../../../pic32c/lib/thumb/v6-m/nofp\libpic32c.a(data_init.o)
 .debug_ranges  0x000008f0       0x10 D:/MPLAB X IDE/xc32_v5.00/bin/bin/../../lib/gcc/pic32c/13.2.1/../../../../pic32c/lib/thumb/v6-m/nofp\libc-size-musl.a(memcpy.o)
 .debug_ranges  0x00000900       0x10 D:/MPLAB X IDE/xc32_v5.00/bin/bin/../../lib/gcc/pic32c/13.2.1/../../../../pic32c/lib/thumb/v6-m/nofp\libc-size-musl.a(memset.o)
 .debug_ranges  0x00000910       0x30 D:/MPLAB X IDE/xc32_v5.00/bin/bin/../../lib/gcc/pic32c/13.2.1/../../../../pic32c/lib/thumb/v6-m/nofp\libc-musl.a(__libc_start_main.o)
 .debug_ranges  0x00000940       0x18 D:/MPLAB X IDE/xc32_v5.00/bin/bin/../../lib/gcc/pic32c/13.2.1/../../../../pic32c/lib/thumb/v6-m/nofp\libc-musl.a(stdin.o)
 .debug_ranges  0x00000958       0x10 D:/MPLAB X IDE/xc32_v5.00/bin/bin/../../lib/gcc/pic32c/13.2.1/../../../../pic32c/lib/thumb/v6-m/nofp\libc-musl.a(puts.o)
 .debug_ranges  0x00000968       0x10 D:/MPLAB X IDE/xc32_v5.00/bin/bin/../../lib/gcc/pic32c/13.2.1/../../../../pic32c/lib/thumb/v6-m/nofp\libc-musl.a(setbuf.o)
 .debug_ranges  0x00000978       0x10 D:/MPLAB X IDE/xc32_v5.00/bin/bin/../../lib/gcc/pic32c/13.2.1/../../../../pic32c/lib/thumb/v6-m/nofp\libc-musl.a(fputs.o)
 .debug_ranges  0x00000988       0x10 D:/MPLAB X IDE/xc32_v5.00/bin/bin/../../lib/gcc/pic32c/13.2.1/../../../../pic32c/lib/thumb/v6-m/nofp\libc-musl.a(__stdio_read.o)
 .debug_ranges  0x00000998       0x10 D:/MPLAB X IDE/xc32_v5.00/bin/bin/../../lib/gcc/pic32c/13.2.1/../../../../pic32c/lib/thumb/v6-m/nofp\libc-musl.a(__towrite_rw.o)
 .debug_ranges  0x000009a8       0x18 D:/MPLAB X IDE/xc32_v5.00/bin/bin/../../lib/gcc/pic32c/13.2.1/../../../../pic32c/lib/thumb/v6-m/nofp\libc-musl.a(fwrite.o)
 .debug_ranges  0x000009c0       0x20 D:/MPLAB X IDE/xc32_v5.00/bin/bin/../../lib/gcc/pic32c/13.2.1/../../../../pic32c/lib/thumb/v6-m/nofp\libc-musl.a(putc.o)
 .debug_ranges  0x000009e0       0x18 D:/MPLAB X IDE/xc32_v5.00/bin/bin/../../lib/gcc/pic32c/13.2.1/../../../../pic32c/lib/thumb/v6-m/nofp\libc-musl.a(setvbuf.o)
 .debug_ranges  0x000009f8       0x20 D:/MPLAB X IDE/xc32_v5.00/bin/bin/../../lib/gcc/pic32c/13.2.1/../../../../pic32c/lib/thumb/v6-m/nofp\libc-musl.a(stdout.o)
 .debug_ranges  0x00000a18       0x10 D:/MPLAB X IDE/xc32_v5.00/bin/bin/../../lib/gcc/pic32c/13.2.1/../../../../pic32c/lib/thumb/v6-m/nofp\libc-musl.a(readv.o)
 .debug_ranges  0x00000a28       0x18 D:/MPLAB X IDE/xc32_v5.00/bin/bin/../../lib/gcc/pic32c/13.2.1/../../../../pic32c/lib/thumb/v6-m/nofp\libc-musl.a(__out.o)
 .debug_ranges  0x00000a40       0x10 D:/MPLAB X IDE/xc32_v5.00/bin/bin/../../lib/gcc/pic32c/13.2.1/../../../../pic32c/lib/thumb/v6-m/nofp\libc-musl.a(__putc.o)
 .debug_ranges  0x00000a50       0x20 D:/MPLAB X IDE/xc32_v5.00/bin/bin/../../lib/gcc/pic32c/13.2.1/../../../../pic32c/lib/thumb/v6-m/nofp\libc-musl.a(__stderr.o)
 .debug_ranges  0x00000a70       0x18 D:/MPLAB X IDE/xc32_v5.00/bin/bin/../../lib/gcc/pic32c/13.2.1/../../../../pic32c/lib/thumb/v6-m/nofp\libc-musl.a(__stdio_close.o)
 .debug_ranges  0x00000a88       0x30 D:/MPLAB X IDE/xc32_v5.00/bin/bin/../../lib/gcc/pic32c/13.2.1/../../../../pic32c/lib/thumb/v6-m/nofp\libc-musl.a(__stdio_write.o)
 .debug_ranges  0x00000ab8       0x20 D:/MPLAB X IDE/xc32_v5.00/bin/bin/../../lib/gcc/pic32c/13.2.1/../../../../pic32c/lib/thumb/v6-m/nofp\libc-musl.a(__stdout.o)
 .debug_ranges  0x00000ad8       0x18 D:/MPLAB X IDE/xc32_v5.00/bin/bin/../../lib/gcc/pic32c/13.2.1/../../../../pic32c/lib/thumb/v6-m/nofp\libc-musl.a(__towrite.o)
 .debug_ranges  0x00000af0       0x10 D:/MPLAB X IDE/xc32_v5.00/bin/bin/../../lib/gcc/pic32c/13.2.1/../../../../pic32c/lib/thumb/v6-m/nofp\libc-musl.a(writev.o)
 .debug_ranges  0x00000b00       0x10 D:/MPLAB X IDE/xc32_v5.00/bin/bin/../../lib/gcc/pic32c/13.2.1/../../../../pic32c/lib/thumb/v6-m/nofp\libc-musl.a(__overflow.o)
 .debug_ranges  0x00000b10       0x18 D:/MPLAB X IDE/xc32_v5.00/bin/bin/../../lib/gcc/pic32c/13.2.1/../../../../pic32c/lib/thumb/v6-m/nofp\libc-musl.a(__fwrite.o)
 .debug_ranges  0x00000b28       0x18 D:/MPLAB X IDE/xc32_v5.00/bin/bin/../../lib/gcc/pic32c/13.2.1/../../../../pic32c/lib/thumb/v6-m/nofp\libc-musl.a(__init_stdio.o)
 .debug_ranges  0x00000b40       0x10 D:/MPLAB X IDE/xc32_v5.00/bin/bin/../../lib/gcc/pic32c/13.2.1/../../../../pic32c/lib/thumb/v6-m/nofp\libpic32c.a(close.o)
 .debug_ranges  0x00000b50       0x10 D:/MPLAB X IDE/xc32_v5.00/bin/bin/../../lib/gcc/pic32c/13.2.1/../../../../pic32c/lib/thumb/v6-m/nofp\libpic32c.a(lseek.o)
 .debug_ranges  0x00000b60       0x10 D:/MPLAB X IDE/xc32_v5.00/bin/bin/../../lib/gcc/pic32c/13.2.1/../../../../pic32c/lib/thumb/v6-m/nofp\libc-size-musl.a(strlen.o)
 .debug_ranges  0x00000b70       0x28 D:/MPLAB X IDE/xc32_v5.00/bin/bin/../../lib/gcc/pic32c/13.2.1/../../../../pic32c/lib/thumb/v6-m/nofp\liblmalloc-musl.a(lite_malloc.o)
 .debug_ranges  0x00000b98       0x20 D:/MPLAB X IDE/xc32_v5.00/bin/bin/../../lib/gcc/pic32c/13.2.1/../../../../pic32c/lib/thumb/v6-m/nofp\liblmalloc-musl.a(lite_free.o)
 .debug_ranges  0x00000bb8       0x10 D:/MPLAB X IDE/xc32_v5.00/bin/bin/../../lib/gcc/pic32c/13.2.1/../../../../pic32c/lib/thumb/v6-m/nofp\libc-musl.a(expand_heap.o)
 .debug_ranges  0x00000bc8       0x20 D:/MPLAB X IDE/xc32_v5.00/bin/bin/../../lib/gcc/pic32c/13.2.1/../../../../pic32c/lib/thumb/v6-m/nofp\libpic32c.a(sbrk.o)
 .debug_ranges  0x00000be8       0x10 D:/MPLAB X IDE/xc32_v5.00/bin/bin/../../lib/gcc/pic32c/13.2.1/../../../../pic32c/lib/thumb/v6-m/nofp\libpic32c.a(pic32_data_init_clear.o)
 .debug_ranges  0x00000bf8       0x10 D:/MPLAB X IDE/xc32_v5.00/bin/bin/../../lib/gcc/pic32c/13.2.1/../../../../pic32c/lib/thumb/v6-m/nofp\libpic32c.a(pic32_data_init_copy.o)

.debug_line     0x00000000     0x9829
 .debug_line    0x00000000      0x4d9 build/default/production/_ext/1593096446/plib_nvmctrl.o
 .debug_line    0x000004d9       0x66 build/default/production/_ext/1986646378/plib_evsys.o
 .debug_line    0x0000053f      0x790 build/default/production/_ext/504274921/plib_sercom7_usart.o
 .debug_line    0x00000ccf       0x83 build/default/production/_ext/1360937237/main.o
 .debug_line    0x00000d52      0x2f5 build/default/production/_ext/1171490990/initialization.o
 .debug_line    0x00001047      0x10b build/default/production/_ext/1171490990/interrupts.o
 .debug_line    0x00001152       0x75 build/default/production/_ext/1171490990/exceptions.o
 .debug_line    0x000011c7      0x154 build/default/production/_ext/163028504/xc32_monitor.o
 .debug_line    0x0000131b      0x31c build/default/production/_ext/1865521619/plib_port.o
 .debug_line    0x00001637      0x294 build/default/production/_ext/1984496892/plib_clock.o
 .debug_line    0x000018cb      0x38c build/default/production/_ext/1865468468/plib_nvic.o
 .debug_line    0x00001c57      0x145 build/default/production/_ext/1171490990/startup_xc32.o
 .debug_line    0x00001d9c      0x790 build/default/production/_ext/504274921/plib_sercom5_usart.o
 .debug_line    0x0000252c      0x2e7 build/default/production/_ext/60167341/plib_eic.o
 .debug_line    0x00002813      0x15e build/default/production/_ext/1171490990/freertos_hooks.o
 .debug_line    0x00002971      0x2fc build/default/production/_ext/404212886/list.o
 .debug_line    0x00002c6d     0x2206 build/default/production/_ext/404212886/FreeRTOS_tasks.o
 .debug_line    0x00004e73      0x296 build/default/production/_ext/1665200909/heap_1.o
 .debug_line    0x00005109      0x3af build/default/production/_ext/1624415188/port.o
 .debug_line    0x000054b8      0x19b build/default/production/_ext/1624415188/portasm.o
 .debug_line    0x00005653       0x80 build/default/production/_ext/1360937237/app.o
 .debug_line    0x000056d3      0x179 build/default/production/_ext/1171490990/tasks.o
 .debug_line    0x0000584c      0x165 D:/MPLAB X IDE/xc32_v5.00/bin/bin/../../lib/gcc/pic32c/13.2.1/../../../../pic32c/lib/thumb/v6-m/nofp\libpic32c.a(data_init.o)
 .debug_line    0x000059b1      0x16c D:/MPLAB X IDE/xc32_v5.00/bin/bin/../../lib/gcc/pic32c/13.2.1/../../../../pic32c/lib/thumb/v6-m/nofp\libc-size-musl.a(memcpy.o)
 .debug_line    0x00005b1d      0x160 D:/MPLAB X IDE/xc32_v5.00/bin/bin/../../lib/gcc/pic32c/13.2.1/../../../../pic32c/lib/thumb/v6-m/nofp\libc-size-musl.a(memset.o)
 .debug_line    0x00005c7d      0x1cb D:/MPLAB X IDE/xc32_v5.00/bin/bin/../../lib/gcc/pic32c/13.2.1/../../../../pic32c/lib/thumb/v6-m/nofp\libc-musl.a(__libc_start_main.o)
 .debug_line    0x00005e48       0xb5 D:/MPLAB X IDE/xc32_v5.00/bin/bin/../../lib/gcc/pic32c/13.2.1/../../../../pic32c/lib/thumb/v6-m/nofp\libc-musl.a(libc.o)
 .debug_line    0x00005efd      0x215 D:/MPLAB X IDE/xc32_v5.00/bin/bin/../../lib/gcc/pic32c/13.2.1/../../../../pic32c/lib/thumb/v6-m/nofp\libc-musl.a(stdin.o)
 .debug_line    0x00006112      0x241 D:/MPLAB X IDE/xc32_v5.00/bin/bin/../../lib/gcc/pic32c/13.2.1/../../../../pic32c/lib/thumb/v6-m/nofp\libc-musl.a(puts.o)
 .debug_line    0x00006353      0x14a D:/MPLAB X IDE/xc32_v5.00/bin/bin/../../lib/gcc/pic32c/13.2.1/../../../../pic32c/lib/thumb/v6-m/nofp\libc-musl.a(setbuf.o)
 .debug_line    0x0000649d       0xfb D:/MPLAB X IDE/xc32_v5.00/bin/bin/../../lib/gcc/pic32c/13.2.1/../../../../pic32c/lib/thumb/v6-m/nofp\libc-musl.a(__environ.o)
 .debug_line    0x00006598      0x23a D:/MPLAB X IDE/xc32_v5.00/bin/bin/../../lib/gcc/pic32c/13.2.1/../../../../pic32c/lib/thumb/v6-m/nofp\libc-musl.a(fputs.o)
 .debug_line    0x000067d2      0x255 D:/MPLAB X IDE/xc32_v5.00/bin/bin/../../lib/gcc/pic32c/13.2.1/../../../../pic32c/lib/thumb/v6-m/nofp\libc-musl.a(__stdio_read.o)
 .debug_line    0x00006a27      0x1ef D:/MPLAB X IDE/xc32_v5.00/bin/bin/../../lib/gcc/pic32c/13.2.1/../../../../pic32c/lib/thumb/v6-m/nofp\libc-musl.a(__towrite_rw.o)
 .debug_line    0x00006c16      0x217 D:/MPLAB X IDE/xc32_v5.00/bin/bin/../../lib/gcc/pic32c/13.2.1/../../../../pic32c/lib/thumb/v6-m/nofp\libc-musl.a(fwrite.o)
 .debug_line    0x00006e2d      0x19f D:/MPLAB X IDE/xc32_v5.00/bin/bin/../../lib/gcc/pic32c/13.2.1/../../../../pic32c/lib/thumb/v6-m/nofp\libc-musl.a(putc.o)
 .debug_line    0x00006fcc      0x21f D:/MPLAB X IDE/xc32_v5.00/bin/bin/../../lib/gcc/pic32c/13.2.1/../../../../pic32c/lib/thumb/v6-m/nofp\libc-musl.a(setvbuf.o)
 .debug_line    0x000071eb      0x1df D:/MPLAB X IDE/xc32_v5.00/bin/bin/../../lib/gcc/pic32c/13.2.1/../../../../pic32c/lib/thumb/v6-m/nofp\libc-musl.a(stdout.o)
 .debug_line    0x000073ca      0x177 D:/MPLAB X IDE/xc32_v5.00/bin/bin/../../lib/gcc/pic32c/13.2.1/../../../../pic32c/lib/thumb/v6-m/nofp\libc-musl.a(readv.o)
 .debug_line    0x00007541      0x228 D:/MPLAB X IDE/xc32_v5.00/bin/bin/../../lib/gcc/pic32c/13.2.1/../../../../pic32c/lib/thumb/v6-m/nofp\libc-musl.a(__out.o)
 .debug_line    0x00007769      0x16b D:/MPLAB X IDE/xc32_v5.00/bin/bin/../../lib/gcc/pic32c/13.2.1/../../../../pic32c/lib/thumb/v6-m/nofp\libc-musl.a(__putc.o)
 .debug_line    0x000078d4      0x1c3 D:/MPLAB X IDE/xc32_v5.00/bin/bin/../../lib/gcc/pic32c/13.2.1/../../../../pic32c/lib/thumb/v6-m/nofp\libc-musl.a(__stderr.o)
 .debug_line    0x00007a97      0x30c D:/MPLAB X IDE/xc32_v5.00/bin/bin/../../lib/gcc/pic32c/13.2.1/../../../../pic32c/lib/thumb/v6-m/nofp\libc-musl.a(__stdio_close.o)
 .debug_line    0x00007da3      0x38d D:/MPLAB X IDE/xc32_v5.00/bin/bin/../../lib/gcc/pic32c/13.2.1/../../../../pic32c/lib/thumb/v6-m/nofp\libc-musl.a(__stdio_write.o)
 .debug_line    0x00008130      0x1c3 D:/MPLAB X IDE/xc32_v5.00/bin/bin/../../lib/gcc/pic32c/13.2.1/../../../../pic32c/lib/thumb/v6-m/nofp\libc-musl.a(__stdout.o)
 .debug_line    0x000082f3      0x184 D:/MPLAB X IDE/xc32_v5.00/bin/bin/../../lib/gcc/pic32c/13.2.1/../../../../pic32c/lib/thumb/v6-m/nofp\libc-musl.a(__towrite.o)
 .debug_line    0x00008477      0x178 D:/MPLAB X IDE/xc32_v5.00/bin/bin/../../lib/gcc/pic32c/13.2.1/../../../../pic32c/lib/thumb/v6-m/nofp\libc-musl.a(writev.o)
 .debug_line    0x000085ef      0x228 D:/MPLAB X IDE/xc32_v5.00/bin/bin/../../lib/gcc/pic32c/13.2.1/../../../../pic32c/lib/thumb/v6-m/nofp\libc-musl.a(__overflow.o)
 .debug_line    0x00008817      0x1ce D:/MPLAB X IDE/xc32_v5.00/bin/bin/../../lib/gcc/pic32c/13.2.1/../../../../pic32c/lib/thumb/v6-m/nofp\libc-musl.a(__fwrite.o)
 .debug_line    0x000089e5       0xd0 D:/MPLAB X IDE/xc32_v5.00/bin/bin/../../lib/gcc/pic32c/13.2.1/../../../../pic32c/lib/thumb/v6-m/nofp\libc-musl.a(__init_stdio.o)
 .debug_line    0x00008ab5       0x71 D:/MPLAB X IDE/xc32_v5.00/bin/bin/../../lib/gcc/pic32c/13.2.1/../../../../pic32c/lib/thumb/v6-m/nofp\libpic32c.a(close.o)
 .debug_line    0x00008b26       0x6b D:/MPLAB X IDE/xc32_v5.00/bin/bin/../../lib/gcc/pic32c/13.2.1/../../../../pic32c/lib/thumb/v6-m/nofp\libpic32c.a(lseek.o)
 .debug_line    0x00008b91      0x16c D:/MPLAB X IDE/xc32_v5.00/bin/bin/../../lib/gcc/pic32c/13.2.1/../../../../pic32c/lib/thumb/v6-m/nofp\libc-size-musl.a(strlen.o)
 .debug_line    0x00008cfd      0x1dc D:/MPLAB X IDE/xc32_v5.00/bin/bin/../../lib/gcc/pic32c/13.2.1/../../../../pic32c/lib/thumb/v6-m/nofp\liblmalloc-musl.a(lite_malloc.o)
 .debug_line    0x00008ed9      0x295 D:/MPLAB X IDE/xc32_v5.00/bin/bin/../../lib/gcc/pic32c/13.2.1/../../../../pic32c/lib/thumb/v6-m/nofp\liblmalloc-musl.a(lite_free.o)
 .debug_line    0x0000916e       0x9a D:/MPLAB X IDE/xc32_v5.00/bin/bin/../../lib/gcc/pic32c/13.2.1/../../../../pic32c/lib/thumb/v6-m/nofp\libc-musl.a(__errno_location.o)
 .debug_line    0x00009208       0xf0 D:/MPLAB X IDE/xc32_v5.00/bin/bin/../../lib/gcc/pic32c/13.2.1/../../../../pic32c/lib/thumb/v6-m/nofp\libc-musl.a(expand_heap.o)
 .debug_line    0x000092f8      0x1bc D:/MPLAB X IDE/xc32_v5.00/bin/bin/../../lib/gcc/pic32c/13.2.1/../../../../pic32c/lib/thumb/v6-m/nofp\libpic32c.a(sbrk.o)
 .debug_line    0x000094b4       0x9c D:/MPLAB X IDE/xc32_v5.00/bin/bin/../../lib/gcc/pic32c/13.2.1/thumb/v6-m/nofp\libgcc.a(_udivsi3.o)
 .debug_line    0x00009550       0x85 D:/MPLAB X IDE/xc32_v5.00/bin/bin/../../lib/gcc/pic32c/13.2.1/thumb/v6-m/nofp\libgcc.a(_dvmd_tls.o)
 .debug_line    0x000095d5      0x11e D:/MPLAB X IDE/xc32_v5.00/bin/bin/../../lib/gcc/pic32c/13.2.1/../../../../pic32c/lib/thumb/v6-m/nofp\libpic32c.a(pic32_data_init_clear.o)
 .debug_line    0x000096f3      0x136 D:/MPLAB X IDE/xc32_v5.00/bin/bin/../../lib/gcc/pic32c/13.2.1/../../../../pic32c/lib/thumb/v6-m/nofp\libpic32c.a(pic32_data_init_copy.o)

.debug_str      0x00000000     0x50ef
 .debug_str     0x00000000     0x50ef build/default/production/_ext/1593096446/plib_nvmctrl.o
                                0x5be (size before relaxing)
 .debug_str     0x000050ef      0x2d3 build/default/production/_ext/1986646378/plib_evsys.o
 .debug_str     0x000050ef      0x8e4 build/default/production/_ext/504274921/plib_sercom7_usart.o
 .debug_str     0x000050ef      0x2d4 build/default/production/_ext/1360937237/main.o
 .debug_str     0x000050ef      0x4d4 build/default/production/_ext/1171490990/initialization.o
 .debug_str     0x000050ef      0x6a2 build/default/production/_ext/1171490990/interrupts.o
 .debug_str     0x000050ef      0x2e0 build/default/production/_ext/1171490990/exceptions.o
 .debug_str     0x000050ef      0x31b build/default/production/_ext/163028504/xc32_monitor.o
 .debug_str     0x000050ef      0xa45 build/default/production/_ext/1865521619/plib_port.o
 .debug_str     0x000050ef      0x666 build/default/production/_ext/1984496892/plib_clock.o
 .debug_str     0x000050ef      0x69c build/default/production/_ext/1865468468/plib_nvic.o
 .debug_str     0x000050ef      0x34c build/default/production/_ext/1171490990/startup_xc32.o
 .debug_str     0x000050ef      0x8e4 build/default/production/_ext/504274921/plib_sercom5_usart.o
 .debug_str     0x000050ef      0x470 build/default/production/_ext/60167341/plib_eic.o
 .debug_str     0x000050ef      0x38d build/default/production/_ext/1171490990/freertos_hooks.o
 .debug_str     0x000050ef      0x400 build/default/production/_ext/404212886/list.o
 .debug_str     0x000050ef     0x114e build/default/production/_ext/404212886/FreeRTOS_tasks.o
 .debug_str     0x000050ef      0x3d6 build/default/production/_ext/1665200909/heap_1.o
 .debug_str     0x000050ef      0x4eb build/default/production/_ext/1624415188/port.o
 .debug_str     0x000050ef      0x38e build/default/production/_ext/1624415188/portasm.o
 .debug_str     0x000050ef      0x312 build/default/production/_ext/1360937237/app.o
 .debug_str     0x000050ef      0x362 build/default/production/_ext/1171490990/tasks.o
 .debug_str     0x000050ef      0x2ef D:/MPLAB X IDE/xc32_v5.00/bin/bin/../../lib/gcc/pic32c/13.2.1/../../../../pic32c/lib/thumb/v6-m/nofp\libpic32c.a(data_init.o)
 .debug_str     0x000050ef      0x238 D:/MPLAB X IDE/xc32_v5.00/bin/bin/../../lib/gcc/pic32c/13.2.1/../../../../pic32c/lib/thumb/v6-m/nofp\libc-size-musl.a(memcpy.o)
 .debug_str     0x000050ef      0x23b D:/MPLAB X IDE/xc32_v5.00/bin/bin/../../lib/gcc/pic32c/13.2.1/../../../../pic32c/lib/thumb/v6-m/nofp\libc-size-musl.a(memset.o)
 .debug_str     0x000050ef      0x3dd D:/MPLAB X IDE/xc32_v5.00/bin/bin/../../lib/gcc/pic32c/13.2.1/../../../../pic32c/lib/thumb/v6-m/nofp\libc-musl.a(__libc_start_main.o)
 .debug_str     0x000050ef      0x348 D:/MPLAB X IDE/xc32_v5.00/bin/bin/../../lib/gcc/pic32c/13.2.1/../../../../pic32c/lib/thumb/v6-m/nofp\libc-musl.a(libc.o)
 .debug_str     0x000050ef      0x394 D:/MPLAB X IDE/xc32_v5.00/bin/bin/../../lib/gcc/pic32c/13.2.1/../../../../pic32c/lib/thumb/v6-m/nofp\libc-musl.a(stdin.o)
 .debug_str     0x000050ef      0x357 D:/MPLAB X IDE/xc32_v5.00/bin/bin/../../lib/gcc/pic32c/13.2.1/../../../../pic32c/lib/thumb/v6-m/nofp\libc-musl.a(puts.o)
 .debug_str     0x000050ef      0x24e D:/MPLAB X IDE/xc32_v5.00/bin/bin/../../lib/gcc/pic32c/13.2.1/../../../../pic32c/lib/thumb/v6-m/nofp\libc-musl.a(setbuf.o)
 .debug_str     0x000050ef      0x248 D:/MPLAB X IDE/xc32_v5.00/bin/bin/../../lib/gcc/pic32c/13.2.1/../../../../pic32c/lib/thumb/v6-m/nofp\libc-musl.a(__environ.o)
 .debug_str     0x000050ef      0x34b D:/MPLAB X IDE/xc32_v5.00/bin/bin/../../lib/gcc/pic32c/13.2.1/../../../../pic32c/lib/thumb/v6-m/nofp\libc-musl.a(fputs.o)
 .debug_str     0x000050ef      0x375 D:/MPLAB X IDE/xc32_v5.00/bin/bin/../../lib/gcc/pic32c/13.2.1/../../../../pic32c/lib/thumb/v6-m/nofp\libc-musl.a(__stdio_read.o)