Archive member included to satisfy reference by file (symbol)

d:/mplab x ide/xcompilers/bin/bin/../../lib/gcc/pic32c/8.3.1/../../../../pic32c/lib/thumb/v6-m/nofp\libpic32c.a(data_init.o)
                              build/default/production/_ext/1171490990/startup_xc32.o (__pic32c_data_initialization)
d:/mplab x ide/xcompilers/bin/bin/../../lib/gcc/pic32c/8.3.1/../../../../pic32c/lib/thumb/v6-m/nofp\libc-size-musl.a(memcpy.o)
                              build/default/production/_ext/1500443788/ext_flash.o (memcpy)
d:/mplab x ide/xcompilers/bin/bin/../../lib/gcc/pic32c/8.3.1/../../../../pic32c/lib/thumb/v6-m/nofp\libc-size-musl.a(memset.o)
                              build/default/production/_ext/60165182/plib_can1.o (memset)
d:/mplab x ide/xcompilers/bin/bin/../../lib/gcc/pic32c/8.3.1/../../../../pic32c/lib/thumb/v6-m/nofp\libc-size-musl.a(strlen.o)
                              build/default/production/_ext/1832805299/sys_console.o (strlen)
d:/mplab x ide/xcompilers/bin/bin/../../lib/gcc/pic32c/8.3.1/../../../../pic32c/lib/thumb/v6-m/nofp\libm-fast-emfloat.a(__aeabi_fmul.o)
                              build/default/production/_ext/60165182/plib_can1.o (__aeabi_fmul)
d:/mplab x ide/xcompilers/bin/bin/../../lib/gcc/pic32c/8.3.1/../../../../pic32c/lib/thumb/v6-m/nofp\libm-fast-emfloat.a(__aeabi_fdiv.o)
                              build/default/production/_ext/60165182/plib_can1.o (__aeabi_fdiv)
d:/mplab x ide/xcompilers/bin/bin/../../lib/gcc/pic32c/8.3.1/../../../../pic32c/lib/thumb/v6-m/nofp\libm-fast-emfloat.a(__aeabi_fcmplt.o)
                              build/default/production/_ext/60165182/plib_can1.o (__aeabi_fcmplt)
d:/mplab x ide/xcompilers/bin/bin/../../lib/gcc/pic32c/8.3.1/../../../../pic32c/lib/thumb/v6-m/nofp\libm-fast-emfloat.a(__aeabi_f2iz.o)
                              build/default/production/_ext/2089947380/Step_Counter.o (__aeabi_f2iz)
d:/mplab x ide/xcompilers/bin/bin/../../lib/gcc/pic32c/8.3.1/../../../../pic32c/lib/thumb/v6-m/nofp\libm-fast-emfloat.a(__aeabi_f2uiz.o)
                              build/default/production/_ext/60165182/plib_can1.o (__aeabi_f2uiz)
d:/mplab x ide/xcompilers/bin/bin/../../lib/gcc/pic32c/8.3.1/../../../../pic32c/lib/thumb/v6-m/nofp\libm-fast-emfloat.a(__aeabi_i2f.o)
                              build/default/production/_ext/2089947380/Step_Counter.o (__aeabi_i2f)
d:/mplab x ide/xcompilers/bin/bin/../../lib/gcc/pic32c/8.3.1/../../../../pic32c/lib/thumb/v6-m/nofp\libm-fast-emfloat.a(__aeabi_ui2f.o)
                              build/default/production/_ext/60165182/plib_can1.o (__aeabi_ui2f)
d:/mplab x ide/xcompilers/bin/bin/../../lib/gcc/pic32c/8.3.1/../../../../pic32c/lib/thumb/v6-m/nofp\libc-musl.a(__libc_start_main.o)
                              build/default/production/_ext/1171490990/startup_xc32.o (__libc_init_array)
d:/mplab x ide/xcompilers/bin/bin/../../lib/gcc/pic32c/8.3.1/../../../../pic32c/lib/thumb/v6-m/nofp\libc-musl.a(libc.o)
                              d:/mplab x ide/xcompilers/bin/bin/../../lib/gcc/pic32c/8.3.1/../../../../pic32c/lib/thumb/v6-m/nofp\libc-musl.a(__libc_start_main.o) (__progname_full)
d:/mplab x ide/xcompilers/bin/bin/../../lib/gcc/pic32c/8.3.1/../../../../pic32c/lib/thumb/v6-m/nofp\libc-musl.a(vsnprintf.o)
                              build/default/production/_ext/1832805299/sys_console.o (vsnprintf)
d:/mplab x ide/xcompilers/bin/bin/../../lib/gcc/pic32c/8.3.1/../../../../pic32c/lib/thumb/v6-m/nofp\libc-musl.a(printf.o)
                              (printf)
d:/mplab x ide/xcompilers/bin/bin/../../lib/gcc/pic32c/8.3.1/../../../../pic32c/lib/thumb/v6-m/nofp\libc-musl.a(puts.o)
                              build/default/production/_ext/1500443788/ext_flash.o (puts)
d:/mplab x ide/xcompilers/bin/bin/../../lib/gcc/pic32c/8.3.1/../../../../pic32c/lib/thumb/v6-m/nofp\libc-musl.a(__environ.o)
                              d:/mplab x ide/xcompilers/bin/bin/../../lib/gcc/pic32c/8.3.1/../../../../pic32c/lib/thumb/v6-m/nofp\libc-musl.a(__libc_start_main.o) (__environ)
d:/mplab x ide/xcompilers/bin/bin/../../lib/gcc/pic32c/8.3.1/../../../../pic32c/lib/thumb/v6-m/nofp\libc-musl.a(__errno_location.o)
                              d:/mplab x ide/xcompilers/bin/bin/../../lib/gcc/pic32c/8.3.1/../../../../pic32c/lib/thumb/v6-m/nofp\libc-musl.a(vsnprintf.o) (__errno_val)
d:/mplab x ide/xcompilers/bin/bin/../../lib/gcc/pic32c/8.3.1/../../../../pic32c/lib/thumb/v6-m/nofp\libc-musl.a(fputs.o)
                              d:/mplab x ide/xcompilers/bin/bin/../../lib/gcc/pic32c/8.3.1/../../../../pic32c/lib/thumb/v6-m/nofp\libc-musl.a(puts.o) (fputs)
d:/mplab x ide/xcompilers/bin/bin/../../lib/gcc/pic32c/8.3.1/../../../../pic32c/lib/thumb/v6-m/nofp\libc-musl.a(fwrite.o)
                              d:/mplab x ide/xcompilers/bin/bin/../../lib/gcc/pic32c/8.3.1/../../../../pic32c/lib/thumb/v6-m/nofp\libc-musl.a(fputs.o) (fwrite)
[...]
Memory Configuration

Name             Origin             Length             Attributes
rom              0x0000000000000000 0x0000000000040000 xrl
ram              0x0000000020000000 0x0000000000008000 xw !r
config_00804000  0x0000000000804000 0x0000000000000004
config_00804004  0x0000000000804004 0x0000000000000004
*default*        0x0000000000000000 0xffffffffffffffff

Linker script and memory map

LOAD d:/mplab x ide/xcompilers/bin/bin/../../lib/gcc/pic32c/8.3.1/thumb/v6-m/nofp/crti.o
LOAD d:/mplab x ide/xcompilers/bin/bin/../../lib/gcc/pic32c/8.3.1/thumb/v6-m/nofp/crtbegin.o
LOAD build/default/production/_ext/149991522/spi.o
LOAD build/default/production/_ext/1500443788/ext_flash.o
LOAD build/default/production/_ext/1500443788/McuSwReset.o
LOAD build/default/production/_ext/1500443788/tlv_flash.o
LOAD build/default/production/_ext/1529399856/osal_freertos.o
LOAD build/default/production/_ext/60163342/plib_adc0.o
LOAD build/default/production/_ext/60165182/plib_can1.o
LOAD build/default/production/_ext/1984496892/plib_clock.o
LOAD build/default/production/_ext/60167341/plib_eic.o
LOAD build/default/production/_ext/1986646378/plib_evsys.o
LOAD build/default/production/_ext/1865468468/plib_nvic.o
LOAD build/default/production/_ext/1593096446/plib_nvmctrl.o
LOAD build/default/production/_ext/1865521619/plib_port.o
LOAD build/default/production/_ext/1865585090/plib_rstc.o
LOAD build/default/production/_ext/17022449/plib_sercom3_spi_master.o
LOAD build/default/production/_ext/17022449/plib_sercom0_spi_master.o
LOAD build/default/production/_ext/504274921/plib_sercom7_usart.o
LOAD build/default/production/_ext/504274921/plib_sercom5_usart.o
LOAD build/default/production/_ext/829342655/plib_tc2.o
LOAD build/default/production/_ext/829342655/plib_tc4.o
LOAD build/default/production/_ext/60184501/plib_wdt.o
LOAD build/default/production/_ext/163028504/xc32_monitor.o
LOAD build/default/production/_ext/1832805299/sys_console.o
LOAD build/default/production/_ext/1832805299/sys_console_uart.o
LOAD build/default/production/_ext/1832805299/sys_console_usb_cdc.o
LOAD build/default/production/_ext/944882569/sys_debug.o
LOAD build/default/production/_ext/1881668453/sys_int.o
LOAD build/default/production/_ext/1171490990/initialization.o
LOAD build/default/production/_ext/1171490990/interrupts.o
LOAD build/default/production/_ext/1171490990/exceptions.o
LOAD build/default/production/_ext/1171490990/startup_xc32.o
LOAD build/default/production/_ext/1171490990/libc_syscalls.o
LOAD build/default/production/_ext/1171490990/freertos_hooks.o
LOAD build/default/production/_ext/1171490990/tasks.o
LOAD build/default/production/_ext/1624415188/port.o
LOAD build/default/production/_ext/1624415188/portasm.o
LOAD build/default/production/_ext/1665200909/heap_1.o
LOAD build/default/production/_ext/404212886/croutine.o
LOAD build/default/production/_ext/404212886/list.o
LOAD build/default/production/_ext/404212886/queue.o
LOAD build/default/production/_ext/404212886/FreeRTOS_tasks.o
LOAD build/default/production/_ext/404212886/timers.o
LOAD build/default/production/_ext/404212886/event_groups.o
LOAD build/default/production/_ext/404212886/stream_buffer.o
LOAD build/default/production/_ext/1360937237/freertos_daemon.o
LOAD build/default/production/_ext/221583569/my_spi_func.o
LOAD build/default/production/_ext/1096015630/CRC.o
LOAD build/default/production/_ext/1096015630/Functions.o
LOAD build/default/production/_ext/1433801640/TMC4671.o
LOAD build/default/production/_ext/33404887/LinearRamp.o
LOAD build/default/production/_ext/33404887/LinearRamp1.o
LOAD build/default/production/_ext/33404887/Ramp.o
LOAD build/default/production/_ext/2089947380/Step_Counter.o
LOAD build/default/production/_ext/2089947380/TMC2209.o
LOAD build/default/production/_ext/2089947380/TMC2209_motion.o
LOAD build/default/production/_ext/2089947380/TMC2209_Simple_Rotation.o
LOAD build/default/production/_ext/1360937237/main.o
LOAD build/default/production/_ext/1360937237/Global_Vars.o
LOAD build/default/production/_ext/1360937237/health_task.o
LOAD build/default/production/_ext/1360937237/tmc4671_motion.o
LOAD build/default/production/_ext/1360937237/tmc2209_motion.o
LOAD build/default/production/_ext/1360937237/can_task.o
LOAD build/default/production/_ext/1360937237/cmd_parser.o
LOAD build/default/production/_ext/1360937237/debug_logger.o
                0x0000000000000001                __MPLAB_BUILD = 0x1
                0x0000000000040000                __rom_end = (ORIGIN (rom) + LENGTH (rom))
                0x0000000020008000                __ram_end = (ORIGIN (ram) + LENGTH (ram))

.config_00804000
 *(.config_00804000)

.config_00804004
 *(.config_00804004)

.vectors        0x0000000000000000       0xbc
                0x0000000000000000                . = ALIGN (0x4)
                0x0000000000000000                _sfixed = .
 *(.vectors .vectors.* .vectors_default .vectors_default.*)
 .vectors.exception_table
                0x0000000000000000       0xbc build/default/production/_ext/1171490990/interrupts.o
                0x0000000000000000                exception_table
 *(.isr_vector)
 *(.reset*)
 *(.after_vectors)

.text           0x00000000000000bc       0x20
                0x00000000000000bc                . = ALIGN (0x4)
 *(.glue_7t)
 .glue_7t       0x00000000000000bc        0x0 linker stubs
 *(.glue_7)
 .glue_7        0x00000000000000bc        0x0 linker stubs
 *(.gnu.linkonce.r.*)
 *(.ARM.extab* .gnu.linkonce.armextab.*)
                0x00000000000000bc                . = ALIGN (0x4)
 *(.init)
 .init          0x00000000000000bc        0x4 d:/mplab x ide/xcompilers/bin/bin/../../lib/gcc/pic32c/8.3.1/thumb/v6-m/nofp/crti.o
                0x00000000000000bc                _init
 .init          0x00000000000000c0        0x8 d:/mplab x ide/xcompilers/bin/bin/../../lib/gcc/pic32c/8.3.1/thumb/v6-m/nofp/crtn.o
                0x00000000000000c8                . = ALIGN (0x4)
                0x00000000000000c8                __preinit_array_start = .
 *(.preinit_array)
                0x00000000000000c8                __preinit_array_end = .
                0x00000000000000c8                . = ALIGN (0x4)
                0x00000000000000c8                __init_array_start = .
 *(SORT_BY_NAME(.init_array.*))
 *(.init_array)
 .init_array    0x00000000000000c8        0x4 d:/mplab x ide/xcompilers/bin/bin/../../lib/gcc/pic32c/8.3.1/thumb/v6-m/nofp/crtbegin.o
                0x00000000000000cc                __init_array_end = .
                0x00000000000000cc                . = ALIGN (0x4)
 *crtbegin.o(.ctors)
 *(EXCLUDE_FILE(*crtend.o) .ctors)
 *(SORT_BY_NAME(.ctors.*))
 *crtend.o(.ctors)
                0x00000000000000cc                . = ALIGN (0x4)
 *(.fini)
 .fini          0x00000000000000cc        0x4 d:/mplab x ide/xcompilers/bin/bin/../../lib/gcc/pic32c/8.3.1/thumb/v6-m/nofp/crti.o
                0x00000000000000cc                _fini
 .fini          0x00000000000000d0        0x8 d:/mplab x ide/xcompilers/bin/bin/../../lib/gcc/pic32c/8.3.1/thumb/v6-m/nofp/crtn.o
                0x00000000000000d8                . = ALIGN (0x4)
                0x00000000000000d8                __fini_array_start = .
 *(.fini_array)
 .fini_array    0x00000000000000d8        0x4 d:/mplab x ide/xcompilers/bin/bin/../../lib/gcc/pic32c/8.3.1/thumb/v6-m/nofp/crtbegin.o
 *(SORT_BY_NAME(.fini_array.*))
                0x00000000000000dc                __fini_array_end = .
 *crtbegin.o(.dtors)
 *(EXCLUDE_FILE(*crtend.o) .dtors)
 *(SORT_BY_NAME(.dtors.*))
 *crtend.o(.dtors)
                0x00000000000000dc                . = ALIGN (0x4)
                0x00000000000000dc                _efixed = .
                [!provide]                        PROVIDE (__exidx_start = .)

.ARM.exidx
 *(.ARM.exidx* .gnu.linkonce.armexidx.*)
                [!provide]                        PROVIDE (__exidx_end = .)
                0x00000000000000dc                . = ALIGN (0x4)
                0x00000000000000dc                _etext = .

.bss            0x0000000020000000       0x3c
                0x0000000020000000                . = ALIGN (0x4)
                0x0000000020000000                __bss_start__ = .
                0x0000000020000000                _sbss = .
                0x0000000020000000                _szero = .
 *(COMMON)
 COMMON         0x0000000020000000        0x4 build/default/production/_ext/944882569/sys_debug.o
                0x0000000020000000                gblErrLvl
 COMMON         0x0000000020000004        0x8 build/default/production/_ext/1171490990/initialization.o
                0x0000000020000004                sysObj
 COMMON         0x000000002000000c       0x18 build/default/production/_ext/1171490990/tasks.o
                0x000000002000000c                xTMC2209_MOTION_Tasks
                0x0000000020000010                xCAN_TASK_Tasks
                0x0000000020000014                xDEBUG_LOGGER_Tasks
                0x0000000020000018                xCMD_PARSER_Tasks
                0x000000002000001c                xHEALTH_TASK_Tasks
                0x0000000020000020                xTMC4671_MOTION_Tasks
 COMMON         0x0000000020000024        0x1 build/default/production/_ext/1360937237/health_task.o
                0x0000000020000024                health_taskData
 *fill*         0x0000000020000025        0x3 
 COMMON         0x0000000020000028        0x1 build/default/production/_ext/1360937237/tmc4671_motion.o
                0x0000000020000028                tmc4671_motionData
 *fill*         0x0000000020000029        0x3 
 COMMON         0x000000002000002c        0x1 build/default/production/_ext/1360937237/tmc2209_motion.o
                0x000000002000002c                tmc2209_motionData
 *fill*         0x000000002000002d        0x3 
 COMMON         0x0000000020000030        0x1 build/default/production/_ext/1360937237/can_task.o
                0x0000000020000030                can_taskData
 *fill*         0x0000000020000031        0x3 
 COMMON         0x0000000020000034        0x1 build/default/production/_ext/1360937237/cmd_parser.o
                0x0000000020000034                cmd_parserData
 *fill*         0x0000000020000035        0x3 
 COMMON         0x0000000020000038        0x1 build/default/production/_ext/1360937237/debug_logger.o
                0x0000000020000038                debug_loggerData
                0x000000002000003c                . = ALIGN (0x4)
 *fill*         0x0000000020000039        0x3 
                0x000000002000003c                __bss_end__ = .
                0x000000002000003c                _ebss = .
                0x000000002000003c                _ezero = .
                0x000000002000003c                . = ALIGN (0x4)
                0x000000002000003c                _end = .
                0x0000000020007fff                _ram_end_ = ((ORIGIN (ram) + LENGTH (ram)) - 0x1)
                0x0000000000000200                _min_heap_size = 0x200
START GROUP
LOAD d:/mplab x ide/xcompilers/bin/bin/../../lib/gcc/pic32c/8.3.1/../../../../pic32c/lib/thumb/v6-m/nofp\libpic32c.a
LOAD d:/mplab x ide/xcompilers/bin/bin/../../lib/gcc/pic32c/8.3.1/../../../../pic32c/lib/thumb/v6-m/nofp\libc-size-musl.a
LOAD d:/mplab x ide/xcompilers/bin/bin/../../lib/gcc/pic32c/8.3.1/../../../../pic32c/lib/thumb/v6-m/nofp\liblmalloc-musl.a
LOAD d:/mplab x ide/xcompilers/bin/bin/../../lib/gcc/pic32c/8.3.1/../../../../pic32c/lib/thumb/v6-m/nofp\libm-fast-emfloat.a
LOAD d:/mplab x ide/xcompilers/bin/bin/../../lib/gcc/pic32c/8.3.1/../../../../pic32c/lib/thumb/v6-m/nofp\libm-musl.a
LOAD d:/mplab x ide/xcompilers/bin/bin/../../lib/gcc/pic32c/8.3.1/../../../../pic32c/lib/thumb/v6-m/nofp\libc-musl.a
LOAD d:/mplab x ide/xcompilers/bin/bin/../../lib/gcc/pic32c/8.3.1/../../../../pic32c/lib/thumb/v6-m/nofp\libm-fast-emfloat.a
LOAD d:/mplab x ide/xcompilers/bin/bin/../../lib/gcc/pic32c/8.3.1/../../../../pic32c/lib/thumb/v6-m/nofp\libm-musl.a
LOAD d:/mplab x ide/xcompilers/bin/bin/../../lib/gcc/pic32c/8.3.1/thumb/v6-m/nofp\libgcc.a
END GROUP
LOAD d:/mplab x ide/xcompilers/bin/bin/../../lib/gcc/pic32c/8.3.1/thumb/v6-m/nofp/crtend.o
LOAD d:/mplab x ide/xcompilers/bin/bin/../../lib/gcc/pic32c/8.3.1/thumb/v6-m/nofp/crtn.o
OUTPUT(dist/default/production/NextGen_GTron_AxC.X.production.elf elf32-littlearm)
LOAD data_init
LOAD stack

.ARM.attributes
                0x0000000000000000       0x2a
 .ARM.attributes
                0x0000000000000000       0x1e d:/mplab x ide/xcompilers/bin/bin/../../lib/gcc/pic32c/8.3.1/thumb/v6-m/nofp/crti.o
 .ARM.attributes
                0x000000000000001e       0x2c d:/mplab x ide/xcompilers/bin/bin/../../lib/gcc/pic32c/8.3.1/thumb/v6-m/nofp/crtbegin.o
 .ARM.attributes
                0x000000000000004a       0x2c build/default/production/_ext/1529399856/osal_freertos.o
 .ARM.attributes
                0x0000000000000076       0x2c build/default/production/_ext/60163342/plib_adc0.o
 .ARM.attributes
                0x00000000000000a2       0x2c build/default/production/_ext/60165182/plib_can1.o
 .ARM.attributes
                0x00000000000000ce       0x2c build/default/production/_ext/1984496892/plib_clock.o
 .ARM.attributes
                0x00000000000000fa       0x2c build/default/production/_ext/60167341/plib_eic.o
 .ARM.attributes
                0x0000000000000126       0x2c build/default/production/_ext/1986646378/plib_evsys.o
 .ARM.attributes
                0x0000000000000152       0x2c build/default/production/_ext/1865468468/plib_nvic.o
 .ARM.attributes
                0x000000000000017e       0x2c build/default/production/_ext/1593096446/plib_nvmctrl.o
 .ARM.attributes
                0x00000000000001aa       0x2c build/default/production/_ext/1865521619/plib_port.o
 .ARM.attributes
                0x00000000000001d6       0x2c build/default/production/_ext/17022449/plib_sercom3_spi_master.o
 .ARM.attributes
                0x0000000000000202       0x2c build/default/production/_ext/17022449/plib_sercom0_spi_master.o
 .ARM.attributes
                0x000000000000022e       0x2c build/default/production/_ext/504274921/plib_sercom7_usart.o
 .ARM.attributes
                0x000000000000025a       0x2c build/default/production/_ext/504274921/plib_sercom5_usart.o
 .ARM.attributes
                0x0000000000000286       0x2c build/default/production/_ext/829342655/plib_tc2.o
 .ARM.attributes
                0x00000000000002b2       0x2c build/default/production/_ext/829342655/plib_tc4.o
 .ARM.attributes
                0x00000000000002de       0x2c build/default/production/_ext/1832805299/sys_console.o
 .ARM.attributes
                0x000000000000030a       0x2c build/default/production/_ext/1832805299/sys_console_uart.o
 .ARM.attributes
                0x0000000000000336       0x2c build/default/production/_ext/944882569/sys_debug.o
 .ARM.attributes
                0x0000000000000362       0x2c build/default/production/_ext/1171490990/initialization.o
 .ARM.attributes
                0x000000000000038e       0x2c build/default/production/_ext/1171490990/interrupts.o
 .ARM.attributes
                0x00000000000003ba       0x2c build/default/production/_ext/1171490990/exceptions.o
 .ARM.attributes
                0x00000000000003e6       0x2c build/default/production/_ext/1171490990/startup_xc32.o
 .ARM.attributes
                0x0000000000000412       0x2c build/default/production/_ext/1171490990/freertos_hooks.o
 .ARM.attributes
                0x000000000000043e       0x2c build/default/production/_ext/1171490990/tasks.o
 .ARM.attributes
                0x000000000000046a       0x2c build/default/production/_ext/1624415188/port.o
 .ARM.attributes
                0x0000000000000496       0x2c build/default/production/_ext/1624415188/portasm.o
 .ARM.attributes
                0x00000000000004c2       0x2c build/default/production/_ext/1665200909/heap_1.o
 .ARM.attributes
                0x00000000000004ee       0x2c build/default/production/_ext/404212886/list.o
 .ARM.attributes
                0x000000000000051a       0x2c build/default/production/_ext/404212886/queue.o
 .ARM.attributes
                0x0000000000000546       0x2c build/default/production/_ext/404212886/FreeRTOS_tasks.o
 .ARM.attributes
                0x0000000000000572       0x2c build/default/production/_ext/404212886/timers.o
 .ARM.attributes
                0x000000000000059e       0x2c build/default/production/_ext/1360937237/freertos_daemon.o
 .ARM.attributes
                0x00000000000005ca       0x2c build/default/production/_ext/1360937237/main.o
 .ARM.attributes
                0x00000000000005f6       0x2c build/default/production/_ext/1360937237/health_task.o
 .ARM.attributes
                0x0000000000000622       0x2c build/default/production/_ext/1360937237/tmc4671_motion.o
 .ARM.attributes
                0x000000000000064e       0x2c build/default/production/_ext/1360937237/tmc2209_motion.o
 .ARM.attributes
                0x000000000000067a       0x2c build/default/production/_ext/1360937237/can_task.o
 .ARM.attributes
                0x00000000000006a6       0x2c build/default/production/_ext/1360937237/cmd_parser.o
 .ARM.attributes
                0x00000000000006d2       0x2c build/default/production/_ext/1360937237/debug_logger.o
 .ARM.attributes
                0x00000000000006fe       0x2c d:/mplab x ide/xcompilers/bin/bin/../../lib/gcc/pic32c/8.3.1/../../../../pic32c/lib/thumb/v6-m/nofp\libpic32c.a(data_init.o)
 .ARM.attributes
                0x000000000000072a       0x2e d:/mplab x ide/xcompilers/bin/bin/../../lib/gcc/pic32c/8.3.1/../../../../pic32c/lib/thumb/v6-m/nofp\libc-size-musl.a(memcpy.o)
 .ARM.attributes
                0x0000000000000758       0x2e d:/mplab x ide/xcompilers/bin/bin/../../lib/gcc/pic32c/8.3.1/../../../../pic32c/lib/thumb/v6-m/nofp\libc-size-musl.a(memset.o)
 .ARM.attributes
                0x0000000000000786       0x2e d:/mplab x ide/xcompilers/bin/bin/../../lib/gcc/pic32c/8.3.1/../../../../pic32c/lib/thumb/v6-m/nofp\libc-musl.a(__libc_start_main.o)
 .ARM.attributes
                0x00000000000007b4       0x2e d:/mplab x ide/xcompilers/bin/bin/../../lib/gcc/pic32c/8.3.1/../../../../pic32c/lib/thumb/v6-m/nofp\libc-musl.a(libc.o)
 .ARM.attributes
                0x00000000000007e2       0x2e d:/mplab x ide/xcompilers/bin/bin/../../lib/gcc/pic32c/8.3.1/../../../../pic32c/lib/thumb/v6-m/nofp\libc-musl.a(__environ.o)
 .ARM.attributes
                0x0000000000000810       0x2e d:/mplab x ide/xcompilers/bin/bin/../../lib/gcc/pic32c/8.3.1/../../../../pic32c/lib/thumb/v6-m/nofp\libc-musl.a(stdout.o)
 .ARM.attributes
                0x000000000000083e       0x2e d:/mplab x ide/xcompilers/bin/bin/../../lib/gcc/pic32c/8.3.1/../../../../pic32c/lib/thumb/v6-m/nofp\libc-musl.a(__init_stdio.o)
 .ARM.attributes
                0x000000000000086c       0x1e d:/mplab x ide/xcompilers/bin/bin/../../lib/gcc/pic32c/8.3.1/thumb/v6-m/nofp/crtn.o
 .ARM.attributes
                0x000000000000088a       0x2c d:/mplab x ide/xcompilers/bin/bin/../../lib/gcc/pic32c/8.3.1/../../../../pic32c/lib/thumb/v6-m/nofp\libpic32c.a(pic32_data_init_clear.o)
 .ARM.attributes
                0x00000000000008b6       0x2c d:/mplab x ide/xcompilers/bin/bin/../../lib/gcc/pic32c/8.3.1/../../../../pic32c/lib/thumb/v6-m/nofp\libpic32c.a(pic32_data_init_copy.o)

.comment        0x0000000000000000       0x2b
 .comment       0x0000000000000000       0x2b d:/mplab x ide/xcompilers/bin/bin/../../lib/gcc/pic32c/8.3.1/thumb/v6-m/nofp/crtbegin.o
                                         0x2c (size before relaxing)
 .comment       0x000000000000002b       0x2c build/default/production/_ext/1529399856/osal_freertos.o
 .comment       0x000000000000002b       0x2c build/default/production/_ext/60163342/plib_adc0.o
 .comment       0x000000000000002b       0x2c build/default/production/_ext/60165182/plib_can1.o
 .comment       0x000000000000002b       0x2c build/default/production/_ext/1984496892/plib_clock.o
 .comment       0x000000000000002b       0x2c build/default/production/_ext/60167341/plib_eic.o
 .comment       0x000000000000002b       0x2c build/default/production/_ext/1986646378/plib_evsys.o
 .comment       0x000000000000002b       0x2c build/default/production/_ext/1865468468/plib_nvic.o
 .comment       0x000000000000002b       0x2c build/default/production/_ext/1593096446/plib_nvmctrl.o
 .comment       0x000000000000002b       0x2c build/default/production/_ext/1865521619/plib_port.o
 .comment       0x000000000000002b       0x2c build/default/production/_ext/17022449/plib_sercom3_spi_master.o
 .comment       0x000000000000002b       0x2c build/default/production/_ext/17022449/plib_sercom0_spi_master.o
 .comment       0x000000000000002b       0x2c build/default/production/_ext/504274921/plib_sercom7_usart.o
 .comment       0x000000000000002b       0x2c build/default/production/_ext/504274921/plib_sercom5_usart.o
 .comment       0x000000000000002b       0x2c build/default/production/_ext/829342655/plib_tc2.o
 .comment       0x000000000000002b       0x2c build/default/production/_ext/829342655/plib_tc4.o
 .comment       0x000000000000002b       0x2c build/default/production/_ext/1832805299/sys_console.o
 .comment       0x000000000000002b       0x2c build/default/production/_ext/1832805299/sys_console_uart.o
 .comment       0x000000000000002b       0x2c build/default/production/_ext/944882569/sys_debug.o
 .comment       0x000000000000002b       0x2c build/default/production/_ext/1171490990/initialization.o
 .comment       0x000000000000002b       0x2c build/default/production/_ext/1171490990/interrupts.o
 .comment       0x000000000000002b       0x2c build/default/production/_ext/1171490990/exceptions.o
 .comment       0x000000000000002b       0x2c build/default/production/_ext/1171490990/startup_xc32.o
 .comment       0x000000000000002b       0x2c build/default/production/_ext/1171490990/freertos_hooks.o
 .comment       0x000000000000002b       0x2c build/default/production/_ext/1171490990/tasks.o
 .comment       0x000000000000002b       0x2c build/default/production/_ext/1624415188/port.o
 .comment       0x000000000000002b       0x2c build/default/production/_ext/1624415188/portasm.o
 .comment       0x000000000000002b       0x2c build/default/production/_ext/1665200909/heap_1.o
 .comment       0x000000000000002b       0x2c build/default/production/_ext/404212886/list.o
 .comment       0x000000000000002b       0x2c build/default/production/_ext/404212886/queue.o
 .comment       0x000000000000002b       0x2c build/default/production/_ext/404212886/FreeRTOS_tasks.o
 .comment       0x000000000000002b       0x2c build/default/production/_ext/404212886/timers.o
 .comment       0x000000000000002b       0x2c build/default/production/_ext/1360937237/freertos_daemon.o
 .comment       0x000000000000002b       0x2c build/default/production/_ext/1360937237/main.o
 .comment       0x000000000000002b       0x2c build/default/production/_ext/1360937237/health_task.o
 .comment       0x000000000000002b       0x2c build/default/production/_ext/1360937237/tmc4671_motion.o
 .comment       0x000000000000002b       0x2c build/default/production/_ext/1360937237/tmc2209_motion.o
 .comment       0x000000000000002b       0x2c build/default/production/_ext/1360937237/can_task.o
 .comment       0x000000000000002b       0x2c build/default/production/_ext/1360937237/cmd_parser.o
 .comment       0x000000000000002b       0x2c build/default/production/_ext/1360937237/debug_logger.o
 .comment       0x000000000000002b       0x2c d:/mplab x ide/xcompilers/bin/bin/../../lib/gcc/pic32c/8.3.1/../../../../pic32c/lib/thumb/v6-m/nofp\libpic32c.a(data_init.o)
 .comment       0x000000000000002b       0x2c d:/mplab x ide/xcompilers/bin/bin/../../lib/gcc/pic32c/8.3.1/../../../../pic32c/lib/thumb/v6-m/nofp\libc-size-musl.a(memcpy.o)
 .comment       0x000000000000002b       0x2c d:/mplab x ide/xcompilers/bin/bin/../../lib/gcc/pic32c/8.3.1/../../../../pic32c/lib/thumb/v6-m/nofp\libc-size-musl.a(memset.o)
 .comment       0x000000000000002b       0x2c d:/mplab x ide/xcompilers/bin/bin/../../lib/gcc/pic32c/8.3.1/../../../../pic32c/lib/thumb/v6-m/nofp\libc-musl.a(__libc_start_main.o)
 .comment       0x000000000000002b       0x2c d:/mplab x ide/xcompilers/bin/bin/../../lib/gcc/pic32c/8.3.1/../../../../pic32c/lib/thumb/v6-m/nofp\libc-musl.a(libc.o)
 .comment       0x000000000000002b       0x2c d:/mplab x ide/xcompilers/bin/bin/../../lib/gcc/pic32c/8.3.1/../../../../pic32c/lib/thumb/v6-m/nofp\libc-musl.a(__environ.o)
 .comment       0x000000000000002b       0x2c d:/mplab x ide/xcompilers/bin/bin/../../lib/gcc/pic32c/8.3.1/../../../../pic32c/lib/thumb/v6-m/nofp\libc-musl.a(stdout.o)
 .comment       0x000000000000002b       0x2c d:/mplab x ide/xcompilers/bin/bin/../../lib/gcc/pic32c/8.3.1/../../../../pic32c/lib/thumb/v6-m/nofp\libc-musl.a(__init_stdio.o)
 .comment       0x000000000000002b       0x2c d:/mplab x ide/xcompilers/bin/bin/../../lib/gcc/pic32c/8.3.1/../../../../pic32c/lib/thumb/v6-m/nofp\libpic32c.a(pic32_data_init_clear.o)
 .comment       0x000000000000002b       0x2c d:/mplab x ide/xcompilers/bin/bin/../../lib/gcc/pic32c/8.3.1/../../../../pic32c/lib/thumb/v6-m/nofp\libpic32c.a(pic32_data_init_copy.o)

.debug_info     0x0000000000000000    0x15eec
 .debug_info    0x0000000000000000      0x790 build/default/production/_ext/1529399856/osal_freertos.o
 .debug_info    0x0000000000000790      0x617 build/default/production/_ext/60163342/plib_adc0.o
 .debug_info    0x0000000000000da7     0x1300 build/default/production/_ext/60165182/plib_can1.o
 .debug_info    0x00000000000020a7      0x658 build/default/production/_ext/1984496892/plib_clock.o
 .debug_info    0x00000000000026ff      0x3a7 build/default/production/_ext/60167341/plib_eic.o
 .debug_info    0x0000000000002aa6       0x9b build/default/production/_ext/1986646378/plib_evsys.o
 .debug_info    0x0000000000002b41      0x929 build/default/production/_ext/1865468468/plib_nvic.o
 .debug_info    0x000000000000346a      0x732 build/default/production/_ext/1593096446/plib_nvmctrl.o
 .debug_info    0x0000000000003b9c      0x7b4 build/default/production/_ext/1865521619/plib_port.o
 .debug_info    0x0000000000004350      0xcef build/default/production/_ext/17022449/plib_sercom3_spi_master.o
 .debug_info    0x000000000000503f      0xcef build/default/production/_ext/17022449/plib_sercom0_spi_master.o
 .debug_info    0x0000000000005d2e     0x17ae build/default/production/_ext/504274921/plib_sercom7_usart.o
 .debug_info    0x00000000000074dc     0x17ae build/default/production/_ext/504274921/plib_sercom5_usart.o
 .debug_info    0x0000000000008c8a      0x814 build/default/production/_ext/829342655/plib_tc2.o
 .debug_info    0x000000000000949e      0x814 build/default/production/_ext/829342655/plib_tc4.o
 .debug_info    0x0000000000009cb2      0xc10 build/default/production/_ext/1832805299/sys_console.o
 .debug_info    0x000000000000a8c2      0xbf2 build/default/production/_ext/1832805299/sys_console_uart.o
 .debug_info    0x000000000000b4b4      0x34a build/default/production/_ext/944882569/sys_debug.o
 .debug_info    0x000000000000b7fe      0xa51 build/default/production/_ext/1171490990/initialization.o
 .debug_info    0x000000000000c24f      0x45a build/default/production/_ext/1171490990/interrupts.o
 .debug_info    0x000000000000c6a9       0xc1 build/default/production/_ext/1171490990/exceptions.o
 .debug_info    0x000000000000c76a      0x205 build/default/production/_ext/1171490990/startup_xc32.o
 .debug_info    0x000000000000c96f      0x1ac build/default/production/_ext/1171490990/freertos_hooks.o
 .debug_info    0x000000000000cb1b      0x4da build/default/production/_ext/1171490990/tasks.o
 .debug_info    0x000000000000cff5      0x3a3 build/default/production/_ext/1624415188/port.o
 .debug_info    0x000000000000d398      0x17c build/default/production/_ext/1624415188/portasm.o
 .debug_info    0x000000000000d514      0x238 build/default/production/_ext/1665200909/heap_1.o
 .debug_info    0x000000000000d74c      0x2ff build/default/production/_ext/404212886/list.o
 .debug_info    0x000000000000da4b     0x1bdf build/default/production/_ext/404212886/queue.o
 .debug_info    0x000000000000f62a     0x2aed build/default/production/_ext/404212886/FreeRTOS_tasks.o
 .debug_info    0x0000000000012117     0x14cc build/default/production/_ext/404212886/timers.o
 .debug_info    0x00000000000135e3     0x157f build/default/production/_ext/1360937237/freertos_daemon.o
 .debug_info    0x0000000000014b62       0xeb build/default/production/_ext/1360937237/main.o
 .debug_info    0x0000000000014c4d      0x13a build/default/production/_ext/1360937237/health_task.o
 .debug_info    0x0000000000014d87      0x13a build/default/production/_ext/1360937237/tmc4671_motion.o
 .debug_info    0x0000000000014ec1      0x13a build/default/production/_ext/1360937237/tmc2209_motion.o
 .debug_info    0x0000000000014ffb      0x13a build/default/production/_ext/1360937237/can_task.o
 .debug_info    0x0000000000015135      0x13a build/default/production/_ext/1360937237/cmd_parser.o
 .debug_info    0x000000000001526f      0x13a build/default/production/_ext/1360937237/debug_logger.o
 .debug_info    0x00000000000153a9       0x68 d:/mplab x ide/xcompilers/bin/bin/../../lib/gcc/pic32c/8.3.1/../../../../pic32c/lib/thumb/v6-m/nofp\libpic32c.a(data_init.o)
 .debug_info    0x0000000000015411       0xed d:/mplab x ide/xcompilers/bin/bin/../../lib/gcc/pic32c/8.3.1/../../../../pic32c/lib/thumb/v6-m/nofp\libc-size-musl.a(memcpy.o)
 .debug_info    0x00000000000154fe       0xbb d:/mplab x ide/xcompilers/bin/bin/../../lib/gcc/pic32c/8.3.1/../../../../pic32c/lib/thumb/v6-m/nofp\libc-size-musl.a(memset.o)
 .debug_info    0x00000000000155b9      0x2fb d:/mplab x ide/xcompilers/bin/bin/../../lib/gcc/pic32c/8.3.1/../../../../pic32c/lib/thumb/v6-m/nofp\libc-musl.a(__libc_start_main.o)
 .debug_info    0x00000000000158b4      0x276 d:/mplab x ide/xcompilers/bin/bin/../../lib/gcc/pic32c/8.3.1/../../../../pic32c/lib/thumb/v6-m/nofp\libc-musl.a(libc.o)
 .debug_info    0x0000000000015b2a       0x97 d:/mplab x ide/xcompilers/bin/bin/../../lib/gcc/pic32c/8.3.1/../../../../pic32c/lib/thumb/v6-m/nofp\libc-musl.a(__environ.o)
 .debug_info    0x0000000000015bc1      0x1e9 d:/mplab x ide/xcompilers/bin/bin/../../lib/gcc/pic32c/8.3.1/../../../../pic32c/lib/thumb/v6-m/nofp\libc-musl.a(stdout.o)
 .debug_info    0x0000000000015daa       0xc3 d:/mplab x ide/xcompilers/bin/bin/../../lib/gcc/pic32c/8.3.1/../../../../pic32c/lib/thumb/v6-m/nofp\libc-musl.a(__init_stdio.o)
 .debug_info    0x0000000000015e6d       0x3f d:/mplab x ide/xcompilers/bin/bin/../../lib/gcc/pic32c/8.3.1/../../../../pic32c/lib/thumb/v6-m/nofp\libpic32c.a(pic32_data_init_clear.o)
 .debug_info    0x0000000000015eac       0x40 d:/mplab x ide/xcompilers/bin/bin/../../lib/gcc/pic32c/8.3.1/../../../../pic32c/lib/thumb/v6-m/nofp\libpic32c.a(pic32_data_init_copy.o)

.debug_abbrev   0x0000000000000000     0x4a64
 .debug_abbrev  0x0000000000000000      0x1cd build/default/production/_ext/1529399856/osal_freertos.o
 .debug_abbrev  0x00000000000001cd      0x172 build/default/production/_ext/60163342/plib_adc0.o
 .debug_abbrev  0x000000000000033f      0x30a build/default/production/_ext/60165182/plib_can1.o
 .debug_abbrev  0x0000000000000649      0x149 build/default/production/_ext/1984496892/plib_clock.o
 .debug_abbrev  0x0000000000000792      0x195 build/default/production/_ext/60167341/plib_eic.o
 .debug_abbrev  0x0000000000000927       0x46 build/default/production/_ext/1986646378/plib_evsys.o
 .debug_abbrev  0x000000000000096d      0x271 build/default/production/_ext/1865468468/plib_nvic.o
 .debug_abbrev  0x0000000000000bde      0x1c0 build/default/production/_ext/1593096446/plib_nvmctrl.o
 .debug_abbrev  0x0000000000000d9e      0x1ea build/default/production/_ext/1865521619/plib_port.o
 .debug_abbrev  0x0000000000000f88      0x205 build/default/production/_ext/17022449/plib_sercom3_spi_master.o
 .debug_abbrev  0x000000000000118d      0x205 build/default/production/_ext/17022449/plib_sercom0_spi_master.o
 .debug_abbrev  0x0000000000001392      0x423 build/default/production/_ext/504274921/plib_sercom7_usart.o
 .debug_abbrev  0x00000000000017b5      0x423 build/default/production/_ext/504274921/plib_sercom5_usart.o
 .debug_abbrev  0x0000000000001bd8      0x1be build/default/production/_ext/829342655/plib_tc2.o
 .debug_abbrev  0x0000000000001d96      0x1be build/default/production/_ext/829342655/plib_tc4.o
 .debug_abbrev  0x0000000000001f54      0x363 build/default/production/_ext/1832805299/sys_console.o
 .debug_abbrev  0x00000000000022b7      0x2e8 build/default/production/_ext/1832805299/sys_console_uart.o
 .debug_abbrev  0x000000000000259f      0x1a5 build/default/production/_ext/944882569/sys_debug.o
 .debug_abbrev  0x0000000000002744      0x205 build/default/production/_ext/1171490990/initialization.o
 .debug_abbrev  0x0000000000002949       0xf9 build/default/production/_ext/1171490990/interrupts.o
 .debug_abbrev  0x0000000000002a42       0x49 build/default/production/_ext/1171490990/exceptions.o
 .debug_abbrev  0x0000000000002a8b      0x118 build/default/production/_ext/1171490990/startup_xc32.o
 .debug_abbrev  0x0000000000002ba3      0x102 build/default/production/_ext/1171490990/freertos_hooks.o
 .debug_abbrev  0x0000000000002ca5      0x12b build/default/production/_ext/1171490990/tasks.o
 .debug_abbrev  0x0000000000002dd0      0x180 build/default/production/_ext/1624415188/port.o
 .debug_abbrev  0x0000000000002f50       0xc7 build/default/production/_ext/1624415188/portasm.o
 .debug_abbrev  0x0000000000003017      0x162 build/default/production/_ext/1665200909/heap_1.o
 .debug_abbrev  0x0000000000003179      0x12c build/default/production/_ext/404212886/list.o
 .debug_abbrev  0x00000000000032a5      0x2b8 build/default/production/_ext/404212886/queue.o
 .debug_abbrev  0x000000000000355d      0x3f6 build/default/production/_ext/404212886/FreeRTOS_tasks.o
 .debug_abbrev  0x0000000000003953      0x37c build/default/production/_ext/404212886/timers.o
 .debug_abbrev  0x0000000000003ccf      0x1d5 build/default/production/_ext/1360937237/freertos_daemon.o
 .debug_abbrev  0x0000000000003ea4       0x82 build/default/production/_ext/1360937237/main.o
 .debug_abbrev  0x0000000000003f26       0xdd build/default/production/_ext/1360937237/health_task.o
 .debug_abbrev  0x0000000000004003       0xdd build/default/production/_ext/1360937237/tmc4671_motion.o
 .debug_abbrev  0x00000000000040e0       0xdd build/default/production/_ext/1360937237/tmc2209_motion.o
 .debug_abbrev  0x00000000000041bd       0xdd build/default/production/_ext/1360937237/can_task.o
 .debug_abbrev  0x000000000000429a       0xdd build/default/production/_ext/1360937237/cmd_parser.o
 .debug_abbrev  0x0000000000004377       0xdd build/default/production/_ext/1360937237/debug_logger.o
 .debug_abbrev  0x0000000000004454       0x44 d:/mplab x ide/xcompilers/bin/bin/../../lib/gcc/pic32c/8.3.1/../../../../pic32c/lib/thumb/v6-m/nofp\libpic32c.a(data_init.o)
 .debug_abbrev  0x0000000000004498       0xbb d:/mplab x ide/xcompilers/bin/bin/../../lib/gcc/pic32c/8.3.1/../../../../pic32c/lib/thumb/v6-m/nofp\libc-size-musl.a(memcpy.o)
 .debug_abbrev  0x0000000000004553       0xa2 d:/mplab x ide/xcompilers/bin/bin/../../lib/gcc/pic32c/8.3.1/../../../../pic32c/lib/thumb/v6-m/nofp\libc-size-musl.a(memset.o)
 .debug_abbrev  0x00000000000045f5      0x133 d:/mplab x ide/xcompilers/bin/bin/../../lib/gcc/pic32c/8.3.1/../../../../pic32c/lib/thumb/v6-m/nofp\libc-musl.a(__libc_start_main.o)
 .debug_abbrev  0x0000000000004728       0xd4 d:/mplab x ide/xcompilers/bin/bin/../../lib/gcc/pic32c/8.3.1/../../../../pic32c/lib/thumb/v6-m/nofp\libc-musl.a(libc.o)
 .debug_abbrev  0x00000000000047fc       0x62 d:/mplab x ide/xcompilers/bin/bin/../../lib/gcc/pic32c/8.3.1/../../../../pic32c/lib/thumb/v6-m/nofp\libc-musl.a(__environ.o)
 .debug_abbrev  0x000000000000485e      0x145 d:/mplab x ide/xcompilers/bin/bin/../../lib/gcc/pic32c/8.3.1/../../../../pic32c/lib/thumb/v6-m/nofp\libc-musl.a(stdout.o)
 .debug_abbrev  0x00000000000049a3       0x65 d:/mplab x ide/xcompilers/bin/bin/../../lib/gcc/pic32c/8.3.1/../../../../pic32c/lib/thumb/v6-m/nofp\libc-musl.a(__init_stdio.o)
 .debug_abbrev  0x0000000000004a08       0x2e d:/mplab x ide/xcompilers/bin/bin/../../lib/gcc/pic32c/8.3.1/../../../../pic32c/lib/thumb/v6-m/nofp\libpic32c.a(pic32_data_init_clear.o)
 .debug_abbrev  0x0000000000004a36       0x2e d:/mplab x ide/xcompilers/bin/bin/../../lib/gcc/pic32c/8.3.1/../../../../pic32c/lib/thumb/v6-m/nofp\libpic32c.a(pic32_data_init_copy.o)

.debug_loc      0x0000000000000000     0xc39c
 .debug_loc     0x0000000000000000      0x7af build/default/production/_ext/1529399856/osal_freertos.o
 .debug_loc     0x00000000000007af      0x14d build/default/production/_ext/60163342/plib_adc0.o
 .debug_loc     0x00000000000008fc      0xc67 build/default/production/_ext/60165182/plib_can1.o
 .debug_loc     0x0000000000001563       0x45 build/default/production/_ext/1984496892/plib_clock.o
 .debug_loc     0x00000000000015a8      0x110 build/default/production/_ext/60167341/plib_eic.o
 .debug_loc     0x00000000000016b8      0x265 build/default/production/_ext/1865468468/plib_nvic.o
 .debug_loc     0x000000000000191d      0x665 build/default/production/_ext/1593096446/plib_nvmctrl.o
 .debug_loc     0x0000000000001f82      0x2bb build/default/production/_ext/1865521619/plib_port.o
 .debug_loc     0x000000000000223d      0x5c8 build/default/production/_ext/17022449/plib_sercom3_spi_master.o
 .debug_loc     0x0000000000002805      0x5c8 build/default/production/_ext/17022449/plib_sercom0_spi_master.o
 .debug_loc     0x0000000000002dcd      0xd8f build/default/production/_ext/504274921/plib_sercom7_usart.o
 .debug_loc     0x0000000000003b5c      0xd8f build/default/production/_ext/504274921/plib_sercom5_usart.o
 .debug_loc     0x00000000000048eb       0x74 build/default/production/_ext/829342655/plib_tc2.o
 .debug_loc     0x000000000000495f       0x74 build/default/production/_ext/829342655/plib_tc4.o
 .debug_loc     0x00000000000049d3      0xb69 build/default/production/_ext/1832805299/sys_console.o
 .debug_loc     0x000000000000553c      0x83c build/default/production/_ext/1832805299/sys_console_uart.o
 .debug_loc     0x0000000000005d78       0xb5 build/default/production/_ext/944882569/sys_debug.o
 .debug_loc     0x0000000000005e2d       0x45 build/default/production/_ext/1171490990/initialization.o
 .debug_loc     0x0000000000005e72       0x40 build/default/production/_ext/1171490990/interrupts.o
 .debug_loc     0x0000000000005eb2       0x20 build/default/production/_ext/1171490990/startup_xc32.o
 .debug_loc     0x0000000000005ed2       0x76 build/default/production/_ext/1171490990/freertos_hooks.o
 .debug_loc     0x0000000000005f48      0x1ca build/default/production/_ext/1171490990/tasks.o
 .debug_loc     0x0000000000006112      0x44b build/default/production/_ext/1624415188/port.o
 .debug_loc     0x000000000000655d       0xd7 build/default/production/_ext/1665200909/heap_1.o
 .debug_loc     0x0000000000006634       0xa6 build/default/production/_ext/404212886/list.o
 .debug_loc     0x00000000000066da     0x1adc build/default/production/_ext/404212886/queue.o
 .debug_loc     0x00000000000081b6     0x2b3a build/default/production/_ext/404212886/FreeRTOS_tasks.o
 .debug_loc     0x000000000000acf0     0x1328 build/default/production/_ext/404212886/timers.o
 .debug_loc     0x000000000000c018       0x20 build/default/production/_ext/1360937237/main.o
 .debug_loc     0x000000000000c038       0x16 build/default/production/_ext/1360937237/health_task.o
 .debug_loc     0x000000000000c04e       0x16 build/default/production/_ext/1360937237/tmc4671_motion.o
 .debug_loc     0x000000000000c064       0x16 build/default/production/_ext/1360937237/tmc2209_motion.o
 .debug_loc     0x000000000000c07a       0x16 build/default/production/_ext/1360937237/can_task.o
 .debug_loc     0x000000000000c090       0x16 build/default/production/_ext/1360937237/cmd_parser.o
 .debug_loc     0x000000000000c0a6       0x16 build/default/production/_ext/1360937237/debug_logger.o
 .debug_loc     0x000000000000c0bc       0x14 d:/mplab x ide/xcompilers/bin/bin/../../lib/gcc/pic32c/8.3.1/../../../../pic32c/lib/thumb/v6-m/nofp\libpic32c.a(data_init.o)
 .debug_loc     0x000000000000c0d0      0x12d d:/mplab x ide/xcompilers/bin/bin/../../lib/gcc/pic32c/8.3.1/../../../../pic32c/lib/thumb/v6-m/nofp\libc-size-musl.a(memcpy.o)
 .debug_loc     0x000000000000c1fd       0xcd d:/mplab x ide/xcompilers/bin/bin/../../lib/gcc/pic32c/8.3.1/../../../../pic32c/lib/thumb/v6-m/nofp\libc-size-musl.a(memset.o)
 .debug_loc     0x000000000000c2ca       0x5e d:/mplab x ide/xcompilers/bin/bin/../../lib/gcc/pic32c/8.3.1/../../../../pic32c/lib/thumb/v6-m/nofp\libc-musl.a(__libc_start_main.o)
 .debug_loc     0x000000000000c328       0x40 d:/mplab x ide/xcompilers/bin/bin/../../lib/gcc/pic32c/8.3.1/../../../../pic32c/lib/thumb/v6-m/nofp\libc-musl.a(stdout.o)
 .debug_loc     0x000000000000c368       0x20 d:/mplab x ide/xcompilers/bin/bin/../../lib/gcc/pic32c/8.3.1/../../../../pic32c/lib/thumb/v6-m/nofp\libc-musl.a(__init_stdio.o)
 .debug_loc     0x000000000000c388       0x14 d:/mplab x ide/xcompilers/bin/bin/../../lib/gcc/pic32c/8.3.1/../../../../pic32c/lib/thumb/v6-m/nofp\libpic32c.a(pic32_data_init_copy.o)

.debug_aranges  0x0000000000000000     0x1078
 .debug_aranges
                0x0000000000000000       0x90 build/default/production/_ext/1529399856/osal_freertos.o
 .debug_aranges
                0x0000000000000090       0x80 build/default/production/_ext/60163342/plib_adc0.o
 .debug_aranges
                0x0000000000000110       0xa0 build/default/production/_ext/60165182/plib_can1.o
 .debug_aranges
                0x00000000000001b0       0x20 build/default/production/_ext/1984496892/plib_clock.o
 .debug_aranges
                0x00000000000001d0       0x40 build/default/production/_ext/60167341/plib_eic.o
 .debug_aranges
                0x0000000000000210       0x20 build/default/production/_ext/1986646378/plib_evsys.o
 .debug_aranges
                0x0000000000000230       0x48 build/default/production/_ext/1865468468/plib_nvic.o
 .debug_aranges
                0x0000000000000278       0xa0 build/default/production/_ext/1593096446/plib_nvmctrl.o
 .debug_aranges
                0x0000000000000318       0x70 build/default/production/_ext/1865521619/plib_port.o
 .debug_aranges
                0x0000000000000388       0x48 build/default/production/_ext/17022449/plib_sercom3_spi_master.o
 .debug_aranges
                0x00000000000003d0       0x48 build/default/production/_ext/17022449/plib_sercom0_spi_master.o
 .debug_aranges
                0x0000000000000418       0xe8 build/default/production/_ext/504274921/plib_sercom7_usart.o
 .debug_aranges
                0x0000000000000500       0xe8 build/default/production/_ext/504274921/plib_sercom5_usart.o
 .debug_aranges
                0x00000000000005e8       0x70 build/default/production/_ext/829342655/plib_tc2.o
 .debug_aranges
                0x0000000000000658       0x70 build/default/production/_ext/829342655/plib_tc4.o
 .debug_aranges
                0x00000000000006c8       0x88 build/default/production/_ext/1832805299/sys_console.o
 .debug_aranges
                0x0000000000000750       0x70 build/default/production/_ext/1832805299/sys_console_uart.o
 .debug_aranges
                0x00000000000007c0       0x48 build/default/production/_ext/944882569/sys_debug.o
 .debug_aranges
                0x0000000000000808       0x20 build/default/production/_ext/1171490990/initialization.o
 .debug_aranges
                0x0000000000000828       0x30 build/default/production/_ext/1171490990/interrupts.o
 .debug_aranges
                0x0000000000000858       0x28 build/default/production/_ext/1171490990/exceptions.o
 .debug_aranges
                0x0000000000000880       0x28 build/default/production/_ext/1171490990/startup_xc32.o
 .debug_aranges
                0x00000000000008a8       0x40 build/default/production/_ext/1171490990/freertos_hooks.o
 .debug_aranges
                0x00000000000008e8       0x50 build/default/production/_ext/1171490990/tasks.o
 .debug_aranges
                0x0000000000000938       0x70 build/default/production/_ext/1624415188/port.o
 .debug_aranges
                0x00000000000009a8       0x60 build/default/production/_ext/1624415188/portasm.o
 .debug_aranges
                0x0000000000000a08       0x40 build/default/production/_ext/1665200909/heap_1.o
 .debug_aranges
                0x0000000000000a48       0x40 build/default/production/_ext/404212886/list.o
 .debug_aranges
                0x0000000000000a88       0xe0 build/default/production/_ext/404212886/queue.o
 .debug_aranges
                0x0000000000000b68      0x1b0 build/default/production/_ext/404212886/FreeRTOS_tasks.o
 .debug_aranges
                0x0000000000000d18       0xd0 build/default/production/_ext/404212886/timers.o
 .debug_aranges
                0x0000000000000de8       0x20 build/default/production/_ext/1360937237/freertos_daemon.o
 .debug_aranges
                0x0000000000000e08       0x20 build/default/production/_ext/1360937237/main.o
 .debug_aranges
                0x0000000000000e28       0x28 build/default/production/_ext/1360937237/health_task.o
 .debug_aranges
                0x0000000000000e50       0x28 build/default/production/_ext/1360937237/tmc4671_motion.o
 .debug_aranges
                0x0000000000000e78       0x28 build/default/production/_ext/1360937237/tmc2209_motion.o
 .debug_aranges
                0x0000000000000ea0       0x28 build/default/production/_ext/1360937237/can_task.o
 .debug_aranges
                0x0000000000000ec8       0x28 build/default/production/_ext/1360937237/cmd_parser.o
 .debug_aranges
                0x0000000000000ef0       0x28 build/default/production/_ext/1360937237/debug_logger.o
 .debug_aranges
                0x0000000000000f18       0x30 d:/mplab x ide/xcompilers/bin/bin/../../lib/gcc/pic32c/8.3.1/../../../../pic32c/lib/thumb/v6-m/nofp\libpic32c.a(data_init.o)
 .debug_aranges
                0x0000000000000f48       0x20 d:/mplab x ide/xcompilers/bin/bin/../../lib/gcc/pic32c/8.3.1/../../../../pic32c/lib/thumb/v6-m/nofp\libc-size-musl.a(memcpy.o)
 .debug_aranges
                0x0000000000000f68       0x20 d:/mplab x ide/xcompilers/bin/bin/../../lib/gcc/pic32c/8.3.1/../../../../pic32c/lib/thumb/v6-m/nofp\libc-size-musl.a(memset.o)
 .debug_aranges
                0x0000000000000f88       0x28 d:/mplab x ide/xcompilers/bin/bin/../../lib/gcc/pic32c/8.3.1/../../../../pic32c/lib/thumb/v6-m/nofp\libc-musl.a(__libc_start_main.o)
 .debug_aranges
                0x0000000000000fb0       0x18 d:/mplab x ide/xcompilers/bin/bin/../../lib/gcc/pic32c/8.3.1/../../../../pic32c/lib/thumb/v6-m/nofp\libc-musl.a(libc.o)
 .debug_aranges
                0x0000000000000fc8       0x18 d:/mplab x ide/xcompilers/bin/bin/../../lib/gcc/pic32c/8.3.1/../../../../pic32c/lib/thumb/v6-m/nofp\libc-musl.a(__environ.o)
 .debug_aranges
                0x0000000000000fe0       0x30 d:/mplab x ide/xcompilers/bin/bin/../../lib/gcc/pic32c/8.3.1/../../../../pic32c/lib/thumb/v6-m/nofp\libc-musl.a(stdout.o)
 .debug_aranges
                0x0000000000001010       0x28 d:/mplab x ide/xcompilers/bin/bin/../../lib/gcc/pic32c/8.3.1/../../../../pic32c/lib/thumb/v6-m/nofp\libc-musl.a(__init_stdio.o)
 .debug_aranges
                0x0000000000001038       0x20 d:/mplab x ide/xcompilers/bin/bin/../../lib/gcc/pic32c/8.3.1/../../../../pic32c/lib/thumb/v6-m/nofp\libpic32c.a(pic32_data_init_clear.o)
 .debug_aranges
                0x0000000000001058       0x20 d:/mplab x ide/xcompilers/bin/bin/../../lib/gcc/pic32c/8.3.1/../../../../pic32c/lib/thumb/v6-m/nofp\libpic32c.a(pic32_data_init_copy.o)

.debug_ranges   0x0000000000000000     0x13f8
 .debug_ranges  0x0000000000000000       0x80 build/default/production/_ext/1529399856/osal_freertos.o
 .debug_ranges  0x0000000000000080       0x70 build/default/production/_ext/60163342/plib_adc0.o
 .debug_ranges  0x00000000000000f0       0x90 build/default/production/_ext/60165182/plib_can1.o
 .debug_ranges  0x0000000000000180       0x10 build/default/production/_ext/1984496892/plib_clock.o
 .debug_ranges  0x0000000000000190       0x30 build/default/production/_ext/60167341/plib_eic.o
 .debug_ranges  0x00000000000001c0       0x10 build/default/production/_ext/1986646378/plib_evsys.o
 .debug_ranges  0x00000000000001d0       0x50 build/default/production/_ext/1865468468/plib_nvic.o
 .debug_ranges  0x0000000000000220       0x90 build/default/production/_ext/1593096446/plib_nvmctrl.o
 .debug_ranges  0x00000000000002b0       0x60 build/default/production/_ext/1865521619/plib_port.o
 .debug_ranges  0x0000000000000310       0x38 build/default/production/_ext/17022449/plib_sercom3_spi_master.o
 .debug_ranges  0x0000000000000348       0x38 build/default/production/_ext/17022449/plib_sercom0_spi_master.o
 .debug_ranges  0x0000000000000380      0x1e8 build/default/production/_ext/504274921/plib_sercom7_usart.o
 .debug_ranges  0x0000000000000568      0x1e8 build/default/production/_ext/504274921/plib_sercom5_usart.o
 .debug_ranges  0x0000000000000750       0x60 build/default/production/_ext/829342655/plib_tc2.o
 .debug_ranges  0x00000000000007b0       0x60 build/default/production/_ext/829342655/plib_tc4.o
 .debug_ranges  0x0000000000000810       0x78 build/default/production/_ext/1832805299/sys_console.o
 .debug_ranges  0x0000000000000888       0x60 build/default/production/_ext/1832805299/sys_console_uart.o
 .debug_ranges  0x00000000000008e8       0x38 build/default/production/_ext/944882569/sys_debug.o
 .debug_ranges  0x0000000000000920       0x10 build/default/production/_ext/1171490990/initialization.o
 .debug_ranges  0x0000000000000930       0x20 build/default/production/_ext/1171490990/interrupts.o
 .debug_ranges  0x0000000000000950       0x18 build/default/production/_ext/1171490990/exceptions.o
 .debug_ranges  0x0000000000000968       0x18 build/default/production/_ext/1171490990/startup_xc32.o
 .debug_ranges  0x0000000000000980       0x30 build/default/production/_ext/1171490990/freertos_hooks.o
 .debug_ranges  0x00000000000009b0       0x40 build/default/production/_ext/1171490990/tasks.o
 .debug_ranges  0x00000000000009f0       0x60 build/default/production/_ext/1624415188/port.o
 .debug_ranges  0x0000000000000a50       0x50 build/default/production/_ext/1624415188/portasm.o
 .debug_ranges  0x0000000000000aa0       0x48 build/default/production/_ext/1665200909/heap_1.o
 .debug_ranges  0x0000000000000ae8       0x30 build/default/production/_ext/404212886/list.o
 .debug_ranges  0x0000000000000b18      0x208 build/default/production/_ext/404212886/queue.o
 .debug_ranges  0x0000000000000d20      0x438 build/default/production/_ext/404212886/FreeRTOS_tasks.o
 .debug_ranges  0x0000000000001158      0x128 build/default/production/_ext/404212886/timers.o
 .debug_ranges  0x0000000000001280       0x10 build/default/production/_ext/1360937237/freertos_daemon.o
 .debug_ranges  0x0000000000001290       0x10 build/default/production/_ext/1360937237/main.o
 .debug_ranges  0x00000000000012a0       0x18 build/default/production/_ext/1360937237/health_task.o
 .debug_ranges  0x00000000000012b8       0x18 build/default/production/_ext/1360937237/tmc4671_motion.o
 .debug_ranges  0x00000000000012d0       0x18 build/default/production/_ext/1360937237/tmc2209_motion.o
 .debug_ranges  0x00000000000012e8       0x18 build/default/production/_ext/1360937237/can_task.o
 .debug_ranges  0x0000000000001300       0x18 build/default/production/_ext/1360937237/cmd_parser.o
 .debug_ranges  0x0000000000001318       0x18 build/default/production/_ext/1360937237/debug_logger.o
 .debug_ranges  0x0000000000001330       0x20 d:/mplab x ide/xcompilers/bin/bin/../../lib/gcc/pic32c/8.3.1/../../../../pic32c/lib/thumb/v6-m/nofp\libpic32c.a(data_init.o)
 .debug_ranges  0x0000000000001350       0x10 d:/mplab x ide/xcompilers/bin/bin/../../lib/gcc/pic32c/8.3.1/../../../../pic32c/lib/thumb/v6-m/nofp\libc-size-musl.a(memcpy.o)
 .debug_ranges  0x0000000000001360       0x10 d:/mplab x ide/xcompilers/bin/bin/../../lib/gcc/pic32c/8.3.1/../../../../pic32c/lib/thumb/v6-m/nofp\libc-size-musl.a(memset.o)
 .debug_ranges  0x0000000000001370       0x30 d:/mplab x ide/xcompilers/bin/bin/../../lib/gcc/pic32c/8.3.1/../../../../pic32c/lib/thumb/v6-m/nofp\libc-musl.a(__libc_start_main.o)
 .debug_ranges  0x00000000000013a0       0x20 d:/mplab x ide/xcompilers/bin/bin/../../lib/gcc/pic32c/8.3.1/../../../../pic32c/lib/thumb/v6-m/nofp\libc-musl.a(stdout.o)
 .debug_ranges  0x00000000000013c0       0x18 d:/mplab x ide/xcompilers/bin/bin/../../lib/gcc/pic32c/8.3.1/../../../../pic32c/lib/thumb/v6-m/nofp\libc-musl.a(__init_stdio.o)
 .debug_ranges  0x00000000000013d8       0x10 d:/mplab x ide/xcompilers/bin/bin/../../lib/gcc/pic32c/8.3.1/../../../../pic32c/lib/thumb/v6-m/nofp\libpic32c.a(pic32_data_init_clear.o)
 .debug_ranges  0x00000000000013e8       0x10 d:/mplab x ide/xcompilers/bin/bin/../../lib/gcc/pic32c/8.3.1/../../../../pic32c/lib/thumb/v6-m/nofp\libpic32c.a(pic32_data_init_copy.o)

.debug_line     0x0000000000000000     0xb537
 .debug_line    0x0000000000000000      0x49e build/default/production/_ext/1529399856/osal_freertos.o
 .debug_line    0x000000000000049e      0x38e build/default/production/_ext/60163342/plib_adc0.o
 .debug_line    0x000000000000082c      0x78e build/default/production/_ext/60165182/plib_can1.o
 .debug_line    0x0000000000000fba      0x3ca build/default/production/_ext/1984496892/plib_clock.o
 .debug_line    0x0000000000001384      0x2bd build/default/production/_ext/60167341/plib_eic.o
 .debug_line    0x0000000000001641       0x66 build/default/production/_ext/1986646378/plib_evsys.o
 .debug_line    0x00000000000016a7      0x48c build/default/production/_ext/1865468468/plib_nvic.o
 .debug_line    0x0000000000001b33      0x442 build/default/production/_ext/1593096446/plib_nvmctrl.o
 .debug_line    0x0000000000001f75      0x478 build/default/production/_ext/1865521619/plib_port.o
 .debug_line    0x00000000000023ed      0x4b5 build/default/production/_ext/17022449/plib_sercom3_spi_master.o
 .debug_line    0x00000000000028a2      0x4b5 build/default/production/_ext/17022449/plib_sercom0_spi_master.o
 .debug_line    0x0000000000002d57      0xd09 build/default/production/_ext/504274921/plib_sercom7_usart.o
 .debug_line    0x0000000000003a60      0xd0b build/default/production/_ext/504274921/plib_sercom5_usart.o
 .debug_line    0x000000000000476b      0x337 build/default/production/_ext/829342655/plib_tc2.o
 .debug_line    0x0000000000004aa2      0x337 build/default/production/_ext/829342655/plib_tc4.o
 .debug_line    0x0000000000004dd9      0x690 build/default/production/_ext/1832805299/sys_console.o
 .debug_line    0x0000000000005469      0x4f6 build/default/production/_ext/1832805299/sys_console_uart.o
 .debug_line    0x000000000000595f      0x1e5 build/default/production/_ext/944882569/sys_debug.o
 .debug_line    0x0000000000005b44      0x559 build/default/production/_ext/1171490990/initialization.o
 .debug_line    0x000000000000609d       0xf0 build/default/production/_ext/1171490990/interrupts.o
 .debug_line    0x000000000000618d       0x6f build/default/production/_ext/1171490990/exceptions.o
 .debug_line    0x00000000000061fc      0x13f build/default/production/_ext/1171490990/startup_xc32.o
 .debug_line    0x000000000000633b      0x15d build/default/production/_ext/1171490990/freertos_hooks.o
 .debug_line    0x0000000000006498      0x23f build/default/production/_ext/1171490990/tasks.o
 .debug_line    0x00000000000066d7      0x3aa build/default/production/_ext/1624415188/port.o
 .debug_line    0x0000000000006a81      0x1a9 build/default/production/_ext/1624415188/portasm.o
 .debug_line    0x0000000000006c2a      0x247 build/default/production/_ext/1665200909/heap_1.o
 .debug_line    0x0000000000006e71      0x2e6 build/default/production/_ext/404212886/list.o
 .debug_line    0x0000000000007157      0xf61 build/default/production/_ext/404212886/queue.o
 .debug_line    0x00000000000080b8     0x1caf build/default/production/_ext/404212886/FreeRTOS_tasks.o
 .debug_line    0x0000000000009d67      0x967 build/default/production/_ext/404212886/timers.o
 .debug_line    0x000000000000a6ce      0x15c build/default/production/_ext/1360937237/freertos_daemon.o
 .debug_line    0x000000000000a82a       0x6d build/default/production/_ext/1360937237/main.o
 .debug_line    0x000000000000a897       0x90 build/default/production/_ext/1360937237/health_task.o
 .debug_line    0x000000000000a927       0x96 build/default/production/_ext/1360937237/tmc4671_motion.o
 .debug_line    0x000000000000a9bd       0x96 build/default/production/_ext/1360937237/tmc2209_motion.o
 .debug_line    0x000000000000aa53       0x8a build/default/production/_ext/1360937237/can_task.o
 .debug_line    0x000000000000aadd       0x8e build/default/production/_ext/1360937237/cmd_parser.o
 .debug_line    0x000000000000ab6b       0x92 build/default/production/_ext/1360937237/debug_logger.o
 .debug_line    0x000000000000abfd       0xa5 d:/mplab x ide/xcompilers/bin/bin/../../lib/gcc/pic32c/8.3.1/../../../../pic32c/lib/thumb/v6-m/nofp\libpic32c.a(data_init.o)
 .debug_line    0x000000000000aca2       0xee d:/mplab x ide/xcompilers/bin/bin/../../lib/gcc/pic32c/8.3.1/../../../../pic32c/lib/thumb/v6-m/nofp\libc-size-musl.a(memcpy.o)
 .debug_line    0x000000000000ad90       0xe3 d:/mplab x ide/xcompilers/bin/bin/../../lib/gcc/pic32c/8.3.1/../../../../pic32c/lib/thumb/v6-m/nofp\libc-size-musl.a(memset.o)
 .debug_line    0x000000000000ae73      0x1bc d:/mplab x ide/xcompilers/bin/bin/../../lib/gcc/pic32c/8.3.1/../../../../pic32c/lib/thumb/v6-m/nofp\libc-musl.a(__libc_start_main.o)
 .debug_line    0x000000000000b02f       0xb5 d:/mplab x ide/xcompilers/bin/bin/../../lib/gcc/pic32c/8.3.1/../../../../pic32c/lib/thumb/v6-m/nofp\libc-musl.a(libc.o)
 .debug_line    0x000000000000b0e4       0xfb d:/mplab x ide/xcompilers/bin/bin/../../lib/gcc/pic32c/8.3.1/../../../../pic32c/lib/thumb/v6-m/nofp\libc-musl.a(__environ.o)
 .debug_line    0x000000000000b1df      0x191 d:/mplab x ide/xcompilers/bin/bin/../../lib/gcc/pic32c/8.3.1/../../../../pic32c/lib/thumb/v6-m/nofp\libc-musl.a(stdout.o)
 .debug_line    0x000000000000b370       0xd0 d:/mplab x ide/xcompilers/bin/bin/../../lib/gcc/pic32c/8.3.1/../../../../pic32c/lib/thumb/v6-m/nofp\libc-musl.a(__init_stdio.o)
 .debug_line    0x000000000000b440       0x6f d:/mplab x ide/xcompilers/bin/bin/../../lib/gcc/pic32c/8.3.1/../../../../pic32c/lib/thumb/v6-m/nofp\libpic32c.a(pic32_data_init_clear.o)
 .debug_line    0x000000000000b4af       0x88 d:/mplab x ide/xcompilers/bin/bin/../../lib/gcc/pic32c/8.3.1/../../../../pic32c/lib/thumb/v6-m/nofp\libpic32c.a(pic32_data_init_copy.o)

.debug_str      0x0000000000000000    0x122d7
 .debug_str     0x0000000000000000      0x698 build/default/production/_ext/1529399856/osal_freertos.o
 .debug_str     0x0000000000000698      0x815 build/default/production/_ext/60163342/plib_adc0.o
 .debug_str     0x0000000000000ead      0xe3d build/default/production/_ext/60165182/plib_can1.o
 .debug_str     0x0000000000001cea      0x684 build/default/production/_ext/1984496892/plib_clock.o
 .debug_str     0x000000000000236e      0x44a build/default/production/_ext/60167341/plib_eic.o
 .debug_str     0x00000000000027b8      0x2ad build/default/production/_ext/1986646378/plib_evsys.o
 .debug_str     0x0000000000002a65      0x676 build/default/production/_ext/1865468468/plib_nvic.o
 .debug_str     0x00000000000030db      0x591 build/default/production/_ext/1593096446/plib_nvmctrl.o
 .debug_str     0x000000000000366c      0xa1f build/default/production/_ext/1865521619/plib_port.o
 .debug_str     0x000000000000408b      0x709 build/default/production/_ext/17022449/plib_sercom3_spi_master.o
 .debug_str     0x0000000000004794      0x709 build/default/production/_ext/17022449/plib_sercom0_spi_master.o
 .debug_str     0x0000000000004e9d      0xd8b build/default/production/_ext/504274921/plib_sercom7_usart.o
 .debug_str     0x0000000000005c28      0xd8b build/default/production/_ext/504274921/plib_sercom5_usart.o
 .debug_str     0x00000000000069b3      0x5ca build/default/production/_ext/829342655/plib_tc2.o
 .debug_str     0x0000000000006f7d      0x5ca build/default/production/_ext/829342655/plib_tc4.o
 .debug_str     0x0000000000007547      0xa67 build/default/production/_ext/1832805299/sys_console.o
 .debug_str     0x0000000000007fae      0xa80 build/default/production/_ext/1832805299/sys_console_uart.o
 .debug_str     0x0000000000008a2e      0x4bc build/default/production/_ext/944882569/sys_debug.o
 .debug_str     0x0000000000008eea      0xb47 build/default/production/_ext/1171490990/initialization.o
 .debug_str     0x0000000000009a31      0x661 build/default/production/_ext/1171490990/interrupts.o
 .debug_str     0x000000000000a092      0x2c0 build/default/production/_ext/1171490990/exceptions.o
 .debug_str     0x000000000000a352      0x326 build/default/production/_ext/1171490990/startup_xc32.o
 .debug_str     0x000000000000a678      0x367 build/default/production/_ext/1171490990/freertos_hooks.o
 .debug_str     0x000000000000a9df      0x464 build/default/production/_ext/1171490990/tasks.o
 .debug_str     0x000000000000ae43      0x4c5 build/default/production/_ext/1624415188/port.o
 .debug_str     0x000000000000b308      0x368 build/default/production/_ext/1624415188/portasm.o
 .debug_str     0x000000000000b670      0x3a5 build/default/production/_ext/1665200909/heap_1.o
 .debug_str     0x000000000000ba15      0x3da build/default/production/_ext/404212886/list.o
 .debug_str     0x000000000000bdef      0xb03 build/default/production/_ext/404212886/queue.o
 .debug_str     0x000000000000c8f2     0x11a6 build/default/production/_ext/404212886/FreeRTOS_tasks.o
 .debug_str     0x000000000000da98      0xaae build/default/production/_ext/404212886/timers.o
 .debug_str     0x000000000000e546      0xf21 build/default/production/_ext/1360937237/freertos_daemon.o
 .debug_str     0x000000000000f467      0x2a0 build/default/production/_ext/1360937237/main.o
 .debug_str     0x000000000000f707      0x32c build/default/production/_ext/1360937237/health_task.o
 .debug_str     0x000000000000fa33      0x344 build/default/production/_ext/1360937237/tmc4671_motion.o
 .debug_str     0x000000000000fd77      0x344 build/default/production/_ext/1360937237/tmc2209_motion.o
 .debug_str     0x00000000000100bb      0x314 build/default/production/_ext/1360937237/can_task.o
 .debug_str     0x00000000000103cf      0x324 build/default/production/_ext/1360937237/cmd_parser.o
 .debug_str     0x00000000000106f3      0x334 build/default/production/_ext/1360937237/debug_logger.o
 .debug_str     0x0000000000010a27      0x1fc d:/mplab x ide/xcompilers/bin/bin/../../lib/gcc/pic32c/8.3.1/../../../../pic32c/lib/thumb/v6-m/nofp\libpic32c.a(data_init.o)
 .debug_str     0x0000000000010c23      0x225 d:/mplab x ide/xcompilers/bin/bin/../../lib/gcc/pic32c/8.3.1/../../../../pic32c/lib/thumb/v6-m/nofp\libc-size-musl.a(memcpy.o)
 .debug_str     0x0000000000010e48      0x211 d:/mplab x ide/xcompilers/bin/bin/../../lib/gcc/pic32c/8.3.1/../../../../pic32c/lib/thumb/v6-m/nofp\libc-size-musl.a(memset.o)
 .debug_str     0x0000000000011059      0x3ca d:/mplab x ide/xcompilers/bin/bin/../../lib/gcc/pic32c/8.3.1/../../../../pic32c/lib/thumb/v6-m/nofp\libc-musl.a(__libc_start_main.o)
 .debug_str     0x0000000000011423      0x335 d:/mplab x ide/xcompilers/bin/bin/../../lib/gcc/pic32c/8.3.1/../../../../pic32c/lib/thumb/v6-m/nofp\libc-musl.a(libc.o)
 .debug_str     0x0000000000011758      0x235 d:/mplab x ide/xcompilers/bin/bin/../../lib/gcc/pic32c/8.3.1/../../../../pic32c/lib/thumb/v6-m/nofp\libc-musl.a(__environ.o)
 .debug_str     0x000000000001198d      0x308 d:/mplab x ide/xcompilers/bin/bin/../../lib/gcc/pic32c/8.3.1/../../../../pic32c/lib/thumb/v6-m/nofp\libc-musl.a(stdout.o)
 .debug_str     0x0000000000011c95      0x29a d:/mplab x ide/xcompilers/bin/bin/../../lib/gcc/pic32c/8.3.1/../../../../pic32c/lib/thumb/v6-m/nofp\libc-musl.a(__init_stdio.o)
 .debug_str     0x0000000000011f2f      0x1d5 d:/mplab x ide/xcompilers/bin/bin/../../lib/gcc/pic32c/8.3.1/../../../../pic32c/lib/thumb/v6-m/nofp\libpic32c.a(pic32_data_init_clear.o)
 .debug_str     0x0000000000012104      0x1d3 d:/mplab x ide/xcompilers/bin/bin/../../lib/gcc/pic32c/8.3.1/../../../../pic32c/lib/thumb/v6-m/nofp\libpic32c.a(pic32_data_init_copy.o)

.debug_frame    0x0000000000000000     0x2300
 .debug_frame   0x0000000000000000      0x174 build/default/production/_ext/1529399856/osal_freertos.o
 .debug_frame   0x0000000000000174       0xe0 build/default/production/_ext/60163342/plib_adc0.o
 .debug_frame   0x0000000000000254      0x174 build/default/production/_ext/60165182/plib_can1.o
 .debug_frame   0x00000000000003c8       0x20 build/default/production/_ext/1984496892/plib_clock.o
 .debug_frame   0x00000000000003e8       0x84 build/default/production/_ext/60167341/plib_eic.o
 .debug_frame   0x000000000000046c       0x20 build/default/production/_ext/1986646378/plib_evsys.o
 .debug_frame   0x000000000000048c       0x84 build/default/production/_ext/1865468468/plib_nvic.o
 .debug_frame   0x0000000000000510      0x148 build/default/production/_ext/1593096446/plib_nvmctrl.o
 .debug_frame   0x0000000000000658       0xe8 build/default/production/_ext/1865521619/plib_port.o
 .debug_frame   0x0000000000000740       0xa8 build/default/production/_ext/17022449/plib_sercom3_spi_master.o
 .debug_frame   0x00000000000007e8       0xa8 build/default/production/_ext/17022449/plib_sercom0_spi_master.o
 .debug_frame   0x0000000000000890      0x250 build/default/production/_ext/504274921/plib_sercom7_usart.o
 .debug_frame   0x0000000000000ae0      0x250 build/default/production/_ext/504274921/plib_sercom5_usart.o
 .debug_frame   0x0000000000000d30       0xc8 build/default/production/_ext/829342655/plib_tc2.o
 .debug_frame   0x0000000000000df8       0xc8 build/default/production/_ext/829342655/plib_tc4.o
 .debug_frame   0x0000000000000ec0      0x15c build/default/production/_ext/1832805299/sys_console.o
 .debug_frame   0x000000000000101c      0x118 build/default/production/_ext/1832805299/sys_console_uart.o
 .debug_frame   0x0000000000001134       0x70 build/default/production/_ext/944882569/sys_debug.o
 .debug_frame   0x00000000000011a4       0x28 build/default/production/_ext/1171490990/initialization.o
 .debug_frame   0x00000000000011cc       0x50 build/default/production/_ext/1171490990/interrupts.o
 .debug_frame   0x000000000000121c       0x30 build/default/production/_ext/1171490990/exceptions.o
 .debug_frame   0x000000000000124c       0x38 build/default/production/_ext/1171490990/startup_xc32.o
 .debug_frame   0x0000000000001284       0x68 build/default/production/_ext/1171490990/freertos_hooks.o
 .debug_frame   0x00000000000012ec       0xbc build/default/production/_ext/1171490990/tasks.o
 .debug_frame   0x00000000000013a8       0xe4 build/default/production/_ext/1624415188/port.o
 .debug_frame   0x000000000000148c       0xa0 build/default/production/_ext/1624415188/portasm.o
 .debug_frame   0x000000000000152c       0x6c build/default/production/_ext/1665200909/heap_1.o
 .debug_frame   0x0000000000001598       0x6c build/default/production/_ext/404212886/list.o
 .debug_frame   0x0000000000001604      0x2ac build/default/production/_ext/404212886/queue.o
 .debug_frame   0x00000000000018b0      0x4fc build/default/production/_ext/404212886/FreeRTOS_tasks.o
 .debug_frame   0x0000000000001dac      0x254 build/default/production/_ext/404212886/timers.o
 .debug_frame   0x0000000000002000       0x20 build/default/production/_ext/1360937237/freertos_daemon.o
 .debug_frame   0x0000000000002020       0x28 build/default/production/_ext/1360937237/main.o
 .debug_frame   0x0000000000002048       0x30 build/default/production/_ext/1360937237/health_task.o
 .debug_frame   0x0000000000002078       0x30 build/default/production/_ext/1360937237/tmc4671_motion.o
 .debug_frame   0x00000000000020a8       0x30 build/default/production/_ext/1360937237/tmc2209_motion.o
 .debug_frame   0x00000000000020d8       0x30 build/default/production/_ext/1360937237/can_task.o
 .debug_frame   0x0000000000002108       0x30 build/default/production/_ext/1360937237/cmd_parser.o
 .debug_frame   0x0000000000002138       0x30 build/default/production/_ext/1360937237/debug_logger.o
 .debug_frame   0x0000000000002168       0x48 d:/mplab x ide/xcompilers/bin/bin/../../lib/gcc/pic32c/8.3.1/../../../../pic32c/lib/thumb/v6-m/nofp\libpic32c.a(data_init.o)
 .debug_frame   0x00000000000021b0       0x28 d:/mplab x ide/xcompilers/bin/bin/../../lib/gcc/pic32c/8.3.1/../../../../pic32c/lib/thumb/v6-m/nofp\libc-size-musl.a(memcpy.o)
 .debug_frame   0x00000000000021d8       0x20 d:/mplab x ide/xcompilers/bin/bin/../../lib/gcc/pic32c/8.3.1/../../../../pic32c/lib/thumb/v6-m/nofp\libc-size-musl.a(memset.o)
 .debug_frame   0x00000000000021f8       0x38 d:/mplab x ide/xcompilers/bin/bin/../../lib/gcc/pic32c/8.3.1/../../../../pic32c/lib/thumb/v6-m/nofp\libc-musl.a(__libc_start_main.o)
 .debug_frame   0x0000000000002230       0x50 d:/mplab x ide/xcompilers/bin/bin/../../lib/gcc/pic32c/8.3.1/../../../../pic32c/lib/thumb/v6-m/nofp\libc-musl.a(stdout.o)
 .debug_frame   0x0000000000002280       0x38 d:/mplab x ide/xcompilers/bin/bin/../../lib/gcc/pic32c/8.3.1/../../../../pic32c/lib/thumb/v6-m/nofp\libc-musl.a(__init_stdio.o)
 .debug_frame   0x00000000000022b8       0x20 d:/mplab x ide/xcompilers/bin/bin/../../lib/gcc/pic32c/8.3.1/../../../../pic32c/lib/thumb/v6-m/nofp\libpic32c.a(pic32_data_init_clear.o)
 .debug_frame   0x00000000000022d8       0x28 d:/mplab x ide/xcompilers/bin/bin/../../lib/gcc/pic32c/8.3.1/../../../../pic32c/lib/thumb/v6-m/nofp\libpic32c.a(pic32_data_init_copy.o)

.note.GNU-stack
                0x0000000000000000        0x0
 .note.GNU-stack
                0x0000000000000000        0x0 d:/mplab x ide/xcompilers/bin/bin/../../lib/gcc/pic32c/8.3.1/../../../../pic32c/lib/thumb/v6-m/nofp\libc-size-musl.a(memcpy.o)
 .note.GNU-stack
                0x0000000000000000        0x0 d:/mplab x ide/xcompilers/bin/bin/../../lib/gcc/pic32c/8.3.1/../../../../pic32c/lib/thumb/v6-m/nofp\libc-size-musl.a(memset.o)
 .note.GNU-stack
                0x0000000000000000        0x0 d:/mplab x ide/xcompilers/bin/bin/../../lib/gcc/pic32c/8.3.1/../../../../pic32c/lib/thumb/v6-m/nofp\libc-musl.a(__libc_start_main.o)
 .note.GNU-stack
                0x0000000000000000        0x0 d:/mplab x ide/xcompilers/bin/bin/../../lib/gcc/pic32c/8.3.1/../../../../pic32c/lib/thumb/v6-m/nofp\libc-musl.a(libc.o)
 .note.GNU-stack
                0x0000000000000000        0x0 d:/mplab x ide/xcompilers/bin/bin/../../lib/gcc/pic32c/8.3.1/../../../../pic32c/lib/thumb/v6-m/nofp\libc-musl.a(__environ.o)
 .note.GNU-stack
                0x0000000000000000        0x0 d:/mplab x ide/xcompilers/bin/bin/../../lib/gcc/pic32c/8.3.1/../../../../pic32c/lib/thumb/v6-m/nofp\libc-musl.a(stdout.o)
 .note.GNU-stack
                0x0000000000000000        0x0 d:/mplab x ide/xcompilers/bin/bin/../../lib/gcc/pic32c/8.3.1/../../../../pic32c/lib/thumb/v6-m/nofp\libc-musl.a(__init_stdio.o)

__xc_reference_data
                0x0000000000000000       0x28
 __xc_reference_data
                0x0000000000000000        0x8 d:/mplab x ide/xcompilers/bin/bin/../../lib/gcc/pic32c/8.3.1/../../../../pic32c/lib/thumb/v6-m/nofp\libc-musl.a(stdout.o)
                0x0000000000000000                __stdout_needs_init
 __xc_reference_data
                0x0000000000000008       0x14 d:/mplab x ide/xcompilers/bin/bin/../../lib/gcc/pic32c/8.3.1/../../../../pic32c/lib/thumb/v6-m/nofp\libc-musl.a(__io_init_needed.o)
                0x0000000000000008                __io_init_needed
                0x0000000000000014                __io_init_needs_file
 __xc_reference_data
                0x000000000000001c        0xc d:/mplab x ide/xcompilers/bin/bin/../../lib/gcc/pic32c/8.3.1/../../../../pic32c/lib/thumb/v6-m/nofp\libc-musl.a(__io_file_needed.o)
                0x000000000000001c                __io_file_needed

.stack          0x00000000200048d8      0x100
 .stack         0x00000000200048d8      0x100 stack

.bss.ucHeap%1   0x000000002000003c     0x4000
 .bss.ucHeap    0x000000002000003c     0x4000 build/default/production/_ext/1665200909/heap_1.o

.bss.SERCOM5_USART_ReadBuffer%2
                0x000000002000403c      0x100
 .bss.SERCOM5_USART_ReadBuffer
                0x000000002000403c      0x100 build/default/production/_ext/504274921/plib_sercom5_usart.o

.bss.SERCOM5_USART_WriteBuffer%3
                0x000000002000413c      0x100
 .bss.SERCOM5_USART_WriteBuffer
                0x000000002000413c      0x100 build/default/production/_ext/504274921/plib_sercom5_usart.o

.bss.eicCallbackObject%4
                0x000000002000423c       0xc0
 .bss.eicCallbackObject
                0x000000002000423c       0xc0 build/default/production/_ext/60167341/plib_eic.o

.bss.SERCOM7_USART_ReadBuffer%5
                0x00000000200042fc       0x80
 .bss.SERCOM7_USART_ReadBuffer
                0x00000000200042fc       0x80 build/default/production/_ext/504274921/plib_sercom7_usart.o

.bss.SERCOM7_USART_WriteBuffer%6
                0x000000002000437c       0x80
 .bss.SERCOM7_USART_WriteBuffer
                0x000000002000437c       0x80 build/default/production/_ext/504274921/plib_sercom7_usart.o

.bss.pxReadyTasksLists%7
                0x00000000200043fc       0x64
 .bss.pxReadyTasksLists
                0x00000000200043fc       0x64 build/default/production/_ext/404212886/FreeRTOS_tasks.o

.bss%8          0x0000000020004460       0x50
 .bss           0x0000000020004460       0x50 d:/mplab x ide/xcompilers/bin/bin/../../lib/gcc/pic32c/8.3.1/../../../../pic32c/lib/thumb/v6-m/nofp\libc-musl.a(libc.o)
                0x0000000020004460                __progname_full
                0x0000000020004460                program_invocation_name
                0x0000000020004464                program_invocation_short_name
                0x0000000020004464                __progname
                0x0000000020004468                __sysinfo
                0x000000002000446c                __hwcap
                0x0000000020004470                __libc

.bss.sercom7USARTObj%9
                0x00000000200044b0       0x40
 .bss.sercom7USARTObj
                0x00000000200044b0       0x40 build/default/production/_ext/504274921/plib_sercom7_usart.o

.bss.sercom5USARTObj%10
                0x00000000200044f0       0x40
 .bss.sercom5USARTObj
                0x00000000200044f0       0x40 build/default/production/_ext/504274921/plib_sercom5_usart.o

.bss%11         0x0000000020004530       0x1c
 .bss           0x0000000020004530       0x1c d:/mplab x ide/xcompilers/bin/bin/../../lib/gcc/pic32c/8.3.1/thumb/v6-m/nofp/crtbegin.o

.bss.can1Obj%12
                0x000000002000454c       0x1c
 .bss.can1Obj   0x000000002000454c       0x1c build/default/production/_ext/60165182/plib_can1.o

.bss.xDelayedTaskList1%13
                0x0000000020004568       0x14
 .bss.xDelayedTaskList1
                0x0000000020004568       0x14 build/default/production/_ext/404212886/FreeRTOS_tasks.o

.bss.xDelayedTaskList2%14
                0x000000002000457c       0x14
 .bss.xDelayedTaskList2
                0x000000002000457c       0x14 build/default/production/_ext/404212886/FreeRTOS_tasks.o

.bss.xPendingReadyList%15
                0x0000000020004590       0x14
 .bss.xPendingReadyList
                0x0000000020004590       0x14 build/default/production/_ext/404212886/FreeRTOS_tasks.o

.bss.xSuspendedTaskList%16
                0x00000000200045a4       0x14
 .bss.xSuspendedTaskList
                0x00000000200045a4       0x14 build/default/production/_ext/404212886/FreeRTOS_tasks.o

.bss.xTasksWaitingTermination%17
                0x00000000200045b8       0x14
 .bss.xTasksWaitingTermination
                0x00000000200045b8       0x14 build/default/production/_ext/404212886/FreeRTOS_tasks.o

.bss.xActiveTimerList1%18
                0x00000000200045cc       0x14
 .bss.xActiveTimerList1
                0x00000000200045cc       0x14 build/default/production/_ext/404212886/timers.o

.bss.xActiveTimerList2%19
                0x00000000200045e0       0x14
 .bss.xActiveTimerList2
                0x00000000200045e0       0x14 build/default/production/_ext/404212886/timers.o

.bss.consoleDeviceInstance%20
                0x00000000200045f4        0xc
 .bss.consoleDeviceInstance
                0x00000000200045f4        0xc build/default/production/_ext/1832805299/sys_console.o

.bss.gConsoleUartData%21
                0x0000000020004600        0xc
 .bss.gConsoleUartData
                0x0000000020004600        0xc build/default/production/_ext/1832805299/sys_console_uart.o

.bss.TC2_CallbackObject%22
                0x000000002000460c        0x8
 .bss.TC2_CallbackObject
                0x000000002000460c        0x8 build/default/production/_ext/829342655/plib_tc2.o

.bss.TC4_CallbackObject%23
                0x0000000020004614        0x8
 .bss.TC4_CallbackObject
                0x0000000020004614        0x8 build/default/production/_ext/829342655/plib_tc4.o

.bss%24         0x000000002000461c        0x8
 .bss           0x000000002000461c        0x8 d:/mplab x ide/xcompilers/bin/bin/../../lib/gcc/pic32c/8.3.1/../../../../pic32c/lib/thumb/v6-m/nofp\libc-musl.a(stdout.o)
                0x0000000020004620                __stdout_used

.bss.consolePrintBufferMutex%25
                0x0000000020004624        0x4
 .bss.consolePrintBufferMutex
                0x0000000020004624        0x4 build/default/production/_ext/1832805299/sys_console.o

.bss.sysDebugInstance%26
                0x0000000020004628        0x4
 .bss.sysDebugInstance
                0x0000000020004628        0x4 build/default/production/_ext/944882569/sys_debug.o

.bss.pucAlignedHeap.4815%27
                0x000000002000462c        0x4
 .bss.pucAlignedHeap.4815
                0x000000002000462c        0x4 build/default/production/_ext/1665200909/heap_1.o

.bss.xNextFreeByte%28
                0x0000000020004630        0x4
 .bss.xNextFreeByte
                0x0000000020004630        0x4 build/default/production/_ext/1665200909/heap_1.o

.bss.pxCurrentTCB%29
                0x0000000020004634        0x4
 .bss.pxCurrentTCB
                0x0000000020004634        0x4 build/default/production/_ext/404212886/FreeRTOS_tasks.o
                0x0000000020004634                pxCurrentTCB

.bss.pxDelayedTaskList%30
                0x0000000020004638        0x4
 .bss.pxDelayedTaskList
                0x0000000020004638        0x4 build/default/production/_ext/404212886/FreeRTOS_tasks.o

.bss.pxOverflowDelayedTaskList%31
                0x000000002000463c        0x4
 .bss.pxOverflowDelayedTaskList
                0x000000002000463c        0x4 build/default/production/_ext/404212886/FreeRTOS_tasks.o

.bss.uxCurrentNumberOfTasks%32
                0x0000000020004640        0x4
 .bss.uxCurrentNumberOfTasks
                0x0000000020004640        0x4 build/default/production/_ext/404212886/FreeRTOS_tasks.o

.bss.uxDeletedTasksWaitingCleanUp%33
                0x0000000020004644        0x4
 .bss.uxDeletedTasksWaitingCleanUp
                0x0000000020004644        0x4 build/default/production/_ext/404212886/FreeRTOS_tasks.o

.bss.uxSchedulerSuspended%34
                0x0000000020004648        0x4
 .bss.uxSchedulerSuspended
                0x0000000020004648        0x4 build/default/production/_ext/404212886/FreeRTOS_tasks.o

.bss.uxTaskNumber%35
                0x000000002000464c        0x4
 .bss.uxTaskNumber
                0x000000002000464c        0x4 build/default/production/_ext/404212886/FreeRTOS_tasks.o

.bss.uxTopReadyPriority%36
                0x0000000020004650        0x4
 .bss.uxTopReadyPriority
                0x0000000020004650        0x4 build/default/production/_ext/404212886/FreeRTOS_tasks.o

.bss.xIdleTaskHandles%37
                0x0000000020004654        0x4
 .bss.xIdleTaskHandles
                0x0000000020004654        0x4 build/default/production/_ext/404212886/FreeRTOS_tasks.o

.bss.xNextTaskUnblockTime%38
                0x0000000020004658        0x4
 .bss.xNextTaskUnblockTime
                0x0000000020004658        0x4 build/default/production/_ext/404212886/FreeRTOS_tasks.o

.bss.xNumOfOverflows%39
                0x000000002000465c        0x4
 .bss.xNumOfOverflows
                0x000000002000465c        0x4 build/default/production/_ext/404212886/FreeRTOS_tasks.o

.bss.xPendedTicks%40
                0x0000000020004660        0x4
 .bss.xPendedTicks
                0x0000000020004660        0x4 build/default/production/_ext/404212886/FreeRTOS_tasks.o

.bss.xSchedulerRunning%41
                0x0000000020004664        0x4
 .bss.xSchedulerRunning
                0x0000000020004664        0x4 build/default/production/_ext/404212886/FreeRTOS_tasks.o

.bss.xTickCount%42
                0x0000000020004668        0x4
 .bss.xTickCount
                0x0000000020004668        0x4 build/default/production/_ext/404212886/FreeRTOS_tasks.o

.bss.xYieldPendings%43
                0x000000002000466c        0x4
 .bss.xYieldPendings
                0x000000002000466c        0x4 build/default/production/_ext/404212886/FreeRTOS_tasks.o

.bss.pxCurrentTimerList%44
                0x0000000020004670        0x4
 .bss.pxCurrentTimerList
                0x0000000020004670        0x4 build/default/production/_ext/404212886/timers.o

.bss.pxOverflowTimerList%45
                0x0000000020004674        0x4
 .bss.pxOverflowTimerList
                0x0000000020004674        0x4 build/default/production/_ext/404212886/timers.o

.bss.xLastTime.5109%46
                0x0000000020004678        0x4
 .bss.xLastTime.5109
                0x0000000020004678        0x4 build/default/production/_ext/404212886/timers.o

.bss.xTimerQueue%47
                0x000000002000467c        0x4
 .bss.xTimerQueue
                0x000000002000467c        0x4 build/default/production/_ext/404212886/timers.o

.bss.xTimerTaskHandle%48
                0x0000000020004680        0x4
 .bss.xTimerTaskHandle
                0x0000000020004680        0x4 build/default/production/_ext/404212886/timers.o

.bss%49         0x0000000020004684        0x4
 .bss           0x0000000020004684        0x4 d:/mplab x ide/xcompilers/bin/bin/../../lib/gcc/pic32c/8.3.1/../../../../pic32c/lib/thumb/v6-m/nofp\libpic32c.a(data_init.o)

.bss%50         0x0000000020004688        0x4
 .bss           0x0000000020004688        0x4 d:/mplab x ide/xcompilers/bin/bin/../../lib/gcc/pic32c/8.3.1/../../../../pic32c/lib/thumb/v6-m/nofp\libc-musl.a(__environ.o)
                0x0000000020004688                __environ
                0x0000000020004688                environ
                0x0000000020004688                ___environ
                0x0000000020004688                _environ

.bss.isConsoleMutexCreated%51
                0x000000002000468c        0x1
 .bss.isConsoleMutexCreated
                0x000000002000468c        0x1 build/default/production/_ext/1832805299/sys_console.o

.data%52        0x0000000020004690       0x20
 .data          0x0000000020004690       0x20 d:/mplab x ide/xcompilers/bin/bin/../../lib/gcc/pic32c/8.3.1/../../../../pic32c/lib/thumb/v6-m/nofp\libc-musl.a(stdout.o)
                0x00000000200046ac                _stdout

.data.ulCriticalNesting%53
                0x00000000200046b0        0x4
 .data.ulCriticalNesting
                0x00000000200046b0        0x4 build/default/production/_ext/1624415188/port.o

.data.uxTopUsedPriority%54
                0x00000000200046b4        0x4
 .data.uxTopUsedPriority
                0x00000000200046b4        0x4 build/default/production/_ext/404212886/FreeRTOS_tasks.o

.eh_frame%z1    0x0000000000000000        0x0
 .eh_frame      0x0000000000000000        0x0 d:/mplab x ide/xcompilers/bin/bin/../../lib/gcc/pic32c/8.3.1/thumb/v6-m/nofp/crtbegin.o

.config_00804000.__config_00804000%55
                0x0000000000804000        0x4
 .config_00804000.__config_00804000
                0x0000000000804000        0x4 build/default/production/_ext/1171490990/initialization.o
                0x0000000000804000                __config_00804000

.config_00804004.__config_00804004%56
                0x0000000000804004        0x4
 .config_00804004.__config_00804004
                0x0000000000804004        0x4 build/default/production/_ext/1171490990/initialization.o
                0x0000000000804004                __config_00804004

.dinit%57       0x00000000000000dc      0x210
 .dinit         0x00000000000000dc      0x210 data_init

.text.xTaskCreate%58
                0x00000000000002ec      0x1d8
 .text.xTaskCreate
                0x00000000000002ec      0x1d8 build/default/production/_ext/404212886/FreeRTOS_tasks.o
                0x00000000000002ec                xTaskCreate

.text.CLOCK_Initialize%59
                0x00000000000004c4      0x1c4
 .text.CLOCK_Initialize
                0x00000000000004c4      0x1c4 build/default/production/_ext/1984496892/plib_clock.o
                0x00000000000004c4                CLOCK_Initialize

.text.xTaskIncrementTick%60
                0x0000000000000688      0x188
 .text.xTaskIncrementTick
                0x0000000000000688      0x188 build/default/production/_ext/404212886/FreeRTOS_tasks.o
                0x0000000000000688                xTaskIncrementTick

.text.prvTimerTask%61
                0x0000000000000810      0x188
 .text.prvTimerTask
                0x0000000000000810      0x188 build/default/production/_ext/404212886/timers.o

.text.xTaskResumeAll%62
                0x0000000000000998      0x158
 .text.xTaskResumeAll
                0x0000000000000998      0x158 build/default/production/_ext/404212886/FreeRTOS_tasks.o
                0x0000000000000998                xTaskResumeAll

.text.xQueueSemaphoreTake%63
                0x0000000000000af0      0x136
 .text.xQueueSemaphoreTake
                0x0000000000000af0      0x136 build/default/production/_ext/404212886/queue.o
                0x0000000000000af0                xQueueSemaphoreTake

.text.PORT_Initialize%64
                0x0000000000000c28      0x12c
 .text.PORT_Initialize
                0x0000000000000c28      0x12c build/default/production/_ext/1865521619/plib_port.o
                0x0000000000000c28                PORT_Initialize

.text.SERCOM7_USART_Write%65
                0x0000000000000d54      0x104
 .text.SERCOM7_USART_Write
                0x0000000000000d54      0x104 build/default/production/_ext/504274921/plib_sercom7_usart.o
                0x0000000000000d54                SERCOM7_USART_Write

.text.xQueueGenericSend%66
                0x0000000000000e58      0x100
 .text.xQueueGenericSend
                0x0000000000000e58      0x100 build/default/production/_ext/404212886/queue.o
                0x0000000000000e58                xQueueGenericSend

.text.xQueueReceive%67
                0x0000000000000f58       0xf8
 .text.xQueueReceive
                0x0000000000000f58       0xf8 build/default/production/_ext/404212886/queue.o
                0x0000000000000f58                xQueueReceive

.text.SERCOM7_USART_ISR_RX_Handler%68
                0x0000000000001050       0xec
 .text.SERCOM7_USART_ISR_RX_Handler
                0x0000000000001050       0xec build/default/production/_ext/504274921/plib_sercom7_usart.o

.text.SERCOM5_USART_ISR_RX_Handler%69
                0x000000000000113c       0xec
 .text.SERCOM5_USART_ISR_RX_Handler
                0x000000000000113c       0xec build/default/production/_ext/504274921/plib_sercom5_usart.o

.text.SERCOM7_USART_ISR_TX_Handler%70
                0x0000000000001228       0xe0
 .text.SERCOM7_USART_ISR_TX_Handler
                0x0000000000001228       0xe0 build/default/production/_ext/504274921/plib_sercom7_usart.o

.text.SERCOM5_USART_ISR_TX_Handler%71
                0x0000000000001308       0xe0
 .text.SERCOM5_USART_ISR_TX_Handler
                0x0000000000001308       0xe0 build/default/production/_ext/504274921/plib_sercom5_usart.o

.text.xTaskRemoveFromEventList%72
                0x00000000000013e8       0xdc
 .text.xTaskRemoveFromEventList
                0x00000000000013e8       0xdc build/default/production/_ext/404212886/FreeRTOS_tasks.o
                0x00000000000013e8                xTaskRemoveFromEventList

.text.vTaskSwitchContext%73
                0x00000000000014c4       0xd8
 .text.vTaskSwitchContext
                0x00000000000014c4       0xd8 build/default/production/_ext/404212886/FreeRTOS_tasks.o
                0x00000000000014c4                vTaskSwitchContext

.text.SYS_Tasks%74
                0x000000000000159c       0xc8
 .text.SYS_Tasks
                0x000000000000159c       0xc8 build/default/production/_ext/1171490990/tasks.o
                0x000000000000159c                SYS_Tasks

.text.xQueueGenericReset%75
                0x0000000000001664       0xb2
 .text.xQueueGenericReset
                0x0000000000001664       0xb2 build/default/production/_ext/404212886/queue.o
                0x0000000000001664                xQueueGenericReset

.text.xTaskPriorityInherit%76
                0x0000000000001718       0xac
 .text.xTaskPriorityInherit
                0x0000000000001718       0xac build/default/production/_ext/404212886/FreeRTOS_tasks.o
                0x0000000000001718                xTaskPriorityInherit

.text.EIC_Initialize%77
                0x00000000000017c4       0xa4
 .text.EIC_Initialize
                0x00000000000017c4       0xa4 build/default/production/_ext/60167341/plib_eic.o
                0x00000000000017c4                EIC_Initialize

.text.pxPortInitialiseStack%78
                0x0000000000001868       0xa0
 .text.pxPortInitialiseStack
                0x0000000000001868       0xa0 build/default/production/_ext/1624415188/port.o
                0x0000000000001868                pxPortInitialiseStack

.text.prvAddCurrentTaskToDelayedList%79
                0x0000000000001908       0xa0
 .text.prvAddCurrentTaskToDelayedList
                0x0000000000001908       0xa0 build/default/production/_ext/404212886/FreeRTOS_tasks.o

.text.SERCOM7_USART_Read%80
                0x00000000000019a8       0x94
 .text.SERCOM7_USART_Read
                0x00000000000019a8       0x94 build/default/production/_ext/504274921/plib_sercom7_usart.o
                0x00000000000019a8                SERCOM7_USART_Read

.text.pvPortMalloc%81
                0x0000000000001a3c       0x90
 .text.pvPortMalloc
                0x0000000000001a3c       0x90 build/default/production/_ext/1665200909/heap_1.o
                0x0000000000001a3c                pvPortMalloc

.text.SERCOM7_USART_Initialize%82
                0x0000000000001acc       0x88
 .text.SERCOM7_USART_Initialize
                0x0000000000001acc       0x88 build/default/production/_ext/504274921/plib_sercom7_usart.o
                0x0000000000001acc                SERCOM7_USART_Initialize

.text.SERCOM5_USART_Initialize%83
                0x0000000000001b54       0x88
 .text.SERCOM5_USART_Initialize
                0x0000000000001b54       0x88 build/default/production/_ext/504274921/plib_sercom5_usart.o
                0x0000000000001b54                SERCOM5_USART_Initialize

.text.vTaskPriorityDisinheritAfterTimeout%84
                0x0000000000001bdc       0x88
 .text.vTaskPriorityDisinheritAfterTimeout
                0x0000000000001bdc       0x88 build/default/production/_ext/404212886/FreeRTOS_tasks.o
                0x0000000000001bdc                vTaskPriorityDisinheritAfterTimeout

.text.prvUnlockQueue%85
                0x0000000000001c64       0x86
 .text.prvUnlockQueue
                0x0000000000001c64       0x86 build/default/production/_ext/404212886/queue.o

.text.SYS_Initialize%86
                0x0000000000001cec       0x80
 .text.SYS_Initialize
                0x0000000000001cec       0x80 build/default/production/_ext/1171490990/initialization.o
                0x0000000000001cec                SYS_Initialize

.text.xQueueGenericCreate%87
                0x0000000000001d6c       0x7e
 .text.xQueueGenericCreate
                0x0000000000001d6c       0x7e build/default/production/_ext/404212886/queue.o
                0x0000000000001d6c                xQueueGenericCreate

.rodata.SYS_Tasks.str1.4%88
                0x0000000000001dec       0x7c
 .rodata.SYS_Tasks.str1.4
                0x0000000000001dec       0x7c build/default/production/_ext/1171490990/tasks.o

.text.xTaskPriorityDisinherit%89
                0x0000000000001e68       0x7c
 .text.xTaskPriorityDisinherit
                0x0000000000001e68       0x7c build/default/production/_ext/404212886/FreeRTOS_tasks.o
                0x0000000000001e68                xTaskPriorityDisinherit

.text.NVIC_Initialize%90
                0x0000000000001ee4       0x78
 .text.NVIC_Initialize
                0x0000000000001ee4       0x78 build/default/production/_ext/1865468468/plib_nvic.o
                0x0000000000001ee4                NVIC_Initialize

.text.prvCopyDataToQueue%91
                0x0000000000001f5c       0x76
 .text.prvCopyDataToQueue
                0x0000000000001f5c       0x76 build/default/production/_ext/404212886/queue.o
