Archive member included to satisfy reference by file (symbol)

D:/MPLAB X IDE/xc32_v5.00/bin/bin/../../lib/gcc/pic32c/13.2.1/../../../../pic32c/lib/thumb/v6-m/nofp\libpic32c.a(data_init.o)
                              build/default/production/_ext/1171490990/startup_xc32.o (__pic32c_data_initialization)
D:/MPLAB X IDE/xc32_v5.00/bin/bin/../../lib/gcc/pic32c/13.2.1/../../../../pic32c/lib/thumb/v6-m/nofp\libc-size-musl.a(memcpy.o)
                              build/default/production/_ext/60165182/plib_can1.o (memcpy)
D:/MPLAB X IDE/xc32_v5.00/bin/bin/../../lib/gcc/pic32c/13.2.1/../../../../pic32c/lib/thumb/v6-m/nofp\libc-size-musl.a(memset.o)
                              build/default/production/_ext/60165182/plib_can1.o (memset)
D:/MPLAB X IDE/xc32_v5.00/bin/bin/../../lib/gcc/pic32c/13.2.1/../../../../pic32c/lib/thumb/v6-m/nofp\libc-musl.a(__libc_start_main.o)
                              build/default/production/_ext/1171490990/startup_xc32.o (__libc_init_array)
D:/MPLAB X IDE/xc32_v5.00/bin/bin/../../lib/gcc/pic32c/13.2.1/../../../../pic32c/lib/thumb/v6-m/nofp\libc-musl.a(libc.o)
                              D:/MPLAB X IDE/xc32_v5.00/bin/bin/../../lib/gcc/pic32c/13.2.1/../../../../pic32c/lib/thumb/v6-m/nofp\libc-musl.a(__libc_start_main.o) (__progname_full)
D:/MPLAB X IDE/xc32_v5.00/bin/bin/../../lib/gcc/pic32c/13.2.1/../../../../pic32c/lib/thumb/v6-m/nofp\libc-musl.a(vsnprintf.o)
                              build/default/production/_ext/984881635/dbg_print.o (vsnprintf)
D:/MPLAB X IDE/xc32_v5.00/bin/bin/../../lib/gcc/pic32c/13.2.1/../../../../pic32c/lib/thumb/v6-m/nofp\libc-musl.a(snprintf.o)
                              (snprintf)
D:/MPLAB X IDE/xc32_v5.00/bin/bin/../../lib/gcc/pic32c/13.2.1/../../../../pic32c/lib/thumb/v6-m/nofp\libc-musl.a(__environ.o)
                              D:/MPLAB X IDE/xc32_v5.00/bin/bin/../../lib/gcc/pic32c/13.2.1/../../../../pic32c/lib/thumb/v6-m/nofp\libc-musl.a(__libc_start_main.o) (__environ)
D:/MPLAB X IDE/xc32_v5.00/bin/bin/../../lib/gcc/pic32c/13.2.1/../../../../pic32c/lib/thumb/v6-m/nofp\libc-musl.a(__errno_location.o)
                              D:/MPLAB X IDE/xc32_v5.00/bin/bin/../../lib/gcc/pic32c/13.2.1/../../../../pic32c/lib/thumb/v6-m/nofp\libc-musl.a(vsnprintf.o) (__errno_val)
D:/MPLAB X IDE/xc32_v5.00/bin/bin/../../lib/gcc/pic32c/13.2.1/../../../../pic32c/lib/thumb/v6-m/nofp\libc-musl.a(vfprintf.o)
                              D:/MPLAB X IDE/xc32_v5.00/bin/bin/../../lib/gcc/pic32c/13.2.1/../../../../pic32c/lib/thumb/v6-m/nofp\libc-musl.a(vsnprintf.o) (vfprintf)
D:/MPLAB X IDE/xc32_v5.00/bin/bin/../../lib/gcc/pic32c/13.2.1/../../../../pic32c/lib/thumb/v6-m/nofp\libc-musl.a(__io_fmt_needed.o)
                              D:/MPLAB X IDE/xc32_v5.00/bin/bin/../../lib/gcc/pic32c/13.2.1/../../../../pic32c/lib/thumb/v6-m/nofp\libc-musl.a(vfprintf.o) (__io_fmt_needed)
D:/MPLAB X IDE/xc32_v5.00/bin/bin/../../lib/gcc/pic32c/13.2.1/../../../../pic32c/lib/thumb/v6-m/nofp\libc-musl.a(__pop_float.o)
                              D:/MPLAB X IDE/xc32_v5.00/bin/bin/../../lib/gcc/pic32c/13.2.1/../../../../pic32c/lib/thumb/v6-m/nofp\libc-musl.a(__io_fmt_needed.o) (__pop_float_needed)
D:/MPLAB X IDE/xc32_v5.00/bin/bin/../../lib/gcc/pic32c/13.2.1/../../../../pic32c/lib/thumb/v6-m/nofp\libc-musl.a(__pop_int.o)
                              D:/MPLAB X IDE/xc32_v5.00/bin/bin/../../lib/gcc/pic32c/13.2.1/../../../../pic32c/lib/thumb/v6-m/nofp\libc-musl.a(__io_fmt_needed.o) (__pop_int_needed)
D:/MPLAB X IDE/xc32_v5.00/bin/bin/../../lib/gcc/pic32c/13.2.1/../../../../pic32c/lib/thumb/v6-m/nofp\libc-musl.a(__pop_ptr.o)
                              D:/MPLAB X IDE/xc32_v5.00/bin/bin/../../lib/gcc/pic32c/13.2.1/../../../../pic32c/lib/thumb/v6-m/nofp\libc-musl.a(__io_fmt_needed.o) (__pop_ptr_needed)
D:/MPLAB X IDE/xc32_v5.00/bin/bin/../../lib/gcc/pic32c/13.2.1/../../../../pic32c/lib/thumb/v6-m/nofp\libc-musl.a(__printf_core.o)
                              D:/MPLAB X IDE/xc32_v5.00/bin/bin/../../lib/gcc/pic32c/13.2.1/../../../../pic32c/lib/thumb/v6-m/nofp\libc-musl.a(vfprintf.o) (__printf_core)
D:/MPLAB X IDE/xc32_v5.00/bin/bin/../../lib/gcc/pic32c/13.2.1/../../../../pic32c/lib/thumb/v6-m/nofp\libc-musl.a(atoi.o)
                              D:/MPLAB X IDE/xc32_v5.00/bin/bin/../../lib/gcc/pic32c/13.2.1/../../../../pic32c/lib/thumb/v6-m/nofp\libc-musl.a(__printf_core.o) (atoi)
D:/MPLAB X IDE/xc32_v5.00/bin/bin/../../lib/gcc/pic32c/13.2.1/../../../../pic32c/lib/thumb/v6-m/nofp\libc-musl.a(tolower.o)
                              D:/MPLAB X IDE/xc32_v5.00/bin/bin/../../lib/gcc/pic32c/13.2.1/../../../../pic32c/lib/thumb/v6-m/nofp\libc-musl.a(__printf_core.o) (tolower)
D:/MPLAB X IDE/xc32_v5.00/bin/bin/../../lib/gcc/pic32c/13.2.1/../../../../pic32c/lib/thumb/v6-m/nofp\libc-musl.a(__fmt_a.o)
[...]
Memory Configuration

Name             Origin             Length             Attributes
rom              0x00000000         0x00040000         xrl
ram              0x20000000         0x00008000         xw!r
config_00804000  0x00804000         0x00000004
config_00804004  0x00804004         0x00000004
*default*        0x00000000         0xffffffff

Linker script and memory map

LOAD D:/MPLAB X IDE/xc32_v5.00/bin/bin/../../lib/gcc/pic32c/13.2.1/thumb/v6-m/nofp/crti.o
LOAD D:/MPLAB X IDE/xc32_v5.00/bin/bin/../../lib/gcc/pic32c/13.2.1/thumb/v6-m/nofp/crtbegin.o
LOAD build/default/production/_ext/1529399856/osal_freertos.o
LOAD build/default/production/_ext/60165182/plib_can1.o
LOAD build/default/production/_ext/1984496892/plib_clock.o
LOAD build/default/production/_ext/1865161661/plib_dmac.o
LOAD build/default/production/_ext/1986646378/plib_evsys.o
LOAD build/default/production/_ext/1865468468/plib_nvic.o
LOAD build/default/production/_ext/1593096446/plib_nvmctrl.o
LOAD build/default/production/_ext/1865521619/plib_port.o
LOAD build/default/production/_ext/1865585090/plib_rstc.o
LOAD build/default/production/_ext/17022449/plib_sercom3_spi_master.o
LOAD build/default/production/_ext/17022449/plib_sercom0_spi_master.o
LOAD build/default/production/_ext/504274921/plib_sercom7_usart.o
LOAD build/default/production/_ext/504274921/plib_sercom5_usart.o
LOAD build/default/production/_ext/829342655/plib_tc0.o
LOAD build/default/production/_ext/60184501/plib_wdt.o
LOAD build/default/production/_ext/163028504/xc32_monitor.o
LOAD build/default/production/_ext/1881668453/sys_int.o
LOAD build/default/production/_ext/1171490990/initialization.o
LOAD build/default/production/_ext/1171490990/interrupts.o
LOAD build/default/production/_ext/1171490990/exceptions.o
LOAD build/default/production/_ext/1171490990/startup_xc32.o
LOAD build/default/production/_ext/1171490990/libc_syscalls.o
LOAD build/default/production/_ext/1171490990/freertos_hooks.o
LOAD build/default/production/_ext/1171490990/tasks.o
LOAD build/default/production/_ext/984881635/dbg_print.o
LOAD build/default/production/_ext/984881635/dbg_transport.o
LOAD build/default/production/_ext/1624415188/port.o
LOAD build/default/production/_ext/1624415188/portasm.o
LOAD build/default/production/_ext/1665200909/heap_1.o
LOAD build/default/production/_ext/404212886/croutine.o
LOAD build/default/production/_ext/404212886/list.o
LOAD build/default/production/_ext/404212886/queue.o
LOAD build/default/production/_ext/404212886/FreeRTOS_tasks.o
LOAD build/default/production/_ext/404212886/timers.o
LOAD build/default/production/_ext/404212886/event_groups.o
LOAD build/default/production/_ext/404212886/stream_buffer.o
LOAD build/default/production/_ext/1360937237/main.o
LOAD build/default/production/_ext/1360937237/tmc4671_task.o
LOAD build/default/production/_ext/1360937237/can_gatekeeper_task.o
LOAD build/default/production/_ext/1360937237/tmc2209_task.o
LOAD build/default/production/_ext/1360937237/supervisor_task.o
LOAD build/default/production/_ext/1360937237/debug_task.o
LOAD build/default/production/_ext/1360937237/init_functions.o
LOAD build/default/production/_ext/1360937237/can_isr_callbacks.o
LOAD build/default/production/_ext/1360937237/can_state.o
LOAD build/default/production/_ext/1360937237/can_protocol.o
                0x00000001                        __MPLAB_BUILD = 0x1
                0x00040000                        __rom_end = (ORIGIN (rom) + LENGTH (rom))
                0x20008000                        __ram_end = (ORIGIN (ram) + LENGTH (ram))

.config_00804000
                0x00804000        0x4
 *(.config_00804000)
 .config_00804000
                0x00804000        0x4 build/default/production/_ext/1171490990/initialization.o
                0x00804000                __config_00804000

.config_00804004
                0x00804004        0x4
 *(.config_00804004)
 .config_00804004
                0x00804004        0x4 build/default/production/_ext/1171490990/initialization.o
                0x00804004                __config_00804004

.vectors        0x00000000       0xbc
                0x00000000                        . = ALIGN (0x4)
                0x00000000                        _sfixed = .
 *(.vectors .vectors.* .vectors_default .vectors_default.*)
 .vectors       0x00000000       0xbc build/default/production/_ext/1171490990/interrupts.o
                0x00000000                exception_table
 *(.isr_vector)
 *(.reset*)
 *(.after_vectors)

.text           0x000000bc       0x20
                0x000000bc                        . = ALIGN (0x4)
 *(.glue_7t)
 .glue_7t       0x000000bc        0x0 linker stubs
 *(.glue_7)
 .glue_7        0x000000bc        0x0 linker stubs
 *(.gnu.linkonce.r.*)
 *(.ARM.extab* .gnu.linkonce.armextab.*)
                0x000000bc                        . = ALIGN (0x4)
 *(.init)
 .init          0x000000bc        0x4 D:/MPLAB X IDE/xc32_v5.00/bin/bin/../../lib/gcc/pic32c/13.2.1/thumb/v6-m/nofp/crti.o
                0x000000bc                _init
 .init          0x000000c0        0x8 D:/MPLAB X IDE/xc32_v5.00/bin/bin/../../lib/gcc/pic32c/13.2.1/thumb/v6-m/nofp/crtn.o
                0x000000c8                        . = ALIGN (0x4)
                0x000000c8                        __preinit_array_start = .
 *(.preinit_array)
                0x000000c8                        __preinit_array_end = .
                0x000000c8                        . = ALIGN (0x4)
                0x000000c8                        __init_array_start = .
 *(SORT_BY_NAME(.init_array.*))
 *(.init_array)
 .init_array    0x000000c8        0x4 D:/MPLAB X IDE/xc32_v5.00/bin/bin/../../lib/gcc/pic32c/13.2.1/thumb/v6-m/nofp/crtbegin.o
                0x000000cc                        __init_array_end = .
                0x000000cc                        . = ALIGN (0x4)
 *crtbegin.o(.ctors)
 *(EXCLUDE_FILE(*crtend.o) .ctors)
 *(SORT_BY_NAME(.ctors.*))
 *crtend.o(.ctors)
                0x000000cc                        . = ALIGN (0x4)
 *(.fini)
 .fini          0x000000cc        0x4 D:/MPLAB X IDE/xc32_v5.00/bin/bin/../../lib/gcc/pic32c/13.2.1/thumb/v6-m/nofp/crti.o
                0x000000cc                _fini
 .fini          0x000000d0        0x8 D:/MPLAB X IDE/xc32_v5.00/bin/bin/../../lib/gcc/pic32c/13.2.1/thumb/v6-m/nofp/crtn.o
                0x000000d8                        . = ALIGN (0x4)
                0x000000d8                        __fini_array_start = .
 *(.fini_array)
 .fini_array    0x000000d8        0x4 D:/MPLAB X IDE/xc32_v5.00/bin/bin/../../lib/gcc/pic32c/13.2.1/thumb/v6-m/nofp/crtbegin.o
 *(SORT_BY_NAME(.fini_array.*))
                0x000000dc                        __fini_array_end = .
 *crtbegin.o(.dtors)
 *(EXCLUDE_FILE(*crtend.o) .dtors)
 *(SORT_BY_NAME(.dtors.*))
 *crtend.o(.dtors)
                0x000000dc                        . = ALIGN (0x4)
                0x000000dc                        _efixed = .
                [!provide]                        PROVIDE (__exidx_start = .)

.ARM.exidx      0x000000dc        0x8
 *(.ARM.exidx* .gnu.linkonce.armexidx.*)
 .ARM.exidx     0x000000dc        0x8 D:/MPLAB X IDE/xc32_v5.00/bin/bin/../../lib/gcc/pic32c/13.2.1/thumb/v6-m/nofp\libgcc.a(_udivmoddi4.o)
                [!provide]                        PROVIDE (__exidx_end = .)
                0x000000e4                        . = ALIGN (0x4)
                0x000000e4                        _etext = .

.bss            0x20000000        0x0
                0x20000000                        . = ALIGN (0x4)
                0x20000000                        __bss_start__ = .
                0x20000000                        _sbss = .
                0x20000000                        _szero = .
 *(COMMON)
                0x20000000                        . = ALIGN (0x4)
                0x20000000                        __bss_end__ = .
                0x20000000                        _ebss = .
                0x20000000                        _ezero = .
                0x20000000                        . = ALIGN (0x4)
                0x20000000                        _end = .
                0x20007fff                        _ram_end_ = ((ORIGIN (ram) + LENGTH (ram)) - 0x1)
                0x00000200                        _min_heap_size = 0x200
START GROUP
LOAD D:/MPLAB X IDE/xc32_v5.00/bin/bin/../../lib/gcc/pic32c/13.2.1/../../../../pic32c/lib/thumb/v6-m/nofp\libpic32c.a
LOAD D:/MPLAB X IDE/xc32_v5.00/bin/bin/../../lib/gcc/pic32c/13.2.1/../../../../pic32c/lib/thumb/v6-m/nofp\libc-size-musl.a
LOAD D:/MPLAB X IDE/xc32_v5.00/bin/bin/../../lib/gcc/pic32c/13.2.1/../../../../pic32c/lib/thumb/v6-m/nofp\liblmalloc-musl.a
LOAD D:/MPLAB X IDE/xc32_v5.00/bin/bin/../../lib/gcc/pic32c/13.2.1/../../../../pic32c/lib/thumb/v6-m/nofp\libc-musl.a
LOAD D:/MPLAB X IDE/xc32_v5.00/bin/bin/../../lib/gcc/pic32c/13.2.1/../../../../pic32c/lib/thumb/v6-m/nofp\libm-fast-emfloat.a
LOAD D:/MPLAB X IDE/xc32_v5.00/bin/bin/../../lib/gcc/pic32c/13.2.1/../../../../pic32c/lib/thumb/v6-m/nofp\libm-musl.a
END GROUP
LOAD D:/MPLAB X IDE/xc32_v5.00/bin/bin/../../lib/gcc/pic32c/13.2.1/thumb/v6-m/nofp\libgcc.a
LOAD D:/MPLAB X IDE/xc32_v5.00/bin/bin/../../lib/gcc/pic32c/13.2.1/thumb/v6-m/nofp/crtend.o
LOAD D:/MPLAB X IDE/xc32_v5.00/bin/bin/../../lib/gcc/pic32c/13.2.1/thumb/v6-m/nofp/crtn.o
OUTPUT(dist/default/production/GTron_AxC.X.production.elf elf32-littlearm)
LOAD linker stubs
LOAD data_init

.note           0x00000000      0x900
 .note          0x00000000       0x18 D:/MPLAB X IDE/xc32_v5.00/bin/bin/../../lib/gcc/pic32c/13.2.1/thumb/v6-m/nofp/crti.o
 .note          0x00000018       0x18 D:/MPLAB X IDE/xc32_v5.00/bin/bin/../../lib/gcc/pic32c/13.2.1/thumb/v6-m/nofp/crtbegin.o
 .note          0x00000030       0x18 build/default/production/_ext/1529399856/osal_freertos.o
 .note          0x00000048       0x18 build/default/production/_ext/60165182/plib_can1.o
 .note          0x00000060       0x18 build/default/production/_ext/1984496892/plib_clock.o
 .note          0x00000078       0x18 build/default/production/_ext/1865161661/plib_dmac.o
 .note          0x00000090       0x18 build/default/production/_ext/1986646378/plib_evsys.o
 .note          0x000000a8       0x18 build/default/production/_ext/1865468468/plib_nvic.o
 .note          0x000000c0       0x18 build/default/production/_ext/1593096446/plib_nvmctrl.o
 .note          0x000000d8       0x18 build/default/production/_ext/1865521619/plib_port.o
 .note          0x000000f0       0x18 build/default/production/_ext/1865585090/plib_rstc.o
 .note          0x00000108       0x18 build/default/production/_ext/17022449/plib_sercom3_spi_master.o
 .note          0x00000120       0x18 build/default/production/_ext/17022449/plib_sercom0_spi_master.o
 .note          0x00000138       0x18 build/default/production/_ext/504274921/plib_sercom7_usart.o
 .note          0x00000150       0x18 build/default/production/_ext/504274921/plib_sercom5_usart.o
 .note          0x00000168       0x18 build/default/production/_ext/829342655/plib_tc0.o
 .note          0x00000180       0x18 build/default/production/_ext/60184501/plib_wdt.o
 .note          0x00000198       0x18 build/default/production/_ext/163028504/xc32_monitor.o
 .note          0x000001b0       0x18 build/default/production/_ext/1881668453/sys_int.o
 .note          0x000001c8       0x78 build/default/production/_ext/1171490990/initialization.o
 .note          0x00000240       0x18 build/default/production/_ext/1171490990/interrupts.o
 .note          0x00000258       0x18 build/default/production/_ext/1171490990/exceptions.o
 .note          0x00000270       0x18 build/default/production/_ext/1171490990/startup_xc32.o
 .note          0x00000288       0x18 build/default/production/_ext/1171490990/libc_syscalls.o
 .note          0x000002a0       0x18 build/default/production/_ext/1171490990/freertos_hooks.o
 .note          0x000002b8       0x18 build/default/production/_ext/1171490990/tasks.o
 .note          0x000002d0       0x18 build/default/production/_ext/984881635/dbg_print.o
 .note          0x000002e8       0x18 build/default/production/_ext/984881635/dbg_transport.o
 .note          0x00000300       0x18 build/default/production/_ext/1624415188/port.o
 .note          0x00000318       0x18 build/default/production/_ext/1624415188/portasm.o
 .note          0x00000330       0x18 build/default/production/_ext/1665200909/heap_1.o
 .note          0x00000348       0x18 build/default/production/_ext/404212886/croutine.o
 .note          0x00000360       0x18 build/default/production/_ext/404212886/list.o
 .note          0x00000378       0x18 build/default/production/_ext/404212886/queue.o
 .note          0x00000390       0x18 build/default/production/_ext/404212886/FreeRTOS_tasks.o
 .note          0x000003a8       0x18 build/default/production/_ext/404212886/timers.o
 .note          0x000003c0       0x18 build/default/production/_ext/404212886/event_groups.o
 .note          0x000003d8       0x18 build/default/production/_ext/404212886/stream_buffer.o
 .note          0x000003f0       0x18 build/default/production/_ext/1360937237/main.o
 .note          0x00000408       0x18 build/default/production/_ext/1360937237/tmc4671_task.o
 .note          0x00000420       0x18 build/default/production/_ext/1360937237/can_gatekeeper_task.o
 .note          0x00000438       0x18 build/default/production/_ext/1360937237/tmc2209_task.o
 .note          0x00000450       0x18 build/default/production/_ext/1360937237/supervisor_task.o
 .note          0x00000468       0x18 build/default/production/_ext/1360937237/debug_task.o
 .note          0x00000480       0x18 build/default/production/_ext/1360937237/init_functions.o
 .note          0x00000498       0x18 build/default/production/_ext/1360937237/can_isr_callbacks.o
 .note          0x000004b0       0x18 build/default/production/_ext/1360937237/can_state.o
 .note          0x000004c8       0x18 build/default/production/_ext/1360937237/can_protocol.o
 .note          0x000004e0       0x18 D:/MPLAB X IDE/xc32_v5.00/bin/bin/../../lib/gcc/pic32c/13.2.1/../../../../pic32c/lib/thumb/v6-m/nofp\libpic32c.a(data_init.o)
 .note          0x000004f8       0x18 D:/MPLAB X IDE/xc32_v5.00/bin/bin/../../lib/gcc/pic32c/13.2.1/../../../../pic32c/lib/thumb/v6-m/nofp\libc-size-musl.a(memcpy.o)
 .note          0x00000510       0x18 D:/MPLAB X IDE/xc32_v5.00/bin/bin/../../lib/gcc/pic32c/13.2.1/../../../../pic32c/lib/thumb/v6-m/nofp\libc-size-musl.a(memset.o)
 .note          0x00000528       0x18 D:/MPLAB X IDE/xc32_v5.00/bin/bin/../../lib/gcc/pic32c/13.2.1/../../../../pic32c/lib/thumb/v6-m/nofp\libc-musl.a(__libc_start_main.o)
 .note          0x00000540       0x18 D:/MPLAB X IDE/xc32_v5.00/bin/bin/../../lib/gcc/pic32c/13.2.1/../../../../pic32c/lib/thumb/v6-m/nofp\libc-musl.a(libc.o)
 .note          0x00000558       0x18 D:/MPLAB X IDE/xc32_v5.00/bin/bin/../../lib/gcc/pic32c/13.2.1/../../../../pic32c/lib/thumb/v6-m/nofp\libc-musl.a(vsnprintf.o)
 .note          0x00000570       0x18 D:/MPLAB X IDE/xc32_v5.00/bin/bin/../../lib/gcc/pic32c/13.2.1/../../../../pic32c/lib/thumb/v6-m/nofp\libc-musl.a(snprintf.o)
 .note          0x00000588       0x18 D:/MPLAB X IDE/xc32_v5.00/bin/bin/../../lib/gcc/pic32c/13.2.1/../../../../pic32c/lib/thumb/v6-m/nofp\libc-musl.a(__environ.o)
 .note          0x000005a0       0x18 D:/MPLAB X IDE/xc32_v5.00/bin/bin/../../lib/gcc/pic32c/13.2.1/../../../../pic32c/lib/thumb/v6-m/nofp\libc-musl.a(__errno_location.o)
 .note          0x000005b8       0x18 D:/MPLAB X IDE/xc32_v5.00/bin/bin/../../lib/gcc/pic32c/13.2.1/../../../../pic32c/lib/thumb/v6-m/nofp\libc-musl.a(vfprintf.o)
 .note          0x000005d0       0x18 D:/MPLAB X IDE/xc32_v5.00/bin/bin/../../lib/gcc/pic32c/13.2.1/../../../../pic32c/lib/thumb/v6-m/nofp\libc-musl.a(__io_fmt_needed.o)
 .note          0x000005e8       0x18 D:/MPLAB X IDE/xc32_v5.00/bin/bin/../../lib/gcc/pic32c/13.2.1/../../../../pic32c/lib/thumb/v6-m/nofp\libc-musl.a(__pop_float.o)
 .note          0x00000600       0x18 D:/MPLAB X IDE/xc32_v5.00/bin/bin/../../lib/gcc/pic32c/13.2.1/../../../../pic32c/lib/thumb/v6-m/nofp\libc-musl.a(__pop_int.o)
 .note          0x00000618       0x18 D:/MPLAB X IDE/xc32_v5.00/bin/bin/../../lib/gcc/pic32c/13.2.1/../../../../pic32c/lib/thumb/v6-m/nofp\libc-musl.a(__pop_ptr.o)
 .note          0x00000630       0x18 D:/MPLAB X IDE/xc32_v5.00/bin/bin/../../lib/gcc/pic32c/13.2.1/../../../../pic32c/lib/thumb/v6-m/nofp\libc-musl.a(__printf_core.o)
 .note          0x00000648       0x18 D:/MPLAB X IDE/xc32_v5.00/bin/bin/../../lib/gcc/pic32c/13.2.1/../../../../pic32c/lib/thumb/v6-m/nofp\libc-musl.a(atoi.o)
 .note          0x00000660       0x18 D:/MPLAB X IDE/xc32_v5.00/bin/bin/../../lib/gcc/pic32c/13.2.1/../../../../pic32c/lib/thumb/v6-m/nofp\libc-musl.a(tolower.o)
 .note          0x00000678       0x18 D:/MPLAB X IDE/xc32_v5.00/bin/bin/../../lib/gcc/pic32c/13.2.1/../../../../pic32c/lib/thumb/v6-m/nofp\libc-musl.a(__fmt_a.o)
 .note          0x00000690       0x18 D:/MPLAB X IDE/xc32_v5.00/bin/bin/../../lib/gcc/pic32c/13.2.1/../../../../pic32c/lib/thumb/v6-m/nofp\libc-musl.a(__fmt_d.o)
 .note          0x000006a8       0x18 D:/MPLAB X IDE/xc32_v5.00/bin/bin/../../lib/gcc/pic32c/13.2.1/../../../../pic32c/lib/thumb/v6-m/nofp\libc-musl.a(__fmt_fp.o)
 .note          0x000006c0       0x18 D:/MPLAB X IDE/xc32_v5.00/bin/bin/../../lib/gcc/pic32c/13.2.1/../../../../pic32c/lib/thumb/v6-m/nofp\libc-musl.a(__fmt_o.o)
 .note          0x000006d8       0x18 D:/MPLAB X IDE/xc32_v5.00/bin/bin/../../lib/gcc/pic32c/13.2.1/../../../../pic32c/lib/thumb/v6-m/nofp\libc-musl.a(__fmt_s.o)
 .note          0x000006f0       0x18 D:/MPLAB X IDE/xc32_v5.00/bin/bin/../../lib/gcc/pic32c/13.2.1/../../../../pic32c/lib/thumb/v6-m/nofp\libc-musl.a(__fmt_u.o)
 .note          0x00000708       0x18 D:/MPLAB X IDE/xc32_v5.00/bin/bin/../../lib/gcc/pic32c/13.2.1/../../../../pic32c/lib/thumb/v6-m/nofp\libc-musl.a(__fmt_x.o)
 .note          0x00000720       0x18 D:/MPLAB X IDE/xc32_v5.00/bin/bin/../../lib/gcc/pic32c/13.2.1/../../../../pic32c/lib/thumb/v6-m/nofp\libc-musl.a(toupper.o)
 .note          0x00000738       0x18 D:/MPLAB X IDE/xc32_v5.00/bin/bin/../../lib/gcc/pic32c/13.2.1/../../../../pic32c/lib/thumb/v6-m/nofp\libc-musl.a(__cvt_u.o)
 .note          0x00000750       0x18 D:/MPLAB X IDE/xc32_v5.00/bin/bin/../../lib/gcc/pic32c/13.2.1/../../../../pic32c/lib/thumb/v6-m/nofp\libc-size-musl.a(strlen.o)
 .note          0x00000768       0x18 D:/MPLAB X IDE/xc32_v5.00/bin/bin/../../lib/gcc/pic32c/13.2.1/../../../../pic32c/lib/thumb/v6-m/nofp\libc-size-musl.a(strcpy.o)
 .note          0x00000780       0x18 D:/MPLAB X IDE/xc32_v5.00/bin/bin/../../lib/gcc/pic32c/13.2.1/../../../../pic32c/lib/thumb/v6-m/nofp\libc-size-musl.a(stpcpy.o)
 .note          0x00000798       0x18 D:/MPLAB X IDE/xc32_v5.00/bin/bin/../../lib/gcc/pic32c/13.2.1/thumb/v6-m/nofp\libgcc.a(_thumb1_case_uqi.o)
 .note          0x000007b0       0x18 D:/MPLAB X IDE/xc32_v5.00/bin/bin/../../lib/gcc/pic32c/13.2.1/thumb/v6-m/nofp\libgcc.a(_udivsi3.o)
 .note          0x000007c8       0x18 D:/MPLAB X IDE/xc32_v5.00/bin/bin/../../lib/gcc/pic32c/13.2.1/thumb/v6-m/nofp\libgcc.a(_divsi3.o)
 .note          0x000007e0       0x18 D:/MPLAB X IDE/xc32_v5.00/bin/bin/../../lib/gcc/pic32c/13.2.1/thumb/v6-m/nofp\libgcc.a(_dvmd_tls.o)
 .note          0x000007f8       0x18 D:/MPLAB X IDE/xc32_v5.00/bin/bin/../../lib/gcc/pic32c/13.2.1/thumb/v6-m/nofp\libgcc.a(_aeabi_uldivmod.o)
 .note          0x00000810       0x18 D:/MPLAB X IDE/xc32_v5.00/bin/bin/../../lib/gcc/pic32c/13.2.1/thumb/v6-m/nofp\libgcc.a(_muldi3.o)
 .note          0x00000828       0x18 D:/MPLAB X IDE/xc32_v5.00/bin/bin/../../lib/gcc/pic32c/13.2.1/thumb/v6-m/nofp\libgcc.a(_udivmoddi4.o)
 .note          0x00000840       0x18 D:/MPLAB X IDE/xc32_v5.00/bin/bin/../../lib/gcc/pic32c/13.2.1/thumb/v6-m/nofp\libgcc.a(_lshrdi3.o)
 .note          0x00000858       0x18 D:/MPLAB X IDE/xc32_v5.00/bin/bin/../../lib/gcc/pic32c/13.2.1/thumb/v6-m/nofp\libgcc.a(_ashldi3.o)
 .note          0x00000870       0x18 D:/MPLAB X IDE/xc32_v5.00/bin/bin/../../lib/gcc/pic32c/13.2.1/thumb/v6-m/nofp\libgcc.a(_clzdi2.o)
 .note          0x00000888       0x18 D:/MPLAB X IDE/xc32_v5.00/bin/bin/../../lib/gcc/pic32c/13.2.1/thumb/v6-m/nofp\libgcc.a(_clzsi2.o)
 .note          0x000008a0       0x18 D:/MPLAB X IDE/xc32_v5.00/bin/bin/../../lib/gcc/pic32c/13.2.1/thumb/v6-m/nofp/crtend.o
 .note          0x000008b8       0x18 D:/MPLAB X IDE/xc32_v5.00/bin/bin/../../lib/gcc/pic32c/13.2.1/thumb/v6-m/nofp/crtn.o
 .note          0x000008d0       0x18 D:/MPLAB X IDE/xc32_v5.00/bin/bin/../../lib/gcc/pic32c/13.2.1/../../../../pic32c/lib/thumb/v6-m/nofp\libpic32c.a(pic32_data_init_clear.o)
 .note          0x000008e8       0x18 D:/MPLAB X IDE/xc32_v5.00/bin/bin/../../lib/gcc/pic32c/13.2.1/../../../../pic32c/lib/thumb/v6-m/nofp\libpic32c.a(pic32_data_init_copy.o)

.ARM.attributes
                0x00000000       0x2a
 .ARM.attributes
                0x00000000       0x1e D:/MPLAB X IDE/xc32_v5.00/bin/bin/../../lib/gcc/pic32c/13.2.1/thumb/v6-m/nofp/crti.o
 .ARM.attributes
                0x0000001e       0x2c D:/MPLAB X IDE/xc32_v5.00/bin/bin/../../lib/gcc/pic32c/13.2.1/thumb/v6-m/nofp/crtbegin.o
 .ARM.attributes
                0x0000004a       0x2c build/default/production/_ext/60165182/plib_can1.o
 .ARM.attributes
                0x00000076       0x2c build/default/production/_ext/1984496892/plib_clock.o
 .ARM.attributes
                0x000000a2       0x2c build/default/production/_ext/1865161661/plib_dmac.o
 .ARM.attributes
                0x000000ce       0x2c build/default/production/_ext/1986646378/plib_evsys.o
 .ARM.attributes
                0x000000fa       0x2c build/default/production/_ext/1865468468/plib_nvic.o
 .ARM.attributes
                0x00000126       0x2c build/default/production/_ext/1593096446/plib_nvmctrl.o
 .ARM.attributes
                0x00000152       0x2c build/default/production/_ext/1865521619/plib_port.o
 .ARM.attributes
                0x0000017e       0x2c build/default/production/_ext/17022449/plib_sercom3_spi_master.o
 .ARM.attributes
                0x000001aa       0x2c build/default/production/_ext/17022449/plib_sercom0_spi_master.o
 .ARM.attributes
                0x000001d6       0x2c build/default/production/_ext/504274921/plib_sercom7_usart.o
 .ARM.attributes
                0x00000202       0x2c build/default/production/_ext/504274921/plib_sercom5_usart.o
 .ARM.attributes
                0x0000022e       0x2c build/default/production/_ext/829342655/plib_tc0.o
 .ARM.attributes
                0x0000025a       0x2c build/default/production/_ext/1171490990/initialization.o
 .ARM.attributes
                0x00000286       0x2c build/default/production/_ext/1171490990/interrupts.o
 .ARM.attributes
                0x000002b2       0x2c build/default/production/_ext/1171490990/exceptions.o
 .ARM.attributes
                0x000002de       0x2c build/default/production/_ext/1171490990/startup_xc32.o
 .ARM.attributes
                0x0000030a       0x2c build/default/production/_ext/1171490990/freertos_hooks.o
 .ARM.attributes
                0x00000336       0x2c build/default/production/_ext/1171490990/tasks.o
 .ARM.attributes
                0x00000362       0x2c build/default/production/_ext/984881635/dbg_print.o
 .ARM.attributes
                0x0000038e       0x2c build/default/production/_ext/984881635/dbg_transport.o
 .ARM.attributes
                0x000003ba       0x2c build/default/production/_ext/1624415188/port.o
 .ARM.attributes
                0x000003e6       0x2c build/default/production/_ext/1624415188/portasm.o
 .ARM.attributes
                0x00000412       0x2c build/default/production/_ext/1665200909/heap_1.o
 .ARM.attributes
                0x0000043e       0x2c build/default/production/_ext/404212886/list.o
 .ARM.attributes
                0x0000046a       0x2c build/default/production/_ext/404212886/queue.o
 .ARM.attributes
                0x00000496       0x2c build/default/production/_ext/404212886/FreeRTOS_tasks.o
 .ARM.attributes
                0x000004c2       0x2c build/default/production/_ext/1360937237/main.o
 .ARM.attributes
                0x000004ee       0x2c build/default/production/_ext/1360937237/tmc4671_task.o
 .ARM.attributes
                0x0000051a       0x2c build/default/production/_ext/1360937237/can_gatekeeper_task.o
 .ARM.attributes
                0x00000546       0x2c build/default/production/_ext/1360937237/tmc2209_task.o
 .ARM.attributes
                0x00000572       0x2c build/default/production/_ext/1360937237/supervisor_task.o
 .ARM.attributes
                0x0000059e       0x2c build/default/production/_ext/1360937237/debug_task.o
 .ARM.attributes
                0x000005ca       0x2c build/default/production/_ext/1360937237/init_functions.o
 .ARM.attributes
                0x000005f6       0x2c build/default/production/_ext/1360937237/can_isr_callbacks.o
 .ARM.attributes
                0x00000622       0x2c build/default/production/_ext/1360937237/can_state.o
 .ARM.attributes
                0x0000064e       0x2c D:/MPLAB X IDE/xc32_v5.00/bin/bin/../../lib/gcc/pic32c/13.2.1/../../../../pic32c/lib/thumb/v6-m/nofp\libpic32c.a(data_init.o)
 .ARM.attributes
                0x0000067a       0x2e D:/MPLAB X IDE/xc32_v5.00/bin/bin/../../lib/gcc/pic32c/13.2.1/../../../../pic32c/lib/thumb/v6-m/nofp\libc-size-musl.a(memcpy.o)
 .ARM.attributes
                0x000006a8       0x2e D:/MPLAB X IDE/xc32_v5.00/bin/bin/../../lib/gcc/pic32c/13.2.1/../../../../pic32c/lib/thumb/v6-m/nofp\libc-size-musl.a(memset.o)
 .ARM.attributes
                0x000006d6       0x2e D:/MPLAB X IDE/xc32_v5.00/bin/bin/../../lib/gcc/pic32c/13.2.1/../../../../pic32c/lib/thumb/v6-m/nofp\libc-musl.a(__libc_start_main.o)
 .ARM.attributes
                0x00000704       0x2e D:/MPLAB X IDE/xc32_v5.00/bin/bin/../../lib/gcc/pic32c/13.2.1/../../../../pic32c/lib/thumb/v6-m/nofp\libc-musl.a(libc.o)
 .ARM.attributes
                0x00000732       0x2e D:/MPLAB X IDE/xc32_v5.00/bin/bin/../../lib/gcc/pic32c/13.2.1/../../../../pic32c/lib/thumb/v6-m/nofp\libc-musl.a(vsnprintf.o)
 .ARM.attributes
                0x00000760       0x2e D:/MPLAB X IDE/xc32_v5.00/bin/bin/../../lib/gcc/pic32c/13.2.1/../../../../pic32c/lib/thumb/v6-m/nofp\libc-musl.a(snprintf.o)
 .ARM.attributes
                0x0000078e       0x2e D:/MPLAB X IDE/xc32_v5.00/bin/bin/../../lib/gcc/pic32c/13.2.1/../../../../pic32c/lib/thumb/v6-m/nofp\libc-musl.a(__environ.o)
 .ARM.attributes
                0x000007bc       0x2e D:/MPLAB X IDE/xc32_v5.00/bin/bin/../../lib/gcc/pic32c/13.2.1/../../../../pic32c/lib/thumb/v6-m/nofp\libc-musl.a(__errno_location.o)
 .ARM.attributes
                0x000007ea       0x2e D:/MPLAB X IDE/xc32_v5.00/bin/bin/../../lib/gcc/pic32c/13.2.1/../../../../pic32c/lib/thumb/v6-m/nofp\libc-musl.a(vfprintf.o)
 .ARM.attributes
                0x00000818       0x2e D:/MPLAB X IDE/xc32_v5.00/bin/bin/../../lib/gcc/pic32c/13.2.1/../../../../pic32c/lib/thumb/v6-m/nofp\libc-musl.a(__pop_float.o)
 .ARM.attributes
                0x00000846       0x2e D:/MPLAB X IDE/xc32_v5.00/bin/bin/../../lib/gcc/pic32c/13.2.1/../../../../pic32c/lib/thumb/v6-m/nofp\libc-musl.a(__pop_int.o)
 .ARM.attributes
                0x00000874       0x2e D:/MPLAB X IDE/xc32_v5.00/bin/bin/../../lib/gcc/pic32c/13.2.1/../../../../pic32c/lib/thumb/v6-m/nofp\libc-musl.a(__pop_ptr.o)
 .ARM.attributes
                0x000008a2       0x2e D:/MPLAB X IDE/xc32_v5.00/bin/bin/../../lib/gcc/pic32c/13.2.1/../../../../pic32c/lib/thumb/v6-m/nofp\libc-musl.a(__printf_core.o)
 .ARM.attributes
                0x000008d0       0x2e D:/MPLAB X IDE/xc32_v5.00/bin/bin/../../lib/gcc/pic32c/13.2.1/../../../../pic32c/lib/thumb/v6-m/nofp\libc-musl.a(atoi.o)
 .ARM.attributes
                0x000008fe       0x2e D:/MPLAB X IDE/xc32_v5.00/bin/bin/../../lib/gcc/pic32c/13.2.1/../../../../pic32c/lib/thumb/v6-m/nofp\libc-musl.a(tolower.o)
 .ARM.attributes
                0x0000092c       0x2e D:/MPLAB X IDE/xc32_v5.00/bin/bin/../../lib/gcc/pic32c/13.2.1/../../../../pic32c/lib/thumb/v6-m/nofp\libc-musl.a(__fmt_a.o)
 .ARM.attributes
                0x0000095a       0x2e D:/MPLAB X IDE/xc32_v5.00/bin/bin/../../lib/gcc/pic32c/13.2.1/../../../../pic32c/lib/thumb/v6-m/nofp\libc-musl.a(__fmt_d.o)
 .ARM.attributes
                0x00000988       0x2e D:/MPLAB X IDE/xc32_v5.00/bin/bin/../../lib/gcc/pic32c/13.2.1/../../../../pic32c/lib/thumb/v6-m/nofp\libc-musl.a(__fmt_fp.o)
 .ARM.attributes
                0x000009b6       0x2e D:/MPLAB X IDE/xc32_v5.00/bin/bin/../../lib/gcc/pic32c/13.2.1/../../../../pic32c/lib/thumb/v6-m/nofp\libc-musl.a(__fmt_o.o)
 .ARM.attributes
                0x000009e4       0x2e D:/MPLAB X IDE/xc32_v5.00/bin/bin/../../lib/gcc/pic32c/13.2.1/../../../../pic32c/lib/thumb/v6-m/nofp\libc-musl.a(__fmt_s.o)
 .ARM.attributes
                0x00000a12       0x2e D:/MPLAB X IDE/xc32_v5.00/bin/bin/../../lib/gcc/pic32c/13.2.1/../../../../pic32c/lib/thumb/v6-m/nofp\libc-musl.a(__fmt_u.o)
 .ARM.attributes
                0x00000a40       0x2e D:/MPLAB X IDE/xc32_v5.00/bin/bin/../../lib/gcc/pic32c/13.2.1/../../../../pic32c/lib/thumb/v6-m/nofp\libc-musl.a(__fmt_x.o)
 .ARM.attributes
                0x00000a6e       0x2e D:/MPLAB X IDE/xc32_v5.00/bin/bin/../../lib/gcc/pic32c/13.2.1/../../../../pic32c/lib/thumb/v6-m/nofp\libc-musl.a(toupper.o)
 .ARM.attributes
                0x00000a9c       0x2e D:/MPLAB X IDE/xc32_v5.00/bin/bin/../../lib/gcc/pic32c/13.2.1/../../../../pic32c/lib/thumb/v6-m/nofp\libc-musl.a(__cvt_u.o)
 .ARM.attributes
                0x00000aca       0x2c D:/MPLAB X IDE/xc32_v5.00/bin/bin/../../lib/gcc/pic32c/13.2.1/../../../../pic32c/lib/thumb/v6-m/nofp\libm-fast-emfloat.a(fma.o)
 .ARM.attributes
                0x00000af6       0x2c D:/MPLAB X IDE/xc32_v5.00/bin/bin/../../lib/gcc/pic32c/13.2.1/../../../../pic32c/lib/thumb/v6-m/nofp\libm-fast-emfloat.a(floor.o)
 .ARM.attributes
                0x00000b22       0x1c D:/MPLAB X IDE/xc32_v5.00/bin/bin/../../lib/gcc/pic32c/13.2.1/../../../../pic32c/lib/thumb/v6-m/nofp\libm-fast-emfloat.a(__aeabi_dadd.o)
 .ARM.attributes
                0x00000b3e       0x1c D:/MPLAB X IDE/xc32_v5.00/bin/bin/../../lib/gcc/pic32c/13.2.1/../../../../pic32c/lib/thumb/v6-m/nofp\libm-fast-emfloat.a(__aeabi_dsub.o)
 .ARM.attributes
                0x00000b5a       0x1c D:/MPLAB X IDE/xc32_v5.00/bin/bin/../../lib/gcc/pic32c/13.2.1/../../../../pic32c/lib/thumb/v6-m/nofp\libm-fast-emfloat.a(__aeabi_dmul_aux.o)
 .ARM.attributes
                0x00000b76       0x1c D:/MPLAB X IDE/xc32_v5.00/bin/bin/../../lib/gcc/pic32c/13.2.1/../../../../pic32c/lib/thumb/v6-m/nofp\libm-fast-emfloat.a(__aeabi_ddiv.o)
 .ARM.attributes
                0x00000b92       0x1c D:/MPLAB X IDE/xc32_v5.00/bin/bin/../../lib/gcc/pic32c/13.2.1/../../../../pic32c/lib/thumb/v6-m/nofp\libm-fast-emfloat.a(__aeabi_dcmple.o)
 .ARM.attributes
                0x00000bae       0x1c D:/MPLAB X IDE/xc32_v5.00/bin/bin/../../lib/gcc/pic32c/13.2.1/../../../../pic32c/lib/thumb/v6-m/nofp\libm-fast-emfloat.a(__aeabi_dcmpeq.o)
 .ARM.attributes
                0x00000bca       0x1c D:/MPLAB X IDE/xc32_v5.00/bin/bin/../../lib/gcc/pic32c/13.2.1/../../../../pic32c/lib/thumb/v6-m/nofp\libm-fast-emfloat.a(__aeabi_dcmpgt.o)
 .ARM.attributes
                0x00000be6       0x1c D:/MPLAB X IDE/xc32_v5.00/bin/bin/../../lib/gcc/pic32c/13.2.1/../../../../pic32c/lib/thumb/v6-m/nofp\libm-fast-emfloat.a(__aeabi_dcmplt.o)
 .ARM.attributes
                0x00000c02       0x1c D:/MPLAB X IDE/xc32_v5.00/bin/bin/../../lib/gcc/pic32c/13.2.1/../../../../pic32c/lib/thumb/v6-m/nofp\libm-fast-emfloat.a(__aeabi_d2iz.o)
 .ARM.attributes
                0x00000c1e       0x1c D:/MPLAB X IDE/xc32_v5.00/bin/bin/../../lib/gcc/pic32c/13.2.1/../../../../pic32c/lib/thumb/v6-m/nofp\libm-fast-emfloat.a(__aeabi_d2uiz.o)
 .ARM.attributes
                0x00000c3a       0x2e D:/MPLAB X IDE/xc32_v5.00/bin/bin/../../lib/gcc/pic32c/13.2.1/../../../../pic32c/lib/thumb/v6-m/nofp\libc-size-musl.a(strlen.o)
 .ARM.attributes
                0x00000c68       0x2e D:/MPLAB X IDE/xc32_v5.00/bin/bin/../../lib/gcc/pic32c/13.2.1/../../../../pic32c/lib/thumb/v6-m/nofp\libc-size-musl.a(strcpy.o)
 .ARM.attributes
                0x00000c96       0x2e D:/MPLAB X IDE/xc32_v5.00/bin/bin/../../lib/gcc/pic32c/13.2.1/../../../../pic32c/lib/thumb/v6-m/nofp\libc-size-musl.a(stpcpy.o)
 .ARM.attributes
                0x00000cc4       0x1e D:/MPLAB X IDE/xc32_v5.00/bin/bin/../../lib/gcc/pic32c/13.2.1/thumb/v6-m/nofp\libgcc.a(_thumb1_case_uqi.o)
 .ARM.attributes
                0x00000ce2       0x1e D:/MPLAB X IDE/xc32_v5.00/bin/bin/../../lib/gcc/pic32c/13.2.1/thumb/v6-m/nofp\libgcc.a(_divsi3.o)
 .ARM.attributes
                0x00000d00       0x1e D:/MPLAB X IDE/xc32_v5.00/bin/bin/../../lib/gcc/pic32c/13.2.1/thumb/v6-m/nofp\libgcc.a(_dvmd_tls.o)
 .ARM.attributes
                0x00000d1e       0x1e D:/MPLAB X IDE/xc32_v5.00/bin/bin/../../lib/gcc/pic32c/13.2.1/thumb/v6-m/nofp\libgcc.a(_aeabi_uldivmod.o)
 .ARM.attributes
                0x00000d3c       0x2c D:/MPLAB X IDE/xc32_v5.00/bin/bin/../../lib/gcc/pic32c/13.2.1/thumb/v6-m/nofp\libgcc.a(_udivmoddi4.o)
 .ARM.attributes
                0x00000d68       0x1e D:/MPLAB X IDE/xc32_v5.00/bin/bin/../../lib/gcc/pic32c/13.2.1/thumb/v6-m/nofp\libgcc.a(_lshrdi3.o)
 .ARM.attributes
                0x00000d86       0x1e D:/MPLAB X IDE/xc32_v5.00/bin/bin/../../lib/gcc/pic32c/13.2.1/thumb/v6-m/nofp\libgcc.a(_ashldi3.o)
 .ARM.attributes
                0x00000da4       0x1e D:/MPLAB X IDE/xc32_v5.00/bin/bin/../../lib/gcc/pic32c/13.2.1/thumb/v6-m/nofp\libgcc.a(_clzdi2.o)
 .ARM.attributes
                0x00000dc2       0x1e D:/MPLAB X IDE/xc32_v5.00/bin/bin/../../lib/gcc/pic32c/13.2.1/thumb/v6-m/nofp\libgcc.a(_clzsi2.o)
 .ARM.attributes
                0x00000de0       0x1e D:/MPLAB X IDE/xc32_v5.00/bin/bin/../../lib/gcc/pic32c/13.2.1/thumb/v6-m/nofp/crtn.o
 .ARM.attributes
                0x00000dfe       0x2c D:/MPLAB X IDE/xc32_v5.00/bin/bin/../../lib/gcc/pic32c/13.2.1/../../../../pic32c/lib/thumb/v6-m/nofp\libpic32c.a(pic32_data_init_clear.o)
 .ARM.attributes
                0x00000e2a       0x2c D:/MPLAB X IDE/xc32_v5.00/bin/bin/../../lib/gcc/pic32c/13.2.1/../../../../pic32c/lib/thumb/v6-m/nofp\libpic32c.a(pic32_data_init_copy.o)

.comment        0x00000000       0x35
 .comment       0x00000000       0x35 D:/MPLAB X IDE/xc32_v5.00/bin/bin/../../lib/gcc/pic32c/13.2.1/thumb/v6-m/nofp/crtbegin.o
                                 0x36 (size before relaxing)
 .comment       0x00000035       0x36 build/default/production/_ext/60165182/plib_can1.o
 .comment       0x00000035       0x36 build/default/production/_ext/1984496892/plib_clock.o
 .comment       0x00000035       0x36 build/default/production/_ext/1865161661/plib_dmac.o
 .comment       0x00000035       0x36 build/default/production/_ext/1986646378/plib_evsys.o
 .comment       0x00000035       0x36 build/default/production/_ext/1865468468/plib_nvic.o
 .comment       0x00000035       0x36 build/default/production/_ext/1593096446/plib_nvmctrl.o
 .comment       0x00000035       0x36 build/default/production/_ext/1865521619/plib_port.o
 .comment       0x00000035       0x36 build/default/production/_ext/17022449/plib_sercom3_spi_master.o
 .comment       0x00000035       0x36 build/default/production/_ext/17022449/plib_sercom0_spi_master.o
 .comment       0x00000035       0x36 build/default/production/_ext/504274921/plib_sercom7_usart.o
 .comment       0x00000035       0x36 build/default/production/_ext/504274921/plib_sercom5_usart.o
 .comment       0x00000035       0x36 build/default/production/_ext/829342655/plib_tc0.o
 .comment       0x00000035       0x36 build/default/production/_ext/1171490990/initialization.o
 .comment       0x00000035       0x36 build/default/production/_ext/1171490990/interrupts.o
 .comment       0x00000035       0x36 build/default/production/_ext/1171490990/exceptions.o
 .comment       0x00000035       0x36 build/default/production/_ext/1171490990/startup_xc32.o
 .comment       0x00000035       0x36 build/default/production/_ext/1171490990/freertos_hooks.o
 .comment       0x00000035       0x36 build/default/production/_ext/1171490990/tasks.o
 .comment       0x00000035       0x36 build/default/production/_ext/984881635/dbg_print.o
 .comment       0x00000035       0x36 build/default/production/_ext/984881635/dbg_transport.o
 .comment       0x00000035       0x36 build/default/production/_ext/1624415188/port.o
 .comment       0x00000035       0x36 build/default/production/_ext/1624415188/portasm.o
 .comment       0x00000035       0x36 build/default/production/_ext/1665200909/heap_1.o
 .comment       0x00000035       0x36 build/default/production/_ext/404212886/list.o
 .comment       0x00000035       0x36 build/default/production/_ext/404212886/queue.o
 .comment       0x00000035       0x36 build/default/production/_ext/404212886/FreeRTOS_tasks.o
 .comment       0x00000035       0x36 build/default/production/_ext/1360937237/main.o
 .comment       0x00000035       0x36 build/default/production/_ext/1360937237/tmc4671_task.o
 .comment       0x00000035       0x36 build/default/production/_ext/1360937237/can_gatekeeper_task.o
 .comment       0x00000035       0x36 build/default/production/_ext/1360937237/tmc2209_task.o
 .comment       0x00000035       0x36 build/default/production/_ext/1360937237/supervisor_task.o
 .comment       0x00000035       0x36 build/default/production/_ext/1360937237/debug_task.o
 .comment       0x00000035       0x36 build/default/production/_ext/1360937237/init_functions.o
 .comment       0x00000035       0x36 build/default/production/_ext/1360937237/can_isr_callbacks.o
 .comment       0x00000035       0x36 build/default/production/_ext/1360937237/can_state.o
 .comment       0x00000035       0x36 D:/MPLAB X IDE/xc32_v5.00/bin/bin/../../lib/gcc/pic32c/13.2.1/../../../../pic32c/lib/thumb/v6-m/nofp\libpic32c.a(data_init.o)
 .comment       0x00000035       0x36 D:/MPLAB X IDE/xc32_v5.00/bin/bin/../../lib/gcc/pic32c/13.2.1/../../../../pic32c/lib/thumb/v6-m/nofp\libc-size-musl.a(memcpy.o)
 .comment       0x00000035       0x36 D:/MPLAB X IDE/xc32_v5.00/bin/bin/../../lib/gcc/pic32c/13.2.1/../../../../pic32c/lib/thumb/v6-m/nofp\libc-size-musl.a(memset.o)
 .comment       0x00000035       0x36 D:/MPLAB X IDE/xc32_v5.00/bin/bin/../../lib/gcc/pic32c/13.2.1/../../../../pic32c/lib/thumb/v6-m/nofp\libc-musl.a(__libc_start_main.o)
 .comment       0x00000035       0x36 D:/MPLAB X IDE/xc32_v5.00/bin/bin/../../lib/gcc/pic32c/13.2.1/../../../../pic32c/lib/thumb/v6-m/nofp\libc-musl.a(libc.o)
 .comment       0x00000035       0x36 D:/MPLAB X IDE/xc32_v5.00/bin/bin/../../lib/gcc/pic32c/13.2.1/../../../../pic32c/lib/thumb/v6-m/nofp\libc-musl.a(vsnprintf.o)
 .comment       0x00000035       0x36 D:/MPLAB X IDE/xc32_v5.00/bin/bin/../../lib/gcc/pic32c/13.2.1/../../../../pic32c/lib/thumb/v6-m/nofp\libc-musl.a(snprintf.o)
 .comment       0x00000035       0x36 D:/MPLAB X IDE/xc32_v5.00/bin/bin/../../lib/gcc/pic32c/13.2.1/../../../../pic32c/lib/thumb/v6-m/nofp\libc-musl.a(__environ.o)
 .comment       0x00000035       0x36 D:/MPLAB X IDE/xc32_v5.00/bin/bin/../../lib/gcc/pic32c/13.2.1/../../../../pic32c/lib/thumb/v6-m/nofp\libc-musl.a(__errno_location.o)
 .comment       0x00000035       0x36 D:/MPLAB X IDE/xc32_v5.00/bin/bin/../../lib/gcc/pic32c/13.2.1/../../../../pic32c/lib/thumb/v6-m/nofp\libc-musl.a(vfprintf.o)
 .comment       0x00000035       0x36 D:/MPLAB X IDE/xc32_v5.00/bin/bin/../../lib/gcc/pic32c/13.2.1/../../../../pic32c/lib/thumb/v6-m/nofp\libc-musl.a(__pop_float.o)
 .comment       0x00000035       0x36 D:/MPLAB X IDE/xc32_v5.00/bin/bin/../../lib/gcc/pic32c/13.2.1/../../../../pic32c/lib/thumb/v6-m/nofp\libc-musl.a(__pop_int.o)
 .comment       0x00000035       0x36 D:/MPLAB X IDE/xc32_v5.00/bin/bin/../../lib/gcc/pic32c/13.2.1/../../../../pic32c/lib/thumb/v6-m/nofp\libc-musl.a(__pop_ptr.o)
 .comment       0x00000035       0x36 D:/MPLAB X IDE/xc32_v5.00/bin/bin/../../lib/gcc/pic32c/13.2.1/../../../../pic32c/lib/thumb/v6-m/nofp\libc-musl.a(__printf_core.o)
 .comment       0x00000035       0x36 D:/MPLAB X IDE/xc32_v5.00/bin/bin/../../lib/gcc/pic32c/13.2.1/../../../../pic32c/lib/thumb/v6-m/nofp\libc-musl.a(atoi.o)
 .comment       0x00000035       0x36 D:/MPLAB X IDE/xc32_v5.00/bin/bin/../../lib/gcc/pic32c/13.2.1/../../../../pic32c/lib/thumb/v6-m/nofp\libc-musl.a(tolower.o)
 .comment       0x00000035       0x36 D:/MPLAB X IDE/xc32_v5.00/bin/bin/../../lib/gcc/pic32c/13.2.1/../../../../pic32c/lib/thumb/v6-m/nofp\libc-musl.a(__fmt_a.o)
 .comment       0x00000035       0x36 D:/MPLAB X IDE/xc32_v5.00/bin/bin/../../lib/gcc/pic32c/13.2.1/../../../../pic32c/lib/thumb/v6-m/nofp\libc-musl.a(__fmt_d.o)
 .comment       0x00000035       0x36 D:/MPLAB X IDE/xc32_v5.00/bin/bin/../../lib/gcc/pic32c/13.2.1/../../../../pic32c/lib/thumb/v6-m/nofp\libc-musl.a(__fmt_fp.o)
 .comment       0x00000035       0x36 D:/MPLAB X IDE/xc32_v5.00/bin/bin/../../lib/gcc/pic32c/13.2.1/../../../../pic32c/lib/thumb/v6-m/nofp\libc-musl.a(__fmt_o.o)
 .comment       0x00000035       0x36 D:/MPLAB X IDE/xc32_v5.00/bin/bin/../../lib/gcc/pic32c/13.2.1/../../../../pic32c/lib/thumb/v6-m/nofp\libc-musl.a(__fmt_s.o)
 .comment       0x00000035       0x36 D:/MPLAB X IDE/xc32_v5.00/bin/bin/../../lib/gcc/pic32c/13.2.1/../../../../pic32c/lib/thumb/v6-m/nofp\libc-musl.a(__fmt_u.o)
 .comment       0x00000035       0x36 D:/MPLAB X IDE/xc32_v5.00/bin/bin/../../lib/gcc/pic32c/13.2.1/../../../../pic32c/lib/thumb/v6-m/nofp\libc-musl.a(__fmt_x.o)
 .comment       0x00000035       0x36 D:/MPLAB X IDE/xc32_v5.00/bin/bin/../../lib/gcc/pic32c/13.2.1/../../../../pic32c/lib/thumb/v6-m/nofp\libc-musl.a(toupper.o)
 .comment       0x00000035       0x36 D:/MPLAB X IDE/xc32_v5.00/bin/bin/../../lib/gcc/pic32c/13.2.1/../../../../pic32c/lib/thumb/v6-m/nofp\libc-musl.a(__cvt_u.o)
 .comment       0x00000035       0x36 D:/MPLAB X IDE/xc32_v5.00/bin/bin/../../lib/gcc/pic32c/13.2.1/../../../../pic32c/lib/thumb/v6-m/nofp\libm-fast-emfloat.a(fma.o)
 .comment       0x00000035       0x36 D:/MPLAB X IDE/xc32_v5.00/bin/bin/../../lib/gcc/pic32c/13.2.1/../../../../pic32c/lib/thumb/v6-m/nofp\libm-fast-emfloat.a(floor.o)
 .comment       0x00000035       0x36 D:/MPLAB X IDE/xc32_v5.00/bin/bin/../../lib/gcc/pic32c/13.2.1/../../../../pic32c/lib/thumb/v6-m/nofp\libc-size-musl.a(strlen.o)
 .comment       0x00000035       0x36 D:/MPLAB X IDE/xc32_v5.00/bin/bin/../../lib/gcc/pic32c/13.2.1/../../../../pic32c/lib/thumb/v6-m/nofp\libc-size-musl.a(strcpy.o)
 .comment       0x00000035       0x36 D:/MPLAB X IDE/xc32_v5.00/bin/bin/../../lib/gcc/pic32c/13.2.1/../../../../pic32c/lib/thumb/v6-m/nofp\libc-size-musl.a(stpcpy.o)
 .comment       0x00000035       0x36 D:/MPLAB X IDE/xc32_v5.00/bin/bin/../../lib/gcc/pic32c/13.2.1/thumb/v6-m/nofp\libgcc.a(_udivmoddi4.o)
 .comment       0x00000035       0x36 D:/MPLAB X IDE/xc32_v5.00/bin/bin/../../lib/gcc/pic32c/13.2.1/../../../../pic32c/lib/thumb/v6-m/nofp\libpic32c.a(pic32_data_init_clear.o)
 .comment       0x00000035       0x36 D:/MPLAB X IDE/xc32_v5.00/bin/bin/../../lib/gcc/pic32c/13.2.1/../../../../pic32c/lib/thumb/v6-m/nofp\libpic32c.a(pic32_data_init_copy.o)

.debug_info     0x00000000    0x15806
 .debug_info    0x00000000     0x1402 build/default/production/_ext/60165182/plib_can1.o
 .debug_info    0x00001402      0x5fc build/default/production/_ext/1984496892/plib_clock.o
 .debug_info    0x000019fe      0xaef build/default/production/_ext/1865161661/plib_dmac.o
 .debug_info    0x000024ed       0x9c build/default/production/_ext/1986646378/plib_evsys.o
 .debug_info    0x00002589      0x6c3 build/default/production/_ext/1865468468/plib_nvic.o
 .debug_info    0x00002c4c      0x689 build/default/production/_ext/1593096446/plib_nvmctrl.o
 .debug_info    0x000032d5      0x77a build/default/production/_ext/1865521619/plib_port.o
 .debug_info    0x00003a4f      0xe5e build/default/production/_ext/17022449/plib_sercom3_spi_master.o
 .debug_info    0x000048ad      0xe5e build/default/production/_ext/17022449/plib_sercom0_spi_master.o
 .debug_info    0x0000570b     0x148b build/default/production/_ext/504274921/plib_sercom7_usart.o
 .debug_info    0x00006b96      0xe57 build/default/production/_ext/504274921/plib_sercom5_usart.o
 .debug_info    0x000079ed      0x73b build/default/production/_ext/829342655/plib_tc0.o
 .debug_info    0x00008128      0x36d build/default/production/_ext/1171490990/initialization.o
 .debug_info    0x00008495      0x48e build/default/production/_ext/1171490990/interrupts.o
 .debug_info    0x00008923       0xc3 build/default/production/_ext/1171490990/exceptions.o
 .debug_info    0x000089e6      0x200 build/default/production/_ext/1171490990/startup_xc32.o
 .debug_info    0x00008be6      0x3bf build/default/production/_ext/1171490990/freertos_hooks.o
 .debug_info    0x00008fa5      0x309 build/default/production/_ext/1171490990/tasks.o
 .debug_info    0x000092ae      0x7c4 build/default/production/_ext/984881635/dbg_print.o
 .debug_info    0x00009a72      0xc24 build/default/production/_ext/984881635/dbg_transport.o
 .debug_info    0x0000a696      0x328 build/default/production/_ext/1624415188/port.o
 .debug_info    0x0000a9be      0x17c build/default/production/_ext/1624415188/portasm.o
 .debug_info    0x0000ab3a      0x1f2 build/default/production/_ext/1665200909/heap_1.o
 .debug_info    0x0000ad2c      0x2f0 build/default/production/_ext/404212886/list.o
 .debug_info    0x0000b01c     0x14d9 build/default/production/_ext/404212886/queue.o
 .debug_info    0x0000c4f5     0x2213 build/default/production/_ext/404212886/FreeRTOS_tasks.o
 .debug_info    0x0000e708      0x572 build/default/production/_ext/1360937237/main.o
 .debug_info    0x0000ec7a      0x133 build/default/production/_ext/1360937237/tmc4671_task.o
 .debug_info    0x0000edad      0xa52 build/default/production/_ext/1360937237/can_gatekeeper_task.o
 .debug_info    0x0000f7ff      0x133 build/default/production/_ext/1360937237/tmc2209_task.o
 .debug_info    0x0000f932      0x133 build/default/production/_ext/1360937237/supervisor_task.o
 .debug_info    0x0000fa65      0x133 build/default/production/_ext/1360937237/debug_task.o
 .debug_info    0x0000fb98      0x300 build/default/production/_ext/1360937237/init_functions.o
 .debug_info    0x0000fe98      0x3b8 build/default/production/_ext/1360937237/can_isr_callbacks.o
 .debug_info    0x00010250      0x22c build/default/production/_ext/1360937237/can_state.o
 .debug_info    0x0001047c      0x212 D:/MPLAB X IDE/xc32_v5.00/bin/bin/../../lib/gcc/pic32c/13.2.1/../../../../pic32c/lib/thumb/v6-m/nofp\libpic32c.a(data_init.o)
 .debug_info    0x0001068e       0xed D:/MPLAB X IDE/xc32_v5.00/bin/bin/../../lib/gcc/pic32c/13.2.1/../../../../pic32c/lib/thumb/v6-m/nofp\libc-size-musl.a(memcpy.o)
 .debug_info    0x0001077b       0xc2 D:/MPLAB X IDE/xc32_v5.00/bin/bin/../../lib/gcc/pic32c/13.2.1/../../../../pic32c/lib/thumb/v6-m/nofp\libc-size-musl.a(memset.o)
 .debug_info    0x0001083d      0x2fb D:/MPLAB X IDE/xc32_v5.00/bin/bin/../../lib/gcc/pic32c/13.2.1/../../../../pic32c/lib/thumb/v6-m/nofp\libc-musl.a(__libc_start_main.o)
 .debug_info    0x00010b38      0x276 D:/MPLAB X IDE/xc32_v5.00/bin/bin/../../lib/gcc/pic32c/13.2.1/../../../../pic32c/lib/thumb/v6-m/nofp\libc-musl.a(libc.o)
 .debug_info    0x00010dae      0x45b D:/MPLAB X IDE/xc32_v5.00/bin/bin/../../lib/gcc/pic32c/13.2.1/../../../../pic32c/lib/thumb/v6-m/nofp\libc-musl.a(vsnprintf.o)
 .debug_info    0x00011209      0x170 D:/MPLAB X IDE/xc32_v5.00/bin/bin/../../lib/gcc/pic32c/13.2.1/../../../../pic32c/lib/thumb/v6-m/nofp\libc-musl.a(snprintf.o)
 .debug_info    0x00011379       0x97 D:/MPLAB X IDE/xc32_v5.00/bin/bin/../../lib/gcc/pic32c/13.2.1/../../../../pic32c/lib/thumb/v6-m/nofp\libc-musl.a(__environ.o)
 .debug_info    0x00011410       0x5b D:/MPLAB X IDE/xc32_v5.00/bin/bin/../../lib/gcc/pic32c/13.2.1/../../../../pic32c/lib/thumb/v6-m/nofp\libc-musl.a(__errno_location.o)
 .debug_info    0x0001146b      0x42c D:/MPLAB X IDE/xc32_v5.00/bin/bin/../../lib/gcc/pic32c/13.2.1/../../../../pic32c/lib/thumb/v6-m/nofp\libc-musl.a(vfprintf.o)
 .debug_info    0x00011897      0x163 D:/MPLAB X IDE/xc32_v5.00/bin/bin/../../lib/gcc/pic32c/13.2.1/../../../../pic32c/lib/thumb/v6-m/nofp\libc-musl.a(__pop_float.o)
 .debug_info    0x000119fa      0x183 D:/MPLAB X IDE/xc32_v5.00/bin/bin/../../lib/gcc/pic32c/13.2.1/../../../../pic32c/lib/thumb/v6-m/nofp\libc-musl.a(__pop_int.o)
 .debug_info    0x00011b7d      0x18d D:/MPLAB X IDE/xc32_v5.00/bin/bin/../../lib/gcc/pic32c/13.2.1/../../../../pic32c/lib/thumb/v6-m/nofp\libc-musl.a(__pop_ptr.o)
 .debug_info    0x00011d0a      0xb26 D:/MPLAB X IDE/xc32_v5.00/bin/bin/../../lib/gcc/pic32c/13.2.1/../../../../pic32c/lib/thumb/v6-m/nofp\libc-musl.a(__printf_core.o)
 .debug_info    0x00012830       0xf4 D:/MPLAB X IDE/xc32_v5.00/bin/bin/../../lib/gcc/pic32c/13.2.1/../../../../pic32c/lib/thumb/v6-m/nofp\libc-musl.a(atoi.o)
 .debug_info    0x00012924      0x13e D:/MPLAB X IDE/xc32_v5.00/bin/bin/../../lib/gcc/pic32c/13.2.1/../../../../pic32c/lib/thumb/v6-m/nofp\libc-musl.a(tolower.o)
 .debug_info    0x00012a62      0x7a3 D:/MPLAB X IDE/xc32_v5.00/bin/bin/../../lib/gcc/pic32c/13.2.1/../../../../pic32c/lib/thumb/v6-m/nofp\libc-musl.a(__fmt_a.o)
 .debug_info    0x00013205      0x374 D:/MPLAB X IDE/xc32_v5.00/bin/bin/../../lib/gcc/pic32c/13.2.1/../../../../pic32c/lib/thumb/v6-m/nofp\libc-musl.a(__fmt_d.o)
 .debug_info    0x00013579      0x80e D:/MPLAB X IDE/xc32_v5.00/bin/bin/../../lib/gcc/pic32c/13.2.1/../../../../pic32c/lib/thumb/v6-m/nofp\libc-musl.a(__fmt_fp.o)
 .debug_info    0x00013d87      0x345 D:/MPLAB X IDE/xc32_v5.00/bin/bin/../../lib/gcc/pic32c/13.2.1/../../../../pic32c/lib/thumb/v6-m/nofp\libc-musl.a(__fmt_o.o)
 .debug_info    0x000140cc      0x31e D:/MPLAB X IDE/xc32_v5.00/bin/bin/../../lib/gcc/pic32c/13.2.1/../../../../pic32c/lib/thumb/v6-m/nofp\libc-musl.a(__fmt_s.o)
 .debug_info    0x000143ea      0x345 D:/MPLAB X IDE/xc32_v5.00/bin/bin/../../lib/gcc/pic32c/13.2.1/../../../../pic32c/lib/thumb/v6-m/nofp\libc-musl.a(__fmt_u.o)
 .debug_info    0x0001472f      0x35f D:/MPLAB X IDE/xc32_v5.00/bin/bin/../../lib/gcc/pic32c/13.2.1/../../../../pic32c/lib/thumb/v6-m/nofp\libc-musl.a(__fmt_x.o)
 .debug_info    0x00014a8e      0x13e D:/MPLAB X IDE/xc32_v5.00/bin/bin/../../lib/gcc/pic32c/13.2.1/../../../../pic32c/lib/thumb/v6-m/nofp\libc-musl.a(toupper.o)
 .debug_info    0x00014bcc      0x1e3 D:/MPLAB X IDE/xc32_v5.00/bin/bin/../../lib/gcc/pic32c/13.2.1/../../../../pic32c/lib/thumb/v6-m/nofp\libc-musl.a(__cvt_u.o)
 .debug_info    0x00014daf       0xab D:/MPLAB X IDE/xc32_v5.00/bin/bin/../../lib/gcc/pic32c/13.2.1/../../../../pic32c/lib/thumb/v6-m/nofp\libc-size-musl.a(strlen.o)
 .debug_info    0x00014e5a       0xdd D:/MPLAB X IDE/xc32_v5.00/bin/bin/../../lib/gcc/pic32c/13.2.1/../../../../pic32c/lib/thumb/v6-m/nofp\libc-size-musl.a(strcpy.o)
 .debug_info    0x00014f37       0xb3 D:/MPLAB X IDE/xc32_v5.00/bin/bin/../../lib/gcc/pic32c/13.2.1/../../../../pic32c/lib/thumb/v6-m/nofp\libc-size-musl.a(stpcpy.o)
 .debug_info    0x00014fea       0x35 D:/MPLAB X IDE/xc32_v5.00/bin/bin/../../lib/gcc/pic32c/13.2.1/thumb/v6-m/nofp\libgcc.a(_thumb1_case_uqi.o)
 .debug_info    0x0001501f       0x51 D:/MPLAB X IDE/xc32_v5.00/bin/bin/../../lib/gcc/pic32c/13.2.1/thumb/v6-m/nofp\libgcc.a(_divsi3.o)
 .debug_info    0x00015070       0x41 D:/MPLAB X IDE/xc32_v5.00/bin/bin/../../lib/gcc/pic32c/13.2.1/thumb/v6-m/nofp\libgcc.a(_dvmd_tls.o)
 .debug_info    0x000150b1       0x35 D:/MPLAB X IDE/xc32_v5.00/bin/bin/../../lib/gcc/pic32c/13.2.1/thumb/v6-m/nofp\libgcc.a(_aeabi_uldivmod.o)
 .debug_info    0x000150e6      0x3fc D:/MPLAB X IDE/xc32_v5.00/bin/bin/../../lib/gcc/pic32c/13.2.1/thumb/v6-m/nofp\libgcc.a(_udivmoddi4.o)
 .debug_info    0x000154e2       0x43 D:/MPLAB X IDE/xc32_v5.00/bin/bin/../../lib/gcc/pic32c/13.2.1/thumb/v6-m/nofp\libgcc.a(_lshrdi3.o)
 .debug_info    0x00015525       0x43 D:/MPLAB X IDE/xc32_v5.00/bin/bin/../../lib/gcc/pic32c/13.2.1/thumb/v6-m/nofp\libgcc.a(_ashldi3.o)
 .debug_info    0x00015568       0x26 D:/MPLAB X IDE/xc32_v5.00/bin/bin/../../lib/gcc/pic32c/13.2.1/thumb/v6-m/nofp\libgcc.a(_clzdi2.o)
 .debug_info    0x0001558e       0x35 D:/MPLAB X IDE/xc32_v5.00/bin/bin/../../lib/gcc/pic32c/13.2.1/thumb/v6-m/nofp\libgcc.a(_clzsi2.o)
 .debug_info    0x000155c3      0x117 D:/MPLAB X IDE/xc32_v5.00/bin/bin/../../lib/gcc/pic32c/13.2.1/../../../../pic32c/lib/thumb/v6-m/nofp\libpic32c.a(pic32_data_init_clear.o)
 .debug_info    0x000156da      0x12c D:/MPLAB X IDE/xc32_v5.00/bin/bin/../../lib/gcc/pic32c/13.2.1/../../../../pic32c/lib/thumb/v6-m/nofp\libpic32c.a(pic32_data_init_copy.o)

.debug_abbrev   0x00000000     0x5aba
 .debug_abbrev  0x00000000      0x2c1 build/default/production/_ext/60165182/plib_can1.o
 .debug_abbrev  0x000002c1      0x114 build/default/production/_ext/1984496892/plib_clock.o
 .debug_abbrev  0x000003d5      0x24c build/default/production/_ext/1865161661/plib_dmac.o
 .debug_abbrev  0x00000621       0x46 build/default/production/_ext/1986646378/plib_evsys.o
 .debug_abbrev  0x00000667      0x221 build/default/production/_ext/1865468468/plib_nvic.o
 .debug_abbrev  0x00000888      0x1a9 build/default/production/_ext/1593096446/plib_nvmctrl.o
 .debug_abbrev  0x00000a31      0x18c build/default/production/_ext/1865521619/plib_port.o
 .debug_abbrev  0x00000bbd      0x222 build/default/production/_ext/17022449/plib_sercom3_spi_master.o
 .debug_abbrev  0x00000ddf      0x222 build/default/production/_ext/17022449/plib_sercom0_spi_master.o
 .debug_abbrev  0x00001001      0x324 build/default/production/_ext/504274921/plib_sercom7_usart.o
 .debug_abbrev  0x00001325      0x244 build/default/production/_ext/504274921/plib_sercom5_usart.o
 .debug_abbrev  0x00001569      0x156 build/default/production/_ext/829342655/plib_tc0.o
 .debug_abbrev  0x000016bf      0x115 build/default/production/_ext/1171490990/initialization.o
 .debug_abbrev  0x000017d4       0xeb build/default/production/_ext/1171490990/interrupts.o
 .debug_abbrev  0x000018bf       0x49 build/default/production/_ext/1171490990/exceptions.o
 .debug_abbrev  0x00001908      0x12c build/default/production/_ext/1171490990/startup_xc32.o
 .debug_abbrev  0x00001a34      0x13d build/default/production/_ext/1171490990/freertos_hooks.o
 .debug_abbrev  0x00001b71      0x136 build/default/production/_ext/1171490990/tasks.o
 .debug_abbrev  0x00001ca7      0x319 build/default/production/_ext/984881635/dbg_print.o
 .debug_abbrev  0x00001fc0      0x228 build/default/production/_ext/984881635/dbg_transport.o
 .debug_abbrev  0x000021e8      0x182 build/default/production/_ext/1624415188/port.o
 .debug_abbrev  0x0000236a       0xc7 build/default/production/_ext/1624415188/portasm.o
 .debug_abbrev  0x00002431      0x151 build/default/production/_ext/1665200909/heap_1.o
 .debug_abbrev  0x00002582       0xf9 build/default/production/_ext/404212886/list.o
 .debug_abbrev  0x0000267b      0x2d5 build/default/production/_ext/404212886/queue.o
 .debug_abbrev  0x00002950      0x2f9 build/default/production/_ext/404212886/FreeRTOS_tasks.o
 .debug_abbrev  0x00002c49      0x1c2 build/default/production/_ext/1360937237/main.o
 .debug_abbrev  0x00002e0b       0xd8 build/default/production/_ext/1360937237/tmc4671_task.o
 .debug_abbrev  0x00002ee3      0x2cb build/default/production/_ext/1360937237/can_gatekeeper_task.o
 .debug_abbrev  0x000031ae       0xd8 build/default/production/_ext/1360937237/tmc2209_task.o
 .debug_abbrev  0x00003286       0xd8 build/default/production/_ext/1360937237/supervisor_task.o
 .debug_abbrev  0x0000335e       0xd8 build/default/production/_ext/1360937237/debug_task.o
 .debug_abbrev  0x00003436      0x12a build/default/production/_ext/1360937237/init_functions.o
 .debug_abbrev  0x00003560      0x183 build/default/production/_ext/1360937237/can_isr_callbacks.o
 .debug_abbrev  0x000036e3       0xbf build/default/production/_ext/1360937237/can_state.o
 .debug_abbrev  0x000037a2      0x156 D:/MPLAB X IDE/xc32_v5.00/bin/bin/../../lib/gcc/pic32c/13.2.1/../../../../pic32c/lib/thumb/v6-m/nofp\libpic32c.a(data_init.o)
 .debug_abbrev  0x000038f8       0xbb D:/MPLAB X IDE/xc32_v5.00/bin/bin/../../lib/gcc/pic32c/13.2.1/../../../../pic32c/lib/thumb/v6-m/nofp\libc-size-musl.a(memcpy.o)
 .debug_abbrev  0x000039b3       0xa2 D:/MPLAB X IDE/xc32_v5.00/bin/bin/../../lib/gcc/pic32c/13.2.1/../../../../pic32c/lib/thumb/v6-m/nofp\libc-size-musl.a(memset.o)
 .debug_abbrev  0x00003a55      0x133 D:/MPLAB X IDE/xc32_v5.00/bin/bin/../../lib/gcc/pic32c/13.2.1/../../../../pic32c/lib/thumb/v6-m/nofp\libc-musl.a(__libc_start_main.o)
 .debug_abbrev  0x00003b88       0xd4 D:/MPLAB X IDE/xc32_v5.00/bin/bin/../../lib/gcc/pic32c/13.2.1/../../../../pic32c/lib/thumb/v6-m/nofp\libc-musl.a(libc.o)
 .debug_abbrev  0x00003c5c      0x198 D:/MPLAB X IDE/xc32_v5.00/bin/bin/../../lib/gcc/pic32c/13.2.1/../../../../pic32c/lib/thumb/v6-m/nofp\libc-musl.a(vsnprintf.o)
 .debug_abbrev  0x00003df4      0x10e D:/MPLAB X IDE/xc32_v5.00/bin/bin/../../lib/gcc/pic32c/13.2.1/../../../../pic32c/lib/thumb/v6-m/nofp\libc-musl.a(snprintf.o)
 .debug_abbrev  0x00003f02       0x62 D:/MPLAB X IDE/xc32_v5.00/bin/bin/../../lib/gcc/pic32c/13.2.1/../../../../pic32c/lib/thumb/v6-m/nofp\libc-musl.a(__environ.o)
 .debug_abbrev  0x00003f64       0x39 D:/MPLAB X IDE/xc32_v5.00/bin/bin/../../lib/gcc/pic32c/13.2.1/../../../../pic32c/lib/thumb/v6-m/nofp\libc-musl.a(__errno_location.o)
 .debug_abbrev  0x00003f9d      0x1a1 D:/MPLAB X IDE/xc32_v5.00/bin/bin/../../lib/gcc/pic32c/13.2.1/../../../../pic32c/lib/thumb/v6-m/nofp\libc-musl.a(vfprintf.o)
 .debug_abbrev  0x0000413e       0xdc D:/MPLAB X IDE/xc32_v5.00/bin/bin/../../lib/gcc/pic32c/13.2.1/../../../../pic32c/lib/thumb/v6-m/nofp\libc-musl.a(__pop_float.o)
 .debug_abbrev  0x0000421a       0xdc D:/MPLAB X IDE/xc32_v5.00/bin/bin/../../lib/gcc/pic32c/13.2.1/../../../../pic32c/lib/thumb/v6-m/nofp\libc-musl.a(__pop_int.o)
 .debug_abbrev  0x000042f6       0xdc D:/MPLAB X IDE/xc32_v5.00/bin/bin/../../lib/gcc/pic32c/13.2.1/../../../../pic32c/lib/thumb/v6-m/nofp\libc-musl.a(__pop_ptr.o)
 .debug_abbrev  0x000043d2      0x324 D:/MPLAB X IDE/xc32_v5.00/bin/bin/../../lib/gcc/pic32c/13.2.1/../../../../pic32c/lib/thumb/v6-m/nofp\libc-musl.a(__printf_core.o)
 .debug_abbrev  0x000046f6       0xc6 D:/MPLAB X IDE/xc32_v5.00/bin/bin/../../lib/gcc/pic32c/13.2.1/../../../../pic32c/lib/thumb/v6-m/nofp\libc-musl.a(atoi.o)
 .debug_abbrev  0x000047bc       0xf4 D:/MPLAB X IDE/xc32_v5.00/bin/bin/../../lib/gcc/pic32c/13.2.1/../../../../pic32c/lib/thumb/v6-m/nofp\libc-musl.a(tolower.o)
 .debug_abbrev  0x000048b0      0x1eb D:/MPLAB X IDE/xc32_v5.00/bin/bin/../../lib/gcc/pic32c/13.2.1/../../../../pic32c/lib/thumb/v6-m/nofp\libc-musl.a(__fmt_a.o)
 .debug_abbrev  0x00004a9b      0x16b D:/MPLAB X IDE/xc32_v5.00/bin/bin/../../lib/gcc/pic32c/13.2.1/../../../../pic32c/lib/thumb/v6-m/nofp\libc-musl.a(__fmt_d.o)
 .debug_abbrev  0x00004c06      0x1ee D:/MPLAB X IDE/xc32_v5.00/bin/bin/../../lib/gcc/pic32c/13.2.1/../../../../pic32c/lib/thumb/v6-m/nofp\libc-musl.a(__fmt_fp.o)
 .debug_abbrev  0x00004df4      0x16b D:/MPLAB X IDE/xc32_v5.00/bin/bin/../../lib/gcc/pic32c/13.2.1/../../../../pic32c/lib/thumb/v6-m/nofp\libc-musl.a(__fmt_o.o)
 .debug_abbrev  0x00004f5f      0x16f D:/MPLAB X IDE/xc32_v5.00/bin/bin/../../lib/gcc/pic32c/13.2.1/../../../../pic32c/lib/thumb/v6-m/nofp\libc-musl.a(__fmt_s.o)
 .debug_abbrev  0x000050ce      0x16b D:/MPLAB X IDE/xc32_v5.00/bin/bin/../../lib/gcc/pic32c/13.2.1/../../../../pic32c/lib/thumb/v6-m/nofp\libc-musl.a(__fmt_u.o)
 .debug_abbrev  0x00005239      0x15a D:/MPLAB X IDE/xc32_v5.00/bin/bin/../../lib/gcc/pic32c/13.2.1/../../../../pic32c/lib/thumb/v6-m/nofp\libc-musl.a(__fmt_x.o)
 .debug_abbrev  0x00005393       0xf4 D:/MPLAB X IDE/xc32_v5.00/bin/bin/../../lib/gcc/pic32c/13.2.1/../../../../pic32c/lib/thumb/v6-m/nofp\libc-musl.a(toupper.o)
 .debug_abbrev  0x00005487      0x10c D:/MPLAB X IDE/xc32_v5.00/bin/bin/../../lib/gcc/pic32c/13.2.1/../../../../pic32c/lib/thumb/v6-m/nofp\libc-musl.a(__cvt_u.o)
 .debug_abbrev  0x00005593       0x91 D:/MPLAB X IDE/xc32_v5.00/bin/bin/../../lib/gcc/pic32c/13.2.1/../../../../pic32c/lib/thumb/v6-m/nofp\libc-size-musl.a(strlen.o)
 .debug_abbrev  0x00005624       0xb5 D:/MPLAB X IDE/xc32_v5.00/bin/bin/../../lib/gcc/pic32c/13.2.1/../../../../pic32c/lib/thumb/v6-m/nofp\libc-size-musl.a(strcpy.o)
 .debug_abbrev  0x000056d9       0x6e D:/MPLAB X IDE/xc32_v5.00/bin/bin/../../lib/gcc/pic32c/13.2.1/../../../../pic32c/lib/thumb/v6-m/nofp\libc-size-musl.a(stpcpy.o)
 .debug_abbrev  0x00005747       0x21 D:/MPLAB X IDE/xc32_v5.00/bin/bin/../../lib/gcc/pic32c/13.2.1/thumb/v6-m/nofp\libgcc.a(_thumb1_case_uqi.o)
 .debug_abbrev  0x00005768       0x21 D:/MPLAB X IDE/xc32_v5.00/bin/bin/../../lib/gcc/pic32c/13.2.1/thumb/v6-m/nofp\libgcc.a(_divsi3.o)
 .debug_abbrev  0x00005789       0x1f D:/MPLAB X IDE/xc32_v5.00/bin/bin/../../lib/gcc/pic32c/13.2.1/thumb/v6-m/nofp\libgcc.a(_dvmd_tls.o)
 .debug_abbrev  0x000057a8       0x21 D:/MPLAB X IDE/xc32_v5.00/bin/bin/../../lib/gcc/pic32c/13.2.1/thumb/v6-m/nofp\libgcc.a(_aeabi_uldivmod.o)
 .debug_abbrev  0x000057c9      0x11c D:/MPLAB X IDE/xc32_v5.00/bin/bin/../../lib/gcc/pic32c/13.2.1/thumb/v6-m/nofp\libgcc.a(_udivmoddi4.o)
 .debug_abbrev  0x000058e5       0x21 D:/MPLAB X IDE/xc32_v5.00/bin/bin/../../lib/gcc/pic32c/13.2.1/thumb/v6-m/nofp\libgcc.a(_lshrdi3.o)
 .debug_abbrev  0x00005906       0x21 D:/MPLAB X IDE/xc32_v5.00/bin/bin/../../lib/gcc/pic32c/13.2.1/thumb/v6-m/nofp\libgcc.a(_ashldi3.o)
 .debug_abbrev  0x00005927       0x14 D:/MPLAB X IDE/xc32_v5.00/bin/bin/../../lib/gcc/pic32c/13.2.1/thumb/v6-m/nofp\libgcc.a(_clzdi2.o)
 .debug_abbrev  0x0000593b       0x21 D:/MPLAB X IDE/xc32_v5.00/bin/bin/../../lib/gcc/pic32c/13.2.1/thumb/v6-m/nofp\libgcc.a(_clzsi2.o)
 .debug_abbrev  0x0000595c       0xa5 D:/MPLAB X IDE/xc32_v5.00/bin/bin/../../lib/gcc/pic32c/13.2.1/../../../../pic32c/lib/thumb/v6-m/nofp\libpic32c.a(pic32_data_init_clear.o)
 .debug_abbrev  0x00005a01       0xb9 D:/MPLAB X IDE/xc32_v5.00/bin/bin/../../lib/gcc/pic32c/13.2.1/../../../../pic32c/lib/thumb/v6-m/nofp\libpic32c.a(pic32_data_init_copy.o)

.debug_loc      0x00000000     0x865a
 .debug_loc     0x00000000      0x3f8 build/default/production/_ext/60165182/plib_can1.o
 .debug_loc     0x000003f8      0x16c build/default/production/_ext/1984496892/plib_clock.o
 .debug_loc     0x00000564      0x368 build/default/production/_ext/1865161661/plib_dmac.o
 .debug_loc     0x000008cc       0x2c build/default/production/_ext/1986646378/plib_evsys.o
 .debug_loc     0x000008f8      0x218 build/default/production/_ext/1865468468/plib_nvic.o
 .debug_loc     0x00000b10      0x388 build/default/production/_ext/1593096446/plib_nvmctrl.o
 .debug_loc     0x00000e98      0x25c build/default/production/_ext/1865521619/plib_port.o
 .debug_loc     0x000010f4      0x1e0 build/default/production/_ext/17022449/plib_sercom3_spi_master.o
 .debug_loc     0x000012d4      0x1e0 build/default/production/_ext/17022449/plib_sercom0_spi_master.o
 .debug_loc     0x000014b4      0x696 build/default/production/_ext/504274921/plib_sercom7_usart.o
 .debug_loc     0x00001b4a      0x386 build/default/production/_ext/504274921/plib_sercom5_usart.o
 .debug_loc     0x00001ed0      0x1e8 build/default/production/_ext/829342655/plib_tc0.o
 .debug_loc     0x000020b8       0x38 build/default/production/_ext/1171490990/initialization.o
 .debug_loc     0x000020f0       0x58 build/default/production/_ext/1171490990/interrupts.o
 .debug_loc     0x00002148       0x58 build/default/production/_ext/1171490990/exceptions.o
 .debug_loc     0x000021a0       0x20 build/default/production/_ext/1171490990/startup_xc32.o
 .debug_loc     0x000021c0      0x12c build/default/production/_ext/1171490990/freertos_hooks.o
 .debug_loc     0x000022ec      0x150 build/default/production/_ext/1171490990/tasks.o
 .debug_loc     0x0000243c      0x27e build/default/production/_ext/984881635/dbg_print.o
 .debug_loc     0x000026ba      0x120 build/default/production/_ext/984881635/dbg_transport.o
 .debug_loc     0x000027da      0x220 build/default/production/_ext/1624415188/port.o
 .debug_loc     0x000029fa       0xf4 build/default/production/_ext/1665200909/heap_1.o
 .debug_loc     0x00002aee      0x118 build/default/production/_ext/404212886/list.o
 .debug_loc     0x00002c06      0x701 build/default/production/_ext/404212886/queue.o
 .debug_loc     0x00003307      0xcba build/default/production/_ext/404212886/FreeRTOS_tasks.o
 .debug_loc     0x00003fc1       0x38 build/default/production/_ext/1360937237/main.o
 .debug_loc     0x00003ff9       0x64 build/default/production/_ext/1360937237/tmc4671_task.o
 .debug_loc     0x0000405d      0x224 build/default/production/_ext/1360937237/can_gatekeeper_task.o
 .debug_loc     0x00004281       0x64 build/default/production/_ext/1360937237/tmc2209_task.o
 .debug_loc     0x000042e5       0x64 build/default/production/_ext/1360937237/supervisor_task.o
 .debug_loc     0x00004349       0x64 build/default/production/_ext/1360937237/debug_task.o
 .debug_loc     0x000043ad       0x58 build/default/production/_ext/1360937237/init_functions.o
 .debug_loc     0x00004405       0xa8 build/default/production/_ext/1360937237/can_isr_callbacks.o
 .debug_loc     0x000044ad      0x113 D:/MPLAB X IDE/xc32_v5.00/bin/bin/../../lib/gcc/pic32c/13.2.1/../../../../pic32c/lib/thumb/v6-m/nofp\libpic32c.a(data_init.o)
 .debug_loc     0x000045c0      0x12d D:/MPLAB X IDE/xc32_v5.00/bin/bin/../../lib/gcc/pic32c/13.2.1/../../../../pic32c/lib/thumb/v6-m/nofp\libc-size-musl.a(memcpy.o)
 .debug_loc     0x000046ed       0xe5 D:/MPLAB X IDE/xc32_v5.00/bin/bin/../../lib/gcc/pic32c/13.2.1/../../../../pic32c/lib/thumb/v6-m/nofp\libc-size-musl.a(memset.o)
 .debug_loc     0x000047d2       0x5e D:/MPLAB X IDE/xc32_v5.00/bin/bin/../../lib/gcc/pic32c/13.2.1/../../../../pic32c/lib/thumb/v6-m/nofp\libc-musl.a(__libc_start_main.o)
 .debug_loc     0x00004830      0x120 D:/MPLAB X IDE/xc32_v5.00/bin/bin/../../lib/gcc/pic32c/13.2.1/../../../../pic32c/lib/thumb/v6-m/nofp\libc-musl.a(vsnprintf.o)
 .debug_loc     0x00004950       0x97 D:/MPLAB X IDE/xc32_v5.00/bin/bin/../../lib/gcc/pic32c/13.2.1/../../../../pic32c/lib/thumb/v6-m/nofp\libc-musl.a(snprintf.o)
 .debug_loc     0x000049e7       0xdc D:/MPLAB X IDE/xc32_v5.00/bin/bin/../../lib/gcc/pic32c/13.2.1/../../../../pic32c/lib/thumb/v6-m/nofp\libc-musl.a(vfprintf.o)
 .debug_loc     0x00004ac3       0xfb D:/MPLAB X IDE/xc32_v5.00/bin/bin/../../lib/gcc/pic32c/13.2.1/../../../../pic32c/lib/thumb/v6-m/nofp\libc-musl.a(__pop_float.o)
 .debug_loc     0x00004bbe      0x374 D:/MPLAB X IDE/xc32_v5.00/bin/bin/../../lib/gcc/pic32c/13.2.1/../../../../pic32c/lib/thumb/v6-m/nofp\libc-musl.a(__pop_int.o)
 .debug_loc     0x00004f32      0x1a1 D:/MPLAB X IDE/xc32_v5.00/bin/bin/../../lib/gcc/pic32c/13.2.1/../../../../pic32c/lib/thumb/v6-m/nofp\libc-musl.a(__pop_ptr.o)
 .debug_loc     0x000050d3      0x68c D:/MPLAB X IDE/xc32_v5.00/bin/bin/../../lib/gcc/pic32c/13.2.1/../../../../pic32c/lib/thumb/v6-m/nofp\libc-musl.a(__printf_core.o)
 .debug_loc     0x0000575f       0xbc D:/MPLAB X IDE/xc32_v5.00/bin/bin/../../lib/gcc/pic32c/13.2.1/../../../../pic32c/lib/thumb/v6-m/nofp\libc-musl.a(atoi.o)
 .debug_loc     0x0000581b       0xa1 D:/MPLAB X IDE/xc32_v5.00/bin/bin/../../lib/gcc/pic32c/13.2.1/../../../../pic32c/lib/thumb/v6-m/nofp\libc-musl.a(tolower.o)
 .debug_loc     0x000058bc      0xd70 D:/MPLAB X IDE/xc32_v5.00/bin/bin/../../lib/gcc/pic32c/13.2.1/../../../../pic32c/lib/thumb/v6-m/nofp\libc-musl.a(__fmt_a.o)
 .debug_loc     0x0000662c      0x2b3 D:/MPLAB X IDE/xc32_v5.00/bin/bin/../../lib/gcc/pic32c/13.2.1/../../../../pic32c/lib/thumb/v6-m/nofp\libc-musl.a(__fmt_d.o)
 .debug_loc     0x000068df      0xc86 D:/MPLAB X IDE/xc32_v5.00/bin/bin/../../lib/gcc/pic32c/13.2.1/../../../../pic32c/lib/thumb/v6-m/nofp\libc-musl.a(__fmt_fp.o)
 .debug_loc     0x00007565      0x13e D:/MPLAB X IDE/xc32_v5.00/bin/bin/../../lib/gcc/pic32c/13.2.1/../../../../pic32c/lib/thumb/v6-m/nofp\libc-musl.a(__fmt_o.o)
 .debug_loc     0x000076a3      0x150 D:/MPLAB X IDE/xc32_v5.00/bin/bin/../../lib/gcc/pic32c/13.2.1/../../../../pic32c/lib/thumb/v6-m/nofp\libc-musl.a(__fmt_s.o)
 .debug_loc     0x000077f3      0x13e D:/MPLAB X IDE/xc32_v5.00/bin/bin/../../lib/gcc/pic32c/13.2.1/../../../../pic32c/lib/thumb/v6-m/nofp\libc-musl.a(__fmt_u.o)
 .debug_loc     0x00007931      0x3d5 D:/MPLAB X IDE/xc32_v5.00/bin/bin/../../lib/gcc/pic32c/13.2.1/../../../../pic32c/lib/thumb/v6-m/nofp\libc-musl.a(__fmt_x.o)
 .debug_loc     0x00007d06       0xa1 D:/MPLAB X IDE/xc32_v5.00/bin/bin/../../lib/gcc/pic32c/13.2.1/../../../../pic32c/lib/thumb/v6-m/nofp\libc-musl.a(toupper.o)
 .debug_loc     0x00007da7      0x1d9 D:/MPLAB X IDE/xc32_v5.00/bin/bin/../../lib/gcc/pic32c/13.2.1/../../../../pic32c/lib/thumb/v6-m/nofp\libc-musl.a(__cvt_u.o)
 .debug_loc     0x00007f80       0x93 D:/MPLAB X IDE/xc32_v5.00/bin/bin/../../lib/gcc/pic32c/13.2.1/../../../../pic32c/lib/thumb/v6-m/nofp\libc-size-musl.a(strlen.o)
 .debug_loc     0x00008013       0x7a D:/MPLAB X IDE/xc32_v5.00/bin/bin/../../lib/gcc/pic32c/13.2.1/../../../../pic32c/lib/thumb/v6-m/nofp\libc-size-musl.a(strcpy.o)
 .debug_loc     0x0000808d       0xb5 D:/MPLAB X IDE/xc32_v5.00/bin/bin/../../lib/gcc/pic32c/13.2.1/../../../../pic32c/lib/thumb/v6-m/nofp\libc-size-musl.a(stpcpy.o)
 .debug_loc     0x00008142      0x28a D:/MPLAB X IDE/xc32_v5.00/bin/bin/../../lib/gcc/pic32c/13.2.1/thumb/v6-m/nofp\libgcc.a(_udivmoddi4.o)
 .debug_loc     0x000083cc       0xf7 D:/MPLAB X IDE/xc32_v5.00/bin/bin/../../lib/gcc/pic32c/13.2.1/../../../../pic32c/lib/thumb/v6-m/nofp\libpic32c.a(pic32_data_init_clear.o)
 .debug_loc     0x000084c3      0x197 D:/MPLAB X IDE/xc32_v5.00/bin/bin/../../lib/gcc/pic32c/13.2.1/../../../../pic32c/lib/thumb/v6-m/nofp\libpic32c.a(pic32_data_init_copy.o)

.debug_aranges  0x00000000     0x1328
 .debug_aranges
                0x00000000       0xb0 build/default/production/_ext/60165182/plib_can1.o
 .debug_aranges
                0x000000b0       0x58 build/default/production/_ext/1984496892/plib_clock.o
 .debug_aranges
                0x00000108       0x98 build/default/production/_ext/1865161661/plib_dmac.o
 .debug_aranges
                0x000001a0       0x20 build/default/production/_ext/1986646378/plib_evsys.o
 .debug_aranges
                0x000001c0       0x68 build/default/production/_ext/1865468468/plib_nvic.o
 .debug_aranges
                0x00000228       0xa0 build/default/production/_ext/1593096446/plib_nvmctrl.o
 .debug_aranges
                0x000002c8       0x70 build/default/production/_ext/1865521619/plib_port.o
 .debug_aranges
                0x00000338       0x60 build/default/production/_ext/17022449/plib_sercom3_spi_master.o
 .debug_aranges
                0x00000398       0x60 build/default/production/_ext/17022449/plib_sercom0_spi_master.o
 .debug_aranges
                0x000003f8      0x118 build/default/production/_ext/504274921/plib_sercom7_usart.o
 .debug_aranges
                0x00000510       0xa8 build/default/production/_ext/504274921/plib_sercom5_usart.o
 .debug_aranges
                0x000005b8       0x68 build/default/production/_ext/829342655/plib_tc0.o
 .debug_aranges
                0x00000620       0x20 build/default/production/_ext/1171490990/initialization.o
 .debug_aranges
                0x00000640       0x30 build/default/production/_ext/1171490990/interrupts.o
 .debug_aranges
                0x00000670       0x28 build/default/production/_ext/1171490990/exceptions.o
 .debug_aranges
                0x00000698       0x28 build/default/production/_ext/1171490990/startup_xc32.o
 .debug_aranges
                0x000006c0       0x48 build/default/production/_ext/1171490990/freertos_hooks.o
 .debug_aranges
                0x00000708       0x48 build/default/production/_ext/1171490990/tasks.o
 .debug_aranges
                0x00000750       0x78 build/default/production/_ext/984881635/dbg_print.o
 .debug_aranges
                0x000007c8       0x48 build/default/production/_ext/984881635/dbg_transport.o
 .debug_aranges
                0x00000810       0x70 build/default/production/_ext/1624415188/port.o
 .debug_aranges
                0x00000880       0x60 build/default/production/_ext/1624415188/portasm.o
 .debug_aranges
                0x000008e0       0x40 build/default/production/_ext/1665200909/heap_1.o
 .debug_aranges
                0x00000920       0x40 build/default/production/_ext/404212886/list.o
 .debug_aranges
                0x00000960      0x118 build/default/production/_ext/404212886/queue.o
 .debug_aranges
                0x00000a78      0x1f0 build/default/production/_ext/404212886/FreeRTOS_tasks.o
 .debug_aranges
                0x00000c68       0x20 build/default/production/_ext/1360937237/main.o
 .debug_aranges
                0x00000c88       0x28 build/default/production/_ext/1360937237/tmc4671_task.o
 .debug_aranges
                0x00000cb0       0x68 build/default/production/_ext/1360937237/can_gatekeeper_task.o
 .debug_aranges
                0x00000d18       0x28 build/default/production/_ext/1360937237/tmc2209_task.o
 .debug_aranges
                0x00000d40       0x28 build/default/production/_ext/1360937237/supervisor_task.o
 .debug_aranges
                0x00000d68       0x28 build/default/production/_ext/1360937237/debug_task.o
 .debug_aranges
                0x00000d90       0x28 build/default/production/_ext/1360937237/init_functions.o
 .debug_aranges
                0x00000db8       0x30 build/default/production/_ext/1360937237/can_isr_callbacks.o
 .debug_aranges
                0x00000de8       0x18 build/default/production/_ext/1360937237/can_state.o
 .debug_aranges
                0x00000e00       0x30 D:/MPLAB X IDE/xc32_v5.00/bin/bin/../../lib/gcc/pic32c/13.2.1/../../../../pic32c/lib/thumb/v6-m/nofp\libpic32c.a(data_init.o)
 .debug_aranges
                0x00000e30       0x20 D:/MPLAB X IDE/xc32_v5.00/bin/bin/../../lib/gcc/pic32c/13.2.1/../../../../pic32c/lib/thumb/v6-m/nofp\libc-size-musl.a(memcpy.o)
 .debug_aranges
                0x00000e50       0x20 D:/MPLAB X IDE/xc32_v5.00/bin/bin/../../lib/gcc/pic32c/13.2.1/../../../../pic32c/lib/thumb/v6-m/nofp\libc-size-musl.a(memset.o)
 .debug_aranges
                0x00000e70       0x28 D:/MPLAB X IDE/xc32_v5.00/bin/bin/../../lib/gcc/pic32c/13.2.1/../../../../pic32c/lib/thumb/v6-m/nofp\libc-musl.a(__libc_start_main.o)
 .debug_aranges
                0x00000e98       0x18 D:/MPLAB X IDE/xc32_v5.00/bin/bin/../../lib/gcc/pic32c/13.2.1/../../../../pic32c/lib/thumb/v6-m/nofp\libc-musl.a(libc.o)
 .debug_aranges
                0x00000eb0       0x20 D:/MPLAB X IDE/xc32_v5.00/bin/bin/../../lib/gcc/pic32c/13.2.1/../../../../pic32c/lib/thumb/v6-m/nofp\libc-musl.a(vsnprintf.o)
 .debug_aranges
                0x00000ed0       0x20 D:/MPLAB X IDE/xc32_v5.00/bin/bin/../../lib/gcc/pic32c/13.2.1/../../../../pic32c/lib/thumb/v6-m/nofp\libc-musl.a(snprintf.o)
 .debug_aranges
                0x00000ef0       0x18 D:/MPLAB X IDE/xc32_v5.00/bin/bin/../../lib/gcc/pic32c/13.2.1/../../../../pic32c/lib/thumb/v6-m/nofp\libc-musl.a(__environ.o)
 .debug_aranges
                0x00000f08       0x18 D:/MPLAB X IDE/xc32_v5.00/bin/bin/../../lib/gcc/pic32c/13.2.1/../../../../pic32c/lib/thumb/v6-m/nofp\libc-musl.a(__errno_location.o)
 .debug_aranges
                0x00000f20       0x28 D:/MPLAB X IDE/xc32_v5.00/bin/bin/../../lib/gcc/pic32c/13.2.1/../../../../pic32c/lib/thumb/v6-m/nofp\libc-musl.a(vfprintf.o)
 .debug_aranges
                0x00000f48       0x20 D:/MPLAB X IDE/xc32_v5.00/bin/bin/../../lib/gcc/pic32c/13.2.1/../../../../pic32c/lib/thumb/v6-m/nofp\libc-musl.a(__pop_float.o)
 .debug_aranges
                0x00000f68       0x20 D:/MPLAB X IDE/xc32_v5.00/bin/bin/../../lib/gcc/pic32c/13.2.1/../../../../pic32c/lib/thumb/v6-m/nofp\libc-musl.a(__pop_int.o)
 .debug_aranges
                0x00000f88       0x20 D:/MPLAB X IDE/xc32_v5.00/bin/bin/../../lib/gcc/pic32c/13.2.1/../../../../pic32c/lib/thumb/v6-m/nofp\libc-musl.a(__pop_ptr.o)
 .debug_aranges
                0x00000fa8       0x50 D:/MPLAB X IDE/xc32_v5.00/bin/bin/../../lib/gcc/pic32c/13.2.1/../../../../pic32c/lib/thumb/v6-m/nofp\libc-musl.a(__printf_core.o)
 .debug_aranges
                0x00000ff8       0x20 D:/MPLAB X IDE/xc32_v5.00/bin/bin/../../lib/gcc/pic32c/13.2.1/../../../../pic32c/lib/thumb/v6-m/nofp\libc-musl.a(atoi.o)
 .debug_aranges
                0x00001018       0x28 D:/MPLAB X IDE/xc32_v5.00/bin/bin/../../lib/gcc/pic32c/13.2.1/../../../../pic32c/lib/thumb/v6-m/nofp\libc-musl.a(tolower.o)
 .debug_aranges
                0x00001040       0x20 D:/MPLAB X IDE/xc32_v5.00/bin/bin/../../lib/gcc/pic32c/13.2.1/../../../../pic32c/lib/thumb/v6-m/nofp\libc-musl.a(__fmt_a.o)
 .debug_aranges
                0x00001060       0x20 D:/MPLAB X IDE/xc32_v5.00/bin/bin/../../lib/gcc/pic32c/13.2.1/../../../../pic32c/lib/thumb/v6-m/nofp\libc-musl.a(__fmt_d.o)
 .debug_aranges
                0x00001080       0x20 D:/MPLAB X IDE/xc32_v5.00/bin/bin/../../lib/gcc/pic32c/13.2.1/../../../../pic32c/lib/thumb/v6-m/nofp\libc-musl.a(__fmt_fp.o)
 .debug_aranges
                0x000010a0       0x20 D:/MPLAB X IDE/xc32_v5.00/bin/bin/../../lib/gcc/pic32c/13.2.1/../../../../pic32c/lib/thumb/v6-m/nofp\libc-musl.a(__fmt_o.o)
 .debug_aranges
                0x000010c0       0x20 D:/MPLAB X IDE/xc32_v5.00/bin/bin/../../lib/gcc/pic32c/13.2.1/../../../../pic32c/lib/thumb/v6-m/nofp\libc-musl.a(__fmt_s.o)
 .debug_aranges
                0x000010e0       0x20 D:/MPLAB X IDE/xc32_v5.00/bin/bin/../../lib/gcc/pic32c/13.2.1/../../../../pic32c/lib/thumb/v6-m/nofp\libc-musl.a(__fmt_u.o)
 .debug_aranges
                0x00001100       0x20 D:/MPLAB X IDE/xc32_v5.00/bin/bin/../../lib/gcc/pic32c/13.2.1/../../../../pic32c/lib/thumb/v6-m/nofp\libc-musl.a(__fmt_x.o)
 .debug_aranges
                0x00001120       0x28 D:/MPLAB X IDE/xc32_v5.00/bin/bin/../../lib/gcc/pic32c/13.2.1/../../../../pic32c/lib/thumb/v6-m/nofp\libc-musl.a(toupper.o)
 .debug_aranges
                0x00001148       0x20 D:/MPLAB X IDE/xc32_v5.00/bin/bin/../../lib/gcc/pic32c/13.2.1/../../../../pic32c/lib/thumb/v6-m/nofp\libc-musl.a(__cvt_u.o)
 .debug_aranges
                0x00001168       0x20 D:/MPLAB X IDE/xc32_v5.00/bin/bin/../../lib/gcc/pic32c/13.2.1/../../../../pic32c/lib/thumb/v6-m/nofp\libc-size-musl.a(strlen.o)
 .debug_aranges
                0x00001188       0x20 D:/MPLAB X IDE/xc32_v5.00/bin/bin/../../lib/gcc/pic32c/13.2.1/../../../../pic32c/lib/thumb/v6-m/nofp\libc-size-musl.a(strcpy.o)
 .debug_aranges
                0x000011a8       0x20 D:/MPLAB X IDE/xc32_v5.00/bin/bin/../../lib/gcc/pic32c/13.2.1/../../../../pic32c/lib/thumb/v6-m/nofp\libc-size-musl.a(stpcpy.o)
 .debug_aranges
                0x000011c8       0x20 D:/MPLAB X IDE/xc32_v5.00/bin/bin/../../lib/gcc/pic32c/13.2.1/thumb/v6-m/nofp\libgcc.a(_thumb1_case_uqi.o)
 .debug_aranges
                0x000011e8       0x20 D:/MPLAB X IDE/xc32_v5.00/bin/bin/../../lib/gcc/pic32c/13.2.1/thumb/v6-m/nofp\libgcc.a(_divsi3.o)
 .debug_aranges
                0x00001208       0x20 D:/MPLAB X IDE/xc32_v5.00/bin/bin/../../lib/gcc/pic32c/13.2.1/thumb/v6-m/nofp\libgcc.a(_dvmd_tls.o)
 .debug_aranges
                0x00001228       0x20 D:/MPLAB X IDE/xc32_v5.00/bin/bin/../../lib/gcc/pic32c/13.2.1/thumb/v6-m/nofp\libgcc.a(_aeabi_uldivmod.o)
 .debug_aranges
                0x00001248       0x20 D:/MPLAB X IDE/xc32_v5.00/bin/bin/../../lib/gcc/pic32c/13.2.1/thumb/v6-m/nofp\libgcc.a(_udivmoddi4.o)
 .debug_aranges
                0x00001268       0x20 D:/MPLAB X IDE/xc32_v5.00/bin/bin/../../lib/gcc/pic32c/13.2.1/thumb/v6-m/nofp\libgcc.a(_lshrdi3.o)
 .debug_aranges
                0x00001288       0x20 D:/MPLAB X IDE/xc32_v5.00/bin/bin/../../lib/gcc/pic32c/13.2.1/thumb/v6-m/nofp\libgcc.a(_ashldi3.o)
 .debug_aranges
                0x000012a8       0x20 D:/MPLAB X IDE/xc32_v5.00/bin/bin/../../lib/gcc/pic32c/13.2.1/thumb/v6-m/nofp\libgcc.a(_clzdi2.o)
 .debug_aranges
                0x000012c8       0x20 D:/MPLAB X IDE/xc32_v5.00/bin/bin/../../lib/gcc/pic32c/13.2.1/thumb/v6-m/nofp\libgcc.a(_clzsi2.o)
 .debug_aranges
                0x000012e8       0x20 D:/MPLAB X IDE/xc32_v5.00/bin/bin/../../lib/gcc/pic32c/13.2.1/../../../../pic32c/lib/thumb/v6-m/nofp\libpic32c.a(pic32_data_init_clear.o)
 .debug_aranges
                0x00001308       0x20 D:/MPLAB X IDE/xc32_v5.00/bin/bin/../../lib/gcc/pic32c/13.2.1/../../../../pic32c/lib/thumb/v6-m/nofp\libpic32c.a(pic32_data_init_copy.o)

.debug_ranges   0x00000000      0xed0
 .debug_ranges  0x00000000       0xa0 build/default/production/_ext/60165182/plib_can1.o
 .debug_ranges  0x000000a0       0x48 build/default/production/_ext/1984496892/plib_clock.o
 .debug_ranges  0x000000e8       0x88 build/default/production/_ext/1865161661/plib_dmac.o
 .debug_ranges  0x00000170       0x10 build/default/production/_ext/1986646378/plib_evsys.o
 .debug_ranges  0x00000180       0x58 build/default/production/_ext/1865468468/plib_nvic.o
 .debug_ranges  0x000001d8       0x90 build/default/production/_ext/1593096446/plib_nvmctrl.o
 .debug_ranges  0x00000268       0x60 build/default/production/_ext/1865521619/plib_port.o
 .debug_ranges  0x000002c8       0x50 build/default/production/_ext/17022449/plib_sercom3_spi_master.o
 .debug_ranges  0x00000318       0x50 build/default/production/_ext/17022449/plib_sercom0_spi_master.o
 .debug_ranges  0x00000368      0x150 build/default/production/_ext/504274921/plib_sercom7_usart.o
 .debug_ranges  0x000004b8       0x98 build/default/production/_ext/504274921/plib_sercom5_usart.o
 .debug_ranges  0x00000550       0x58 build/default/production/_ext/829342655/plib_tc0.o
 .debug_ranges  0x000005a8       0x10 build/default/production/_ext/1171490990/initialization.o
 .debug_ranges  0x000005b8       0x20 build/default/production/_ext/1171490990/interrupts.o
 .debug_ranges  0x000005d8       0x18 build/default/production/_ext/1171490990/exceptions.o
 .debug_ranges  0x000005f0       0x18 build/default/production/_ext/1171490990/startup_xc32.o
 .debug_ranges  0x00000608       0x38 build/default/production/_ext/1171490990/freertos_hooks.o
 .debug_ranges  0x00000640       0x38 build/default/production/_ext/1171490990/tasks.o
 .debug_ranges  0x00000678       0x68 build/default/production/_ext/984881635/dbg_print.o
 .debug_ranges  0x000006e0       0x38 build/default/production/_ext/984881635/dbg_transport.o
 .debug_ranges  0x00000718       0x60 build/default/production/_ext/1624415188/port.o
 .debug_ranges  0x00000778       0x50 build/default/production/_ext/1624415188/portasm.o
 .debug_ranges  0x000007c8       0x30 build/default/production/_ext/1665200909/heap_1.o
 .debug_ranges  0x000007f8       0x30 build/default/production/_ext/404212886/list.o
 .debug_ranges  0x00000828      0x108 build/default/production/_ext/404212886/queue.o
 .debug_ranges  0x00000930      0x200 build/default/production/_ext/404212886/FreeRTOS_tasks.o
 .debug_ranges  0x00000b30       0x10 build/default/production/_ext/1360937237/main.o
 .debug_ranges  0x00000b40       0x30 build/default/production/_ext/1360937237/tmc4671_task.o
 .debug_ranges  0x00000b70       0x58 build/default/production/_ext/1360937237/can_gatekeeper_task.o
 .debug_ranges  0x00000bc8       0x30 build/default/production/_ext/1360937237/tmc2209_task.o
 .debug_ranges  0x00000bf8       0x30 build/default/production/_ext/1360937237/supervisor_task.o
 .debug_ranges  0x00000c28       0x30 build/default/production/_ext/1360937237/debug_task.o
 .debug_ranges  0x00000c58       0x18 build/default/production/_ext/1360937237/init_functions.o
 .debug_ranges  0x00000c70       0x20 build/default/production/_ext/1360937237/can_isr_callbacks.o
 .debug_ranges  0x00000c90       0x20 D:/MPLAB X IDE/xc32_v5.00/bin/bin/../../lib/gcc/pic32c/13.2.1/../../../../pic32c/lib/thumb/v6-m/nofp\libpic32c.a(data_init.o)
 .debug_ranges  0x00000cb0       0x10 D:/MPLAB X IDE/xc32_v5.00/bin/bin/../../lib/gcc/pic32c/13.2.1/../../../../pic32c/lib/thumb/v6-m/nofp\libc-size-musl.a(memcpy.o)
 .debug_ranges  0x00000cc0       0x10 D:/MPLAB X IDE/xc32_v5.00/bin/bin/../../lib/gcc/pic32c/13.2.1/../../../../pic32c/lib/thumb/v6-m/nofp\libc-size-musl.a(memset.o)
 .debug_ranges  0x00000cd0       0x30 D:/MPLAB X IDE/xc32_v5.00/bin/bin/../../lib/gcc/pic32c/13.2.1/../../../../pic32c/lib/thumb/v6-m/nofp\libc-musl.a(__libc_start_main.o)
 .debug_ranges  0x00000d00       0x10 D:/MPLAB X IDE/xc32_v5.00/bin/bin/../../lib/gcc/pic32c/13.2.1/../../../../pic32c/lib/thumb/v6-m/nofp\libc-musl.a(vsnprintf.o)
 .debug_ranges  0x00000d10       0x10 D:/MPLAB X IDE/xc32_v5.00/bin/bin/../../lib/gcc/pic32c/13.2.1/../../../../pic32c/lib/thumb/v6-m/nofp\libc-musl.a(snprintf.o)
 .debug_ranges  0x00000d20       0x18 D:/MPLAB X IDE/xc32_v5.00/bin/bin/../../lib/gcc/pic32c/13.2.1/../../../../pic32c/lib/thumb/v6-m/nofp\libc-musl.a(vfprintf.o)
 .debug_ranges  0x00000d38       0x10 D:/MPLAB X IDE/xc32_v5.00/bin/bin/../../lib/gcc/pic32c/13.2.1/../../../../pic32c/lib/thumb/v6-m/nofp\libc-musl.a(__pop_float.o)
 .debug_ranges  0x00000d48       0x10 D:/MPLAB X IDE/xc32_v5.00/bin/bin/../../lib/gcc/pic32c/13.2.1/../../../../pic32c/lib/thumb/v6-m/nofp\libc-musl.a(__pop_int.o)
 .debug_ranges  0x00000d58       0x10 D:/MPLAB X IDE/xc32_v5.00/bin/bin/../../lib/gcc/pic32c/13.2.1/../../../../pic32c/lib/thumb/v6-m/nofp\libc-musl.a(__pop_ptr.o)
 .debug_ranges  0x00000d68       0x58 D:/MPLAB X IDE/xc32_v5.00/bin/bin/../../lib/gcc/pic32c/13.2.1/../../../../pic32c/lib/thumb/v6-m/nofp\libc-musl.a(__printf_core.o)
 .debug_ranges  0x00000dc0       0x10 D:/MPLAB X IDE/xc32_v5.00/bin/bin/../../lib/gcc/pic32c/13.2.1/../../../../pic32c/lib/thumb/v6-m/nofp\libc-musl.a(atoi.o)
 .debug_ranges  0x00000dd0       0x18 D:/MPLAB X IDE/xc32_v5.00/bin/bin/../../lib/gcc/pic32c/13.2.1/../../../../pic32c/lib/thumb/v6-m/nofp\libc-musl.a(tolower.o)
 .debug_ranges  0x00000de8       0x10 D:/MPLAB X IDE/xc32_v5.00/bin/bin/../../lib/gcc/pic32c/13.2.1/../../../../pic32c/lib/thumb/v6-m/nofp\libc-musl.a(__fmt_a.o)
 .debug_ranges  0x00000df8       0x10 D:/MPLAB X IDE/xc32_v5.00/bin/bin/../../lib/gcc/pic32c/13.2.1/../../../../pic32c/lib/thumb/v6-m/nofp\libc-musl.a(__fmt_d.o)
 .debug_ranges  0x00000e08       0x10 D:/MPLAB X IDE/xc32_v5.00/bin/bin/../../lib/gcc/pic32c/13.2.1/../../../../pic32c/lib/thumb/v6-m/nofp\libc-musl.a(__fmt_fp.o)
 .debug_ranges  0x00000e18       0x10 D:/MPLAB X IDE/xc32_v5.00/bin/bin/../../lib/gcc/pic32c/13.2.1/../../../../pic32c/lib/thumb/v6-m/nofp\libc-musl.a(__fmt_o.o)
 .debug_ranges  0x00000e28       0x10 D:/MPLAB X IDE/xc32_v5.00/bin/bin/../../lib/gcc/pic32c/13.2.1/../../../../pic32c/lib/thumb/v6-m/nofp\libc-musl.a(__fmt_s.o)
 .debug_ranges  0x00000e38       0x10 D:/MPLAB X IDE/xc32_v5.00/bin/bin/../../lib/gcc/pic32c/13.2.1/../../../../pic32c/lib/thumb/v6-m/nofp\libc-musl.a(__fmt_u.o)
 .debug_ranges  0x00000e48       0x10 D:/MPLAB X IDE/xc32_v5.00/bin/bin/../../lib/gcc/pic32c/13.2.1/../../../../pic32c/lib/thumb/v6-m/nofp\libc-musl.a(__fmt_x.o)
 .debug_ranges  0x00000e58       0x18 D:/MPLAB X IDE/xc32_v5.00/bin/bin/../../lib/gcc/pic32c/13.2.1/../../../../pic32c/lib/thumb/v6-m/nofp\libc-musl.a(toupper.o)
 .debug_ranges  0x00000e70       0x10 D:/MPLAB X IDE/xc32_v5.00/bin/bin/../../lib/gcc/pic32c/13.2.1/../../../../pic32c/lib/thumb/v6-m/nofp\libc-musl.a(__cvt_u.o)
 .debug_ranges  0x00000e80       0x10 D:/MPLAB X IDE/xc32_v5.00/bin/bin/../../lib/gcc/pic32c/13.2.1/../../../../pic32c/lib/thumb/v6-m/nofp\libc-size-musl.a(strlen.o)
 .debug_ranges  0x00000e90       0x10 D:/MPLAB X IDE/xc32_v5.00/bin/bin/../../lib/gcc/pic32c/13.2.1/../../../../pic32c/lib/thumb/v6-m/nofp\libc-size-musl.a(strcpy.o)
 .debug_ranges  0x00000ea0       0x10 D:/MPLAB X IDE/xc32_v5.00/bin/bin/../../lib/gcc/pic32c/13.2.1/../../../../pic32c/lib/thumb/v6-m/nofp\libc-size-musl.a(stpcpy.o)
 .debug_ranges  0x00000eb0       0x10 D:/MPLAB X IDE/xc32_v5.00/bin/bin/../../lib/gcc/pic32c/13.2.1/../../../../pic32c/lib/thumb/v6-m/nofp\libpic32c.a(pic32_data_init_clear.o)
 .debug_ranges  0x00000ec0       0x10 D:/MPLAB X IDE/xc32_v5.00/bin/bin/../../lib/gcc/pic32c/13.2.1/../../../../pic32c/lib/thumb/v6-m/nofp\libpic32c.a(pic32_data_init_copy.o)

.debug_line     0x00000000     0xcc1e
 .debug_line    0x00000000      0x833 build/default/production/_ext/60165182/plib_can1.o
 .debug_line    0x00000833      0x3ec build/default/production/_ext/1984496892/plib_clock.o
 .debug_line    0x00000c1f      0x5f3 build/default/production/_ext/1865161661/plib_dmac.o
 .debug_line    0x00001212       0x66 build/default/production/_ext/1986646378/plib_evsys.o
 .debug_line    0x00001278      0x347 build/default/production/_ext/1865468468/plib_nvic.o
 .debug_line    0x000015bf      0x412 build/default/production/_ext/1593096446/plib_nvmctrl.o
 .debug_line    0x000019d1      0x33d build/default/production/_ext/1865521619/plib_port.o
 .debug_line    0x00001d0e      0x5f6 build/default/production/_ext/17022449/plib_sercom3_spi_master.o
 .debug_line    0x00002304      0x5f6 build/default/production/_ext/17022449/plib_sercom0_spi_master.o
 .debug_line    0x000028fa      0xa5e build/default/production/_ext/504274921/plib_sercom7_usart.o
 .debug_line    0x00003358      0x6d8 build/default/production/_ext/504274921/plib_sercom5_usart.o
 .debug_line    0x00003a30      0x32a build/default/production/_ext/829342655/plib_tc0.o
 .debug_line    0x00003d5a      0x3c4 build/default/production/_ext/1171490990/initialization.o
 .debug_line    0x0000411e      0x13b build/default/production/_ext/1171490990/interrupts.o
 .debug_line    0x00004259       0x6d build/default/production/_ext/1171490990/exceptions.o
 .debug_line    0x000042c6      0x145 build/default/production/_ext/1171490990/startup_xc32.o
 .debug_line    0x0000440b      0x1b9 build/default/production/_ext/1171490990/freertos_hooks.o
 .debug_line    0x000045c4      0x233 build/default/production/_ext/1171490990/tasks.o
 .debug_line    0x000047f7      0x463 build/default/production/_ext/984881635/dbg_print.o
 .debug_line    0x00004c5a      0x1e1 build/default/production/_ext/984881635/dbg_transport.o
 .debug_line    0x00004e3b      0x30b build/default/production/_ext/1624415188/port.o
 .debug_line    0x00005146      0x1a0 build/default/production/_ext/1624415188/portasm.o
 .debug_line    0x000052e6      0x200 build/default/production/_ext/1665200909/heap_1.o
 .debug_line    0x000054e6      0x23e build/default/production/_ext/404212886/list.o
 .debug_line    0x00005724      0xb48 build/default/production/_ext/404212886/queue.o
 .debug_line    0x0000626c     0x13c5 build/default/production/_ext/404212886/FreeRTOS_tasks.o
 .debug_line    0x00007631      0x203 build/default/production/_ext/1360937237/main.o
 .debug_line    0x00007834       0x94 build/default/production/_ext/1360937237/tmc4671_task.o
 .debug_line    0x000078c8      0x646 build/default/production/_ext/1360937237/can_gatekeeper_task.o
 .debug_line    0x00007f0e       0x94 build/default/production/_ext/1360937237/tmc2209_task.o
 .debug_line    0x00007fa2       0x9a build/default/production/_ext/1360937237/supervisor_task.o
 .debug_line    0x0000803c       0x90 build/default/production/_ext/1360937237/debug_task.o
 .debug_line    0x000080cc      0x16d build/default/production/_ext/1360937237/init_functions.o
 .debug_line    0x00008239      0x220 build/default/production/_ext/1360937237/can_isr_callbacks.o
 .debug_line    0x00008459       0x83 build/default/production/_ext/1360937237/can_state.o
 .debug_line    0x000084dc      0x165 D:/MPLAB X IDE/xc32_v5.00/bin/bin/../../lib/gcc/pic32c/13.2.1/../../../../pic32c/lib/thumb/v6-m/nofp\libpic32c.a(data_init.o)
 .debug_line    0x00008641      0x16c D:/MPLAB X IDE/xc32_v5.00/bin/bin/../../lib/gcc/pic32c/13.2.1/../../../../pic32c/lib/thumb/v6-m/nofp\libc-size-musl.a(memcpy.o)
 .debug_line    0x000087ad      0x160 D:/MPLAB X IDE/xc32_v5.00/bin/bin/../../lib/gcc/pic32c/13.2.1/../../../../pic32c/lib/thumb/v6-m/nofp\libc-size-musl.a(memset.o)
 .debug_line    0x0000890d      0x1cb D:/MPLAB X IDE/xc32_v5.00/bin/bin/../../lib/gcc/pic32c/13.2.1/../../../../pic32c/lib/thumb/v6-m/nofp\libc-musl.a(__libc_start_main.o)
 .debug_line    0x00008ad8       0xb5 D:/MPLAB X IDE/xc32_v5.00/bin/bin/../../lib/gcc/pic32c/13.2.1/../../../../pic32c/lib/thumb/v6-m/nofp\libc-musl.a(libc.o)
 .debug_line    0x00008b8d      0x2aa D:/MPLAB X IDE/xc32_v5.00/bin/bin/../../lib/gcc/pic32c/13.2.1/../../../../pic32c/lib/thumb/v6-m/nofp\libc-musl.a(vsnprintf.o)
 .debug_line    0x00008e37      0x154 D:/MPLAB X IDE/xc32_v5.00/bin/bin/../../lib/gcc/pic32c/13.2.1/../../../../pic32c/lib/thumb/v6-m/nofp\libc-musl.a(snprintf.o)
 .debug_line    0x00008f8b       0xfb D:/MPLAB X IDE/xc32_v5.00/bin/bin/../../lib/gcc/pic32c/13.2.1/../../../../pic32c/lib/thumb/v6-m/nofp\libc-musl.a(__environ.o)
 .debug_line    0x00009086       0x9a D:/MPLAB X IDE/xc32_v5.00/bin/bin/../../lib/gcc/pic32c/13.2.1/../../../../pic32c/lib/thumb/v6-m/nofp\libc-musl.a(__errno_location.o)
 .debug_line    0x00009120      0x1e4 D:/MPLAB X IDE/xc32_v5.00/bin/bin/../../lib/gcc/pic32c/13.2.1/../../../../pic32c/lib/thumb/v6-m/nofp\libc-musl.a(vfprintf.o)
 .debug_line    0x00009304      0x180 D:/MPLAB X IDE/xc32_v5.00/bin/bin/../../lib/gcc/pic32c/13.2.1/../../../../pic32c/lib/thumb/v6-m/nofp\libc-musl.a(__pop_float.o)
 .debug_line    0x00009484      0x247 D:/MPLAB X IDE/xc32_v5.00/bin/bin/../../lib/gcc/pic32c/13.2.1/../../../../pic32c/lib/thumb/v6-m/nofp\libc-musl.a(__pop_int.o)
 .debug_line    0x000096cb      0x1c7 D:/MPLAB X IDE/xc32_v5.00/bin/bin/../../lib/gcc/pic32c/13.2.1/../../../../pic32c/lib/thumb/v6-m/nofp\libc-musl.a(__pop_ptr.o)
 .debug_line    0x00009892      0x76e D:/MPLAB X IDE/xc32_v5.00/bin/bin/../../lib/gcc/pic32c/13.2.1/../../../../pic32c/lib/thumb/v6-m/nofp\libc-musl.a(__printf_core.o)
 .debug_line    0x0000a000      0x186 D:/MPLAB X IDE/xc32_v5.00/bin/bin/../../lib/gcc/pic32c/13.2.1/../../../../pic32c/lib/thumb/v6-m/nofp\libc-musl.a(atoi.o)