Archive member included to satisfy reference by file (symbol)

D:/MPLAB X IDE/xc32_v5.00/bin/bin/../../lib/gcc/pic32c/13.2.1/../../../../pic32c/lib/thumb/v6-m/nofp\libpic32c.a(data_init.o)
                              build/default/production/_ext/1171490990/startup_xc32.o (__pic32c_data_initialization)
D:/MPLAB X IDE/xc32_v5.00/bin/bin/../../lib/gcc/pic32c/13.2.1/../../../../pic32c/lib/thumb/v6-m/nofp\libc-size-musl.a(memcpy.o)
                              build/default/production/_ext/1593096446/plib_nvmctrl.o (memcpy)
D:/MPLAB X IDE/xc32_v5.00/bin/bin/../../lib/gcc/pic32c/13.2.1/../../../../pic32c/lib/thumb/v6-m/nofp\libc-size-musl.a(memset.o)
                              build/default/production/_ext/404212886/FreeRTOS_tasks.o (memset)
D:/MPLAB X IDE/xc32_v5.00/bin/bin/../../lib/gcc/pic32c/13.2.1/../../../../pic32c/lib/thumb/v6-m/nofp\libc-musl.a(__libc_start_main.o)
                              build/default/production/_ext/1171490990/startup_xc32.o (__libc_init_array)
D:/MPLAB X IDE/xc32_v5.00/bin/bin/../../lib/gcc/pic32c/13.2.1/../../../../pic32c/lib/thumb/v6-m/nofp\libc-musl.a(libc.o)
                              D:/MPLAB X IDE/xc32_v5.00/bin/bin/../../lib/gcc/pic32c/13.2.1/../../../../pic32c/lib/thumb/v6-m/nofp\libc-musl.a(__libc_start_main.o) (__progname_full)
D:/MPLAB X IDE/xc32_v5.00/bin/bin/../../lib/gcc/pic32c/13.2.1/../../../../pic32c/lib/thumb/v6-m/nofp\libc-musl.a(vsnprintf.o)
                              build/default/production/_ext/984881635/dbg_print.o (vsnprintf)
D:/MPLAB X IDE/xc32_v5.00/bin/bin/../../lib/gcc/pic32c/13.2.1/../../../../pic32c/lib/thumb/v6-m/nofp\libc-musl.a(snprintf.o)
                              (snprintf)
D:/MPLAB X IDE/xc32_v5.00/bin/bin/../../lib/gcc/pic32c/13.2.1/../../../../pic32c/lib/thumb/v6-m/nofp\libc-musl.a(__environ.o)
                              D:/MPLAB X IDE/xc32_v5.00/bin/bin/../../lib/gcc/pic32c/13.2.1/../../../../pic32c/lib/thumb/v6-m/nofp\libc-musl.a(__libc_start_main.o) (__environ)
D:/MPLAB X IDE/xc32_v5.00/bin/bin/../../lib/gcc/pic32c/13.2.1/../../../../pic32c/lib/thumb/v6-m/nofp\libc-musl.a(__errno_location.o)
                              D:/MPLAB X IDE/xc32_v5.00/bin/bin/../../lib/gcc/pic32c/13.2.1/../../../../pic32c/lib/thumb/v6-m/nofp\libc-musl.a(vsnprintf.o) (__errno_val)
D:/MPLAB X IDE/xc32_v5.00/bin/bin/../../lib/gcc/pic32c/13.2.1/../../../../pic32c/lib/thumb/v6-m/nofp\libc-musl.a(vfprintf.o)
                              D:/MPLAB X IDE/xc32_v5.00/bin/bin/../../lib/gcc/pic32c/13.2.1/../../../../pic32c/lib/thumb/v6-m/nofp\libc-musl.a(vsnprintf.o) (vfprintf)
D:/MPLAB X IDE/xc32_v5.00/bin/bin/../../lib/gcc/pic32c/13.2.1/../../../../pic32c/lib/thumb/v6-m/nofp\libc-musl.a(__io_fmt_needed.o)
                              D:/MPLAB X IDE/xc32_v5.00/bin/bin/../../lib/gcc/pic32c/13.2.1/../../../../pic32c/lib/thumb/v6-m/nofp\libc-musl.a(vfprintf.o) (__io_fmt_needed)
D:/MPLAB X IDE/xc32_v5.00/bin/bin/../../lib/gcc/pic32c/13.2.1/../../../../pic32c/lib/thumb/v6-m/nofp\libc-musl.a(__pop_float.o)
                              D:/MPLAB X IDE/xc32_v5.00/bin/bin/../../lib/gcc/pic32c/13.2.1/../../../../pic32c/lib/thumb/v6-m/nofp\libc-musl.a(__io_fmt_needed.o) (__pop_float_needed)
D:/MPLAB X IDE/xc32_v5.00/bin/bin/../../lib/gcc/pic32c/13.2.1/../../../../pic32c/lib/thumb/v6-m/nofp\libc-musl.a(__pop_int.o)
                              D:/MPLAB X IDE/xc32_v5.00/bin/bin/../../lib/gcc/pic32c/13.2.1/../../../../pic32c/lib/thumb/v6-m/nofp\libc-musl.a(__io_fmt_needed.o) (__pop_int_needed)
D:/MPLAB X IDE/xc32_v5.00/bin/bin/../../lib/gcc/pic32c/13.2.1/../../../../pic32c/lib/thumb/v6-m/nofp\libc-musl.a(__pop_ptr.o)
                              D:/MPLAB X IDE/xc32_v5.00/bin/bin/../../lib/gcc/pic32c/13.2.1/../../../../pic32c/lib/thumb/v6-m/nofp\libc-musl.a(__io_fmt_needed.o) (__pop_ptr_needed)
D:/MPLAB X IDE/xc32_v5.00/bin/bin/../../lib/gcc/pic32c/13.2.1/../../../../pic32c/lib/thumb/v6-m/nofp\libc-musl.a(__printf_core.o)
                              D:/MPLAB X IDE/xc32_v5.00/bin/bin/../../lib/gcc/pic32c/13.2.1/../../../../pic32c/lib/thumb/v6-m/nofp\libc-musl.a(vfprintf.o) (__printf_core)
D:/MPLAB X IDE/xc32_v5.00/bin/bin/../../lib/gcc/pic32c/13.2.1/../../../../pic32c/lib/thumb/v6-m/nofp\libc-musl.a(atoi.o)
                              D:/MPLAB X IDE/xc32_v5.00/bin/bin/../../lib/gcc/pic32c/13.2.1/../../../../pic32c/lib/thumb/v6-m/nofp\libc-musl.a(__printf_core.o) (atoi)
D:/MPLAB X IDE/xc32_v5.00/bin/bin/../../lib/gcc/pic32c/13.2.1/../../../../pic32c/lib/thumb/v6-m/nofp\libc-musl.a(tolower.o)
                              D:/MPLAB X IDE/xc32_v5.00/bin/bin/../../lib/gcc/pic32c/13.2.1/../../../../pic32c/lib/thumb/v6-m/nofp\libc-musl.a(__printf_core.o) (tolower)
D:/MPLAB X IDE/xc32_v5.00/bin/bin/../../lib/gcc/pic32c/13.2.1/../../../../pic32c/lib/thumb/v6-m/nofp\libc-musl.a(__fmt_a.o)
[...]
Memory Configuration

Name             Origin             Length             Attributes
rom              0x00000000         0x00040000         xrl
ram              0x20000000         0x00008000         xw!r
config_00804000  0x00804000         0x00000004
config_00804004  0x00804004         0x00000004
*default*        0x00000000         0xffffffff

Linker script and memory map

LOAD D:/MPLAB X IDE/xc32_v5.00/bin/bin/../../lib/gcc/pic32c/13.2.1/thumb/v6-m/nofp/crti.o
LOAD D:/MPLAB X IDE/xc32_v5.00/bin/bin/../../lib/gcc/pic32c/13.2.1/thumb/v6-m/nofp/crtbegin.o
LOAD build/default/production/_ext/1529399856/osal_freertos.o
LOAD build/default/production/_ext/1984496892/plib_clock.o
LOAD build/default/production/_ext/1865161661/plib_dmac.o
LOAD build/default/production/_ext/1986646378/plib_evsys.o
LOAD build/default/production/_ext/1865468468/plib_nvic.o
LOAD build/default/production/_ext/1593096446/plib_nvmctrl.o
LOAD build/default/production/_ext/1865521619/plib_port.o
LOAD build/default/production/_ext/1865585090/plib_rstc.o
LOAD build/default/production/_ext/504274921/plib_sercom7_usart.o
LOAD build/default/production/_ext/60184501/plib_wdt.o
LOAD build/default/production/_ext/163028504/xc32_monitor.o
LOAD build/default/production/_ext/1881668453/sys_int.o
LOAD build/default/production/_ext/1171490990/initialization.o
LOAD build/default/production/_ext/1171490990/interrupts.o
LOAD build/default/production/_ext/1171490990/exceptions.o
LOAD build/default/production/_ext/1171490990/startup_xc32.o
LOAD build/default/production/_ext/1171490990/libc_syscalls.o
LOAD build/default/production/_ext/1171490990/freertos_hooks.o
LOAD build/default/production/_ext/1171490990/tasks.o
LOAD build/default/production/_ext/984881635/dbg_print.o
LOAD build/default/production/_ext/984881635/dbg_transport.o
LOAD build/default/production/_ext/1624415188/port.o
LOAD build/default/production/_ext/1624415188/portasm.o
LOAD build/default/production/_ext/1665200909/heap_1.o
LOAD build/default/production/_ext/404212886/croutine.o
LOAD build/default/production/_ext/404212886/list.o
LOAD build/default/production/_ext/404212886/queue.o
LOAD build/default/production/_ext/404212886/FreeRTOS_tasks.o
LOAD build/default/production/_ext/404212886/timers.o
LOAD build/default/production/_ext/404212886/event_groups.o
LOAD build/default/production/_ext/404212886/stream_buffer.o
LOAD build/default/production/_ext/1360937237/main.o
LOAD build/default/production/_ext/60165182/plib_can1.o
LOAD build/default/production/_ext/1360937237/tmc4671_task.o
LOAD build/default/production/_ext/1360937237/can_gatekeeper_task.o
LOAD build/default/production/_ext/1360937237/tmc2209_task.o
LOAD build/default/production/_ext/1360937237/supervisor_task.o
LOAD build/default/production/_ext/1360937237/debug_task.o
LOAD build/default/production/_ext/17022449/plib_sercom3_spi_master.o
LOAD build/default/production/_ext/17022449/plib_sercom0_spi_master.o
LOAD build/default/production/_ext/504274921/plib_sercom5_usart.o
LOAD build/default/production/_ext/829342655/plib_tc0.o
LOAD build/default/production/_ext/1360937237/init_functions.o
LOAD build/default/production/_ext/1360937237/can_isr_callbacks.o
LOAD build/default/production/_ext/1360937237/can_state.o
LOAD build/default/production/_ext/1360937237/can_protocol.o
                0x00000001                        __MPLAB_BUILD = 0x1
                0x00040000                        __rom_end = (ORIGIN (rom) + LENGTH (rom))
                0x20008000                        __ram_end = (ORIGIN (ram) + LENGTH (ram))

.config_00804000
                0x00804000        0x4
 *(.config_00804000)
 .config_00804000
                0x00804000        0x4 build/default/production/_ext/1171490990/initialization.o
                0x00804000                __config_00804000

.config_00804004
                0x00804004        0x4
 *(.config_00804004)
 .config_00804004
                0x00804004        0x4 build/default/production/_ext/1171490990/initialization.o
                0x00804004                __config_00804004

.vectors        0x00000000       0xbc
                0x00000000                        . = ALIGN (0x4)
                0x00000000                        _sfixed = .
 *(.vectors .vectors.* .vectors_default .vectors_default.*)
 .vectors       0x00000000       0xbc build/default/production/_ext/1171490990/interrupts.o
                0x00000000                exception_table
 *(.isr_vector)
 *(.reset*)
 *(.after_vectors)

.text           0x000000bc       0x20
                0x000000bc                        . = ALIGN (0x4)
 *(.glue_7t)
 .glue_7t       0x000000bc        0x0 linker stubs
 *(.glue_7)
 .glue_7        0x000000bc        0x0 linker stubs
 *(.gnu.linkonce.r.*)
 *(.ARM.extab* .gnu.linkonce.armextab.*)
                0x000000bc                        . = ALIGN (0x4)
 *(.init)
 .init          0x000000bc        0x4 D:/MPLAB X IDE/xc32_v5.00/bin/bin/../../lib/gcc/pic32c/13.2.1/thumb/v6-m/nofp/crti.o
                0x000000bc                _init
 .init          0x000000c0        0x8 D:/MPLAB X IDE/xc32_v5.00/bin/bin/../../lib/gcc/pic32c/13.2.1/thumb/v6-m/nofp/crtn.o
                0x000000c8                        . = ALIGN (0x4)
                0x000000c8                        __preinit_array_start = .
 *(.preinit_array)
                0x000000c8                        __preinit_array_end = .
                0x000000c8                        . = ALIGN (0x4)
                0x000000c8                        __init_array_start = .
 *(SORT_BY_NAME(.init_array.*))
 *(.init_array)
 .init_array    0x000000c8        0x4 D:/MPLAB X IDE/xc32_v5.00/bin/bin/../../lib/gcc/pic32c/13.2.1/thumb/v6-m/nofp/crtbegin.o
                0x000000cc                        __init_array_end = .
                0x000000cc                        . = ALIGN (0x4)
 *crtbegin.o(.ctors)
 *(EXCLUDE_FILE(*crtend.o) .ctors)
 *(SORT_BY_NAME(.ctors.*))
 *crtend.o(.ctors)
                0x000000cc                        . = ALIGN (0x4)
 *(.fini)
 .fini          0x000000cc        0x4 D:/MPLAB X IDE/xc32_v5.00/bin/bin/../../lib/gcc/pic32c/13.2.1/thumb/v6-m/nofp/crti.o
                0x000000cc                _fini
 .fini          0x000000d0        0x8 D:/MPLAB X IDE/xc32_v5.00/bin/bin/../../lib/gcc/pic32c/13.2.1/thumb/v6-m/nofp/crtn.o
                0x000000d8                        . = ALIGN (0x4)
                0x000000d8                        __fini_array_start = .
 *(.fini_array)
 .fini_array    0x000000d8        0x4 D:/MPLAB X IDE/xc32_v5.00/bin/bin/../../lib/gcc/pic32c/13.2.1/thumb/v6-m/nofp/crtbegin.o
 *(SORT_BY_NAME(.fini_array.*))
                0x000000dc                        __fini_array_end = .
 *crtbegin.o(.dtors)
 *(EXCLUDE_FILE(*crtend.o) .dtors)
 *(SORT_BY_NAME(.dtors.*))
 *crtend.o(.dtors)
                0x000000dc                        . = ALIGN (0x4)
                0x000000dc                        _efixed = .
                [!provide]                        PROVIDE (__exidx_start = .)

.ARM.exidx      0x000000dc        0x8
 *(.ARM.exidx* .gnu.linkonce.armexidx.*)
 .ARM.exidx     0x000000dc        0x8 D:/MPLAB X IDE/xc32_v5.00/bin/bin/../../lib/gcc/pic32c/13.2.1/thumb/v6-m/nofp\libgcc.a(_udivmoddi4.o)
                [!provide]                        PROVIDE (__exidx_end = .)
                0x000000e4                        . = ALIGN (0x4)
                0x000000e4                        _etext = .

.bss            0x20000000        0x0
                0x20000000                        . = ALIGN (0x4)
                0x20000000                        __bss_start__ = .
                0x20000000                        _sbss = .
                0x20000000                        _szero = .
 *(COMMON)
                0x20000000                        . = ALIGN (0x4)
                0x20000000                        __bss_end__ = .
                0x20000000                        _ebss = .
                0x20000000                        _ezero = .
                0x20000000                        . = ALIGN (0x4)
                0x20000000                        _end = .
                0x20007fff                        _ram_end_ = ((ORIGIN (ram) + LENGTH (ram)) - 0x1)
                0x00000200                        _min_heap_size = 0x200
START GROUP
LOAD D:/MPLAB X IDE/xc32_v5.00/bin/bin/../../lib/gcc/pic32c/13.2.1/../../../../pic32c/lib/thumb/v6-m/nofp\libpic32c.a
LOAD D:/MPLAB X IDE/xc32_v5.00/bin/bin/../../lib/gcc/pic32c/13.2.1/../../../../pic32c/lib/thumb/v6-m/nofp\libc-size-musl.a
LOAD D:/MPLAB X IDE/xc32_v5.00/bin/bin/../../lib/gcc/pic32c/13.2.1/../../../../pic32c/lib/thumb/v6-m/nofp\liblmalloc-musl.a
LOAD D:/MPLAB X IDE/xc32_v5.00/bin/bin/../../lib/gcc/pic32c/13.2.1/../../../../pic32c/lib/thumb/v6-m/nofp\libc-musl.a
LOAD D:/MPLAB X IDE/xc32_v5.00/bin/bin/../../lib/gcc/pic32c/13.2.1/../../../../pic32c/lib/thumb/v6-m/nofp\libm-fast-emfloat.a
LOAD D:/MPLAB X IDE/xc32_v5.00/bin/bin/../../lib/gcc/pic32c/13.2.1/../../../../pic32c/lib/thumb/v6-m/nofp\libm-musl.a
END GROUP
LOAD D:/MPLAB X IDE/xc32_v5.00/bin/bin/../../lib/gcc/pic32c/13.2.1/thumb/v6-m/nofp\libgcc.a
LOAD D:/MPLAB X IDE/xc32_v5.00/bin/bin/../../lib/gcc/pic32c/13.2.1/thumb/v6-m/nofp/crtend.o
LOAD D:/MPLAB X IDE/xc32_v5.00/bin/bin/../../lib/gcc/pic32c/13.2.1/thumb/v6-m/nofp/crtn.o
OUTPUT(dist/default/production/GTron_AxC.X.production.elf elf32-littlearm)
LOAD linker stubs
LOAD data_init

.note           0x00000000      0x900
 .note          0x00000000       0x18 D:/MPLAB X IDE/xc32_v5.00/bin/bin/../../lib/gcc/pic32c/13.2.1/thumb/v6-m/nofp/crti.o
 .note          0x00000018       0x18 D:/MPLAB X IDE/xc32_v5.00/bin/bin/../../lib/gcc/pic32c/13.2.1/thumb/v6-m/nofp/crtbegin.o
 .note          0x00000030       0x18 build/default/production/_ext/1529399856/osal_freertos.o
 .note          0x00000048       0x18 build/default/production/_ext/1984496892/plib_clock.o
 .note          0x00000060       0x18 build/default/production/_ext/1865161661/plib_dmac.o
 .note          0x00000078       0x18 build/default/production/_ext/1986646378/plib_evsys.o
 .note          0x00000090       0x18 build/default/production/_ext/1865468468/plib_nvic.o
 .note          0x000000a8       0x18 build/default/production/_ext/1593096446/plib_nvmctrl.o
 .note          0x000000c0       0x18 build/default/production/_ext/1865521619/plib_port.o
 .note          0x000000d8       0x18 build/default/production/_ext/1865585090/plib_rstc.o
 .note          0x000000f0       0x18 build/default/production/_ext/504274921/plib_sercom7_usart.o
 .note          0x00000108       0x18 build/default/production/_ext/60184501/plib_wdt.o
 .note          0x00000120       0x18 build/default/production/_ext/163028504/xc32_monitor.o
 .note          0x00000138       0x18 build/default/production/_ext/1881668453/sys_int.o
 .note          0x00000150       0x78 build/default/production/_ext/1171490990/initialization.o
 .note          0x000001c8       0x18 build/default/production/_ext/1171490990/interrupts.o
 .note          0x000001e0       0x18 build/default/production/_ext/1171490990/exceptions.o
 .note          0x000001f8       0x18 build/default/production/_ext/1171490990/startup_xc32.o
 .note          0x00000210       0x18 build/default/production/_ext/1171490990/libc_syscalls.o
 .note          0x00000228       0x18 build/default/production/_ext/1171490990/freertos_hooks.o
 .note          0x00000240       0x18 build/default/production/_ext/1171490990/tasks.o
 .note          0x00000258       0x18 build/default/production/_ext/984881635/dbg_print.o
 .note          0x00000270       0x18 build/default/production/_ext/984881635/dbg_transport.o
 .note          0x00000288       0x18 build/default/production/_ext/1624415188/port.o
 .note          0x000002a0       0x18 build/default/production/_ext/1624415188/portasm.o
 .note          0x000002b8       0x18 build/default/production/_ext/1665200909/heap_1.o
 .note          0x000002d0       0x18 build/default/production/_ext/404212886/croutine.o
 .note          0x000002e8       0x18 build/default/production/_ext/404212886/list.o
 .note          0x00000300       0x18 build/default/production/_ext/404212886/queue.o
 .note          0x00000318       0x18 build/default/production/_ext/404212886/FreeRTOS_tasks.o
 .note          0x00000330       0x18 build/default/production/_ext/404212886/timers.o
 .note          0x00000348       0x18 build/default/production/_ext/404212886/event_groups.o
 .note          0x00000360       0x18 build/default/production/_ext/404212886/stream_buffer.o
 .note          0x00000378       0x18 build/default/production/_ext/1360937237/main.o
 .note          0x00000390       0x18 build/default/production/_ext/60165182/plib_can1.o
 .note          0x000003a8       0x18 build/default/production/_ext/1360937237/tmc4671_task.o
 .note          0x000003c0       0x18 build/default/production/_ext/1360937237/can_gatekeeper_task.o
 .note          0x000003d8       0x18 build/default/production/_ext/1360937237/tmc2209_task.o
 .note          0x000003f0       0x18 build/default/production/_ext/1360937237/supervisor_task.o
 .note          0x00000408       0x18 build/default/production/_ext/1360937237/debug_task.o
 .note          0x00000420       0x18 build/default/production/_ext/17022449/plib_sercom3_spi_master.o
 .note          0x00000438       0x18 build/default/production/_ext/17022449/plib_sercom0_spi_master.o
 .note          0x00000450       0x18 build/default/production/_ext/504274921/plib_sercom5_usart.o
 .note          0x00000468       0x18 build/default/production/_ext/829342655/plib_tc0.o
 .note          0x00000480       0x18 build/default/production/_ext/1360937237/init_functions.o
 .note          0x00000498       0x18 build/default/production/_ext/1360937237/can_isr_callbacks.o
 .note          0x000004b0       0x18 build/default/production/_ext/1360937237/can_state.o
 .note          0x000004c8       0x18 build/default/production/_ext/1360937237/can_protocol.o
 .note          0x000004e0       0x18 D:/MPLAB X IDE/xc32_v5.00/bin/bin/../../lib/gcc/pic32c/13.2.1/../../../../pic32c/lib/thumb/v6-m/nofp\libpic32c.a(data_init.o)
 .note          0x000004f8       0x18 D:/MPLAB X IDE/xc32_v5.00/bin/bin/../../lib/gcc/pic32c/13.2.1/../../../../pic32c/lib/thumb/v6-m/nofp\libc-size-musl.a(memcpy.o)
 .note          0x00000510       0x18 D:/MPLAB X IDE/xc32_v5.00/bin/bin/../../lib/gcc/pic32c/13.2.1/../../../../pic32c/lib/thumb/v6-m/nofp\libc-size-musl.a(memset.o)
 .note          0x00000528       0x18 D:/MPLAB X IDE/xc32_v5.00/bin/bin/../../lib/gcc/pic32c/13.2.1/../../../../pic32c/lib/thumb/v6-m/nofp\libc-musl.a(__libc_start_main.o)
 .note          0x00000540       0x18 D:/MPLAB X IDE/xc32_v5.00/bin/bin/../../lib/gcc/pic32c/13.2.1/../../../../pic32c/lib/thumb/v6-m/nofp\libc-musl.a(libc.o)
 .note          0x00000558       0x18 D:/MPLAB X IDE/xc32_v5.00/bin/bin/../../lib/gcc/pic32c/13.2.1/../../../../pic32c/lib/thumb/v6-m/nofp\libc-musl.a(vsnprintf.o)
 .note          0x00000570       0x18 D:/MPLAB X IDE/xc32_v5.00/bin/bin/../../lib/gcc/pic32c/13.2.1/../../../../pic32c/lib/thumb/v6-m/nofp\libc-musl.a(snprintf.o)
 .note          0x00000588       0x18 D:/MPLAB X IDE/xc32_v5.00/bin/bin/../../lib/gcc/pic32c/13.2.1/../../../../pic32c/lib/thumb/v6-m/nofp\libc-musl.a(__environ.o)
 .note          0x000005a0       0x18 D:/MPLAB X IDE/xc32_v5.00/bin/bin/../../lib/gcc/pic32c/13.2.1/../../../../pic32c/lib/thumb/v6-m/nofp\libc-musl.a(__errno_location.o)
 .note          0x000005b8       0x18 D:/MPLAB X IDE/xc32_v5.00/bin/bin/../../lib/gcc/pic32c/13.2.1/../../../../pic32c/lib/thumb/v6-m/nofp\libc-musl.a(vfprintf.o)
 .note          0x000005d0       0x18 D:/MPLAB X IDE/xc32_v5.00/bin/bin/../../lib/gcc/pic32c/13.2.1/../../../../pic32c/lib/thumb/v6-m/nofp\libc-musl.a(__io_fmt_needed.o)
 .note          0x000005e8       0x18 D:/MPLAB X IDE/xc32_v5.00/bin/bin/../../lib/gcc/pic32c/13.2.1/../../../../pic32c/lib/thumb/v6-m/nofp\libc-musl.a(__pop_float.o)
 .note          0x00000600       0x18 D:/MPLAB X IDE/xc32_v5.00/bin/bin/../../lib/gcc/pic32c/13.2.1/../../../../pic32c/lib/thumb/v6-m/nofp\libc-musl.a(__pop_int.o)
 .note          0x00000618       0x18 D:/MPLAB X IDE/xc32_v5.00/bin/bin/../../lib/gcc/pic32c/13.2.1/../../../../pic32c/lib/thumb/v6-m/nofp\libc-musl.a(__pop_ptr.o)
 .note          0x00000630       0x18 D:/MPLAB X IDE/xc32_v5.00/bin/bin/../../lib/gcc/pic32c/13.2.1/../../../../pic32c/lib/thumb/v6-m/nofp\libc-musl.a(__printf_core.o)
 .note          0x00000648       0x18 D:/MPLAB X IDE/xc32_v5.00/bin/bin/../../lib/gcc/pic32c/13.2.1/../../../../pic32c/lib/thumb/v6-m/nofp\libc-musl.a(atoi.o)
 .note          0x00000660       0x18 D:/MPLAB X IDE/xc32_v5.00/bin/bin/../../lib/gcc/pic32c/13.2.1/../../../../pic32c/lib/thumb/v6-m/nofp\libc-musl.a(tolower.o)
 .note          0x00000678       0x18 D:/MPLAB X IDE/xc32_v5.00/bin/bin/../../lib/gcc/pic32c/13.2.1/../../../../pic32c/lib/thumb/v6-m/nofp\libc-musl.a(__fmt_a.o)
 .note          0x00000690       0x18 D:/MPLAB X IDE/xc32_v5.00/bin/bin/../../lib/gcc/pic32c/13.2.1/../../../../pic32c/lib/thumb/v6-m/nofp\libc-musl.a(__fmt_d.o)
 .note          0x000006a8       0x18 D:/MPLAB X IDE/xc32_v5.00/bin/bin/../../lib/gcc/pic32c/13.2.1/../../../../pic32c/lib/thumb/v6-m/nofp\libc-musl.a(__fmt_fp.o)
 .note          0x000006c0       0x18 D:/MPLAB X IDE/xc32_v5.00/bin/bin/../../lib/gcc/pic32c/13.2.1/../../../../pic32c/lib/thumb/v6-m/nofp\libc-musl.a(__fmt_o.o)
 .note          0x000006d8       0x18 D:/MPLAB X IDE/xc32_v5.00/bin/bin/../../lib/gcc/pic32c/13.2.1/../../../../pic32c/lib/thumb/v6-m/nofp\libc-musl.a(__fmt_s.o)
 .note          0x000006f0       0x18 D:/MPLAB X IDE/xc32_v5.00/bin/bin/../../lib/gcc/pic32c/13.2.1/../../../../pic32c/lib/thumb/v6-m/nofp\libc-musl.a(__fmt_u.o)
 .note          0x00000708       0x18 D:/MPLAB X IDE/xc32_v5.00/bin/bin/../../lib/gcc/pic32c/13.2.1/../../../../pic32c/lib/thumb/v6-m/nofp\libc-musl.a(__fmt_x.o)
 .note          0x00000720       0x18 D:/MPLAB X IDE/xc32_v5.00/bin/bin/../../lib/gcc/pic32c/13.2.1/../../../../pic32c/lib/thumb/v6-m/nofp\libc-musl.a(toupper.o)
 .note          0x00000738       0x18 D:/MPLAB X IDE/xc32_v5.00/bin/bin/../../lib/gcc/pic32c/13.2.1/../../../../pic32c/lib/thumb/v6-m/nofp\libc-musl.a(__cvt_u.o)
 .note          0x00000750       0x18 D:/MPLAB X IDE/xc32_v5.00/bin/bin/../../lib/gcc/pic32c/13.2.1/../../../../pic32c/lib/thumb/v6-m/nofp\libc-size-musl.a(strlen.o)
 .note          0x00000768       0x18 D:/MPLAB X IDE/xc32_v5.00/bin/bin/../../lib/gcc/pic32c/13.2.1/../../../../pic32c/lib/thumb/v6-m/nofp\libc-size-musl.a(strcpy.o)
 .note          0x00000780       0x18 D:/MPLAB X IDE/xc32_v5.00/bin/bin/../../lib/gcc/pic32c/13.2.1/../../../../pic32c/lib/thumb/v6-m/nofp\libc-size-musl.a(stpcpy.o)
 .note          0x00000798       0x18 D:/MPLAB X IDE/xc32_v5.00/bin/bin/../../lib/gcc/pic32c/13.2.1/thumb/v6-m/nofp\libgcc.a(_thumb1_case_uqi.o)
 .note          0x000007b0       0x18 D:/MPLAB X IDE/xc32_v5.00/bin/bin/../../lib/gcc/pic32c/13.2.1/thumb/v6-m/nofp\libgcc.a(_udivsi3.o)
 .note          0x000007c8       0x18 D:/MPLAB X IDE/xc32_v5.00/bin/bin/../../lib/gcc/pic32c/13.2.1/thumb/v6-m/nofp\libgcc.a(_divsi3.o)
 .note          0x000007e0       0x18 D:/MPLAB X IDE/xc32_v5.00/bin/bin/../../lib/gcc/pic32c/13.2.1/thumb/v6-m/nofp\libgcc.a(_dvmd_tls.o)
 .note          0x000007f8       0x18 D:/MPLAB X IDE/xc32_v5.00/bin/bin/../../lib/gcc/pic32c/13.2.1/thumb/v6-m/nofp\libgcc.a(_aeabi_uldivmod.o)
 .note          0x00000810       0x18 D:/MPLAB X IDE/xc32_v5.00/bin/bin/../../lib/gcc/pic32c/13.2.1/thumb/v6-m/nofp\libgcc.a(_muldi3.o)
 .note          0x00000828       0x18 D:/MPLAB X IDE/xc32_v5.00/bin/bin/../../lib/gcc/pic32c/13.2.1/thumb/v6-m/nofp\libgcc.a(_udivmoddi4.o)
 .note          0x00000840       0x18 D:/MPLAB X IDE/xc32_v5.00/bin/bin/../../lib/gcc/pic32c/13.2.1/thumb/v6-m/nofp\libgcc.a(_lshrdi3.o)
 .note          0x00000858       0x18 D:/MPLAB X IDE/xc32_v5.00/bin/bin/../../lib/gcc/pic32c/13.2.1/thumb/v6-m/nofp\libgcc.a(_ashldi3.o)
 .note          0x00000870       0x18 D:/MPLAB X IDE/xc32_v5.00/bin/bin/../../lib/gcc/pic32c/13.2.1/thumb/v6-m/nofp\libgcc.a(_clzdi2.o)
 .note          0x00000888       0x18 D:/MPLAB X IDE/xc32_v5.00/bin/bin/../../lib/gcc/pic32c/13.2.1/thumb/v6-m/nofp\libgcc.a(_clzsi2.o)
 .note          0x000008a0       0x18 D:/MPLAB X IDE/xc32_v5.00/bin/bin/../../lib/gcc/pic32c/13.2.1/thumb/v6-m/nofp/crtend.o
 .note          0x000008b8       0x18 D:/MPLAB X IDE/xc32_v5.00/bin/bin/../../lib/gcc/pic32c/13.2.1/thumb/v6-m/nofp/crtn.o
 .note          0x000008d0       0x18 D:/MPLAB X IDE/xc32_v5.00/bin/bin/../../lib/gcc/pic32c/13.2.1/../../../../pic32c/lib/thumb/v6-m/nofp\libpic32c.a(pic32_data_init_clear.o)
 .note          0x000008e8       0x18 D:/MPLAB X IDE/xc32_v5.00/bin/bin/../../lib/gcc/pic32c/13.2.1/../../../../pic32c/lib/thumb/v6-m/nofp\libpic32c.a(pic32_data_init_copy.o)

.ARM.attributes
                0x00000000       0x2a
 .ARM.attributes
                0x00000000       0x1e D:/MPLAB X IDE/xc32_v5.00/bin/bin/../../lib/gcc/pic32c/13.2.1/thumb/v6-m/nofp/crti.o
 .ARM.attributes
                0x0000001e       0x2c D:/MPLAB X IDE/xc32_v5.00/bin/bin/../../lib/gcc/pic32c/13.2.1/thumb/v6-m/nofp/crtbegin.o
 .ARM.attributes
                0x0000004a       0x2c build/default/production/_ext/1984496892/plib_clock.o
 .ARM.attributes
                0x00000076       0x2c build/default/production/_ext/1865161661/plib_dmac.o
 .ARM.attributes
                0x000000a2       0x2c build/default/production/_ext/1986646378/plib_evsys.o
 .ARM.attributes
                0x000000ce       0x2c build/default/production/_ext/1865468468/plib_nvic.o
 .ARM.attributes
                0x000000fa       0x2c build/default/production/_ext/1593096446/plib_nvmctrl.o
 .ARM.attributes
                0x00000126       0x2c build/default/production/_ext/1865521619/plib_port.o
 .ARM.attributes
                0x00000152       0x2c build/default/production/_ext/504274921/plib_sercom7_usart.o
 .ARM.attributes
                0x0000017e       0x2c build/default/production/_ext/1171490990/initialization.o
 .ARM.attributes
                0x000001aa       0x2c build/default/production/_ext/1171490990/interrupts.o
 .ARM.attributes
                0x000001d6       0x2c build/default/production/_ext/1171490990/exceptions.o
 .ARM.attributes
                0x00000202       0x2c build/default/production/_ext/1171490990/startup_xc32.o
 .ARM.attributes
                0x0000022e       0x2c build/default/production/_ext/1171490990/freertos_hooks.o
 .ARM.attributes
                0x0000025a       0x2c build/default/production/_ext/1171490990/tasks.o
 .ARM.attributes
                0x00000286       0x2c build/default/production/_ext/984881635/dbg_print.o
 .ARM.attributes
                0x000002b2       0x2c build/default/production/_ext/984881635/dbg_transport.o
 .ARM.attributes
                0x000002de       0x2c build/default/production/_ext/1624415188/port.o
 .ARM.attributes
                0x0000030a       0x2c build/default/production/_ext/1624415188/portasm.o
 .ARM.attributes
                0x00000336       0x2c build/default/production/_ext/1665200909/heap_1.o
 .ARM.attributes
                0x00000362       0x2c build/default/production/_ext/404212886/list.o
 .ARM.attributes
                0x0000038e       0x2c build/default/production/_ext/404212886/queue.o
 .ARM.attributes
                0x000003ba       0x2c build/default/production/_ext/404212886/FreeRTOS_tasks.o
 .ARM.attributes
                0x000003e6       0x2c build/default/production/_ext/1360937237/main.o
 .ARM.attributes
                0x00000412       0x2c build/default/production/_ext/60165182/plib_can1.o
 .ARM.attributes
                0x0000043e       0x2c build/default/production/_ext/1360937237/tmc4671_task.o
 .ARM.attributes
                0x0000046a       0x2c build/default/production/_ext/1360937237/can_gatekeeper_task.o
 .ARM.attributes
                0x00000496       0x2c build/default/production/_ext/1360937237/tmc2209_task.o
 .ARM.attributes
                0x000004c2       0x2c build/default/production/_ext/1360937237/supervisor_task.o
 .ARM.attributes
                0x000004ee       0x2c build/default/production/_ext/1360937237/debug_task.o
 .ARM.attributes
                0x0000051a       0x2c build/default/production/_ext/17022449/plib_sercom3_spi_master.o
 .ARM.attributes
                0x00000546       0x2c build/default/production/_ext/17022449/plib_sercom0_spi_master.o
 .ARM.attributes
                0x00000572       0x2c build/default/production/_ext/504274921/plib_sercom5_usart.o
 .ARM.attributes
                0x0000059e       0x2c build/default/production/_ext/829342655/plib_tc0.o
 .ARM.attributes
                0x000005ca       0x2c build/default/production/_ext/1360937237/init_functions.o
 .ARM.attributes
                0x000005f6       0x2c build/default/production/_ext/1360937237/can_isr_callbacks.o
 .ARM.attributes
                0x00000622       0x2c build/default/production/_ext/1360937237/can_state.o
 .ARM.attributes
                0x0000064e       0x2c D:/MPLAB X IDE/xc32_v5.00/bin/bin/../../lib/gcc/pic32c/13.2.1/../../../../pic32c/lib/thumb/v6-m/nofp\libpic32c.a(data_init.o)
 .ARM.attributes
                0x0000067a       0x2e D:/MPLAB X IDE/xc32_v5.00/bin/bin/../../lib/gcc/pic32c/13.2.1/../../../../pic32c/lib/thumb/v6-m/nofp\libc-size-musl.a(memcpy.o)
 .ARM.attributes
                0x000006a8       0x2e D:/MPLAB X IDE/xc32_v5.00/bin/bin/../../lib/gcc/pic32c/13.2.1/../../../../pic32c/lib/thumb/v6-m/nofp\libc-size-musl.a(memset.o)
 .ARM.attributes
                0x000006d6       0x2e D:/MPLAB X IDE/xc32_v5.00/bin/bin/../../lib/gcc/pic32c/13.2.1/../../../../pic32c/lib/thumb/v6-m/nofp\libc-musl.a(__libc_start_main.o)
 .ARM.attributes
                0x00000704       0x2e D:/MPLAB X IDE/xc32_v5.00/bin/bin/../../lib/gcc/pic32c/13.2.1/../../../../pic32c/lib/thumb/v6-m/nofp\libc-musl.a(libc.o)
 .ARM.attributes
                0x00000732       0x2e D:/MPLAB X IDE/xc32_v5.00/bin/bin/../../lib/gcc/pic32c/13.2.1/../../../../pic32c/lib/thumb/v6-m/nofp\libc-musl.a(vsnprintf.o)
 .ARM.attributes
                0x00000760       0x2e D:/MPLAB X IDE/xc32_v5.00/bin/bin/../../lib/gcc/pic32c/13.2.1/../../../../pic32c/lib/thumb/v6-m/nofp\libc-musl.a(snprintf.o)
 .ARM.attributes
                0x0000078e       0x2e D:/MPLAB X IDE/xc32_v5.00/bin/bin/../../lib/gcc/pic32c/13.2.1/../../../../pic32c/lib/thumb/v6-m/nofp\libc-musl.a(__environ.o)
 .ARM.attributes
                0x000007bc       0x2e D:/MPLAB X IDE/xc32_v5.00/bin/bin/../../lib/gcc/pic32c/13.2.1/../../../../pic32c/lib/thumb/v6-m/nofp\libc-musl.a(__errno_location.o)
 .ARM.attributes
                0x000007ea       0x2e D:/MPLAB X IDE/xc32_v5.00/bin/bin/../../lib/gcc/pic32c/13.2.1/../../../../pic32c/lib/thumb/v6-m/nofp\libc-musl.a(vfprintf.o)
 .ARM.attributes
                0x00000818       0x2e D:/MPLAB X IDE/xc32_v5.00/bin/bin/../../lib/gcc/pic32c/13.2.1/../../../../pic32c/lib/thumb/v6-m/nofp\libc-musl.a(__pop_float.o)
 .ARM.attributes
                0x00000846       0x2e D:/MPLAB X IDE/xc32_v5.00/bin/bin/../../lib/gcc/pic32c/13.2.1/../../../../pic32c/lib/thumb/v6-m/nofp\libc-musl.a(__pop_int.o)
 .ARM.attributes
                0x00000874       0x2e D:/MPLAB X IDE/xc32_v5.00/bin/bin/../../lib/gcc/pic32c/13.2.1/../../../../pic32c/lib/thumb/v6-m/nofp\libc-musl.a(__pop_ptr.o)
 .ARM.attributes
                0x000008a2       0x2e D:/MPLAB X IDE/xc32_v5.00/bin/bin/../../lib/gcc/pic32c/13.2.1/../../../../pic32c/lib/thumb/v6-m/nofp\libc-musl.a(__printf_core.o)
 .ARM.attributes
                0x000008d0       0x2e D:/MPLAB X IDE/xc32_v5.00/bin/bin/../../lib/gcc/pic32c/13.2.1/../../../../pic32c/lib/thumb/v6-m/nofp\libc-musl.a(atoi.o)
 .ARM.attributes
                0x000008fe       0x2e D:/MPLAB X IDE/xc32_v5.00/bin/bin/../../lib/gcc/pic32c/13.2.1/../../../../pic32c/lib/thumb/v6-m/nofp\libc-musl.a(tolower.o)
 .ARM.attributes
                0x0000092c       0x2e D:/MPLAB X IDE/xc32_v5.00/bin/bin/../../lib/gcc/pic32c/13.2.1/../../../../pic32c/lib/thumb/v6-m/nofp\libc-musl.a(__fmt_a.o)
 .ARM.attributes
                0x0000095a       0x2e D:/MPLAB X IDE/xc32_v5.00/bin/bin/../../lib/gcc/pic32c/13.2.1/../../../../pic32c/lib/thumb/v6-m/nofp\libc-musl.a(__fmt_d.o)
 .ARM.attributes
                0x00000988       0x2e D:/MPLAB X IDE/xc32_v5.00/bin/bin/../../lib/gcc/pic32c/13.2.1/../../../../pic32c/lib/thumb/v6-m/nofp\libc-musl.a(__fmt_fp.o)
 .ARM.attributes
                0x000009b6       0x2e D:/MPLAB X IDE/xc32_v5.00/bin/bin/../../lib/gcc/pic32c/13.2.1/../../../../pic32c/lib/thumb/v6-m/nofp\libc-musl.a(__fmt_o.o)
 .ARM.attributes
                0x000009e4       0x2e D:/MPLAB X IDE/xc32_v5.00/bin/bin/../../lib/gcc/pic32c/13.2.1/../../../../pic32c/lib/thumb/v6-m/nofp\libc-musl.a(__fmt_s.o)
 .ARM.attributes
                0x00000a12       0x2e D:/MPLAB X IDE/xc32_v5.00/bin/bin/../../lib/gcc/pic32c/13.2.1/../../../../pic32c/lib/thumb/v6-m/nofp\libc-musl.a(__fmt_u.o)
 .ARM.attributes
                0x00000a40       0x2e D:/MPLAB X IDE/xc32_v5.00/bin/bin/../../lib/gcc/pic32c/13.2.1/../../../../pic32c/lib/thumb/v6-m/nofp\libc-musl.a(__fmt_x.o)
 .ARM.attributes
                0x00000a6e       0x2e D:/MPLAB X IDE/xc32_v5.00/bin/bin/../../lib/gcc/pic32c/13.2.1/../../../../pic32c/lib/thumb/v6-m/nofp\libc-musl.a(toupper.o)
 .ARM.attributes
                0x00000a9c       0x2e D:/MPLAB X IDE/xc32_v5.00/bin/bin/../../lib/gcc/pic32c/13.2.1/../../../../pic32c/lib/thumb/v6-m/nofp\libc-musl.a(__cvt_u.o)
 .ARM.attributes
                0x00000aca       0x2c D:/MPLAB X IDE/xc32_v5.00/bin/bin/../../lib/gcc/pic32c/13.2.1/../../../../pic32c/lib/thumb/v6-m/nofp\libm-fast-emfloat.a(fma.o)
 .ARM.attributes
                0x00000af6       0x2c D:/MPLAB X IDE/xc32_v5.00/bin/bin/../../lib/gcc/pic32c/13.2.1/../../../../pic32c/lib/thumb/v6-m/nofp\libm-fast-emfloat.a(floor.o)
 .ARM.attributes
                0x00000b22       0x1c D:/MPLAB X IDE/xc32_v5.00/bin/bin/../../lib/gcc/pic32c/13.2.1/../../../../pic32c/lib/thumb/v6-m/nofp\libm-fast-emfloat.a(__aeabi_dadd.o)
 .ARM.attributes
                0x00000b3e       0x1c D:/MPLAB X IDE/xc32_v5.00/bin/bin/../../lib/gcc/pic32c/13.2.1/../../../../pic32c/lib/thumb/v6-m/nofp\libm-fast-emfloat.a(__aeabi_dsub.o)
 .ARM.attributes
                0x00000b5a       0x1c D:/MPLAB X IDE/xc32_v5.00/bin/bin/../../lib/gcc/pic32c/13.2.1/../../../../pic32c/lib/thumb/v6-m/nofp\libm-fast-emfloat.a(__aeabi_dmul_aux.o)
 .ARM.attributes
                0x00000b76       0x1c D:/MPLAB X IDE/xc32_v5.00/bin/bin/../../lib/gcc/pic32c/13.2.1/../../../../pic32c/lib/thumb/v6-m/nofp\libm-fast-emfloat.a(__aeabi_ddiv.o)
 .ARM.attributes
                0x00000b92       0x1c D:/MPLAB X IDE/xc32_v5.00/bin/bin/../../lib/gcc/pic32c/13.2.1/../../../../pic32c/lib/thumb/v6-m/nofp\libm-fast-emfloat.a(__aeabi_dcmple.o)
 .ARM.attributes
                0x00000bae       0x1c D:/MPLAB X IDE/xc32_v5.00/bin/bin/../../lib/gcc/pic32c/13.2.1/../../../../pic32c/lib/thumb/v6-m/nofp\libm-fast-emfloat.a(__aeabi_dcmpeq.o)
 .ARM.attributes
                0x00000bca       0x1c D:/MPLAB X IDE/xc32_v5.00/bin/bin/../../lib/gcc/pic32c/13.2.1/../../../../pic32c/lib/thumb/v6-m/nofp\libm-fast-emfloat.a(__aeabi_dcmpgt.o)
 .ARM.attributes
                0x00000be6       0x1c D:/MPLAB X IDE/xc32_v5.00/bin/bin/../../lib/gcc/pic32c/13.2.1/../../../../pic32c/lib/thumb/v6-m/nofp\libm-fast-emfloat.a(__aeabi_dcmplt.o)
 .ARM.attributes
                0x00000c02       0x1c D:/MPLAB X IDE/xc32_v5.00/bin/bin/../../lib/gcc/pic32c/13.2.1/../../../../pic32c/lib/thumb/v6-m/nofp\libm-fast-emfloat.a(__aeabi_d2iz.o)
 .ARM.attributes
                0x00000c1e       0x1c D:/MPLAB X IDE/xc32_v5.00/bin/bin/../../lib/gcc/pic32c/13.2.1/../../../../pic32c/lib/thumb/v6-m/nofp\libm-fast-emfloat.a(__aeabi_d2uiz.o)
 .ARM.attributes
                0x00000c3a       0x2e D:/MPLAB X IDE/xc32_v5.00/bin/bin/../../lib/gcc/pic32c/13.2.1/../../../../pic32c/lib/thumb/v6-m/nofp\libc-size-musl.a(strlen.o)
 .ARM.attributes
                0x00000c68       0x2e D:/MPLAB X IDE/xc32_v5.00/bin/bin/../../lib/gcc/pic32c/13.2.1/../../../../pic32c/lib/thumb/v6-m/nofp\libc-size-musl.a(strcpy.o)
 .ARM.attributes
                0x00000c96       0x2e D:/MPLAB X IDE/xc32_v5.00/bin/bin/../../lib/gcc/pic32c/13.2.1/../../../../pic32c/lib/thumb/v6-m/nofp\libc-size-musl.a(stpcpy.o)
 .ARM.attributes
                0x00000cc4       0x1e D:/MPLAB X IDE/xc32_v5.00/bin/bin/../../lib/gcc/pic32c/13.2.1/thumb/v6-m/nofp\libgcc.a(_thumb1_case_uqi.o)
 .ARM.attributes
                0x00000ce2       0x1e D:/MPLAB X IDE/xc32_v5.00/bin/bin/../../lib/gcc/pic32c/13.2.1/thumb/v6-m/nofp\libgcc.a(_divsi3.o)
 .ARM.attributes
                0x00000d00       0x1e D:/MPLAB X IDE/xc32_v5.00/bin/bin/../../lib/gcc/pic32c/13.2.1/thumb/v6-m/nofp\libgcc.a(_dvmd_tls.o)
 .ARM.attributes
                0x00000d1e       0x1e D:/MPLAB X IDE/xc32_v5.00/bin/bin/../../lib/gcc/pic32c/13.2.1/thumb/v6-m/nofp\libgcc.a(_aeabi_uldivmod.o)
 .ARM.attributes
                0x00000d3c       0x2c D:/MPLAB X IDE/xc32_v5.00/bin/bin/../../lib/gcc/pic32c/13.2.1/thumb/v6-m/nofp\libgcc.a(_udivmoddi4.o)
 .ARM.attributes
                0x00000d68       0x1e D:/MPLAB X IDE/xc32_v5.00/bin/bin/../../lib/gcc/pic32c/13.2.1/thumb/v6-m/nofp\libgcc.a(_lshrdi3.o)
 .ARM.attributes
                0x00000d86       0x1e D:/MPLAB X IDE/xc32_v5.00/bin/bin/../../lib/gcc/pic32c/13.2.1/thumb/v6-m/nofp\libgcc.a(_ashldi3.o)
 .ARM.attributes
                0x00000da4       0x1e D:/MPLAB X IDE/xc32_v5.00/bin/bin/../../lib/gcc/pic32c/13.2.1/thumb/v6-m/nofp\libgcc.a(_clzdi2.o)
 .ARM.attributes
                0x00000dc2       0x1e D:/MPLAB X IDE/xc32_v5.00/bin/bin/../../lib/gcc/pic32c/13.2.1/thumb/v6-m/nofp\libgcc.a(_clzsi2.o)
 .ARM.attributes
                0x00000de0       0x1e D:/MPLAB X IDE/xc32_v5.00/bin/bin/../../lib/gcc/pic32c/13.2.1/thumb/v6-m/nofp/crtn.o
 .ARM.attributes
                0x00000dfe       0x2c D:/MPLAB X IDE/xc32_v5.00/bin/bin/../../lib/gcc/pic32c/13.2.1/../../../../pic32c/lib/thumb/v6-m/nofp\libpic32c.a(pic32_data_init_clear.o)
 .ARM.attributes
                0x00000e2a       0x2c D:/MPLAB X IDE/xc32_v5.00/bin/bin/../../lib/gcc/pic32c/13.2.1/../../../../pic32c/lib/thumb/v6-m/nofp\libpic32c.a(pic32_data_init_copy.o)

.comment        0x00000000       0x35
 .comment       0x00000000       0x35 D:/MPLAB X IDE/xc32_v5.00/bin/bin/../../lib/gcc/pic32c/13.2.1/thumb/v6-m/nofp/crtbegin.o
                                 0x36 (size before relaxing)
 .comment       0x00000035       0x36 build/default/production/_ext/1984496892/plib_clock.o
 .comment       0x00000035       0x36 build/default/production/_ext/1865161661/plib_dmac.o
 .comment       0x00000035       0x36 build/default/production/_ext/1986646378/plib_evsys.o
 .comment       0x00000035       0x36 build/default/production/_ext/1865468468/plib_nvic.o
 .comment       0x00000035       0x36 build/default/production/_ext/1593096446/plib_nvmctrl.o
 .comment       0x00000035       0x36 build/default/production/_ext/1865521619/plib_port.o
 .comment       0x00000035       0x36 build/default/production/_ext/504274921/plib_sercom7_usart.o
 .comment       0x00000035       0x36 build/default/production/_ext/1171490990/initialization.o
 .comment       0x00000035       0x36 build/default/production/_ext/1171490990/interrupts.o
 .comment       0x00000035       0x36 build/default/production/_ext/1171490990/exceptions.o
 .comment       0x00000035       0x36 build/default/production/_ext/1171490990/startup_xc32.o
 .comment       0x00000035       0x36 build/default/production/_ext/1171490990/freertos_hooks.o
 .comment       0x00000035       0x36 build/default/production/_ext/1171490990/tasks.o
 .comment       0x00000035       0x36 build/default/production/_ext/984881635/dbg_print.o
 .comment       0x00000035       0x36 build/default/production/_ext/984881635/dbg_transport.o
 .comment       0x00000035       0x36 build/default/production/_ext/1624415188/port.o
 .comment       0x00000035       0x36 build/default/production/_ext/1624415188/portasm.o
 .comment       0x00000035       0x36 build/default/production/_ext/1665200909/heap_1.o
 .comment       0x00000035       0x36 build/default/production/_ext/404212886/list.o
 .comment       0x00000035       0x36 build/default/production/_ext/404212886/queue.o
 .comment       0x00000035       0x36 build/default/production/_ext/404212886/FreeRTOS_tasks.o
 .comment       0x00000035       0x36 build/default/production/_ext/1360937237/main.o
 .comment       0x00000035       0x36 build/default/production/_ext/60165182/plib_can1.o
 .comment       0x00000035       0x36 build/default/production/_ext/1360937237/tmc4671_task.o
 .comment       0x00000035       0x36 build/default/production/_ext/1360937237/can_gatekeeper_task.o
 .comment       0x00000035       0x36 build/default/production/_ext/1360937237/tmc2209_task.o
 .comment       0x00000035       0x36 build/default/production/_ext/1360937237/supervisor_task.o
 .comment       0x00000035       0x36 build/default/production/_ext/1360937237/debug_task.o
 .comment       0x00000035       0x36 build/default/production/_ext/17022449/plib_sercom3_spi_master.o
 .comment       0x00000035       0x36 build/default/production/_ext/17022449/plib_sercom0_spi_master.o
 .comment       0x00000035       0x36 build/default/production/_ext/504274921/plib_sercom5_usart.o
 .comment       0x00000035       0x36 build/default/production/_ext/829342655/plib_tc0.o
 .comment       0x00000035       0x36 build/default/production/_ext/1360937237/init_functions.o
 .comment       0x00000035       0x36 build/default/production/_ext/1360937237/can_isr_callbacks.o
 .comment       0x00000035       0x36 build/default/production/_ext/1360937237/can_state.o
 .comment       0x00000035       0x36 D:/MPLAB X IDE/xc32_v5.00/bin/bin/../../lib/gcc/pic32c/13.2.1/../../../../pic32c/lib/thumb/v6-m/nofp\libpic32c.a(data_init.o)
 .comment       0x00000035       0x36 D:/MPLAB X IDE/xc32_v5.00/bin/bin/../../lib/gcc/pic32c/13.2.1/../../../../pic32c/lib/thumb/v6-m/nofp\libc-size-musl.a(memcpy.o)
 .comment       0x00000035       0x36 D:/MPLAB X IDE/xc32_v5.00/bin/bin/../../lib/gcc/pic32c/13.2.1/../../../../pic32c/lib/thumb/v6-m/nofp\libc-size-musl.a(memset.o)
 .comment       0x00000035       0x36 D:/MPLAB X IDE/xc32_v5.00/bin/bin/../../lib/gcc/pic32c/13.2.1/../../../../pic32c/lib/thumb/v6-m/nofp\libc-musl.a(__libc_start_main.o)
 .comment       0x00000035       0x36 D:/MPLAB X IDE/xc32_v5.00/bin/bin/../../lib/gcc/pic32c/13.2.1/../../../../pic32c/lib/thumb/v6-m/nofp\libc-musl.a(libc.o)
 .comment       0x00000035       0x36 D:/MPLAB X IDE/xc32_v5.00/bin/bin/../../lib/gcc/pic32c/13.2.1/../../../../pic32c/lib/thumb/v6-m/nofp\libc-musl.a(vsnprintf.o)
 .comment       0x00000035       0x36 D:/MPLAB X IDE/xc32_v5.00/bin/bin/../../lib/gcc/pic32c/13.2.1/../../../../pic32c/lib/thumb/v6-m/nofp\libc-musl.a(snprintf.o)
 .comment       0x00000035       0x36 D:/MPLAB X IDE/xc32_v5.00/bin/bin/../../lib/gcc/pic32c/13.2.1/../../../../pic32c/lib/thumb/v6-m/nofp\libc-musl.a(__environ.o)
 .comment       0x00000035       0x36 D:/MPLAB X IDE/xc32_v5.00/bin/bin/../../lib/gcc/pic32c/13.2.1/../../../../pic32c/lib/thumb/v6-m/nofp\libc-musl.a(__errno_location.o)
 .comment       0x00000035       0x36 D:/MPLAB X IDE/xc32_v5.00/bin/bin/../../lib/gcc/pic32c/13.2.1/../../../../pic32c/lib/thumb/v6-m/nofp\libc-musl.a(vfprintf.o)
 .comment       0x00000035       0x36 D:/MPLAB X IDE/xc32_v5.00/bin/bin/../../lib/gcc/pic32c/13.2.1/../../../../pic32c/lib/thumb/v6-m/nofp\libc-musl.a(__pop_float.o)
 .comment       0x00000035       0x36 D:/MPLAB X IDE/xc32_v5.00/bin/bin/../../lib/gcc/pic32c/13.2.1/../../../../pic32c/lib/thumb/v6-m/nofp\libc-musl.a(__pop_int.o)
 .comment       0x00000035       0x36 D:/MPLAB X IDE/xc32_v5.00/bin/bin/../../lib/gcc/pic32c/13.2.1/../../../../pic32c/lib/thumb/v6-m/nofp\libc-musl.a(__pop_ptr.o)
 .comment       0x00000035       0x36 D:/MPLAB X IDE/xc32_v5.00/bin/bin/../../lib/gcc/pic32c/13.2.1/../../../../pic32c/lib/thumb/v6-m/nofp\libc-musl.a(__printf_core.o)
 .comment       0x00000035       0x36 D:/MPLAB X IDE/xc32_v5.00/bin/bin/../../lib/gcc/pic32c/13.2.1/../../../../pic32c/lib/thumb/v6-m/nofp\libc-musl.a(atoi.o)
 .comment       0x00000035       0x36 D:/MPLAB X IDE/xc32_v5.00/bin/bin/../../lib/gcc/pic32c/13.2.1/../../../../pic32c/lib/thumb/v6-m/nofp\libc-musl.a(tolower.o)
 .comment       0x00000035       0x36 D:/MPLAB X IDE/xc32_v5.00/bin/bin/../../lib/gcc/pic32c/13.2.1/../../../../pic32c/lib/thumb/v6-m/nofp\libc-musl.a(__fmt_a.o)
 .comment       0x00000035       0x36 D:/MPLAB X IDE/xc32_v5.00/bin/bin/../../lib/gcc/pic32c/13.2.1/../../../../pic32c/lib/thumb/v6-m/nofp\libc-musl.a(__fmt_d.o)
 .comment       0x00000035       0x36 D:/MPLAB X IDE/xc32_v5.00/bin/bin/../../lib/gcc/pic32c/13.2.1/../../../../pic32c/lib/thumb/v6-m/nofp\libc-musl.a(__fmt_fp.o)
 .comment       0x00000035       0x36 D:/MPLAB X IDE/xc32_v5.00/bin/bin/../../lib/gcc/pic32c/13.2.1/../../../../pic32c/lib/thumb/v6-m/nofp\libc-musl.a(__fmt_o.o)
 .comment       0x00000035       0x36 D:/MPLAB X IDE/xc32_v5.00/bin/bin/../../lib/gcc/pic32c/13.2.1/../../../../pic32c/lib/thumb/v6-m/nofp\libc-musl.a(__fmt_s.o)
 .comment       0x00000035       0x36 D:/MPLAB X IDE/xc32_v5.00/bin/bin/../../lib/gcc/pic32c/13.2.1/../../../../pic32c/lib/thumb/v6-m/nofp\libc-musl.a(__fmt_u.o)
 .comment       0x00000035       0x36 D:/MPLAB X IDE/xc32_v5.00/bin/bin/../../lib/gcc/pic32c/13.2.1/../../../../pic32c/lib/thumb/v6-m/nofp\libc-musl.a(__fmt_x.o)
 .comment       0x00000035       0x36 D:/MPLAB X IDE/xc32_v5.00/bin/bin/../../lib/gcc/pic32c/13.2.1/../../../../pic32c/lib/thumb/v6-m/nofp\libc-musl.a(toupper.o)
 .comment       0x00000035       0x36 D:/MPLAB X IDE/xc32_v5.00/bin/bin/../../lib/gcc/pic32c/13.2.1/../../../../pic32c/lib/thumb/v6-m/nofp\libc-musl.a(__cvt_u.o)
 .comment       0x00000035       0x36 D:/MPLAB X IDE/xc32_v5.00/bin/bin/../../lib/gcc/pic32c/13.2.1/../../../../pic32c/lib/thumb/v6-m/nofp\libm-fast-emfloat.a(fma.o)
 .comment       0x00000035       0x36 D:/MPLAB X IDE/xc32_v5.00/bin/bin/../../lib/gcc/pic32c/13.2.1/../../../../pic32c/lib/thumb/v6-m/nofp\libm-fast-emfloat.a(floor.o)
 .comment       0x00000035       0x36 D:/MPLAB X IDE/xc32_v5.00/bin/bin/../../lib/gcc/pic32c/13.2.1/../../../../pic32c/lib/thumb/v6-m/nofp\libc-size-musl.a(strlen.o)
 .comment       0x00000035       0x36 D:/MPLAB X IDE/xc32_v5.00/bin/bin/../../lib/gcc/pic32c/13.2.1/../../../../pic32c/lib/thumb/v6-m/nofp\libc-size-musl.a(strcpy.o)
 .comment       0x00000035       0x36 D:/MPLAB X IDE/xc32_v5.00/bin/bin/../../lib/gcc/pic32c/13.2.1/../../../../pic32c/lib/thumb/v6-m/nofp\libc-size-musl.a(stpcpy.o)
 .comment       0x00000035       0x36 D:/MPLAB X IDE/xc32_v5.00/bin/bin/../../lib/gcc/pic32c/13.2.1/thumb/v6-m/nofp\libgcc.a(_udivmoddi4.o)
 .comment       0x00000035       0x36 D:/MPLAB X IDE/xc32_v5.00/bin/bin/../../lib/gcc/pic32c/13.2.1/../../../../pic32c/lib/thumb/v6-m/nofp\libpic32c.a(pic32_data_init_clear.o)
 .comment       0x00000035       0x36 D:/MPLAB X IDE/xc32_v5.00/bin/bin/../../lib/gcc/pic32c/13.2.1/../../../../pic32c/lib/thumb/v6-m/nofp\libpic32c.a(pic32_data_init_copy.o)

.debug_info     0x00000000    0x183f9
 .debug_info    0x00000000      0x64e build/default/production/_ext/1984496892/plib_clock.o
 .debug_info    0x0000064e      0xbed build/default/production/_ext/1865161661/plib_dmac.o
 .debug_info    0x0000123b       0x9b build/default/production/_ext/1986646378/plib_evsys.o
 .debug_info    0x000012d6      0x919 build/default/production/_ext/1865468468/plib_nvic.o
 .debug_info    0x00001bef      0x791 build/default/production/_ext/1593096446/plib_nvmctrl.o
 .debug_info    0x00002380      0x7a7 build/default/production/_ext/1865521619/plib_port.o
 .debug_info    0x00002b27     0x17e0 build/default/production/_ext/504274921/plib_sercom7_usart.o
 .debug_info    0x00004307      0x402 build/default/production/_ext/1171490990/initialization.o
 .debug_info    0x00004709      0x4aa build/default/production/_ext/1171490990/interrupts.o
 .debug_info    0x00004bb3       0xc1 build/default/production/_ext/1171490990/exceptions.o
 .debug_info    0x00004c74      0x200 build/default/production/_ext/1171490990/startup_xc32.o
 .debug_info    0x00004e74      0x3d1 build/default/production/_ext/1171490990/freertos_hooks.o
 .debug_info    0x00005245      0x489 build/default/production/_ext/1171490990/tasks.o
 .debug_info    0x000056ce      0x6ec build/default/production/_ext/984881635/dbg_print.o
 .debug_info    0x00005dba      0xc7b build/default/production/_ext/984881635/dbg_transport.o
 .debug_info    0x00006a35      0x3a3 build/default/production/_ext/1624415188/port.o
 .debug_info    0x00006dd8      0x17c build/default/production/_ext/1624415188/portasm.o
 .debug_info    0x00006f54      0x23b build/default/production/_ext/1665200909/heap_1.o
 .debug_info    0x0000718f      0x2ff build/default/production/_ext/404212886/list.o
 .debug_info    0x0000748e     0x2030 build/default/production/_ext/404212886/queue.o
 .debug_info    0x000094be     0x2ebc build/default/production/_ext/404212886/FreeRTOS_tasks.o
 .debug_info    0x0000c37a      0x66d build/default/production/_ext/1360937237/main.o
 .debug_info    0x0000c9e7     0x160d build/default/production/_ext/60165182/plib_can1.o
 .debug_info    0x0000dff4      0x13a build/default/production/_ext/1360937237/tmc4671_task.o
 .debug_info    0x0000e12e      0xe2f build/default/production/_ext/1360937237/can_gatekeeper_task.o
 .debug_info    0x0000ef5d      0x13a build/default/production/_ext/1360937237/tmc2209_task.o
 .debug_info    0x0000f097      0x13a build/default/production/_ext/1360937237/supervisor_task.o
 .debug_info    0x0000f1d1      0x13a build/default/production/_ext/1360937237/debug_task.o
 .debug_info    0x0000f30b      0xf3c build/default/production/_ext/17022449/plib_sercom3_spi_master.o
 .debug_info    0x00010247      0xf3c build/default/production/_ext/17022449/plib_sercom0_spi_master.o
 .debug_info    0x00011183      0xf09 build/default/production/_ext/504274921/plib_sercom5_usart.o
 .debug_info    0x0001208c      0x739 build/default/production/_ext/829342655/plib_tc0.o
 .debug_info    0x000127c5      0x26e build/default/production/_ext/1360937237/init_functions.o
 .debug_info    0x00012a33      0x410 build/default/production/_ext/1360937237/can_isr_callbacks.o
 .debug_info    0x00012e43      0x22c build/default/production/_ext/1360937237/can_state.o
 .debug_info    0x0001306f      0x212 D:/MPLAB X IDE/xc32_v5.00/bin/bin/../../lib/gcc/pic32c/13.2.1/../../../../pic32c/lib/thumb/v6-m/nofp\libpic32c.a(data_init.o)
 .debug_info    0x00013281       0xed D:/MPLAB X IDE/xc32_v5.00/bin/bin/../../lib/gcc/pic32c/13.2.1/../../../../pic32c/lib/thumb/v6-m/nofp\libc-size-musl.a(memcpy.o)
 .debug_info    0x0001336e       0xc2 D:/MPLAB X IDE/xc32_v5.00/bin/bin/../../lib/gcc/pic32c/13.2.1/../../../../pic32c/lib/thumb/v6-m/nofp\libc-size-musl.a(memset.o)
 .debug_info    0x00013430      0x2fb D:/MPLAB X IDE/xc32_v5.00/bin/bin/../../lib/gcc/pic32c/13.2.1/../../../../pic32c/lib/thumb/v6-m/nofp\libc-musl.a(__libc_start_main.o)
 .debug_info    0x0001372b      0x276 D:/MPLAB X IDE/xc32_v5.00/bin/bin/../../lib/gcc/pic32c/13.2.1/../../../../pic32c/lib/thumb/v6-m/nofp\libc-musl.a(libc.o)
 .debug_info    0x000139a1      0x45b D:/MPLAB X IDE/xc32_v5.00/bin/bin/../../lib/gcc/pic32c/13.2.1/../../../../pic32c/lib/thumb/v6-m/nofp\libc-musl.a(vsnprintf.o)
 .debug_info    0x00013dfc      0x170 D:/MPLAB X IDE/xc32_v5.00/bin/bin/../../lib/gcc/pic32c/13.2.1/../../../../pic32c/lib/thumb/v6-m/nofp\libc-musl.a(snprintf.o)
 .debug_info    0x00013f6c       0x97 D:/MPLAB X IDE/xc32_v5.00/bin/bin/../../lib/gcc/pic32c/13.2.1/../../../../pic32c/lib/thumb/v6-m/nofp\libc-musl.a(__environ.o)
 .debug_info    0x00014003       0x5b D:/MPLAB X IDE/xc32_v5.00/bin/bin/../../lib/gcc/pic32c/13.2.1/../../../../pic32c/lib/thumb/v6-m/nofp\libc-musl.a(__errno_location.o)
 .debug_info    0x0001405e      0x42c D:/MPLAB X IDE/xc32_v5.00/bin/bin/../../lib/gcc/pic32c/13.2.1/../../../../pic32c/lib/thumb/v6-m/nofp\libc-musl.a(vfprintf.o)
 .debug_info    0x0001448a      0x163 D:/MPLAB X IDE/xc32_v5.00/bin/bin/../../lib/gcc/pic32c/13.2.1/../../../../pic32c/lib/thumb/v6-m/nofp\libc-musl.a(__pop_float.o)
 .debug_info    0x000145ed      0x183 D:/MPLAB X IDE/xc32_v5.00/bin/bin/../../lib/gcc/pic32c/13.2.1/../../../../pic32c/lib/thumb/v6-m/nofp\libc-musl.a(__pop_int.o)
 .debug_info    0x00014770      0x18d D:/MPLAB X IDE/xc32_v5.00/bin/bin/../../lib/gcc/pic32c/13.2.1/../../../../pic32c/lib/thumb/v6-m/nofp\libc-musl.a(__pop_ptr.o)
 .debug_info    0x000148fd      0xb26 D:/MPLAB X IDE/xc32_v5.00/bin/bin/../../lib/gcc/pic32c/13.2.1/../../../../pic32c/lib/thumb/v6-m/nofp\libc-musl.a(__printf_core.o)
 .debug_info    0x00015423       0xf4 D:/MPLAB X IDE/xc32_v5.00/bin/bin/../../lib/gcc/pic32c/13.2.1/../../../../pic32c/lib/thumb/v6-m/nofp\libc-musl.a(atoi.o)
 .debug_info    0x00015517      0x13e D:/MPLAB X IDE/xc32_v5.00/bin/bin/../../lib/gcc/pic32c/13.2.1/../../../../pic32c/lib/thumb/v6-m/nofp\libc-musl.a(tolower.o)
 .debug_info    0x00015655      0x7a3 D:/MPLAB X IDE/xc32_v5.00/bin/bin/../../lib/gcc/pic32c/13.2.1/../../../../pic32c/lib/thumb/v6-m/nofp\libc-musl.a(__fmt_a.o)
 .debug_info    0x00015df8      0x374 D:/MPLAB X IDE/xc32_v5.00/bin/bin/../../lib/gcc/pic32c/13.2.1/../../../../pic32c/lib/thumb/v6-m/nofp\libc-musl.a(__fmt_d.o)
 .debug_info    0x0001616c      0x80e D:/MPLAB X IDE/xc32_v5.00/bin/bin/../../lib/gcc/pic32c/13.2.1/../../../../pic32c/lib/thumb/v6-m/nofp\libc-musl.a(__fmt_fp.o)
 .debug_info    0x0001697a      0x345 D:/MPLAB X IDE/xc32_v5.00/bin/bin/../../lib/gcc/pic32c/13.2.1/../../../../pic32c/lib/thumb/v6-m/nofp\libc-musl.a(__fmt_o.o)
 .debug_info    0x00016cbf      0x31e D:/MPLAB X IDE/xc32_v5.00/bin/bin/../../lib/gcc/pic32c/13.2.1/../../../../pic32c/lib/thumb/v6-m/nofp\libc-musl.a(__fmt_s.o)
 .debug_info    0x00016fdd      0x345 D:/MPLAB X IDE/xc32_v5.00/bin/bin/../../lib/gcc/pic32c/13.2.1/../../../../pic32c/lib/thumb/v6-m/nofp\libc-musl.a(__fmt_u.o)
 .debug_info    0x00017322      0x35f D:/MPLAB X IDE/xc32_v5.00/bin/bin/../../lib/gcc/pic32c/13.2.1/../../../../pic32c/lib/thumb/v6-m/nofp\libc-musl.a(__fmt_x.o)
 .debug_info    0x00017681      0x13e D:/MPLAB X IDE/xc32_v5.00/bin/bin/../../lib/gcc/pic32c/13.2.1/../../../../pic32c/lib/thumb/v6-m/nofp\libc-musl.a(toupper.o)
 .debug_info    0x000177bf      0x1e3 D:/MPLAB X IDE/xc32_v5.00/bin/bin/../../lib/gcc/pic32c/13.2.1/../../../../pic32c/lib/thumb/v6-m/nofp\libc-musl.a(__cvt_u.o)
 .debug_info    0x000179a2       0xab D:/MPLAB X IDE/xc32_v5.00/bin/bin/../../lib/gcc/pic32c/13.2.1/../../../../pic32c/lib/thumb/v6-m/nofp\libc-size-musl.a(strlen.o)
 .debug_info    0x00017a4d       0xdd D:/MPLAB X IDE/xc32_v5.00/bin/bin/../../lib/gcc/pic32c/13.2.1/../../../../pic32c/lib/thumb/v6-m/nofp\libc-size-musl.a(strcpy.o)
 .debug_info    0x00017b2a       0xb3 D:/MPLAB X IDE/xc32_v5.00/bin/bin/../../lib/gcc/pic32c/13.2.1/../../../../pic32c/lib/thumb/v6-m/nofp\libc-size-musl.a(stpcpy.o)
 .debug_info    0x00017bdd       0x35 D:/MPLAB X IDE/xc32_v5.00/bin/bin/../../lib/gcc/pic32c/13.2.1/thumb/v6-m/nofp\libgcc.a(_thumb1_case_uqi.o)
 .debug_info    0x00017c12       0x51 D:/MPLAB X IDE/xc32_v5.00/bin/bin/../../lib/gcc/pic32c/13.2.1/thumb/v6-m/nofp\libgcc.a(_divsi3.o)
 .debug_info    0x00017c63       0x41 D:/MPLAB X IDE/xc32_v5.00/bin/bin/../../lib/gcc/pic32c/13.2.1/thumb/v6-m/nofp\libgcc.a(_dvmd_tls.o)
 .debug_info    0x00017ca4       0x35 D:/MPLAB X IDE/xc32_v5.00/bin/bin/../../lib/gcc/pic32c/13.2.1/thumb/v6-m/nofp\libgcc.a(_aeabi_uldivmod.o)
 .debug_info    0x00017cd9      0x3fc D:/MPLAB X IDE/xc32_v5.00/bin/bin/../../lib/gcc/pic32c/13.2.1/thumb/v6-m/nofp\libgcc.a(_udivmoddi4.o)
 .debug_info    0x000180d5       0x43 D:/MPLAB X IDE/xc32_v5.00/bin/bin/../../lib/gcc/pic32c/13.2.1/thumb/v6-m/nofp\libgcc.a(_lshrdi3.o)
 .debug_info    0x00018118       0x43 D:/MPLAB X IDE/xc32_v5.00/bin/bin/../../lib/gcc/pic32c/13.2.1/thumb/v6-m/nofp\libgcc.a(_ashldi3.o)
 .debug_info    0x0001815b       0x26 D:/MPLAB X IDE/xc32_v5.00/bin/bin/../../lib/gcc/pic32c/13.2.1/thumb/v6-m/nofp\libgcc.a(_clzdi2.o)
 .debug_info    0x00018181       0x35 D:/MPLAB X IDE/xc32_v5.00/bin/bin/../../lib/gcc/pic32c/13.2.1/thumb/v6-m/nofp\libgcc.a(_clzsi2.o)
 .debug_info    0x000181b6      0x117 D:/MPLAB X IDE/xc32_v5.00/bin/bin/../../lib/gcc/pic32c/13.2.1/../../../../pic32c/lib/thumb/v6-m/nofp\libpic32c.a(pic32_data_init_clear.o)
 .debug_info    0x000182cd      0x12c D:/MPLAB X IDE/xc32_v5.00/bin/bin/../../lib/gcc/pic32c/13.2.1/../../../../pic32c/lib/thumb/v6-m/nofp\libpic32c.a(pic32_data_init_copy.o)

.debug_abbrev   0x00000000     0x634e
 .debug_abbrev  0x00000000      0x140 build/default/production/_ext/1984496892/plib_clock.o
 .debug_abbrev  0x00000140      0x2d7 build/default/production/_ext/1865161661/plib_dmac.o
 .debug_abbrev  0x00000417       0x46 build/default/production/_ext/1986646378/plib_evsys.o
 .debug_abbrev  0x0000045d      0x268 build/default/production/_ext/1865468468/plib_nvic.o
 .debug_abbrev  0x000006c5      0x1ec build/default/production/_ext/1593096446/plib_nvmctrl.o
 .debug_abbrev  0x000008b1      0x1ea build/default/production/_ext/1865521619/plib_port.o
 .debug_abbrev  0x00000a9b      0x428 build/default/production/_ext/504274921/plib_sercom7_usart.o
 .debug_abbrev  0x00000ec3      0x123 build/default/production/_ext/1171490990/initialization.o
 .debug_abbrev  0x00000fe6       0xf8 build/default/production/_ext/1171490990/interrupts.o
 .debug_abbrev  0x000010de       0x49 build/default/production/_ext/1171490990/exceptions.o
 .debug_abbrev  0x00001127      0x12c build/default/production/_ext/1171490990/startup_xc32.o
 .debug_abbrev  0x00001253      0x15c build/default/production/_ext/1171490990/freertos_hooks.o
 .debug_abbrev  0x000013af      0x15f build/default/production/_ext/1171490990/tasks.o
 .debug_abbrev  0x0000150e      0x265 build/default/production/_ext/984881635/dbg_print.o
 .debug_abbrev  0x00001773      0x238 build/default/production/_ext/984881635/dbg_transport.o
 .debug_abbrev  0x000019ab      0x1bd build/default/production/_ext/1624415188/port.o
 .debug_abbrev  0x00001b68       0xc7 build/default/production/_ext/1624415188/portasm.o
 .debug_abbrev  0x00001c2f      0x173 build/default/production/_ext/1665200909/heap_1.o
 .debug_abbrev  0x00001da2      0x12c build/default/production/_ext/404212886/list.o
 .debug_abbrev  0x00001ece      0x3c9 build/default/production/_ext/404212886/queue.o
 .debug_abbrev  0x00002297      0x417 build/default/production/_ext/404212886/FreeRTOS_tasks.o
 .debug_abbrev  0x000026ae      0x215 build/default/production/_ext/1360937237/main.o
 .debug_abbrev  0x000028c3      0x3c8 build/default/production/_ext/60165182/plib_can1.o
 .debug_abbrev  0x00002c8b       0xdd build/default/production/_ext/1360937237/tmc4671_task.o
 .debug_abbrev  0x00002d68      0x3ca build/default/production/_ext/1360937237/can_gatekeeper_task.o
 .debug_abbrev  0x00003132       0xdd build/default/production/_ext/1360937237/tmc2209_task.o
 .debug_abbrev  0x0000320f       0xdd build/default/production/_ext/1360937237/supervisor_task.o
 .debug_abbrev  0x000032ec       0xdd build/default/production/_ext/1360937237/debug_task.o
 .debug_abbrev  0x000033c9      0x28f build/default/production/_ext/17022449/plib_sercom3_spi_master.o
 .debug_abbrev  0x00003658      0x28f build/default/production/_ext/17022449/plib_sercom0_spi_master.o
 .debug_abbrev  0x000038e7      0x285 build/default/production/_ext/504274921/plib_sercom5_usart.o
 .debug_abbrev  0x00003b6c      0x16d build/default/production/_ext/829342655/plib_tc0.o
 .debug_abbrev  0x00003cd9       0xf6 build/default/production/_ext/1360937237/init_functions.o
 .debug_abbrev  0x00003dcf      0x1a8 build/default/production/_ext/1360937237/can_isr_callbacks.o
 .debug_abbrev  0x00003f77       0xbf build/default/production/_ext/1360937237/can_state.o
 .debug_abbrev  0x00004036      0x156 D:/MPLAB X IDE/xc32_v5.00/bin/bin/../../lib/gcc/pic32c/13.2.1/../../../../pic32c/lib/thumb/v6-m/nofp\libpic32c.a(data_init.o)
 .debug_abbrev  0x0000418c       0xbb D:/MPLAB X IDE/xc32_v5.00/bin/bin/../../lib/gcc/pic32c/13.2.1/../../../../pic32c/lib/thumb/v6-m/nofp\libc-size-musl.a(memcpy.o)
 .debug_abbrev  0x00004247       0xa2 D:/MPLAB X IDE/xc32_v5.00/bin/bin/../../lib/gcc/pic32c/13.2.1/../../../../pic32c/lib/thumb/v6-m/nofp\libc-size-musl.a(memset.o)
 .debug_abbrev  0x000042e9      0x133 D:/MPLAB X IDE/xc32_v5.00/bin/bin/../../lib/gcc/pic32c/13.2.1/../../../../pic32c/lib/thumb/v6-m/nofp\libc-musl.a(__libc_start_main.o)
 .debug_abbrev  0x0000441c       0xd4 D:/MPLAB X IDE/xc32_v5.00/bin/bin/../../lib/gcc/pic32c/13.2.1/../../../../pic32c/lib/thumb/v6-m/nofp\libc-musl.a(libc.o)
 .debug_abbrev  0x000044f0      0x198 D:/MPLAB X IDE/xc32_v5.00/bin/bin/../../lib/gcc/pic32c/13.2.1/../../../../pic32c/lib/thumb/v6-m/nofp\libc-musl.a(vsnprintf.o)
 .debug_abbrev  0x00004688      0x10e D:/MPLAB X IDE/xc32_v5.00/bin/bin/../../lib/gcc/pic32c/13.2.1/../../../../pic32c/lib/thumb/v6-m/nofp\libc-musl.a(snprintf.o)
 .debug_abbrev  0x00004796       0x62 D:/MPLAB X IDE/xc32_v5.00/bin/bin/../../lib/gcc/pic32c/13.2.1/../../../../pic32c/lib/thumb/v6-m/nofp\libc-musl.a(__environ.o)
 .debug_abbrev  0x000047f8       0x39 D:/MPLAB X IDE/xc32_v5.00/bin/bin/../../lib/gcc/pic32c/13.2.1/../../../../pic32c/lib/thumb/v6-m/nofp\libc-musl.a(__errno_location.o)
 .debug_abbrev  0x00004831      0x1a1 D:/MPLAB X IDE/xc32_v5.00/bin/bin/../../lib/gcc/pic32c/13.2.1/../../../../pic32c/lib/thumb/v6-m/nofp\libc-musl.a(vfprintf.o)
 .debug_abbrev  0x000049d2       0xdc D:/MPLAB X IDE/xc32_v5.00/bin/bin/../../lib/gcc/pic32c/13.2.1/../../../../pic32c/lib/thumb/v6-m/nofp\libc-musl.a(__pop_float.o)
 .debug_abbrev  0x00004aae       0xdc D:/MPLAB X IDE/xc32_v5.00/bin/bin/../../lib/gcc/pic32c/13.2.1/../../../../pic32c/lib/thumb/v6-m/nofp\libc-musl.a(__pop_int.o)
 .debug_abbrev  0x00004b8a       0xdc D:/MPLAB X IDE/xc32_v5.00/bin/bin/../../lib/gcc/pic32c/13.2.1/../../../../pic32c/lib/thumb/v6-m/nofp\libc-musl.a(__pop_ptr.o)
 .debug_abbrev  0x00004c66      0x324 D:/MPLAB X IDE/xc32_v5.00/bin/bin/../../lib/gcc/pic32c/13.2.1/../../../../pic32c/lib/thumb/v6-m/nofp\libc-musl.a(__printf_core.o)
 .debug_abbrev  0x00004f8a       0xc6 D:/MPLAB X IDE/xc32_v5.00/bin/bin/../../lib/gcc/pic32c/13.2.1/../../../../pic32c/lib/thumb/v6-m/nofp\libc-musl.a(atoi.o)
 .debug_abbrev  0x00005050       0xf4 D:/MPLAB X IDE/xc32_v5.00/bin/bin/../../lib/gcc/pic32c/13.2.1/../../../../pic32c/lib/thumb/v6-m/nofp\libc-musl.a(tolower.o)
 .debug_abbrev  0x00005144      0x1eb D:/MPLAB X IDE/xc32_v5.00/bin/bin/../../lib/gcc/pic32c/13.2.1/../../../../pic32c/lib/thumb/v6-m/nofp\libc-musl.a(__fmt_a.o)
 .debug_abbrev  0x0000532f      0x16b D:/MPLAB X IDE/xc32_v5.00/bin/bin/../../lib/gcc/pic32c/13.2.1/../../../../pic32c/lib/thumb/v6-m/nofp\libc-musl.a(__fmt_d.o)
 .debug_abbrev  0x0000549a      0x1ee D:/MPLAB X IDE/xc32_v5.00/bin/bin/../../lib/gcc/pic32c/13.2.1/../../../../pic32c/lib/thumb/v6-m/nofp\libc-musl.a(__fmt_fp.o)
 .debug_abbrev  0x00005688      0x16b D:/MPLAB X IDE/xc32_v5.00/bin/bin/../../lib/gcc/pic32c/13.2.1/../../../../pic32c/lib/thumb/v6-m/nofp\libc-musl.a(__fmt_o.o)
 .debug_abbrev  0x000057f3      0x16f D:/MPLAB X IDE/xc32_v5.00/bin/bin/../../lib/gcc/pic32c/13.2.1/../../../../pic32c/lib/thumb/v6-m/nofp\libc-musl.a(__fmt_s.o)
 .debug_abbrev  0x00005962      0x16b D:/MPLAB X IDE/xc32_v5.00/bin/bin/../../lib/gcc/pic32c/13.2.1/../../../../pic32c/lib/thumb/v6-m/nofp\libc-musl.a(__fmt_u.o)
 .debug_abbrev  0x00005acd      0x15a D:/MPLAB X IDE/xc32_v5.00/bin/bin/../../lib/gcc/pic32c/13.2.1/../../../../pic32c/lib/thumb/v6-m/nofp\libc-musl.a(__fmt_x.o)
 .debug_abbrev  0x00005c27       0xf4 D:/MPLAB X IDE/xc32_v5.00/bin/bin/../../lib/gcc/pic32c/13.2.1/../../../../pic32c/lib/thumb/v6-m/nofp\libc-musl.a(toupper.o)
 .debug_abbrev  0x00005d1b      0x10c D:/MPLAB X IDE/xc32_v5.00/bin/bin/../../lib/gcc/pic32c/13.2.1/../../../../pic32c/lib/thumb/v6-m/nofp\libc-musl.a(__cvt_u.o)
 .debug_abbrev  0x00005e27       0x91 D:/MPLAB X IDE/xc32_v5.00/bin/bin/../../lib/gcc/pic32c/13.2.1/../../../../pic32c/lib/thumb/v6-m/nofp\libc-size-musl.a(strlen.o)
 .debug_abbrev  0x00005eb8       0xb5 D:/MPLAB X IDE/xc32_v5.00/bin/bin/../../lib/gcc/pic32c/13.2.1/../../../../pic32c/lib/thumb/v6-m/nofp\libc-size-musl.a(strcpy.o)
 .debug_abbrev  0x00005f6d       0x6e D:/MPLAB X IDE/xc32_v5.00/bin/bin/../../lib/gcc/pic32c/13.2.1/../../../../pic32c/lib/thumb/v6-m/nofp\libc-size-musl.a(stpcpy.o)
 .debug_abbrev  0x00005fdb       0x21 D:/MPLAB X IDE/xc32_v5.00/bin/bin/../../lib/gcc/pic32c/13.2.1/thumb/v6-m/nofp\libgcc.a(_thumb1_case_uqi.o)
 .debug_abbrev  0x00005ffc       0x21 D:/MPLAB X IDE/xc32_v5.00/bin/bin/../../lib/gcc/pic32c/13.2.1/thumb/v6-m/nofp\libgcc.a(_divsi3.o)
 .debug_abbrev  0x0000601d       0x1f D:/MPLAB X IDE/xc32_v5.00/bin/bin/../../lib/gcc/pic32c/13.2.1/thumb/v6-m/nofp\libgcc.a(_dvmd_tls.o)
 .debug_abbrev  0x0000603c       0x21 D:/MPLAB X IDE/xc32_v5.00/bin/bin/../../lib/gcc/pic32c/13.2.1/thumb/v6-m/nofp\libgcc.a(_aeabi_uldivmod.o)
 .debug_abbrev  0x0000605d      0x11c D:/MPLAB X IDE/xc32_v5.00/bin/bin/../../lib/gcc/pic32c/13.2.1/thumb/v6-m/nofp\libgcc.a(_udivmoddi4.o)
 .debug_abbrev  0x00006179       0x21 D:/MPLAB X IDE/xc32_v5.00/bin/bin/../../lib/gcc/pic32c/13.2.1/thumb/v6-m/nofp\libgcc.a(_lshrdi3.o)
 .debug_abbrev  0x0000619a       0x21 D:/MPLAB X IDE/xc32_v5.00/bin/bin/../../lib/gcc/pic32c/13.2.1/thumb/v6-m/nofp\libgcc.a(_ashldi3.o)
 .debug_abbrev  0x000061bb       0x14 D:/MPLAB X IDE/xc32_v5.00/bin/bin/../../lib/gcc/pic32c/13.2.1/thumb/v6-m/nofp\libgcc.a(_clzdi2.o)
 .debug_abbrev  0x000061cf       0x21 D:/MPLAB X IDE/xc32_v5.00/bin/bin/../../lib/gcc/pic32c/13.2.1/thumb/v6-m/nofp\libgcc.a(_clzsi2.o)
 .debug_abbrev  0x000061f0       0xa5 D:/MPLAB X IDE/xc32_v5.00/bin/bin/../../lib/gcc/pic32c/13.2.1/../../../../pic32c/lib/thumb/v6-m/nofp\libpic32c.a(pic32_data_init_clear.o)
 .debug_abbrev  0x00006295       0xb9 D:/MPLAB X IDE/xc32_v5.00/bin/bin/../../lib/gcc/pic32c/13.2.1/../../../../pic32c/lib/thumb/v6-m/nofp\libpic32c.a(pic32_data_init_copy.o)

.debug_loc      0x00000000     0xecb2
 .debug_loc     0x00000000       0x45 build/default/production/_ext/1984496892/plib_clock.o
 .debug_loc     0x00000045      0xbcc build/default/production/_ext/1865161661/plib_dmac.o
 .debug_loc     0x00000c11      0x259 build/default/production/_ext/1865468468/plib_nvic.o
 .debug_loc     0x00000e6a      0x705 build/default/production/_ext/1593096446/plib_nvmctrl.o
 .debug_loc     0x0000156f      0x2d8 build/default/production/_ext/1865521619/plib_port.o
 .debug_loc     0x00001847      0xd24 build/default/production/_ext/504274921/plib_sercom7_usart.o
 .debug_loc     0x0000256b       0x4b build/default/production/_ext/1171490990/initialization.o
 .debug_loc     0x000025b6       0x40 build/default/production/_ext/1171490990/interrupts.o
 .debug_loc     0x000025f6       0x20 build/default/production/_ext/1171490990/startup_xc32.o
 .debug_loc     0x00002616       0x82 build/default/production/_ext/1171490990/freertos_hooks.o
 .debug_loc     0x00002698      0x1a3 build/default/production/_ext/1171490990/tasks.o
 .debug_loc     0x0000283b      0x20d build/default/production/_ext/984881635/dbg_print.o
 .debug_loc     0x00002a48      0x178 build/default/production/_ext/984881635/dbg_transport.o
 .debug_loc     0x00002bc0      0x457 build/default/production/_ext/1624415188/port.o
 .debug_loc     0x00003017       0xdf build/default/production/_ext/1665200909/heap_1.o
 .debug_loc     0x000030f6       0xd3 build/default/production/_ext/404212886/list.o
 .debug_loc     0x000031c9     0x2030 build/default/production/_ext/404212886/queue.o
 .debug_loc     0x000051f9     0x2ebf build/default/production/_ext/404212886/FreeRTOS_tasks.o
 .debug_loc     0x000080b8       0x2c build/default/production/_ext/1360937237/main.o
 .debug_loc     0x000080e4      0xe0f build/default/production/_ext/60165182/plib_can1.o
 .debug_loc     0x00008ef3       0x16 build/default/production/_ext/1360937237/tmc4671_task.o
 .debug_loc     0x00008f09      0x5a7 build/default/production/_ext/1360937237/can_gatekeeper_task.o
 .debug_loc     0x000094b0       0x16 build/default/production/_ext/1360937237/tmc2209_task.o
 .debug_loc     0x000094c6       0x16 build/default/production/_ext/1360937237/supervisor_task.o
 .debug_loc     0x000094dc       0x16 build/default/production/_ext/1360937237/debug_task.o
 .debug_loc     0x000094f2      0x6e2 build/default/production/_ext/17022449/plib_sercom3_spi_master.o
 .debug_loc     0x00009bd4      0x6e2 build/default/production/_ext/17022449/plib_sercom0_spi_master.o
 .debug_loc     0x0000a2b6      0x692 build/default/production/_ext/504274921/plib_sercom5_usart.o
 .debug_loc     0x0000a948       0x4e build/default/production/_ext/829342655/plib_tc0.o
 .debug_loc     0x0000a996       0x20 build/default/production/_ext/1360937237/init_functions.o
 .debug_loc     0x0000a9b6      0x14f build/default/production/_ext/1360937237/can_isr_callbacks.o
 .debug_loc     0x0000ab05      0x113 D:/MPLAB X IDE/xc32_v5.00/bin/bin/../../lib/gcc/pic32c/13.2.1/../../../../pic32c/lib/thumb/v6-m/nofp\libpic32c.a(data_init.o)
 .debug_loc     0x0000ac18      0x12d D:/MPLAB X IDE/xc32_v5.00/bin/bin/../../lib/gcc/pic32c/13.2.1/../../../../pic32c/lib/thumb/v6-m/nofp\libc-size-musl.a(memcpy.o)
 .debug_loc     0x0000ad45       0xe5 D:/MPLAB X IDE/xc32_v5.00/bin/bin/../../lib/gcc/pic32c/13.2.1/../../../../pic32c/lib/thumb/v6-m/nofp\libc-size-musl.a(memset.o)
 .debug_loc     0x0000ae2a       0x5e D:/MPLAB X IDE/xc32_v5.00/bin/bin/../../lib/gcc/pic32c/13.2.1/../../../../pic32c/lib/thumb/v6-m/nofp\libc-musl.a(__libc_start_main.o)
 .debug_loc     0x0000ae88      0x120 D:/MPLAB X IDE/xc32_v5.00/bin/bin/../../lib/gcc/pic32c/13.2.1/../../../../pic32c/lib/thumb/v6-m/nofp\libc-musl.a(vsnprintf.o)
 .debug_loc     0x0000afa8       0x97 D:/MPLAB X IDE/xc32_v5.00/bin/bin/../../lib/gcc/pic32c/13.2.1/../../../../pic32c/lib/thumb/v6-m/nofp\libc-musl.a(snprintf.o)
 .debug_loc     0x0000b03f       0xdc D:/MPLAB X IDE/xc32_v5.00/bin/bin/../../lib/gcc/pic32c/13.2.1/../../../../pic32c/lib/thumb/v6-m/nofp\libc-musl.a(vfprintf.o)
 .debug_loc     0x0000b11b       0xfb D:/MPLAB X IDE/xc32_v5.00/bin/bin/../../lib/gcc/pic32c/13.2.1/../../../../pic32c/lib/thumb/v6-m/nofp\libc-musl.a(__pop_float.o)
 .debug_loc     0x0000b216      0x374 D:/MPLAB X IDE/xc32_v5.00/bin/bin/../../lib/gcc/pic32c/13.2.1/../../../../pic32c/lib/thumb/v6-m/nofp\libc-musl.a(__pop_int.o)
 .debug_loc     0x0000b58a      0x1a1 D:/MPLAB X IDE/xc32_v5.00/bin/bin/../../lib/gcc/pic32c/13.2.1/../../../../pic32c/lib/thumb/v6-m/nofp\libc-musl.a(__pop_ptr.o)
 .debug_loc     0x0000b72b      0x68c D:/MPLAB X IDE/xc32_v5.00/bin/bin/../../lib/gcc/pic32c/13.2.1/../../../../pic32c/lib/thumb/v6-m/nofp\libc-musl.a(__printf_core.o)
 .debug_loc     0x0000bdb7       0xbc D:/MPLAB X IDE/xc32_v5.00/bin/bin/../../lib/gcc/pic32c/13.2.1/../../../../pic32c/lib/thumb/v6-m/nofp\libc-musl.a(atoi.o)
 .debug_loc     0x0000be73       0xa1 D:/MPLAB X IDE/xc32_v5.00/bin/bin/../../lib/gcc/pic32c/13.2.1/../../../../pic32c/lib/thumb/v6-m/nofp\libc-musl.a(tolower.o)
 .debug_loc     0x0000bf14      0xd70 D:/MPLAB X IDE/xc32_v5.00/bin/bin/../../lib/gcc/pic32c/13.2.1/../../../../pic32c/lib/thumb/v6-m/nofp\libc-musl.a(__fmt_a.o)
 .debug_loc     0x0000cc84      0x2b3 D:/MPLAB X IDE/xc32_v5.00/bin/bin/../../lib/gcc/pic32c/13.2.1/../../../../pic32c/lib/thumb/v6-m/nofp\libc-musl.a(__fmt_d.o)
 .debug_loc     0x0000cf37      0xc86 D:/MPLAB X IDE/xc32_v5.00/bin/bin/../../lib/gcc/pic32c/13.2.1/../../../../pic32c/lib/thumb/v6-m/nofp\libc-musl.a(__fmt_fp.o)
 .debug_loc     0x0000dbbd      0x13e D:/MPLAB X IDE/xc32_v5.00/bin/bin/../../lib/gcc/pic32c/13.2.1/../../../../pic32c/lib/thumb/v6-m/nofp\libc-musl.a(__fmt_o.o)
 .debug_loc     0x0000dcfb      0x150 D:/MPLAB X IDE/xc32_v5.00/bin/bin/../../lib/gcc/pic32c/13.2.1/../../../../pic32c/lib/thumb/v6-m/nofp\libc-musl.a(__fmt_s.o)
 .debug_loc     0x0000de4b      0x13e D:/MPLAB X IDE/xc32_v5.00/bin/bin/../../lib/gcc/pic32c/13.2.1/../../../../pic32c/lib/thumb/v6-m/nofp\libc-musl.a(__fmt_u.o)
 .debug_loc     0x0000df89      0x3d5 D:/MPLAB X IDE/xc32_v5.00/bin/bin/../../lib/gcc/pic32c/13.2.1/../../../../pic32c/lib/thumb/v6-m/nofp\libc-musl.a(__fmt_x.o)
 .debug_loc     0x0000e35e       0xa1 D:/MPLAB X IDE/xc32_v5.00/bin/bin/../../lib/gcc/pic32c/13.2.1/../../../../pic32c/lib/thumb/v6-m/nofp\libc-musl.a(toupper.o)
 .debug_loc     0x0000e3ff      0x1d9 D:/MPLAB X IDE/xc32_v5.00/bin/bin/../../lib/gcc/pic32c/13.2.1/../../../../pic32c/lib/thumb/v6-m/nofp\libc-musl.a(__cvt_u.o)
 .debug_loc     0x0000e5d8       0x93 D:/MPLAB X IDE/xc32_v5.00/bin/bin/../../lib/gcc/pic32c/13.2.1/../../../../pic32c/lib/thumb/v6-m/nofp\libc-size-musl.a(strlen.o)
 .debug_loc     0x0000e66b       0x7a D:/MPLAB X IDE/xc32_v5.00/bin/bin/../../lib/gcc/pic32c/13.2.1/../../../../pic32c/lib/thumb/v6-m/nofp\libc-size-musl.a(strcpy.o)
 .debug_loc     0x0000e6e5       0xb5 D:/MPLAB X IDE/xc32_v5.00/bin/bin/../../lib/gcc/pic32c/13.2.1/../../../../pic32c/lib/thumb/v6-m/nofp\libc-size-musl.a(stpcpy.o)
 .debug_loc     0x0000e79a      0x28a D:/MPLAB X IDE/xc32_v5.00/bin/bin/../../lib/gcc/pic32c/13.2.1/thumb/v6-m/nofp\libgcc.a(_udivmoddi4.o)
 .debug_loc     0x0000ea24       0xf7 D:/MPLAB X IDE/xc32_v5.00/bin/bin/../../lib/gcc/pic32c/13.2.1/../../../../pic32c/lib/thumb/v6-m/nofp\libpic32c.a(pic32_data_init_clear.o)
 .debug_loc     0x0000eb1b      0x197 D:/MPLAB X IDE/xc32_v5.00/bin/bin/../../lib/gcc/pic32c/13.2.1/../../../../pic32c/lib/thumb/v6-m/nofp\libpic32c.a(pic32_data_init_copy.o)

.debug_aranges  0x00000000     0x11d0
 .debug_aranges
                0x00000000       0x20 build/default/production/_ext/1984496892/plib_clock.o
 .debug_aranges
                0x00000020       0x98 build/default/production/_ext/1865161661/plib_dmac.o
 .debug_aranges
                0x000000b8       0x20 build/default/production/_ext/1986646378/plib_evsys.o
 .debug_aranges
                0x000000d8       0x48 build/default/production/_ext/1865468468/plib_nvic.o
 .debug_aranges
                0x00000120       0xa0 build/default/production/_ext/1593096446/plib_nvmctrl.o
 .debug_aranges
                0x000001c0       0x70 build/default/production/_ext/1865521619/plib_port.o
 .debug_aranges
                0x00000230       0xe8 build/default/production/_ext/504274921/plib_sercom7_usart.o
 .debug_aranges
                0x00000318       0x20 build/default/production/_ext/1171490990/initialization.o
 .debug_aranges
                0x00000338       0x30 build/default/production/_ext/1171490990/interrupts.o
 .debug_aranges
                0x00000368       0x28 build/default/production/_ext/1171490990/exceptions.o
 .debug_aranges
                0x00000390       0x28 build/default/production/_ext/1171490990/startup_xc32.o
 .debug_aranges
                0x000003b8       0x48 build/default/production/_ext/1171490990/freertos_hooks.o
 .debug_aranges
                0x00000400       0x48 build/default/production/_ext/1171490990/tasks.o
 .debug_aranges
                0x00000448       0x40 build/default/production/_ext/984881635/dbg_print.o
 .debug_aranges
                0x00000488       0x40 build/default/production/_ext/984881635/dbg_transport.o
 .debug_aranges
                0x000004c8       0x70 build/default/production/_ext/1624415188/port.o
 .debug_aranges
                0x00000538       0x60 build/default/production/_ext/1624415188/portasm.o
 .debug_aranges
                0x00000598       0x40 build/default/production/_ext/1665200909/heap_1.o
 .debug_aranges
                0x000005d8       0x40 build/default/production/_ext/404212886/list.o
 .debug_aranges
                0x00000618      0x100 build/default/production/_ext/404212886/queue.o
 .debug_aranges
                0x00000718      0x1c8 build/default/production/_ext/404212886/FreeRTOS_tasks.o
 .debug_aranges
                0x000008e0       0x20 build/default/production/_ext/1360937237/main.o
 .debug_aranges
                0x00000900       0xa8 build/default/production/_ext/60165182/plib_can1.o
 .debug_aranges
                0x000009a8       0x28 build/default/production/_ext/1360937237/tmc4671_task.o
 .debug_aranges
                0x000009d0       0x28 build/default/production/_ext/1360937237/can_gatekeeper_task.o
 .debug_aranges
                0x000009f8       0x28 build/default/production/_ext/1360937237/tmc2209_task.o
 .debug_aranges
                0x00000a20       0x28 build/default/production/_ext/1360937237/supervisor_task.o
 .debug_aranges
                0x00000a48       0x28 build/default/production/_ext/1360937237/debug_task.o
 .debug_aranges
                0x00000a70       0x60 build/default/production/_ext/17022449/plib_sercom3_spi_master.o
 .debug_aranges
                0x00000ad0       0x60 build/default/production/_ext/17022449/plib_sercom0_spi_master.o
 .debug_aranges
                0x00000b30       0xa8 build/default/production/_ext/504274921/plib_sercom5_usart.o
 .debug_aranges
                0x00000bd8       0x68 build/default/production/_ext/829342655/plib_tc0.o
 .debug_aranges
                0x00000c40       0x20 build/default/production/_ext/1360937237/init_functions.o
 .debug_aranges
                0x00000c60       0x30 build/default/production/_ext/1360937237/can_isr_callbacks.o
 .debug_aranges
                0x00000c90       0x18 build/default/production/_ext/1360937237/can_state.o
 .debug_aranges
                0x00000ca8       0x30 D:/MPLAB X IDE/xc32_v5.00/bin/bin/../../lib/gcc/pic32c/13.2.1/../../../../pic32c/lib/thumb/v6-m/nofp\libpic32c.a(data_init.o)
 .debug_aranges
                0x00000cd8       0x20 D:/MPLAB X IDE/xc32_v5.00/bin/bin/../../lib/gcc/pic32c/13.2.1/../../../../pic32c/lib/thumb/v6-m/nofp\libc-size-musl.a(memcpy.o)
 .debug_aranges
                0x00000cf8       0x20 D:/MPLAB X IDE/xc32_v5.00/bin/bin/../../lib/gcc/pic32c/13.2.1/../../../../pic32c/lib/thumb/v6-m/nofp\libc-size-musl.a(memset.o)
 .debug_aranges
                0x00000d18       0x28 D:/MPLAB X IDE/xc32_v5.00/bin/bin/../../lib/gcc/pic32c/13.2.1/../../../../pic32c/lib/thumb/v6-m/nofp\libc-musl.a(__libc_start_main.o)
 .debug_aranges
                0x00000d40       0x18 D:/MPLAB X IDE/xc32_v5.00/bin/bin/../../lib/gcc/pic32c/13.2.1/../../../../pic32c/lib/thumb/v6-m/nofp\libc-musl.a(libc.o)
 .debug_aranges
                0x00000d58       0x20 D:/MPLAB X IDE/xc32_v5.00/bin/bin/../../lib/gcc/pic32c/13.2.1/../../../../pic32c/lib/thumb/v6-m/nofp\libc-musl.a(vsnprintf.o)
 .debug_aranges
                0x00000d78       0x20 D:/MPLAB X IDE/xc32_v5.00/bin/bin/../../lib/gcc/pic32c/13.2.1/../../../../pic32c/lib/thumb/v6-m/nofp\libc-musl.a(snprintf.o)
 .debug_aranges
                0x00000d98       0x18 D:/MPLAB X IDE/xc32_v5.00/bin/bin/../../lib/gcc/pic32c/13.2.1/../../../../pic32c/lib/thumb/v6-m/nofp\libc-musl.a(__environ.o)
 .debug_aranges
                0x00000db0       0x18 D:/MPLAB X IDE/xc32_v5.00/bin/bin/../../lib/gcc/pic32c/13.2.1/../../../../pic32c/lib/thumb/v6-m/nofp\libc-musl.a(__errno_location.o)
 .debug_aranges
                0x00000dc8       0x28 D:/MPLAB X IDE/xc32_v5.00/bin/bin/../../lib/gcc/pic32c/13.2.1/../../../../pic32c/lib/thumb/v6-m/nofp\libc-musl.a(vfprintf.o)
 .debug_aranges
                0x00000df0       0x20 D:/MPLAB X IDE/xc32_v5.00/bin/bin/../../lib/gcc/pic32c/13.2.1/../../../../pic32c/lib/thumb/v6-m/nofp\libc-musl.a(__pop_float.o)
 .debug_aranges
                0x00000e10       0x20 D:/MPLAB X IDE/xc32_v5.00/bin/bin/../../lib/gcc/pic32c/13.2.1/../../../../pic32c/lib/thumb/v6-m/nofp\libc-musl.a(__pop_int.o)
 .debug_aranges
                0x00000e30       0x20 D:/MPLAB X IDE/xc32_v5.00/bin/bin/../../lib/gcc/pic32c/13.2.1/../../../../pic32c/lib/thumb/v6-m/nofp\libc-musl.a(__pop_ptr.o)
 .debug_aranges
                0x00000e50       0x50 D:/MPLAB X IDE/xc32_v5.00/bin/bin/../../lib/gcc/pic32c/13.2.1/../../../../pic32c/lib/thumb/v6-m/nofp\libc-musl.a(__printf_core.o)
 .debug_aranges
                0x00000ea0       0x20 D:/MPLAB X IDE/xc32_v5.00/bin/bin/../../lib/gcc/pic32c/13.2.1/../../../../pic32c/lib/thumb/v6-m/nofp\libc-musl.a(atoi.o)
 .debug_aranges
                0x00000ec0       0x28 D:/MPLAB X IDE/xc32_v5.00/bin/bin/../../lib/gcc/pic32c/13.2.1/../../../../pic32c/lib/thumb/v6-m/nofp\libc-musl.a(tolower.o)
 .debug_aranges
                0x00000ee8       0x20 D:/MPLAB X IDE/xc32_v5.00/bin/bin/../../lib/gcc/pic32c/13.2.1/../../../../pic32c/lib/thumb/v6-m/nofp\libc-musl.a(__fmt_a.o)
 .debug_aranges
                0x00000f08       0x20 D:/MPLAB X IDE/xc32_v5.00/bin/bin/../../lib/gcc/pic32c/13.2.1/../../../../pic32c/lib/thumb/v6-m/nofp\libc-musl.a(__fmt_d.o)
 .debug_aranges
                0x00000f28       0x20 D:/MPLAB X IDE/xc32_v5.00/bin/bin/../../lib/gcc/pic32c/13.2.1/../../../../pic32c/lib/thumb/v6-m/nofp\libc-musl.a(__fmt_fp.o)
 .debug_aranges
                0x00000f48       0x20 D:/MPLAB X IDE/xc32_v5.00/bin/bin/../../lib/gcc/pic32c/13.2.1/../../../../pic32c/lib/thumb/v6-m/nofp\libc-musl.a(__fmt_o.o)
 .debug_aranges
                0x00000f68       0x20 D:/MPLAB X IDE/xc32_v5.00/bin/bin/../../lib/gcc/pic32c/13.2.1/../../../../pic32c/lib/thumb/v6-m/nofp\libc-musl.a(__fmt_s.o)
 .debug_aranges
                0x00000f88       0x20 D:/MPLAB X IDE/xc32_v5.00/bin/bin/../../lib/gcc/pic32c/13.2.1/../../../../pic32c/lib/thumb/v6-m/nofp\libc-musl.a(__fmt_u.o)
 .debug_aranges
                0x00000fa8       0x20 D:/MPLAB X IDE/xc32_v5.00/bin/bin/../../lib/gcc/pic32c/13.2.1/../../../../pic32c/lib/thumb/v6-m/nofp\libc-musl.a(__fmt_x.o)
 .debug_aranges
                0x00000fc8       0x28 D:/MPLAB X IDE/xc32_v5.00/bin/bin/../../lib/gcc/pic32c/13.2.1/../../../../pic32c/lib/thumb/v6-m/nofp\libc-musl.a(toupper.o)
 .debug_aranges
                0x00000ff0       0x20 D:/MPLAB X IDE/xc32_v5.00/bin/bin/../../lib/gcc/pic32c/13.2.1/../../../../pic32c/lib/thumb/v6-m/nofp\libc-musl.a(__cvt_u.o)
 .debug_aranges
                0x00001010       0x20 D:/MPLAB X IDE/xc32_v5.00/bin/bin/../../lib/gcc/pic32c/13.2.1/../../../../pic32c/lib/thumb/v6-m/nofp\libc-size-musl.a(strlen.o)
 .debug_aranges
                0x00001030       0x20 D:/MPLAB X IDE/xc32_v5.00/bin/bin/../../lib/gcc/pic32c/13.2.1/../../../../pic32c/lib/thumb/v6-m/nofp\libc-size-musl.a(strcpy.o)
 .debug_aranges
                0x00001050       0x20 D:/MPLAB X IDE/xc32_v5.00/bin/bin/../../lib/gcc/pic32c/13.2.1/../../../../pic32c/lib/thumb/v6-m/nofp\libc-size-musl.a(stpcpy.o)
 .debug_aranges
                0x00001070       0x20 D:/MPLAB X IDE/xc32_v5.00/bin/bin/../../lib/gcc/pic32c/13.2.1/thumb/v6-m/nofp\libgcc.a(_thumb1_case_uqi.o)
 .debug_aranges
                0x00001090       0x20 D:/MPLAB X IDE/xc32_v5.00/bin/bin/../../lib/gcc/pic32c/13.2.1/thumb/v6-m/nofp\libgcc.a(_divsi3.o)
 .debug_aranges
                0x000010b0       0x20 D:/MPLAB X IDE/xc32_v5.00/bin/bin/../../lib/gcc/pic32c/13.2.1/thumb/v6-m/nofp\libgcc.a(_dvmd_tls.o)
 .debug_aranges
                0x000010d0       0x20 D:/MPLAB X IDE/xc32_v5.00/bin/bin/../../lib/gcc/pic32c/13.2.1/thumb/v6-m/nofp\libgcc.a(_aeabi_uldivmod.o)
 .debug_aranges
                0x000010f0       0x20 D:/MPLAB X IDE/xc32_v5.00/bin/bin/../../lib/gcc/pic32c/13.2.1/thumb/v6-m/nofp\libgcc.a(_udivmoddi4.o)
 .debug_aranges
                0x00001110       0x20 D:/MPLAB X IDE/xc32_v5.00/bin/bin/../../lib/gcc/pic32c/13.2.1/thumb/v6-m/nofp\libgcc.a(_lshrdi3.o)
 .debug_aranges
                0x00001130       0x20 D:/MPLAB X IDE/xc32_v5.00/bin/bin/../../lib/gcc/pic32c/13.2.1/thumb/v6-m/nofp\libgcc.a(_ashldi3.o)
 .debug_aranges
                0x00001150       0x20 D:/MPLAB X IDE/xc32_v5.00/bin/bin/../../lib/gcc/pic32c/13.2.1/thumb/v6-m/nofp\libgcc.a(_clzdi2.o)
 .debug_aranges
                0x00001170       0x20 D:/MPLAB X IDE/xc32_v5.00/bin/bin/../../lib/gcc/pic32c/13.2.1/thumb/v6-m/nofp\libgcc.a(_clzsi2.o)
 .debug_aranges
                0x00001190       0x20 D:/MPLAB X IDE/xc32_v5.00/bin/bin/../../lib/gcc/pic32c/13.2.1/../../../../pic32c/lib/thumb/v6-m/nofp\libpic32c.a(pic32_data_init_clear.o)
 .debug_aranges
                0x000011b0       0x20 D:/MPLAB X IDE/xc32_v5.00/bin/bin/../../lib/gcc/pic32c/13.2.1/../../../../pic32c/lib/thumb/v6-m/nofp\libpic32c.a(pic32_data_init_copy.o)

.debug_ranges   0x00000000     0x1250
 .debug_ranges  0x00000000       0x10 build/default/production/_ext/1984496892/plib_clock.o
 .debug_ranges  0x00000010       0xa0 build/default/production/_ext/1865161661/plib_dmac.o
 .debug_ranges  0x000000b0       0x10 build/default/production/_ext/1986646378/plib_evsys.o
 .debug_ranges  0x000000c0       0x50 build/default/production/_ext/1865468468/plib_nvic.o
 .debug_ranges  0x00000110       0x90 build/default/production/_ext/1593096446/plib_nvmctrl.o
 .debug_ranges  0x000001a0       0x60 build/default/production/_ext/1865521619/plib_port.o
 .debug_ranges  0x00000200      0x1e0 build/default/production/_ext/504274921/plib_sercom7_usart.o
 .debug_ranges  0x000003e0       0x10 build/default/production/_ext/1171490990/initialization.o
 .debug_ranges  0x000003f0       0x20 build/default/production/_ext/1171490990/interrupts.o
 .debug_ranges  0x00000410       0x18 build/default/production/_ext/1171490990/exceptions.o
 .debug_ranges  0x00000428       0x18 build/default/production/_ext/1171490990/startup_xc32.o
 .debug_ranges  0x00000440       0x38 build/default/production/_ext/1171490990/freertos_hooks.o
 .debug_ranges  0x00000478       0x38 build/default/production/_ext/1171490990/tasks.o
 .debug_ranges  0x000004b0       0x48 build/default/production/_ext/984881635/dbg_print.o
 .debug_ranges  0x000004f8       0x30 build/default/production/_ext/984881635/dbg_transport.o
 .debug_ranges  0x00000528       0x60 build/default/production/_ext/1624415188/port.o
 .debug_ranges  0x00000588       0x50 build/default/production/_ext/1624415188/portasm.o
 .debug_ranges  0x000005d8       0x48 build/default/production/_ext/1665200909/heap_1.o
 .debug_ranges  0x00000620       0x30 build/default/production/_ext/404212886/list.o
 .debug_ranges  0x00000650      0x210 build/default/production/_ext/404212886/queue.o
 .debug_ranges  0x00000860      0x410 build/default/production/_ext/404212886/FreeRTOS_tasks.o
 .debug_ranges  0x00000c70       0x10 build/default/production/_ext/1360937237/main.o
 .debug_ranges  0x00000c80       0x98 build/default/production/_ext/60165182/plib_can1.o
 .debug_ranges  0x00000d18       0x18 build/default/production/_ext/1360937237/tmc4671_task.o
 .debug_ranges  0x00000d30       0xa8 build/default/production/_ext/1360937237/can_gatekeeper_task.o
 .debug_ranges  0x00000dd8       0x18 build/default/production/_ext/1360937237/tmc2209_task.o
 .debug_ranges  0x00000df0       0x18 build/default/production/_ext/1360937237/supervisor_task.o
 .debug_ranges  0x00000e08       0x18 build/default/production/_ext/1360937237/debug_task.o
 .debug_ranges  0x00000e20       0x68 build/default/production/_ext/17022449/plib_sercom3_spi_master.o
 .debug_ranges  0x00000e88       0x68 build/default/production/_ext/17022449/plib_sercom0_spi_master.o
 .debug_ranges  0x00000ef0       0x98 build/default/production/_ext/504274921/plib_sercom5_usart.o
 .debug_ranges  0x00000f88       0x58 build/default/production/_ext/829342655/plib_tc0.o
 .debug_ranges  0x00000fe0       0x10 build/default/production/_ext/1360937237/init_functions.o
 .debug_ranges  0x00000ff0       0x20 build/default/production/_ext/1360937237/can_isr_callbacks.o
 .debug_ranges  0x00001010       0x20 D:/MPLAB X IDE/xc32_v5.00/bin/bin/../../lib/gcc/pic32c/13.2.1/../../../../pic32c/lib/thumb/v6-m/nofp\libpic32c.a(data_init.o)
 .debug_ranges  0x00001030       0x10 D:/MPLAB X IDE/xc32_v5.00/bin/bin/../../lib/gcc/pic32c/13.2.1/../../../../pic32c/lib/thumb/v6-m/nofp\libc-size-musl.a(memcpy.o)
 .debug_ranges  0x00001040       0x10 D:/MPLAB X IDE/xc32_v5.00/bin/bin/../../lib/gcc/pic32c/13.2.1/../../../../pic32c/lib/thumb/v6-m/nofp\libc-size-musl.a(memset.o)
 .debug_ranges  0x00001050       0x30 D:/MPLAB X IDE/xc32_v5.00/bin/bin/../../lib/gcc/pic32c/13.2.1/../../../../pic32c/lib/thumb/v6-m/nofp\libc-musl.a(__libc_start_main.o)
 .debug_ranges  0x00001080       0x10 D:/MPLAB X IDE/xc32_v5.00/bin/bin/../../lib/gcc/pic32c/13.2.1/../../../../pic32c/lib/thumb/v6-m/nofp\libc-musl.a(vsnprintf.o)
 .debug_ranges  0x00001090       0x10 D:/MPLAB X IDE/xc32_v5.00/bin/bin/../../lib/gcc/pic32c/13.2.1/../../../../pic32c/lib/thumb/v6-m/nofp\libc-musl.a(snprintf.o)
 .debug_ranges  0x000010a0       0x18 D:/MPLAB X IDE/xc32_v5.00/bin/bin/../../lib/gcc/pic32c/13.2.1/../../../../pic32c/lib/thumb/v6-m/nofp\libc-musl.a(vfprintf.o)
 .debug_ranges  0x000010b8       0x10 D:/MPLAB X IDE/xc32_v5.00/bin/bin/../../lib/gcc/pic32c/13.2.1/../../../../pic32c/lib/thumb/v6-m/nofp\libc-musl.a(__pop_float.o)
 .debug_ranges  0x000010c8       0x10 D:/MPLAB X IDE/xc32_v5.00/bin/bin/../../lib/gcc/pic32c/13.2.1/../../../../pic32c/lib/thumb/v6-m/nofp\libc-musl.a(__pop_int.o)
 .debug_ranges  0x000010d8       0x10 D:/MPLAB X IDE/xc32_v5.00/bin/bin/../../lib/gcc/pic32c/13.2.1/../../../../pic32c/lib/thumb/v6-m/nofp\libc-musl.a(__pop_ptr.o)
 .debug_ranges  0x000010e8       0x58 D:/MPLAB X IDE/xc32_v5.00/bin/bin/../../lib/gcc/pic32c/13.2.1/../../../../pic32c/lib/thumb/v6-m/nofp\libc-musl.a(__printf_core.o)
 .debug_ranges  0x00001140       0x10 D:/MPLAB X IDE/xc32_v5.00/bin/bin/../../lib/gcc/pic32c/13.2.1/../../../../pic32c/lib/thumb/v6-m/nofp\libc-musl.a(atoi.o)
 .debug_ranges  0x00001150       0x18 D:/MPLAB X IDE/xc32_v5.00/bin/bin/../../lib/gcc/pic32c/13.2.1/../../../../pic32c/lib/thumb/v6-m/nofp\libc-musl.a(tolower.o)
 .debug_ranges  0x00001168       0x10 D:/MPLAB X IDE/xc32_v5.00/bin/bin/../../lib/gcc/pic32c/13.2.1/../../../../pic32c/lib/thumb/v6-m/nofp\libc-musl.a(__fmt_a.o)
 .debug_ranges  0x00001178       0x10 D:/MPLAB X IDE/xc32_v5.00/bin/bin/../../lib/gcc/pic32c/13.2.1/../../../../pic32c/lib/thumb/v6-m/nofp\libc-musl.a(__fmt_d.o)
 .debug_ranges  0x00001188       0x10 D:/MPLAB X IDE/xc32_v5.00/bin/bin/../../lib/gcc/pic32c/13.2.1/../../../../pic32c/lib/thumb/v6-m/nofp\libc-musl.a(__fmt_fp.o)
 .debug_ranges  0x00001198       0x10 D:/MPLAB X IDE/xc32_v5.00/bin/bin/../../lib/gcc/pic32c/13.2.1/../../../../pic32c/lib/thumb/v6-m/nofp\libc-musl.a(__fmt_o.o)
 .debug_ranges  0x000011a8       0x10 D:/MPLAB X IDE/xc32_v5.00/bin/bin/../../lib/gcc/pic32c/13.2.1/../../../../pic32c/lib/thumb/v6-m/nofp\libc-musl.a(__fmt_s.o)
 .debug_ranges  0x000011b8       0x10 D:/MPLAB X IDE/xc32_v5.00/bin/bin/../../lib/gcc/pic32c/13.2.1/../../../../pic32c/lib/thumb/v6-m/nofp\libc-musl.a(__fmt_u.o)
 .debug_ranges  0x000011c8       0x10 D:/MPLAB X IDE/xc32_v5.00/bin/bin/../../lib/gcc/pic32c/13.2.1/../../../../pic32c/lib/thumb/v6-m/nofp\libc-musl.a(__fmt_x.o)
 .debug_ranges  0x000011d8       0x18 D:/MPLAB X IDE/xc32_v5.00/bin/bin/../../lib/gcc/pic32c/13.2.1/../../../../pic32c/lib/thumb/v6-m/nofp\libc-musl.a(toupper.o)
 .debug_ranges  0x000011f0       0x10 D:/MPLAB X IDE/xc32_v5.00/bin/bin/../../lib/gcc/pic32c/13.2.1/../../../../pic32c/lib/thumb/v6-m/nofp\libc-musl.a(__cvt_u.o)
 .debug_ranges  0x00001200       0x10 D:/MPLAB X IDE/xc32_v5.00/bin/bin/../../lib/gcc/pic32c/13.2.1/../../../../pic32c/lib/thumb/v6-m/nofp\libc-size-musl.a(strlen.o)
 .debug_ranges  0x00001210       0x10 D:/MPLAB X IDE/xc32_v5.00/bin/bin/../../lib/gcc/pic32c/13.2.1/../../../../pic32c/lib/thumb/v6-m/nofp\libc-size-musl.a(strcpy.o)
 .debug_ranges  0x00001220       0x10 D:/MPLAB X IDE/xc32_v5.00/bin/bin/../../lib/gcc/pic32c/13.2.1/../../../../pic32c/lib/thumb/v6-m/nofp\libc-size-musl.a(stpcpy.o)
 .debug_ranges  0x00001230       0x10 D:/MPLAB X IDE/xc32_v5.00/bin/bin/../../lib/gcc/pic32c/13.2.1/../../../../pic32c/lib/thumb/v6-m/nofp\libpic32c.a(pic32_data_init_clear.o)
 .debug_ranges  0x00001240       0x10 D:/MPLAB X IDE/xc32_v5.00/bin/bin/../../lib/gcc/pic32c/13.2.1/../../../../pic32c/lib/thumb/v6-m/nofp\libpic32c.a(pic32_data_init_copy.o)

.debug_line     0x00000000     0xf5fc
 .debug_line    0x00000000      0x4e3 build/default/production/_ext/1984496892/plib_clock.o
 .debug_line    0x000004e3      0x74d build/default/production/_ext/1865161661/plib_dmac.o
 .debug_line    0x00000c30       0x66 build/default/production/_ext/1986646378/plib_evsys.o
 .debug_line    0x00000c96      0x4a0 build/default/production/_ext/1865468468/plib_nvic.o
 .debug_line    0x00001136      0x4d9 build/default/production/_ext/1593096446/plib_nvmctrl.o
 .debug_line    0x0000160f      0x3a4 build/default/production/_ext/1865521619/plib_port.o
 .debug_line    0x000019b3      0xe13 build/default/production/_ext/504274921/plib_sercom7_usart.o
 .debug_line    0x000027c6      0x3ca build/default/production/_ext/1171490990/initialization.o
 .debug_line    0x00002b90      0x13d build/default/production/_ext/1171490990/interrupts.o
 .debug_line    0x00002ccd       0x75 build/default/production/_ext/1171490990/exceptions.o
 .debug_line    0x00002d42      0x145 build/default/production/_ext/1171490990/startup_xc32.o
 .debug_line    0x00002e87      0x1db build/default/production/_ext/1171490990/freertos_hooks.o
 .debug_line    0x00003062      0x282 build/default/production/_ext/1171490990/tasks.o
 .debug_line    0x000032e4      0x34d build/default/production/_ext/984881635/dbg_print.o
 .debug_line    0x00003631      0x1da build/default/production/_ext/984881635/dbg_transport.o
 .debug_line    0x0000380b      0x3af build/default/production/_ext/1624415188/port.o
 .debug_line    0x00003bba      0x19b build/default/production/_ext/1624415188/portasm.o
 .debug_line    0x00003d55      0x296 build/default/production/_ext/1665200909/heap_1.o
 .debug_line    0x00003feb      0x2fc build/default/production/_ext/404212886/list.o
 .debug_line    0x000042e7     0x1232 build/default/production/_ext/404212886/queue.o
 .debug_line    0x00005519     0x23b8 build/default/production/_ext/404212886/FreeRTOS_tasks.o
 .debug_line    0x000078d1      0x236 build/default/production/_ext/1360937237/main.o
 .debug_line    0x00007b07      0xae9 build/default/production/_ext/60165182/plib_can1.o
 .debug_line    0x000085f0       0x92 build/default/production/_ext/1360937237/tmc4671_task.o
 .debug_line    0x00008682      0x638 build/default/production/_ext/1360937237/can_gatekeeper_task.o
 .debug_line    0x00008cba       0x92 build/default/production/_ext/1360937237/tmc2209_task.o
 .debug_line    0x00008d4c       0x98 build/default/production/_ext/1360937237/supervisor_task.o
 .debug_line    0x00008de4       0x8e build/default/production/_ext/1360937237/debug_task.o
 .debug_line    0x00008e72      0x87d build/default/production/_ext/17022449/plib_sercom3_spi_master.o
 .debug_line    0x000096ef      0x87d build/default/production/_ext/17022449/plib_sercom0_spi_master.o
 .debug_line    0x00009f6c      0x790 build/default/production/_ext/504274921/plib_sercom5_usart.o
 .debug_line    0x0000a6fc      0x3a3 build/default/production/_ext/829342655/plib_tc0.o
 .debug_line    0x0000aa9f      0x11b build/default/production/_ext/1360937237/init_functions.o
 .debug_line    0x0000abba      0x27d build/default/production/_ext/1360937237/can_isr_callbacks.o
 .debug_line    0x0000ae37       0x83 build/default/production/_ext/1360937237/can_state.o
 .debug_line    0x0000aeba      0x165 D:/MPLAB X IDE/xc32_v5.00/bin/bin/../../lib/gcc/pic32c/13.2.1/../../../../pic32c/lib/thumb/v6-m/nofp\libpic32c.a(data_init.o)
 .debug_line    0x0000b01f      0x16c D:/MPLAB X IDE/xc32_v5.00/bin/bin/../../lib/gcc/pic32c/13.2.1/../../../../pic32c/lib/thumb/v6-m/nofp\libc-size-musl.a(memcpy.o)
 .debug_line    0x0000b18b      0x160 D:/MPLAB X IDE/xc32_v5.00/bin/bin/../../lib/gcc/pic32c/13.2.1/../../../../pic32c/lib/thumb/v6-m/nofp\libc-size-musl.a(memset.o)
 .debug_line    0x0000b2eb      0x1cb D:/MPLAB X IDE/xc32_v5.00/bin/bin/../../lib/gcc/pic32c/13.2.1/../../../../pic32c/lib/thumb/v6-m/nofp\libc-musl.a(__libc_start_main.o)
 .debug_line    0x0000b4b6       0xb5 D:/MPLAB X IDE/xc32_v5.00/bin/bin/../../lib/gcc/pic32c/13.2.1/../../../../pic32c/lib/thumb/v6-m/nofp\libc-musl.a(libc.o)
 .debug_line    0x0000b56b      0x2aa D:/MPLAB X IDE/xc32_v5.00/bin/bin/../../lib/gcc/pic32c/13.2.1/../../../../pic32c/lib/thumb/v6-m/nofp\libc-musl.a(vsnprintf.o)
 .debug_line    0x0000b815      0x154 D:/MPLAB X IDE/xc32_v5.00/bin/bin/../../lib/gcc/pic32c/13.2.1/../../../../pic32c/lib/thumb/v6-m/nofp\libc-musl.a(snprintf.o)
 .debug_line    0x0000b969       0xfb D:/MPLAB X IDE/xc32_v5.00/bin/bin/../../lib/gcc/pic32c/13.2.1/../../../../pic32c/lib/thumb/v6-m/nofp\libc-musl.a(__environ.o)
 .debug_line    0x0000ba64       0x9a D:/MPLAB X IDE/xc32_v5.00/bin/bin/../../lib/gcc/pic32c/13.2.1/../../../../pic32c/lib/thumb/v6-m/nofp\libc-musl.a(__errno_location.o)
 .debug_line    0x0000bafe      0x1e4 D:/MPLAB X IDE/xc32_v5.00/bin/bin/../../lib/gcc/pic32c/13.2.1/../../../../pic32c/lib/thumb/v6-m/nofp\libc-musl.a(vfprintf.o)
 .debug_line    0x0000bce2      0x180 D:/MPLAB X IDE/xc32_v5.00/bin/bin/../../lib/gcc/pic32c/13.2.1/../../../../pic32c/lib/thumb/v6-m/nofp\libc-musl.a(__pop_float.o)
 .debug_line    0x0000be62      0x247 D:/MPLAB X IDE/xc32_v5.00/bin/bin/../../lib/gcc/pic32c/13.2.1/../../../../pic32c/lib/thumb/v6-m/nofp\libc-musl.a(__pop_int.o)
 .debug_line    0x0000c0a9      0x1c7 D:/MPLAB X IDE/xc32_v5.00/bin/bin/../../lib/gcc/pic32c/13.2.1/../../../../pic32c/lib/thumb/v6-m/nofp\libc-musl.a(__pop_ptr.o)
 .debug_line    0x0000c270      0x76e D:/MPLAB X IDE/xc32_v5.00/bin/bin/../../lib/gcc/pic32c/13.2.1/../../../../pic32c/lib/thumb/v6-m/nofp\libc-musl.a(__printf_core.o)
 .debug_line    0x0000c9de      0x186 D:/MPLAB X IDE/xc32_v5.00/bin/bin/../../lib/gcc/pic32c/13.2.1/../../../../pic32c/lib/thumb/v6-m/nofp\libc-musl.a(atoi.o)
 .debug_line    0x0000cb64      0x164 D:/MPLAB X IDE/xc32_v5.00/bin/bin/../../lib/gcc/pic32c/13.2.1/../../../../pic32c/lib/thumb/v6-m/nofp\libc-musl.a(tolower.o)